147212237	ACC	-1.2303009	3.2437286	9.859055
147212247	ACC	-1.2303009	3.2437286	9.859055
147212257	ACC	-1.2303009	3.2437286	9.859055
147212267	ACC	-1.2303009	3.2437286	9.859055
147212277	ACC	-0.82536316	3.468872	8.906372
147212287	ACC	-0.7129822	3.522461	8.60881
147212297	ACC	-0.7404175	3.447281	8.821838
147212307	ACC	-0.7085571	3.3868866	9.019943
147212317	ACC	-0.7241516	3.3811035	9.1388855
147212327	ACC	-0.67652893	3.3745575	9.197708
147212337	ACC	-0.55467224	3.4078522	9.312637
147212347	ACC	-0.37138367	3.4918823	9.393707
147212357	ACC	-0.34973145	3.5021515	9.402023
147212367	ACC	-0.34973145	3.5021515	9.402023
147212377	ACC	-0.38208008	3.4940643	9.209702
147212372	MAG	54.914856	47.78595	-43.54248
147212392	MAG	54.585266	47.694397	-43.423462
147212387	ACC	-0.5138092	3.452652	8.577713
147212397	ACC	-0.6180725	3.386963	8.524887
147212384	GYR	0.1267395	-0.03138733	-0.04434204
147212394	GYR	0.0901947	-0.03804016	-0.057006836
147212411	MAG	54.563904	47.59674	-43.73932
147212407	ACC	-0.67803955	3.324707	8.650055
147212404	GYR	0.027282715	-0.03526306	-0.051437378
147212417	ACC	-0.6736908	3.303543	8.8888855
147212414	GYR	-0.039779663	-0.025909424	-0.034683228
147212430	MAG	54.278564	47.702026	-43.637085
147212427	ACC	-0.63272095	3.3079681	9.140915
147212424	GYR	-0.08946228	-0.0028839111	-0.013076782
147212437	ACC	-0.6372986	3.3240356	9.363022
147212434	GYR	-0.10838318	0.011199951	-0.001739502
147212449	MAG	54.263306	47.946167	-43.792725
147212447	ACC	-0.6498718	3.347168	9.494797
147212444	GYR	-0.089782715	0.010620117	-0.004135132
147212457	ACC	-0.684494	3.3491669	9.453598
147212454	GYR	-0.05014038	0.013519287	-0.0135650635
147212468	MAG	54.377747	47.97821	-44.866943
147212467	ACC	-0.76620483	3.335785	9.266968
147212464	GYR	-0.005584717	0.013885498	-0.02520752
147212477	ACC	-0.8127594	3.3561249	9.082779
147212474	GYR	0.027038574	0.007537842	-0.031082153
147212488	MAG	53.901672	47.805786	-44.13147
147212487	ACC	-0.8076935	3.3865967	8.972824
147212484	GYR	0.03845215	-0.0024871826	-0.027786255
147212497	ACC	-0.78486633	3.4021301	8.918793
147212494	GYR	0.03477478	-0.0138549805	-0.020614624
147212507	MAG	54.138184	47.695923	-43.582153
147212507	ACC	-0.7612152	3.4381714	8.927048
147212504	GYR	0.023788452	-0.019439697	-0.015670776
147212517	ACC	-0.7498169	3.4686432	8.993332
147212514	GYR	0.010253906	-0.027954102	-0.014419556
147212526	MAG	54.4281	47.85919	-44.21234
147212527	ACC	-0.75442505	3.4480438	9.112335
147212524	GYR	-0.002380371	-0.0365448	-0.015716553
147212537	ACC	-0.72164917	3.4001465	9.175171
147212534	GYR	-0.009902954	-0.031570435	-0.017837524
147212545	MAG	54.748535	47.991943	-43.77899
147212547	ACC	-0.6998749	3.3889618	9.24498
147212544	GYR	-0.014541626	-0.015029907	-0.015457153
147212557	ACC	-0.70077515	3.4088745	9.342407
147212554	GYR	-0.01637268	-0.0042266846	-0.0093688965
147212565	MAG	54.356384	47.79663	-43.8797
147212567	ACC	-0.68408203	3.4212189	9.367432
147212564	GYR	-0.008804321	0.0024719238	-0.0049591064
147212577	ACC	-0.70277405	3.415985	9.277908
147212574	GYR	0.008544922	0.009750366	-0.00819397
147212584	MAG	54.486084	47.65625	-43.46161
147212587	ACC	-0.72779846	3.434082	9.137268
147212584	GYR	0.027954102	0.018203735	-0.014144897
147212597	ACC	-0.7537842	3.4399414	9.00708
147212594	GYR	0.037963867	0.024902344	-0.015914917
147212603	MAG	54.59442	47.76306	-43.29071
147212607	ACC	-0.75891113	3.4796906	8.917694
147212604	GYR	0.03627014	0.022232056	-0.0149383545
147212617	ACC	-0.75891113	3.485733	8.906372
147212614	GYR	0.027404785	0.01676941	-0.014038086
147212622	MAG	54.899597	47.67914	-43.118286
147212627	ACC	-0.77156067	3.4664307	8.934113
147212624	GYR	0.01651001	0.0067596436	-0.014541626
147212637	ACC	-0.75593567	3.4486847	9.000687
147212634	GYR	0.009765625	-0.010528564	-0.016967773
147212641	MAG	54.605103	47.561646	-43.1839
147212647	ACC	-0.7340851	3.4248352	9.123047
147212644	GYR	0.007003784	-0.024673462	-0.0209198
147212656	ACC	-0.7394867	3.418579	9.237213
147212654	GYR	0.009780884	-0.030456543	-0.023620605
147212661	MAG	54.748535	47.64557	-43.84613
147212666	ACC	-0.71388245	3.4066162	9.236984
147212664	GYR	0.018737793	-0.026138306	-0.025924683
147212674	GYR	0.026657104	-0.007736206	-0.02798462
147212680	MAG	54.899597	47.486877	-43.15033
147212676	ACC	-0.72587585	3.4037476	9.152237
147212684	GYR	0.027923584	0.0105896	-0.02798462
147212686	ACC	-0.77394104	3.3732605	9.049789
147212694	GYR	0.01953125	0.01586914	-0.024932861
147212699	MAG	54.536438	47.538757	-43.45703
147212696	ACC	-0.7908325	3.3826447	8.9687805
147212704	GYR	0.004348755	0.016738892	-0.016159058
147212706	ACC	-0.7671356	3.3855286	8.971985
147212714	GYR	-0.010910034	0.013244629	-0.0056152344
147212718	MAG	54.5578	47.521973	-43.17932
147212716	ACC	-0.7791443	3.3931427	9.042511
147212724	GYR	-0.016342163	0.0045928955	7.6293945E-4
147212726	ACC	-0.7744293	3.399994	9.168594
147212734	GYR	-0.0053100586	-0.004257202	0.003112793
147212738	MAG	54.597473	47.60742	-43.28003
147212736	ACC	-0.6852875	3.3959198	9.279602
147212744	GYR	0.017959595	-0.009628296	-7.6293945E-5
147212746	ACC	-0.6435547	3.429779	9.258636
147212754	GYR	0.041870117	-0.0053863525	-0.006149292
147212757	MAG	54.866028	47.47467	-42.962646
147212756	ACC	-0.6105499	3.441681	9.149155
147212764	GYR	0.055541992	-0.0027618408	-0.01121521
147212766	ACC	-0.6134491	3.4607239	9.028244
147212774	GYR	0.056488037	-0.008178711	-0.01625061
147212776	MAG	54.649353	47.451782	-43.270874
147212776	ACC	-0.630188	3.4759827	8.948669
147212786	ACC	-0.6623993	3.4725342	8.894653
147212784	GYR	0.043060303	-0.008041382	-0.021896362
147212795	MAG	54.682922	47.618103	-43.424988
147212796	ACC	-0.7129364	3.450882	8.898651
147212794	GYR	0.018936157	-0.0021972656	-0.027648926
147212806	ACC	-0.7710266	3.4476929	8.964737
147212804	GYR	-0.01121521	0.007965088	-0.023651123
147212815	MAG	54.693604	47.454834	-43.321228
147212816	ACC	-0.8019104	3.4106598	9.072876
147212814	GYR	-0.0342865	0.019485474	-0.016235352
147212826	ACC	-0.8278961	3.3802032	9.188812
147212824	GYR	-0.041778564	0.02027893	-0.0096588135
147212834	MAG	54.444885	47.64862	-43.36548
147212836	ACC	-0.8125458	3.37294	9.247086
147212834	GYR	-0.028366089	0.011383057	-0.0017242432
147212846	ACC	-0.75912476	3.390915	9.226959
147212844	GYR	0.001373291	-0.010360718	0.001083374
147212853	MAG	54.812622	47.20764	-43.078613
147212856	ACC	-0.6886444	3.4360352	9.181671
147212853	GYR	0.03024292	-0.035095215	0.0013427734
147212866	ACC	-0.62882996	3.469757	9.141434
147212863	GYR	0.045715332	-0.04588318	-0.0022735596
147212872	MAG	55.070496	47.390747	-42.829895
147212876	ACC	-0.60876465	3.4720001	9.106079
147212873	GYR	0.046218872	-0.035751343	-0.0063323975
147212886	ACC	-0.6368866	3.459732	9.087906
147212883	GYR	0.03527832	-0.012130737	-0.012359619
147212891	MAG	55.029297	47.23053	-42.76886
147212896	ACC	-0.68844604	3.437912	9.041794
147212893	GYR	0.020446777	0.016052246	-0.015197754
147212906	ACC	-0.7825775	3.4084167	9.022003
147212903	GYR	0.0062408447	0.03678894	-0.01361084
147212911	MAG	54.885864	47.34192	-42.723083
147212916	ACC	-0.83039856	3.3864136	9.078003
147212913	GYR	-0.0025482178	0.033309937	-0.005584717
147212926	ACC	-0.77719116	3.3739014	9.11702
147212923	GYR	0.0034484863	0.01411438	0.00592041
147212930	MAG	55.029297	47.384644	-42.733765
147212936	ACC	-0.695343	3.4173126	9.130127
147212933	GYR	0.019973755	-0.007156372	0.013824463
147212949	MAG	55.360413	47.358704	-42.845154
147212946	ACC	-0.6268921	3.4650269	9.172501
147212943	GYR	0.03691101	-0.027709961	0.013595581
147212956	ACC	-0.60124207	3.5018158	9.225449
147212953	GYR	0.049346924	-0.0342865	0.009628296
147212968	MAG	55.160522	47.206116	-42.96112
147212966	ACC	-0.59140015	3.5153046	9.201553
147212963	GYR	0.05760193	-0.023147583	0.005203247
147212976	ACC	-0.6485596	3.51091	9.070007
147212973	GYR	0.06263733	-9.0026855E-4	5.0354004E-4
147212987	MAG	55.371094	47.157288	-42.738342
147212986	ACC	-0.74624634	3.5093231	8.930313
147212983	GYR	0.06410217	0.016311646	-0.0012054443
147212996	ACC	-0.79382324	3.529129	8.809265
147212993	GYR	0.05935669	0.016677856	0.0030822754
147213007	MAG	55.26581	47.23816	-42.829895
147213006	ACC	-0.7934723	3.584259	8.750702
147213003	GYR	0.048339844	0.0053100586	0.012557983
147213016	ACC	-0.7460785	3.6352081	8.752426
147213013	GYR	0.032928467	-0.012619019	0.022979736
147213026	MAG	55.31311	47.125244	-42.871094
147213026	ACC	-0.6443939	3.6951294	8.88147
147213023	GYR	0.016403198	-0.034072876	0.028869629
147213036	ACC	-0.5921631	3.6740112	9.086334
147213033	GYR	0.0045776367	-0.052749634	0.026138306
147213045	MAG	55.06897	47.122192	-42.903137
147213046	ACC	-0.5592804	3.6468658	9.228653
147213043	GYR	6.5612793E-4	-0.05784607	0.01902771
147213056	ACC	-0.5579071	3.612854	9.373047
147213053	GYR	0.0050964355	-0.051116943	0.008895874
147213064	MAG	55.278015	47.190857	-42.689514
147213063	GYR	0.014251709	-0.037612915	-0.0028533936
147213066	ACC	-0.5775757	3.5949097	9.440201
147213073	GYR	0.02709961	-0.020248413	-0.010070801
147213084	MAG	54.92401	47.312927	-42.86194
147213076	ACC	-0.6351471	3.533905	9.425964
147213083	GYR	0.04083252	-0.0064697266	-0.0132751465
147213086	ACC	-0.72509766	3.4835052	9.357605
147213093	GYR	0.054107666	6.1035156E-5	-0.012298584
147213103	MAG	55.137634	47.14508	-42.63153
147213096	ACC	-0.8013458	3.4495544	9.331711
147213103	GYR	0.06828308	0.0019989014	-0.0052948
147213106	ACC	-0.81959534	3.4241943	9.284149
147213113	GYR	0.07897949	0.008010864	0.0033874512
147213122	MAG	55.17273	47.11914	-42.816162
147213116	ACC	-0.8026581	3.4362183	9.179672
147213123	GYR	0.081954956	0.01600647	0.0154418945
147213126	ACC	-0.76649475	3.466339	9.041672
147213133	GYR	0.074279785	0.015731812	0.025726318
147213141	MAG	55.088806	46.990967	-42.663574
147213135	ACC	-0.7080536	3.5133972	8.966446
147213143	GYR	0.06147766	0.0098724365	0.031707764
147213145	ACC	-0.64611816	3.561432	8.951035
147213153	GYR	0.050704956	0.007751465	0.029663086
147213161	MAG	55.04303	46.87195	-42.652893
147213155	ACC	-0.57341003	3.5909576	8.974274
147213163	GYR	0.04005432	0.007095337	0.02168274
147213165	ACC	-0.55718994	3.5719452	8.985474
147213180	MAG	54.9942	46.910095	-42.652893
147213175	ACC	-0.60006714	3.5471497	9.040298
147213173	GYR	0.035720825	0.01008606	0.011688232
147213185	ACC	-0.64157104	3.5112457	9.120605
147213183	GYR	0.036026	0.0076141357	0.0037078857
147213199	MAG	55.09491	46.870422	-42.608643
147213195	ACC	-0.6808777	3.4884033	9.121735
147213193	GYR	0.04309082	0.006072998	-5.340576E-4
147213205	ACC	-0.6958313	3.4592896	9.064194
147213203	GYR	0.052368164	0.009338379	-0.002746582
147213218	MAG	54.934692	46.917725	-42.788696
147213215	ACC	-0.69711304	3.457367	8.994461
147213213	GYR	0.060287476	0.0134887695	-0.0015869141
147213225	ACC	-0.6965027	3.490387	8.888931
147213223	GYR	0.065460205	0.016555786	0.0035247803
147213237	MAG	55.00183	46.865845	-42.556763
147213235	ACC	-0.66625977	3.553238	8.804535
147213233	GYR	0.06324768	0.021408081	0.008422852
147213245	ACC	-0.6234741	3.6149292	8.731857
147213243	GYR	0.054885864	0.018676758	0.008804321
147213257	MAG	55.15442	46.93756	-42.433167
147213255	ACC	-0.61524963	3.6301422	8.709091
147213253	GYR	0.039367676	0.012557983	0.004852295
147213265	ACC	-0.62376404	3.6338348	8.779388
147213263	GYR	0.019500732	0.0067749023	-0.0018920898
147213276	MAG	55.02014	46.57898	-42.352295
147213275	ACC	-0.62882996	3.6244202	8.902832
147213273	GYR	2.2888184E-4	0.0	-0.0069732666
147213285	ACC	-0.65257263	3.5995789	9.05867
147213283	GYR	-0.011169434	-0.008529663	-0.009399414
147213295	MAG	55.004883	46.70868	-42.54608
147213295	ACC	-0.69221497	3.5811615	9.188644
147213293	GYR	-0.01399231	-0.014312744	-0.012359619
147213305	ACC	-0.7042084	3.5629578	9.227341
147213303	GYR	-0.008255005	-0.008743286	-0.011459351
147213314	MAG	55.049133	46.51947	-42.62848
147213315	ACC	-0.6829529	3.5717773	9.196442
147213313	GYR	0.0033111572	0.0051574707	-0.006668091
147213325	ACC	-0.68244934	3.5972137	9.111862
147213323	GYR	0.016235352	0.019729614	-0.002532959
147213334	MAG	55.107117	46.591187	-42.497253
147213335	ACC	-0.7038727	3.6100616	8.998703
147213332	GYR	0.026138306	0.02557373	-6.2561035E-4
147213345	ACC	-0.73013306	3.6226044	8.889633
147213342	GYR	0.030166626	0.020828247	-9.765625E-4
147213353	MAG	54.96216	46.548462	-42.486572
147213355	ACC	-0.7499237	3.6086426	8.8558655
147213352	GYR	0.028762817	0.010665894	-0.0012664795
147213365	ACC	-0.73931885	3.6100616	8.865189
147213362	GYR	0.022521973	-0.0015563965	5.950928E-4
147213372	MAG	55.360413	46.662903	-42.33246
147213375	ACC	-0.71203613	3.6103058	8.897125
147213372	GYR	0.014373779	-0.011520386	0.005630493
147213385	ACC	-0.6826019	3.6216583	8.92009
147213382	GYR	0.006576538	-0.01687622	0.0116119385
147213391	MAG	55.215454	46.505737	-42.359924
147213395	ACC	-0.6735077	3.636383	8.95192
147213392	GYR	-0.0016479492	-0.01725769	0.015014648
147213405	ACC	-0.68951416	3.6301575	9.009277
147213402	GYR	-0.0096588135	-0.014511108	0.015899658
147213410	MAG	55.11322	46.585083	-42.4057
147213415	ACC	-0.6854706	3.6268005	9.081375
147213412	GYR	-0.012527466	-0.013458252	0.018066406
147213425	ACC	-0.65818787	3.6464844	9.152725
147213422	GYR	-0.0077209473	-0.018112183	0.019592285
147213430	MAG	55.17578	46.5744	-42.222595
147213435	ACC	-0.624115	3.6435394	9.196716
147213432	GYR	0.0035705566	-0.025863647	0.016448975
147213445	ACC	-0.6131592	3.633957	9.203323
147213442	GYR	0.018478394	-0.021835327	0.010131836
147213449	MAG	55.151367	46.59424	-42.54608
147213452	GYR	0.032333374	-0.008834839	0.007751465
147213455	ACC	-0.64888	3.6194	9.097748
147213462	GYR	0.041763306	-0.0032806396	0.011306763
147213468	MAG	55.140686	46.56067	-42.034912
147213465	ACC	-0.6552124	3.622528	8.971146
147213472	GYR	0.045578003	-0.0022125244	0.012954712
147213475	ACC	-0.6277008	3.6499023	8.879715
147213482	GYR	0.042617798	9.0026855E-4	0.012084961
147213487	MAG	54.882812	46.377563	-42.28363
147213485	ACC	-0.6356659	3.6817932	8.820679
147213492	GYR	0.033615112	0.0056915283	0.01083374
147213495	ACC	-0.64808655	3.683487	8.762573
147213502	GYR	0.022537231	0.0027618408	0.013809204
147213507	MAG	55.07202	46.577454	-42.30957
147213505	ACC	-0.63505554	3.6795197	8.709488
147213512	GYR	0.014526367	-0.006500244	0.015930176
147213515	ACC	-0.58917236	3.682724	8.655457
147213522	GYR	0.004211426	-0.018203735	0.012786865
147213526	MAG	54.829407	46.496582	-42.33551
147213525	ACC	-0.5862274	3.6883545	8.66507
147213532	GYR	-0.009338379	-0.03300476	0.007293701
147213535	ACC	-0.61524963	3.6858978	8.73172
147213542	GYR	-0.020751953	-0.049819946	0.002243042
147213545	MAG	54.878235	46.458435	-42.33551
147213545	ACC	-0.55470276	3.6755676	8.830124
147213552	GYR	-0.028366089	-0.043655396	-0.0033721924
147213555	ACC	-0.51649475	3.6418915	8.852524
147213564	MAG	54.917908	46.697998	-42.401123
147213565	ACC	-0.5674591	3.6255493	8.843445
147213562	GYR	-0.040985107	-0.027511597	-0.010879517
147213575	ACC	-0.619812	3.6185608	8.913239
147213572	GYR	-0.059524536	-0.0155181885	-0.017990112
147213583	MAG	55.0766	46.38214	-42.295837
147213585	ACC	-0.6305084	3.5898285	8.997803
147213582	GYR	-0.07208252	-0.0015716553	-0.01586914
147213595	ACC	-0.63557434	3.5839386	9.032883
147213592	GYR	-0.07559204	0.005432129	-0.0107421875
147213603	MAG	55.073547	46.88568	-42.23938
147213605	ACC	-0.664917	3.5977173	9.0563965
147213602	GYR	-0.07028198	0.004928589	-0.011260986
147213615	ACC	-0.6856384	3.5961304	9.137085
147213612	GYR	-0.06303406	-0.014770508	-0.015457153
147213622	MAG	54.87213	46.618652	-42.393494
147213624	ACC	-0.65374756	3.5698547	9.239426
147213622	GYR	-0.057403564	-0.040740967	-0.01828003
147213634	ACC	-0.6695099	3.5334625	9.323593
147213632	GYR	-0.051757812	-0.050094604	-0.01965332
147213641	MAG	55.155945	46.899414	-42.430115
147213644	ACC	-0.7297516	3.5046387	9.374451
147213642	GYR	-0.047210693	-0.045806885	-0.020019531
147213654	ACC	-0.763855	3.4850159	9.386734
147213652	GYR	-0.046279907	-0.030639648	-0.013641357
147213660	MAG	54.823303	46.810913	-42.356873
147213664	ACC	-0.7568817	3.4824677	9.4283905
147213662	GYR	-0.043914795	-0.016021729	-0.003189087
147213674	ACC	-0.73075867	3.4861298	9.431412
147213672	GYR	-0.03779602	-0.002670288	0.0064697266
147213680	MAG	54.904175	46.748352	-42.588806
147213684	ACC	-0.7097473	3.4844055	9.398865
147213682	GYR	-0.024307251	0.012680054	0.0146484375
147213694	ACC	-0.6964874	3.497223	9.410751
147213692	GYR	-0.006072998	0.019439697	0.02154541
147213699	MAG	54.774475	46.809387	-42.35382
147213704	ACC	-0.6734619	3.546051	9.395874
147213702	GYR	0.01689148	0.01676941	0.027526855
147213714	ACC	-0.6376343	3.5899048	9.294205
147213712	GYR	0.044555664	0.018569946	0.028717041
147213718	MAG	54.62036	46.92993	-42.4469
147213724	ACC	-0.64149475	3.62677	9.070587
147213722	GYR	0.07048035	0.026351929	0.023132324
147213734	ACC	-0.66090393	3.6523285	8.847443
147213732	GYR	0.08441162	0.03173828	0.015808105
147213738	MAG	54.95758	46.821594	-42.504883
147213744	ACC	-0.67988586	3.6755219	8.6418915
147213742	GYR	0.08055115	0.029815674	0.013061523
147213757	MAG	54.959106	46.89789	-42.463684
147213754	ACC	-0.66075134	3.73143	8.51889
147213752	GYR	0.059402466	0.018920898	0.0152282715
147213764	ACC	-0.60409546	3.784317	8.507065
147213762	GYR	0.024490356	0.0026245117	0.01739502
147213776	MAG	55.059814	46.858215	-42.42096
147213774	ACC	-0.57766724	3.7842407	8.603836
147213772	GYR	-0.015975952	-0.011245728	0.017288208
147213784	ACC	-0.52809143	3.7476807	8.77626
147213782	GYR	-0.052337646	-0.017547607	0.012496948
147213795	MAG	54.85077	46.78955	-42.634583
147213794	ACC	-0.5301056	3.707962	8.929337
147213792	GYR	-0.07495117	-0.016357422	0.005340576
147213804	ACC	-0.52944946	3.6751556	9.01413
147213802	GYR	-0.081726074	-0.009887695	-0.0015563965
147213814	MAG	54.927063	46.96045	-42.234802
147213814	ACC	-0.59117126	3.5835114	9.061401
147213811	GYR	-0.080566406	0.0042877197	-0.0104522705
147213824	ACC	-0.6121063	3.54451	9.07373
147213821	GYR	-0.07388306	0.021835327	-0.013793945
147213833	MAG	54.68445	47.148132	-42.1875
147213834	ACC	-0.64094543	3.5544891	9.069534
147213831	GYR	-0.063827515	0.030273438	-0.009887695
147213844	ACC	-0.59381104	3.5308685	9.136414
147213841	GYR	-0.04824829	0.02659607	-0.0038146973
147213853	MAG	54.948425	46.94519	-42.60559
147213851	GYR	-0.02835083	0.022003174	-0.0026550293
147213854	ACC	-0.5300293	3.529007	9.123917
147213861	GYR	-0.0072021484	0.016326904	-0.0056762695
147213872	MAG	55.148315	46.905518	-42.521667
147213864	ACC	-0.55752563	3.550171	9.102127
147213871	GYR	0.013595581	0.010070801	-0.009429932
147213874	ACC	-0.5456848	3.5949097	9.031616
147213881	GYR	0.031188965	0.007904053	-0.018310547
147213891	MAG	54.9942	46.910095	-42.652893
147213884	ACC	-0.48835754	3.5890198	8.854065
147213891	GYR	0.031784058	-0.0017852783	-0.030426025
147213894	ACC	-0.5215454	3.5973206	8.727478
147213901	GYR	0.011871338	-0.023956299	-0.041366577
147213910	MAG	54.760742	46.85974	-42.541504
147213904	ACC	-0.61309814	3.599701	8.729401
147213911	GYR	-0.020751953	-0.0438385	-0.04194641
147213914	ACC	-0.6027374	3.5299835	8.840805
147213921	GYR	-0.05052185	-0.052337646	-0.036727905
147213930	MAG	54.8584	47.091675	-42.471313
147213924	ACC	-0.60362244	3.4579926	8.96637
147213931	GYR	-0.07287598	-0.04510498	-0.035812378
147213934	ACC	-0.58317566	3.4385986	9.096863
147213941	GYR	-0.08874512	-0.027893066	-0.033981323
147213949	MAG	54.666138	46.894836	-42.492676
147213944	ACC	-0.60769653	3.422699	9.270401
147213954	ACC	-0.62013245	3.4344635	9.451553
147213951	GYR	-0.094314575	0.0012817383	-0.028945923
147213968	MAG	54.701233	47.061157	-42.645264
147213964	ACC	-0.61647034	3.4283295	9.61496
147213961	GYR	-0.08830261	0.02180481	-0.021560669
147213974	ACC	-0.61772156	3.4311066	9.608765
147213971	GYR	-0.05697632	0.038467407	-0.017425537
147213987	MAG	54.83551	47.073364	-42.793274
147213984	ACC	-0.6659546	3.4720612	9.449844
147213981	GYR	-0.00730896	0.049346924	-0.017349243
147213994	ACC	-0.7255554	3.5134735	9.282715
147213991	GYR	0.036346436	0.03617859	-0.02255249
147214006	MAG	55.096436	46.907043	-42.565918
147214004	ACC	-0.72761536	3.5307465	9.12114
147214001	GYR	0.0664978	0.019561768	-0.023666382
147214014	ACC	-0.70407104	3.5330658	8.946075
147214011	GYR	0.07865906	0.013076782	-0.020004272
147214026	MAG	55.082703	46.917725	-42.75055
147214024	ACC	-0.6797943	3.5771942	8.794693
147214021	GYR	0.07319641	0.008575439	-0.01687622
147214034	ACC	-0.6562958	3.620407	8.735733
147214031	GYR	0.052886963	0.0032958984	-0.014144897
147214045	MAG	54.981995	46.844482	-42.83142
147214044	ACC	-0.6378937	3.614334	8.746704
147214041	GYR	0.024719238	-0.0016174316	-0.012893677
147214054	ACC	-0.6245575	3.5936432	8.801926
147214051	GYR	-0.0023345947	-9.3078613E-4	-0.011795044
147214064	MAG	54.945374	46.75598	-42.684937
147214064	ACC	-0.60528564	3.583191	8.86702
147214061	GYR	-0.023254395	0.004562378	-0.010437012
147214074	ACC	-0.63752747	3.5641785	8.911118
147214071	GYR	-0.034072876	0.011917114	-0.008682251
147214083	MAG	54.94995	46.86737	-42.601013
147214084	ACC	-0.6782837	3.5376892	9.000839
147214081	GYR	-0.034423828	0.013717651	-0.009719849
147214094	ACC	-0.63272095	3.5437622	9.021881
147214091	GYR	-0.023712158	0.0105896	-0.007843018
147214103	MAG	54.98352	47.073364	-42.755127
147214103	ACC	-0.58743286	3.566742	8.929047
147214101	GYR	-0.007659912	0.016479492	-0.0037841797
147214113	ACC	-0.5827637	3.5805664	8.752365
147214111	GYR	0.0056762695	0.025238037	-0.006790161
147214122	MAG	54.907227	46.939087	-42.510986
147214123	ACC	-0.5842285	3.6006775	8.605469
147214121	GYR	0.0076904297	0.020843506	-0.016860962
147214133	ACC	-0.63401794	3.5789795	8.578827
147214131	GYR	-0.010635376	0.008270264	-0.026779175
147214141	MAG	54.956055	46.90094	-42.510986
147214143	ACC	-0.66778564	3.5434113	8.739334
147214141	GYR	-0.0443573	-0.008834839	-0.02722168
147214153	ACC	-0.62153625	3.529953	8.96167
147214151	GYR	-0.07388306	-0.026550293	-0.019683838
147214160	MAG	54.847717	46.98639	-42.648315
147214163	ACC	-0.58657837	3.5245361	9.134857
147214161	GYR	-0.08602905	-0.035324097	-0.016311646
147214173	ACC	-0.60414124	3.5115204	9.266037
147214171	GYR	-0.08236694	-0.043182373	-0.021453857
147214179	MAG	54.99878	47.021484	-42.567444
147214183	ACC	-0.6227722	3.46344	9.34108
147214181	GYR	-0.0692749	-0.05393982	-0.02960205
147214193	ACC	-0.60346985	3.460968	9.403015
147214191	GYR	-0.054000854	-0.057891846	-0.03427124
147214199	MAG	54.948425	46.907043	-42.60254
147214203	ACC	-0.57673645	3.4548492	9.406998
147214201	GYR	-0.04257202	-0.048461914	-0.03437805
147214213	ACC	-0.64738464	3.4429321	9.375
147214211	GYR	-0.037322998	-0.026535034	-0.03353882
147214218	MAG	54.800415	47.099304	-42.607117
147214223	ACC	-0.7188873	3.4259949	9.389648
147214221	GYR	-0.03895569	-0.010787964	-0.033340454
147214233	ACC	-0.7611847	3.4207916	9.401993
147214231	GYR	-0.041809082	-0.0044555664	-0.029312134
147214237	MAG	54.82025	47.16034	-42.33551
147214241	GYR	-0.037857056	0.0017700195	-0.020462036
147214243	ACC	-0.78497314	3.3871918	9.39592
147214251	GYR	-0.027297974	0.0043640137	-0.011398315
147214256	MAG	54.985046	47.380066	-42.684937
147214253	ACC	-0.7733917	3.3851013	9.334488
147214261	GYR	-0.01637268	0.002166748	-0.0036010742
147214263	ACC	-0.7747803	3.4391632	9.270706
147214271	GYR	-0.008270264	-0.0060577393	0.0023956299
147214276	MAG	54.873657	47.042847	-42.93213
147214273	ACC	-0.7567444	3.4612274	9.212738
147214281	GYR	-0.0028533936	-0.012298584	0.0069885254
147214283	ACC	-0.6865082	3.483612	9.187866
147214290	GYR	5.340576E-4	-0.012542725	0.0070495605
147214295	MAG	54.53949	47.225952	-42.832947
147214293	ACC	-0.63246155	3.5099335	9.169052
147214300	GYR	0.001449585	-0.0035858154	0.0069732666
147214303	ACC	-0.6353302	3.5374908	9.100021
147214310	GYR	3.6621094E-4	0.008728027	0.0064086914
147214314	MAG	54.222107	47.201538	-42.533875
147214313	ACC	-0.64649963	3.5212708	9.039673
147214320	GYR	-0.0067749023	0.011291504	0.009307861
147214323	ACC	-0.6587372	3.5155487	9.004486
147214330	GYR	-0.012466431	0.008346558	0.013641357
147214333	MAG	54.544067	47.299194	-42.74597
147214333	ACC	-0.60398865	3.5321045	9.057419
147214343	ACC	-0.62046814	3.5354767	9.05896
147214340	GYR	-0.007537842	0.0027618408	0.006881714
147214353	MAG	54.692078	47.184753	-42.74597
147214353	ACC	-0.6496887	3.5143127	9.063919
147214350	GYR	0.0018920898	-3.6621094E-4	-4.5776367E-4
147214363	ACC	-0.6170654	3.5172272	8.987625
147214360	GYR	0.012207031	-0.003692627	-0.0027618408
147214372	MAG	54.475403	47.354126	-43.02368
147214373	ACC	-0.58457947	3.5460815	8.911331
147214370	GYR	0.016326904	-0.010513306	-0.0021362305
147214383	ACC	-0.5594635	3.5563354	8.912201
147214380	GYR	0.01083374	-0.022827148	-0.0019989014
147214391	MAG	54.837036	47.148132	-42.752075
147214393	ACC	-0.5231781	3.5356445	8.938629
147214390	GYR	0.001083374	-0.032196045	-0.006011963
147214403	ACC	-0.52015686	3.5314941	9.018997
147214400	GYR	-0.010498047	-0.033950806	-0.012161255
147214410	MAG	54.844666	47.296143	-42.6239
147214413	ACC	-0.55252075	3.5140228	9.11615
147214410	GYR	-0.019699097	-0.03541565	-0.020339966
147214423	ACC	-0.5730591	3.475418	9.121658
147214420	GYR	-0.024673462	-0.020019531	-0.02519226
147214429	MAG	54.377747	47.3526	-43.01758
147214433	ACC	-0.63308716	3.4421692	9.078629
147214430	GYR	-0.027191162	0.009689331	-0.025878906
147214443	ACC	-0.69807434	3.451828	9.049423
147214440	GYR	-0.028366089	0.028579712	-0.022247314
147214449	MAG	54.39911	47.373962	-42.741394
147214453	ACC	-0.71450806	3.475647	9.007446
147214450	GYR	-0.023895264	0.022384644	-0.017425537
147214463	ACC	-0.7036438	3.494217	8.987488
147214460	GYR	-0.013916016	0.0041046143	-0.015380859
147214468	MAG	54.46472	47.128296	-42.54303
147214473	ACC	-0.6878967	3.5036163	8.984589
147214470	GYR	-0.0041046143	-0.016357422	-0.019363403
147214483	ACC	-0.6792908	3.499939	8.970169
147214480	GYR	-0.0013122559	-0.0317688	-0.024780273
147214487	MAG	54.63257	47.384644	-42.84973
147214493	ACC	-0.69664	3.4766846	9.0277405
147214490	GYR	-0.010803223	-0.03994751	-0.028076172
147214503	ACC	-0.7112274	3.4398499	9.147308
147214500	GYR	-0.029632568	-0.041290283	-0.026901245
147214507	MAG	54.634094	47.306824	-42.843628
147214513	ACC	-0.7407379	3.3904572	9.285553
147214510	GYR	-0.047531128	-0.031570435	-0.020965576
147214523	ACC	-0.74290466	3.3594055	9.406799
147214520	GYR	-0.054718018	-0.015396118	-0.01133728
147214526	MAG	54.489136	47.496033	-42.80243
147214533	ACC	-0.7361145	3.3501282	9.472122
147214530	GYR	-0.04737854	6.5612793E-4	-3.6621094E-4
147214545	MAG	54.48761	47.227478	-42.87567
147214543	ACC	-0.721756	3.3660126	9.438019
147214540	GYR	-0.027526855	0.0115356445	0.008666992
147214553	ACC	-0.7143402	3.3744354	9.344055
147214550	GYR	-5.187988E-4	0.015350342	0.016220093
147214564	MAG	54.804993	47.406006	-43.13965
147214563	ACC	-0.6692352	3.4416656	9.212891
147214560	GYR	0.024505615	0.012481689	0.020843506
147214573	ACC	-0.60491943	3.501892	9.063095
147214570	GYR	0.04156494	0.0068359375	0.022354126
147214583	MAG	54.618835	47.357178	-43.03131
147214582	ACC	-0.58766174	3.537094	8.92984
147214580	GYR	0.044799805	0.003479004	0.022476196
147214592	ACC	-0.56684875	3.5646057	8.839355
147214590	GYR	0.03289795	0.0039978027	0.021453857
147214603	MAG	54.48761	47.38159	-42.840576
147214602	ACC	-0.5718689	3.5802917	8.848343
147214600	GYR	0.013092041	0.00630188	0.018951416
147214612	ACC	-0.5050659	3.5926971	8.897949
147214610	GYR	-0.0060424805	0.005355835	0.015396118
147214622	MAG	54.62799	47.273254	-42.933655
147214622	ACC	-0.46720886	3.5526428	8.970871
147214620	GYR	-0.02243042	-2.593994E-4	0.0098724365
147214630	GYR	-0.03211975	-0.006225586	0.0035858154
147214641	MAG	54.782104	47.346497	-42.808533
147214632	ACC	-0.5002289	3.5448456	9.088745
147214640	GYR	-0.03152466	-0.009475708	-0.0041046143
147214642	ACC	-0.4905548	3.5259857	9.205215
147214650	GYR	-0.021499634	-0.010513306	-0.012741089
147214660	MAG	54.667664	47.51129	-42.999268
147214652	ACC	-0.5335083	3.4742737	9.245163
147214660	GYR	-0.008087158	-0.010116577	-0.018463135
147214662	ACC	-0.5634918	3.4521942	9.283051
147214670	GYR	0.0051574707	-0.0021820068	-0.018249512
147214679	MAG	54.315186	47.40143	-43.20221
147214672	ACC	-0.6179962	3.4359741	9.21405
147214680	GYR	0.015640259	0.011016846	-0.013214111
147214682	ACC	-0.6404877	3.4659119	9.137695
147214690	GYR	0.018997192	0.019241333	-0.009231567
147214699	MAG	54.492188	47.338867	-42.791748
147214692	ACC	-0.6612396	3.5066376	9.033478
147214700	GYR	0.015792847	0.02218628	-0.008331299
147214702	ACC	-0.6598358	3.5140991	8.938721
147214710	GYR	0.008529663	0.0211792	-0.008300781
147214718	MAG	54.6875	47.225952	-42.7948
147214712	ACC	-0.65293884	3.5056152	8.889114
147214720	GYR	-0.0043945312	0.00730896	-0.008895874
147214722	ACC	-0.67697144	3.5069122	8.973236
147214737	MAG	54.65088	47.291565	-42.61322
147214732	ACC	-0.6757355	3.4990845	9.122589
147214730	GYR	-0.0137786865	-0.01133728	-0.008911133
147214742	ACC	-0.63586426	3.4973602	9.23233
147214740	GYR	-0.01524353	-0.020401001	-0.009017944
147214756	MAG	54.53186	47.424316	-42.892456
147214752	ACC	-0.5960541	3.4886932	9.261688
147214750	GYR	-0.005935669	-0.019714355	-0.012268066
147214762	ACC	-0.6294708	3.4642487	9.238419
147214760	GYR	0.0017242432	-0.007583618	-0.016799927
147214776	MAG	54.675293	47.312927	-42.93976
147214772	ACC	-0.6609802	3.4355621	9.195175
147214770	GYR	0.0038757324	0.012664795	-0.015548706
147214782	ACC	-0.6896057	3.4029999	9.153427
147214779	GYR	0.0035095215	0.023544312	-0.0093688965
147214795	MAG	54.87213	47.506714	-42.87262
147214792	ACC	-0.6946411	3.4027405	9.12822
147214789	GYR	0.0054626465	0.027038574	-0.0038146973
147214802	ACC	-0.67445374	3.4343567	9.125763
147214799	GYR	0.010864258	0.023925781	3.6621094E-4
147214814	MAG	54.718018	47.24121	-43.029785
147214812	ACC	-0.66166687	3.4498901	9.142822
147214809	GYR	0.01550293	0.01411438	5.950928E-4
147214822	ACC	-0.66555786	3.433899	9.136169
147214819	GYR	0.02128601	0.011627197	7.6293945E-5
147214833	MAG	54.530334	47.309875	-42.930603
147214832	ACC	-0.65574646	3.4381104	9.111374
147214829	GYR	0.02658081	0.014251709	0.0018005371
147214842	ACC	-0.6405945	3.4550934	9.081863
147214839	GYR	0.028030396	0.013442993	0.00340271
147214852	MAG	54.429626	47.235107	-43.011475
147214852	ACC	-0.6307068	3.4614716	9.029556
147214849	GYR	0.02658081	0.014511108	0.0055389404
147214862	ACC	-0.6282501	3.4701996	9.008148
147214859	GYR	0.022201538	0.01889038	0.0053253174
147214872	MAG	54.719543	47.16339	-43.02368
147214872	ACC	-0.6182251	3.47583	9.031448
147214869	GYR	0.012359619	0.018844604	0.0030822754
147214882	ACC	-0.61769104	3.4553375	9.086441
147214879	GYR	0.004348755	0.018310547	0.0022125244
147214891	MAG	54.838562	47.10846	-42.749023
147214892	ACC	-0.6168518	3.4529114	9.125748
147214889	GYR	0.0028839111	0.016647339	4.5776367E-4
147214902	ACC	-0.61875916	3.4566803	9.139145
147214899	GYR	0.005569458	0.011352539	-0.0015106201
147214910	MAG	54.907227	46.939087	-42.510986
147214912	ACC	-0.6236572	3.4531555	9.142975
147214909	GYR	0.008178711	0.008026123	-0.0030517578
147214922	ACC	-0.61579895	3.4464264	9.139954
147214919	GYR	0.008224487	0.008605957	-0.004928589
147214929	MAG	54.79889	47.138977	-42.61017
147214932	ACC	-0.59413147	3.4447174	9.114334
147214929	GYR	0.0063323975	0.013336182	-0.005218506
147214942	ACC	-0.6085205	3.4525146	9.096008
147214939	GYR	0.001159668	0.018859863	-0.0036315918
147214949	MAG	54.9057	47.17102	-42.48047
147214952	ACC	-0.5908356	3.4543	9.113464
147214949	GYR	-0.008117676	0.020523071	-0.0028076172
147214962	ACC	-0.619751	3.4170227	9.191818
147214959	GYR	-0.015472412	0.019058228	-2.4414062E-4
147214968	MAG	54.785156	46.995544	-42.83142
147214972	ACC	-0.61639404	3.389923	9.265213
147214969	GYR	-0.015136719	0.015411377	0.0018463135
147214982	ACC	-0.6503906	3.4201355	9.373566
147214979	GYR	-0.005432129	0.009841919	0.005264282
147214987	MAG	54.84314	47.21985	-42.6651
147214992	ACC	-0.6356354	3.4546814	9.398636
147214989	GYR	0.0105896	0.012634277	0.010681152
147215002	ACC	-0.5788727	3.470581	9.246674
147214999	GYR	0.033294678	0.02230835	0.013336182
147215006	MAG	54.737854	47.109985	-42.790222
147215012	ACC	-0.584198	3.509079	9.087143
147215009	GYR	0.050369263	0.028518677	0.009262085
147215019	GYR	0.055419922	0.032440186	0.007583618
147215025	MAG	55.088806	47.14508	-42.62848
147215022	ACC	-0.57502747	3.5429077	8.899399
147215029	GYR	0.047332764	0.030975342	0.005218506
147215032	ACC	-0.5929718	3.5482483	8.765289
147215039	GYR	0.031158447	0.026870728	0.0025634766
147215045	MAG	54.82483	47.120667	-42.93518
147215042	ACC	-0.574173	3.561966	8.707275
147215049	GYR	0.013580322	0.020431519	-9.613037E-4
147215052	ACC	-0.56796265	3.561264	8.698242
147215059	GYR	-0.004501343	0.013549805	-0.004714966
147215064	MAG	55.047607	47.177124	-42.5354
147215061	ACC	-0.5746155	3.5553741	8.72879
147215069	GYR	-0.017791748	0.004501343	-0.010620117
147215071	ACC	-0.5893097	3.5546417	8.822708
147215079	GYR	-0.025894165	-0.004333496	-0.013015747
147215083	MAG	55.145264	47.10083	-42.5354
147215081	ACC	-0.5791168	3.5203094	8.91214
147215089	GYR	-0.027160645	-0.008529663	-0.014328003
147215091	ACC	-0.5923004	3.4860382	8.957703
147215099	GYR	-0.024276733	-0.01171875	-0.016738892
147215102	MAG	55.22461	47.117615	-42.773438
147215101	ACC	-0.604187	3.461731	8.996841
147215109	GYR	-0.018753052	-0.016052246	-0.017456055
147215111	ACC	-0.5944519	3.4728088	9.02095
147215122	MAG	54.797363	47.216797	-42.616272
147215121	ACC	-0.58706665	3.4749603	9.023743
147215119	GYR	-0.010055542	-0.019805908	-0.018081665
147215131	ACC	-0.6074066	3.4712372	9.021057
147215129	GYR	-0.0032806396	-0.020248413	-0.018173218
147215141	MAG	55.09491	47.177124	-42.538452
147215141	ACC	-0.6434021	3.485321	9.016464
147215139	GYR	-3.6621094E-4	-0.015335083	-0.021331787
147215151	ACC	-0.69047546	3.4943542	8.964798
147215149	GYR	-0.0013427734	-0.012680054	-0.025039673
147215160	MAG	54.992676	47.10388	-42.619324
147215161	ACC	-0.69670105	3.501236	8.934845
147215159	GYR	-0.007232666	-0.015716553	-0.028045654
147215171	ACC	-0.7024689	3.5016632	9.004501
147215169	GYR	-0.020965576	-0.024383545	-0.02999878
147215179	MAG	54.97589	47.27173	-42.816162
147215181	ACC	-0.6937256	3.4922943	9.173904
147215179	GYR	-0.038391113	-0.039764404	-0.031723022
147215191	ACC	-0.6520233	3.4585419	9.398895
147215189	GYR	-0.05381775	-0.048049927	-0.029449463
147215198	MAG	54.840088	47.377014	-42.67578
147215201	ACC	-0.6285553	3.4180908	9.632919
147215199	GYR	-0.059387207	-0.04360962	-0.028457642
147215211	ACC	-0.6442261	3.3763275	9.784027
147215209	GYR	-0.047805786	-0.029067993	-0.028152466
147215218	MAG	55.047607	47.177124	-42.5354
147215221	ACC	-0.6709595	3.3574524	9.767517
147215219	GYR	-0.018478394	-0.0060577393	-0.02658081
147215231	ACC	-0.7025299	3.3811493	9.558304
147215229	GYR	0.018539429	0.013839722	-0.023376465
147215237	MAG	54.93927	47.2229	-42.671204
147215241	ACC	-0.738678	3.4283905	9.311783
147215239	GYR	0.053344727	0.022766113	-0.018188477
147215251	ACC	-0.7459259	3.4524078	9.118439
147215249	GYR	0.07344055	0.02027893	-0.013366699
147215256	MAG	54.977417	47.19391	-42.81006
147215261	ACC	-0.7285309	3.4603577	8.95697
147215258	GYR	0.07751465	0.01713562	-0.007980347
147215271	ACC	-0.6970062	3.4670105	8.9027405
147215268	GYR	0.06930542	0.017242432	1.9836426E-4
147215275	MAG	54.937744	47.262573	-42.674255
147215281	ACC	-0.6389618	3.506256	8.949356
147215278	GYR	0.055404663	0.0129852295	0.0074768066
147215291	ACC	-0.57366943	3.5372467	8.9509735
147215288	GYR	0.046310425	0.009597778	0.012207031
147215295	MAG	54.95758	47.01538	-42.47284
147215301	ACC	-0.54499817	3.5586243	8.946121
147215298	GYR	0.044555664	0.0063476562	0.007003784
147215311	ACC	-0.55755615	3.5643616	8.936462
147215308	GYR	0.044281006	-0.0014038086	-0.004852295
147215314	MAG	55.052185	47.096252	-42.48352
147215321	ACC	-0.5871887	3.5191803	8.916077
147215318	GYR	0.041107178	-0.009536743	-0.015487671
147215331	ACC	-0.6268463	3.4816742	8.917328
147215328	GYR	0.032424927	-0.014129639	-0.020629883
147215333	MAG	55.04608	46.90857	-42.608643
147215341	ACC	-0.644516	3.4557953	9.04686
147215338	GYR	0.02053833	-0.016571045	-0.01965332
147215352	MAG	54.9881	46.83838	-42.73987
147215351	ACC	-0.6547394	3.4601746	9.160797
147215348	GYR	0.011184692	-0.013717651	-0.015151978
147215361	ACC	-0.6411133	3.4657288	9.215195
147215358	GYR	0.010894775	-0.0043945312	-0.010131836
147215371	MAG	54.940796	46.990967	-42.70172
147215371	ACC	-0.6305237	3.501297	9.156647
147215368	GYR	0.02281189	0.0053100586	-0.0098724365
147215381	ACC	-0.6588745	3.551651	9.054321
147215378	GYR	0.0345459	0.008712769	-0.014434814
147215391	MAG	55.104065	46.90094	-42.47284
147215391	ACC	-0.71377563	3.5639954	9.047882
147215388	GYR	0.034988403	0.0038146973	-0.018371582
147215401	ACC	-0.7371216	3.550171	9.14949
147215398	GYR	0.02947998	-0.0010681152	-0.016647339
147215410	MAG	54.800415	47.253418	-42.57202
147215408	GYR	0.029144287	0.0015563965	-0.00970459
147215411	ACC	-0.68429565	3.5337372	9.1744995
147215418	GYR	0.035751343	0.007537842	-0.0053253174
147215429	MAG	54.792786	46.910095	-42.085266
147215421	ACC	-0.6470032	3.5729065	9.156387
147215428	GYR	0.046340942	0.010864258	-0.0026855469
147215431	ACC	-0.5994415	3.6072388	9.113846
147215438	GYR	0.05709839	0.009857178	-6.866455E-4
147215448	MAG	54.815674	47.16339	-42.381287
147215441	ACC	-0.5361786	3.6426697	9.028519
147215448	GYR	0.06150818	-3.3569336E-4	-0.0024261475
147215451	ACC	-0.4547119	3.6906586	8.999084
147215458	GYR	0.06037903	-0.011169434	-0.008666992
147215468	MAG	55.13916	46.681213	-42.69104
147215461	ACC	-0.39015198	3.748886	8.972366
147215468	GYR	0.056289673	-0.010253906	-0.017242432
147215471	ACC	-0.343338	3.7944794	8.966568
147215478	GYR	0.054733276	-0.005493164	-0.028274536
147215487	MAG	55.160522	46.510315	-42.448425
147215481	ACC	-0.34469604	3.7894745	8.975708
147215488	GYR	0.056396484	0.0024261475	-0.04071045
147215491	ACC	-0.39637756	3.7589874	8.955734
147215498	GYR	0.062469482	0.0087890625	-0.050231934
147215506	MAG	55.108643	46.62628	-42.45453
147215501	ACC	-0.44189453	3.7487183	8.912399
147215511	ACC	-0.44863892	3.7322998	8.85141
147215508	GYR	0.06565857	0.010726929	-0.054733276
147215525	MAG	55.158997	46.702576	-42.41638
147215521	ACC	-0.48797607	3.7242126	8.7890625
147215518	GYR	0.06567383	0.0036468506	-0.05593872
147215531	ACC	-0.49090576	3.7329407	8.784088
147215528	GYR	0.06616211	-0.009399414	-0.055862427
147215545	MAG	54.919434	46.62018	-42.396545
147215540	ACC	-0.43818665	3.7736816	8.837952
147215538	GYR	0.06437683	-0.030975342	-0.05581665
147215550	ACC	-0.4504547	3.7750092	8.88121
147215548	GYR	0.06349182	-0.04711914	-0.06983948
147215564	MAG	55.065918	46.391296	-42.434692
147215560	ACC	-0.5189667	3.738617	8.9048
147215558	GYR	0.059539795	-0.050460815	-0.08564758
147215570	ACC	-0.61805725	3.7026215	8.921234
147215568	GYR	0.048812866	-0.04699707	-0.09625244
147215583	MAG	54.93164	46.533203	-42.251587
147215580	ACC	-0.6952362	3.6597748	8.953873
147215578	GYR	0.030838013	-0.04397583	-0.094558716
147215590	ACC	-0.7596283	3.6099243	9.000519
147215588	GYR	0.015075684	-0.036621094	-0.0851593
147215602	MAG	55.081177	46.339417	-42.24701
147215600	ACC	-0.79000854	3.5739136	9.023895
147215598	GYR	0.0048065186	-0.03366089	-0.07447815
147215610	ACC	-0.7374878	3.5856476	8.990952
147215608	GYR	-0.003036499	-0.03553772	-0.05848694
147215621	MAG	55.07202	46.270752	-42.37976
147215620	ACC	-0.72055054	3.6807709	8.99704
147215618	GYR	-0.013153076	-0.04283142	-0.045654297
147215630	ACC	-0.73283386	3.7327118	9.071671
147215628	GYR	-0.021362305	-0.059005737	-0.052368164
147215641	MAG	54.91028	46.435547	-42.567444
147215640	ACC	-0.7422943	3.6349182	9.210434
147215638	GYR	-0.028045654	-0.060699463	-0.06718445
147215650	ACC	-0.80300903	3.522049	9.331619
147215648	GYR	-0.031417847	-0.053390503	-0.07397461
147215660	MAG	55.166626	46.19751	-42.427063
147215660	ACC	-0.89404297	3.4808044	9.384888
147215658	GYR	-0.025039673	-0.038208008	-0.06864929
147215670	ACC	-0.97029114	3.4368134	9.396469
147215668	GYR	-0.008758545	-0.024215698	-0.057373047
147215679	MAG	54.840088	46.295166	-42.2287
147215680	ACC	-0.9758301	3.4167023	9.349976
147215678	GYR	0.01399231	-0.019454956	-0.043670654
147215690	ACC	-0.95376587	3.4055176	9.218384
147215688	GYR	0.038589478	-0.020645142	-0.030395508
147215698	MAG	54.69513	46.292114	-42.22107
147215700	ACC	-0.91542053	3.4233398	9.12648
147215698	GYR	0.054260254	-0.021331787	-0.01789856
147215710	ACC	-0.86380005	3.4695892	9.083954
147215708	GYR	0.057373047	-0.021652222	-0.004135132
147215718	MAG	54.882812	46.185303	-42.3172
147215720	ACC	-0.79248047	3.521103	9.036118
147215718	GYR	0.05253601	-0.01927185	0.0076446533
147215730	ACC	-0.75413513	3.5707397	9.002426
147215728	GYR	0.043624878	-0.013977051	0.012207031
147215737	MAG	54.689026	46.220398	-42.308044
147215740	ACC	-0.7164612	3.5910492	9.034622
147215737	GYR	0.03213501	-0.010040283	0.010299683
147215750	ACC	-0.6772156	3.5634613	9.030121
147215747	GYR	0.022628784	-0.0016326904	0.0061798096
147215756	MAG	54.6463	46.176147	-42.256165
147215760	ACC	-0.67930603	3.5204163	9.017868
147215757	GYR	0.01864624	0.010269165	0.0017852783
147215770	ACC	-0.70454407	3.514267	8.983246
147215767	GYR	0.018005371	0.019714355	-0.0030059814
147215775	MAG	54.577637	46.347046	-42.495728
147215780	ACC	-0.75231934	3.493393	8.916412
147215777	GYR	0.018005371	0.02532959	-0.0067443848
147215790	ACC	-0.7730408	3.4807587	8.866638
147215787	GYR	0.016235352	0.023544312	-0.00944519
147215794	MAG	54.79126	46.333313	-42.2287
147215797	GYR	0.011917114	0.018707275	-0.007843018
147215800	ACC	-0.8069763	3.4398193	8.868515
147215807	GYR	0.007369995	0.015106201	-0.0028381348
147215814	MAG	54.841614	46.177673	-42.22107
147215810	ACC	-0.82325745	3.430191	8.8780365
147215817	GYR	0.004928589	0.011016846	0.0037841797
147215820	ACC	-0.8173981	3.426773	8.944717
147215827	GYR	0.0060577393	0.0076293945	0.011184692
147215833	MAG	54.692078	46.102905	-42.29889
147215830	ACC	-0.831131	3.4481964	9.003952
147215837	GYR	0.014175415	0.016418457	0.016616821
147215840	ACC	-0.81155396	3.487442	8.909851
147215847	GYR	0.024108887	0.02822876	0.020019531
147215852	MAG	54.707336	46.166992	-42.07306
147215850	ACC	-0.8159485	3.5233154	8.786636
147215857	GYR	0.023132324	0.027496338	0.021499634
147215860	ACC	-0.8502197	3.5404053	8.651123
147215867	GYR	0.01272583	0.017074585	0.023330688
147215871	MAG	54.837036	46.26007	-42.27295
147215870	ACC	-0.8794403	3.5606995	8.5716095
147215877	GYR	-0.007827759	-0.001159668	0.02810669
147215880	ACC	-0.83540344	3.5493774	8.614517
147215887	GYR	-0.032165527	-0.025970459	0.036712646
147215891	MAG	54.803467	46.20819	-42.082214
147215890	ACC	-0.7939606	3.5661163	8.788834
147215900	ACC	-0.73083496	3.5805664	9.009857
147215897	GYR	-0.054107666	-0.042999268	0.047943115
147215910	MAG	54.951477	46.20819	-42.044067
147215910	ACC	-0.6638794	3.6064453	9.196182
147215907	GYR	-0.064453125	-0.04458618	0.05895996
147215920	ACC	-0.60128784	3.6182404	9.312912
147215917	GYR	-0.06384277	-0.034835815	0.06062317
147215929	MAG	54.78058	46.302795	-42.366028
147215930	ACC	-0.6131134	3.6320038	9.352966
147215927	GYR	-0.051696777	-0.018356323	0.05885315
147215940	ACC	-0.6658783	3.6277466	9.358139
147215937	GYR	-0.036239624	-1.0681152E-4	0.058807373
147215948	MAG	54.644775	46.409607	-42.225647
147215950	ACC	-0.6589966	3.6413422	9.293701
147215947	GYR	-0.017715454	0.011764526	0.064208984
147215960	ACC	-0.6266022	3.6719818	9.200363
147215957	GYR	-0.0010375977	0.013000488	0.0718689
147215968	MAG	54.644775	46.369934	-42.222595
147215970	ACC	-0.60684204	3.7185974	9.154236
147215967	GYR	0.013748169	0.001876831	0.07633972
147215980	ACC	-0.61042786	3.7291412	9.188293
147215977	GYR	0.024017334	-0.015686035	0.079208374
147215987	MAG	54.777527	46.499634	-42.378235
147215990	ACC	-0.52111816	3.750885	9.209457
147215987	GYR	0.031814575	-0.023452759	0.087387085
147216000	ACC	-0.39613342	3.808075	9.230179
147215997	GYR	0.03463745	-0.024246216	0.09489441
147216006	MAG	54.325867	46.463013	-41.93268
147216010	ACC	-0.3336792	3.844864	9.305237
147216007	GYR	0.03517151	-0.024612427	0.08670044
147216020	ACC	-0.27372742	3.8596954	9.297256
147216017	GYR	0.043182373	-0.015670776	0.07536316
147216025	MAG	54.545593	46.67816	-42.192078
147216029	ACC	-0.24780273	3.862976	9.241272
147216027	GYR	0.052001953	-0.0016784668	0.059936523
147216039	ACC	-0.26332092	3.8598633	9.211487
147216037	GYR	0.056350708	0.009017944	0.041503906
147216044	MAG	54.441833	46.331787	-41.69922
147216049	ACC	-0.32154846	3.8297577	9.212784
147216047	GYR	0.060913086	0.014892578	0.024261475
147216059	ACC	-0.3943329	3.779953	9.146484
147216057	GYR	0.06904602	0.028549194	0.0134887695
147216064	MAG	54.39148	46.102905	-41.77246
147216069	ACC	-0.44699097	3.7511902	9.043594
147216067	GYR	0.07800293	0.044326782	0.005874634
147216079	ACC	-0.47895813	3.7514343	8.906494
147216077	GYR	0.08383179	0.05265808	0.0018005371
147216083	MAG	54.5166	46.276855	-42.02423
147216089	ACC	-0.49336243	3.7841034	8.736008
147216087	GYR	0.082839966	0.053863525	0.0011749268
147216099	ACC	-0.50131226	3.8370209	8.654526
147216097	GYR	0.06964111	0.04194641	-7.6293945E-5
147216102	MAG	54.496765	45.980835	-41.677856
147216109	ACC	-0.5028839	3.860672	8.716751
147216107	GYR	0.043685913	0.016921997	-0.0016326904
147216119	ACC	-0.44921875	3.8217163	8.863632
147216117	GYR	0.013061523	-0.010025024	-0.0021972656
147216122	MAG	54.53949	45.94879	-41.770935
147216129	ACC	-0.46694946	3.743576	9.008728
147216127	GYR	-0.012313843	-0.027252197	-0.0018310547
147216141	MAG	54.631042	45.8786	-41.864014
147216139	ACC	-0.52041626	3.6811066	9.111206
147216137	GYR	-0.027496338	-0.03388977	0.0010528564
147216149	ACC	-0.5050659	3.6853027	9.191666
147216147	GYR	-0.02911377	-0.039367676	0.008590698
147216160	MAG	54.283142	45.994568	-41.94336
147216159	ACC	-0.48947144	3.7333374	9.317108
147216157	GYR	-0.015167236	-0.054000854	0.01512146
147216169	ACC	-0.41278076	3.7940216	9.394318
147216167	GYR	0.014389038	-0.07406616	0.015060425
147216179	MAG	54.434204	45.877075	-41.897583
147216179	ACC	-0.32478333	3.8270874	9.331284
147216177	GYR	0.05278015	-0.07588196	0.004211426
147216187	GYR	0.08332825	-0.050994873	-0.011550903
147216198	MAG	54.345703	45.829773	-41.796875
147216189	ACC	-0.35531616	3.8706512	9.103348
147216197	GYR	0.092437744	-0.018997192	-0.025039673
147216199	ACC	-0.4399109	3.8713684	8.893799
147216207	GYR	0.07853699	-0.006011963	-0.028320312
147216217	MAG	54.322815	45.884705	-41.42914
147216209	ACC	-0.48509216	3.889328	8.806808
147216216	GYR	0.054748535	-0.014556885	-0.02293396
147216219	ACC	-0.5407562	3.878189	8.789352
147216226	GYR	0.03692627	-0.043624878	-0.016571045
147216237	MAG	54.611206	46.0083	-41.45508
147216229	ACC	-0.5350342	3.8307495	8.911789
147216236	GYR	0.036605835	-0.08882141	-0.009262085
147216239	ACC	-0.5092163	3.822525	9.124283
147216246	GYR	0.05609131	-0.12503052	-6.4086914E-4
147216256	MAG	54.2984	45.90454	-41.752625
147216249	ACC	-0.38388062	3.857727	9.276062
147216256	GYR	0.08647156	-0.14035034	0.0053253174
147216259	ACC	-0.21672058	3.909134	9.345612
147216266	GYR	0.118927	-0.12747192	0.0022735596
147216275	MAG	54.15039	45.7901	-41.82892
147216269	ACC	-0.10334778	3.9967499	9.259232
147216276	GYR	0.14376831	-0.09106445	-0.012756348
147216279	ACC	-0.044937134	4.0203705	9.018448
147216286	GYR	0.15235901	-0.057754517	-0.032669067
147216294	MAG	54.02069	45.65735	-41.625977
147216289	ACC	-0.04246521	4.052124	8.778976
147216299	ACC	-0.103149414	4.058914	8.618759
147216296	GYR	0.14027405	-0.042404175	-0.05836487
147216314	MAG	54.067993	45.39032	-41.70227
147216309	ACC	-0.16366577	4.02182	8.617493
147216306	GYR	0.116256714	-0.043029785	-0.0859375
147216319	ACC	-0.24378967	3.9228973	8.6935425
147216316	GYR	0.0900116	-0.04360962	-0.11167908
147216333	MAG	54.17328	45.61615	-41.540527
147216329	ACC	-0.3636322	3.793106	8.772568
147216326	GYR	0.07357788	-0.04460144	-0.12930298
147216339	ACC	-0.4660797	3.7032166	8.8564
147216336	GYR	0.06832886	-0.056137085	-0.1347351
147216352	MAG	54.03595	45.56732	-41.43524
147216349	ACC	-0.5001068	3.6544647	8.884125
147216346	GYR	0.07102966	-0.0765686	-0.1290741
147216359	ACC	-0.503952	3.6454468	8.838348
147216356	GYR	0.07713318	-0.08409119	-0.12020874
147216371	MAG	53.881836	45.34149	-41.59546
147216369	ACC	-0.50753784	3.649231	8.776825
147216366	GYR	0.07539368	-0.0869751	-0.11395264
147216379	ACC	-0.48872375	3.6623535	8.746384
147216376	GYR	0.067733765	-0.08258057	-0.10726929
147216391	MAG	53.98712	45.259094	-41.503906
147216389	ACC	-0.4831848	3.6843872	8.802429
147216386	GYR	0.054748535	-0.07536316	-0.099746704
147216399	ACC	-0.4810791	3.6778564	8.918228
147216396	GYR	0.04220581	-0.072006226	-0.09547424
147216410	MAG	53.953552	45.092773	-41.35132
147216409	ACC	-0.4711151	3.655243	9.004257
147216406	GYR	0.038253784	-0.068603516	-0.09559631
147216419	ACC	-0.50712585	3.633789	9.044495
147216416	GYR	0.045059204	-0.069869995	-0.098083496
147216429	MAG	53.927612	44.95697	-41.062927
147216429	ACC	-0.56056213	3.615219	9.046097
147216426	GYR	0.05871582	-0.07118225	-0.101623535
147216439	ACC	-0.6338043	3.592743	9.0112
147216436	GYR	0.07469177	-0.07470703	-0.10194397
147216448	MAG	53.65448	44.667053	-40.885925
147216449	ACC	-0.658371	3.5867157	8.940414
147216446	GYR	0.08610535	-0.07461548	-0.09631348
147216459	ACC	-0.6425934	3.586609	8.853485
147216456	GYR	0.08848572	-0.06826782	-0.088256836
147216467	MAG	53.967285	44.888306	-41.19873
147216469	ACC	-0.6003418	3.606781	8.829498
147216466	GYR	0.08078003	-0.060684204	-0.08088684
147216479	ACC	-0.57943726	3.6182098	8.837341
147216476	GYR	0.06677246	-0.055267334	-0.076431274
147216487	MAG	53.726196	44.882202	-41.18347
147216489	ACC	-0.5882263	3.6100922	8.839706
147216486	GYR	0.051742554	-0.04963684	-0.07455444
147216499	ACC	-0.6432648	3.5824585	8.891556
147216496	GYR	0.03767395	-0.04147339	-0.07556152
147216506	MAG	53.585815	44.79828	-41.123962
147216508	ACC	-0.71562195	3.528656	8.928162
147216506	GYR	0.026626587	-0.030639648	-0.07463074
147216518	ACC	-0.77272034	3.5189056	8.892197
147216516	GYR	0.023956299	-0.014160156	-0.0665741
147216525	MAG	53.437805	44.79828	-41.160583
147216528	ACC	-0.81196594	3.544098	8.725555
147216526	GYR	0.029937744	0.0018615723	-0.05569458
147216538	ACC	-0.8617096	3.5864868	8.599625
147216536	GYR	0.03327942	0.005142212	-0.045837402
147216544	MAG	53.579712	44.76471	-41.212463
147216548	ACC	-0.8643799	3.6328735	8.444138
147216546	GYR	0.028823853	-0.0024261475	-0.03604126
147216558	ACC	-0.8253174	3.6727448	8.400909
147216556	GYR	0.013931274	-0.016677856	-0.026000977
147216564	MAG	53.834534	44.758606	-41.04309
147216568	ACC	-0.7413635	3.7213745	8.474564
147216566	GYR	-0.0096588135	-0.036026	-0.016845703
147216576	GYR	-0.038497925	-0.050811768	-0.012145996
147216583	MAG	53.596497	44.636536	-41.020203
147216578	ACC	-0.6557312	3.7629547	8.627869
147216586	GYR	-0.06715393	-0.052597046	-0.010406494
147216588	ACC	-0.60757446	3.7603455	8.811768
147216596	GYR	-0.08520508	-0.044448853	-0.009155273
147216602	MAG	53.6026	44.822693	-40.89508
147216598	ACC	-0.59091187	3.75177	8.993546
147216606	GYR	-0.089767456	-0.03593445	-0.008911133
147216608	ACC	-0.6221466	3.7209625	9.173157
147216616	GYR	-0.079315186	-0.03137207	-0.0047912598
147216621	MAG	53.82538	44.882202	-41.1438
147216618	ACC	-0.6151123	3.6826172	9.271378
147216626	GYR	-0.059783936	-0.024963379	0.0018157959
147216628	ACC	-0.59381104	3.7148285	9.344849
147216636	GYR	-0.034744263	-0.014801025	0.011428833
147216640	MAG	53.58734	44.91272	-41.085815
147216638	ACC	-0.585022	3.747635	9.376389
147216646	GYR	-0.010223389	0.004257202	0.022583008
147216648	ACC	-0.5299225	3.780136	9.272034
147216656	GYR	0.010757446	0.019119263	0.031539917
147216660	MAG	53.445435	44.94629	-41.03241
147216658	ACC	-0.4894104	3.842804	9.146973
147216666	GYR	0.022567749	0.022277832	0.033798218
147216668	ACC	-0.47177124	3.88443	8.974152
147216676	GYR	0.02532959	0.025405884	0.035064697
147216679	MAG	53.686523	45.10498	-41.012573
147216678	ACC	-0.42655945	3.9246674	8.848892
147216688	ACC	-0.4016571	3.9442139	8.814255
147216686	GYR	0.014602661	0.017242432	0.031951904
147216698	MAG	53.7735	45.077515	-41.15448
147216698	ACC	-0.37454224	3.9626007	8.874893
147216695	GYR	-0.001663208	0.007583618	0.028915405
147216708	ACC	-0.34901428	3.9414215	8.927078
147216705	GYR	-0.016921997	0.0052948	0.02748108
147216717	MAG	53.3844	44.87915	-41.20941
147216718	ACC	-0.37350464	3.8986511	9.011444
147216715	GYR	-0.02609253	0.0053710938	0.023971558
147216728	ACC	-0.39863586	3.8579407	9.108704
147216725	GYR	-0.02619934	4.272461E-4	0.022842407
147216737	MAG	53.575134	44.999695	-41.229248
147216738	ACC	-0.38783264	3.8369446	9.172119
147216735	GYR	-0.016677856	-0.0022888184	0.022842407
147216748	ACC	-0.3734436	3.834198	9.126007
147216745	GYR	8.392334E-4	0.005126953	0.023071289
147216756	MAG	53.63159	44.955444	-41.137695
147216758	ACC	-0.3484497	3.8607635	9.012894
147216755	GYR	0.01727295	0.01576233	0.024459839
147216768	ACC	-0.3424225	3.905075	8.879959
147216765	GYR	0.02684021	0.027130127	0.025497437
147216775	MAG	53.445435	44.906616	-41.029358
147216778	ACC	-0.3607483	3.9343872	8.77211
147216775	GYR	0.025604248	0.030593872	0.022842407
147216788	ACC	-0.37825012	3.9398193	8.689178
147216785	GYR	0.01512146	0.028671265	0.017150879
147216794	MAG	53.430176	45.19043	-41.18805
147216798	ACC	-0.40441895	3.9321747	8.660919
147216795	GYR	-0.0012054443	0.023605347	0.010757446
147216808	ACC	-0.4139099	3.9152832	8.706238
147216805	GYR	-0.020385742	0.015274048	0.00819397
147216814	MAG	53.82843	44.95697	-41.1026
147216818	ACC	-0.3986206	3.8813324	8.774445
147216815	GYR	-0.037643433	0.0056610107	0.00970459
147216828	ACC	-0.3811493	3.8766785	8.879379
147216825	GYR	-0.04953003	-0.0049438477	0.013626099
147216833	MAG	53.640747	44.833374	-41.036987
147216838	ACC	-0.33914185	3.876175	8.990875
147216835	GYR	-0.05432129	-0.010879517	0.016021729
147216848	ACC	-0.3010559	3.8846893	9.103897
147216845	GYR	-0.05180359	-0.009933472	0.015701294
147216852	MAG	53.72162	45.117188	-41.200256
147216858	ACC	-0.28541565	3.8966827	9.171585
147216855	GYR	-0.040740967	-0.00541687	0.013473511
147216868	ACC	-0.28988647	3.886856	9.169998
147216865	GYR	-0.023284912	0.002319336	0.008956909
147216871	MAG	53.715515	45.085144	-41.290283
147216878	ACC	-0.32192993	3.8807526	9.094803
147216875	GYR	-0.004180908	0.011108398	0.0014343262
147216888	ACC	-0.37268066	3.8706512	8.974747
147216885	GYR	0.012329102	0.017944336	-0.004470825
147216891	MAG	53.43628	45.069885	-41.133118
147216898	ACC	-0.4128418	3.848526	8.864944
147216895	GYR	0.020309448	0.020858765	-0.0061187744
147216908	ACC	-0.43336487	3.8605804	8.794037
147216905	GYR	0.01953125	0.018630981	-0.0033569336
147216910	MAG	53.70941	45.0119	-41.37726
147216918	ACC	-0.43170166	3.8885803	8.834915
147216915	GYR	0.013549805	0.008300781	0.0025177002
147216929	MAG	53.434753	45.147705	-41.13922
147216928	ACC	-0.37712097	3.883545	8.880966
147216925	GYR	0.006011963	-0.004562378	0.007095337
147216938	ACC	-0.31576538	3.8848267	8.896271
147216935	GYR	5.0354004E-4	-0.012039185	0.007797241
147216948	MAG	53.477478	45.07599	-41.229248
147216948	ACC	-0.27954102	3.916916	8.9518585
147216945	GYR	-0.0034484863	-0.017044067	0.0038146973
147216958	ACC	-0.26626587	3.9278564	8.975632
147216955	GYR	-0.0067749023	-0.01638794	-0.0035705566
147216967	MAG	53.390503	45.10498	-41.08734
147216965	GYR	-0.010345459	-0.0038146973	-0.012161255
147216968	ACC	-0.28526306	3.894455	9.014404
147216975	GYR	-0.012237549	0.00920105	-0.0209198
147216987	MAG	53.871155	45.039368	-41.15753
147216978	ACC	-0.32929993	3.8554077	9.024643
147216985	GYR	-0.0077209473	0.016784668	-0.02633667
147216987	ACC	-0.37001038	3.8235474	9.048157
147216995	GYR	0.0045318604	0.016586304	-0.02822876
147217006	MAG	53.65448	45.129395	-40.78064
147216997	ACC	-0.43182373	3.7939148	9.049759
147217005	GYR	0.021362305	0.008544922	-0.026397705
147217007	ACC	-0.470047	3.7679138	9.004288
147217015	GYR	0.034683228	0.0012664795	-0.022842407
147217025	MAG	53.408813	45.243835	-40.820312
147217017	ACC	-0.4950714	3.788971	8.88945
147217025	GYR	0.04284668	-7.324219E-4	-0.017456055
147217027	ACC	-0.48490906	3.7846375	8.810928
147217035	GYR	0.040283203	8.239746E-4	-0.0134887695
147217044	MAG	53.20587	45.20874	-40.94391
147217037	ACC	-0.4548645	3.7774048	8.736649
147217045	GYR	0.030197144	0.0032653809	-0.009140015
147217047	ACC	-0.46611023	3.8043823	8.698776
147217055	GYR	0.015411377	0.005203247	-0.00831604
147217063	MAG	53.523254	45.002747	-41.2735
147217057	ACC	-0.46896362	3.8234863	8.717667
147217065	GYR	-0.001449585	0.007080078	-0.005264282
147217067	ACC	-0.47102356	3.8186188	8.735107
147217083	MAG	52.22168	44.895935	-41.18805
147217077	ACC	-0.5028839	3.8155975	8.802475
147217075	GYR	-0.015167236	0.003967285	-0.0052337646
147217087	ACC	-0.50138855	3.80513	8.863342
147217085	GYR	-0.024230957	2.1362305E-4	-0.004425049
147217102	MAG	52.656555	45.09735	-41.181946
147217097	ACC	-0.5061188	3.8108215	8.936447
147217095	GYR	-0.025726318	-0.0030670166	-1.8310547E-4
147217107	ACC	-0.51426697	3.817337	9.02858
147217105	GYR	-0.021057129	-0.008468628	0.002319336
147217121	MAG	52.42462	45.12329	-41.030884
147217117	ACC	-0.49588013	3.8213196	9.045639
147217115	GYR	-0.0068359375	-0.010818481	0.0048980713
147217127	ACC	-0.47969055	3.838501	8.972
147217125	GYR	0.010345459	-0.00730896	0.0077667236
147217140	MAG	52.523804	45.007324	-41.027832
147217137	ACC	-0.47117615	3.8777924	8.882355
147217135	GYR	0.023498535	-0.0062561035	0.008392334
147217147	ACC	-0.486557	3.899353	8.825211
147217145	GYR	0.025115967	-0.00843811	0.006134033
147217160	MAG	52.520752	44.932556	-41.06903
147217157	ACC	-0.503952	3.9005127	8.748566
147217155	GYR	0.016235352	-0.00642395	0.005554199
147217167	ACC	-0.489151	3.8931427	8.714386
147217165	GYR	-1.0681152E-4	-0.0048217773	0.007736206
147217179	MAG	52.545166	45.14618	-41.363525
147217177	ACC	-0.4719696	3.8940277	8.802277
147217175	GYR	-0.02519226	-0.0079193115	0.011367798
147217187	ACC	-0.43489075	3.9058075	8.9605255
147217184	GYR	-0.049591064	-0.01423645	0.015457153
147217198	MAG	52.557373	45.213318	-41.18347
147217197	ACC	-0.3835144	3.8947449	9.130371
147217194	GYR	-0.06201172	-0.014526367	0.015945435
147217207	ACC	-0.36741638	3.8657837	9.266617
147217204	GYR	-0.056015015	-0.011184692	0.013015747
147217217	MAG	52.51007	45.133972	-41.175842
147217217	ACC	-0.3572693	3.8477478	9.285645
147217214	GYR	-0.034576416	-0.004211426	0.008575439
147217227	ACC	-0.37290955	3.831543	9.164169
147217224	GYR	-0.0059051514	0.00831604	0.0036773682
147217236	MAG	52.511597	45.0943	-41.17279
147217237	ACC	-0.4462433	3.855011	8.972504
147217234	GYR	0.018569946	0.017715454	9.460449E-4
147217247	ACC	-0.51208496	3.8630676	8.828781
147217244	GYR	0.030883789	0.018585205	0.001083374
147217256	MAG	52.397156	45.108032	-41.39862
147217257	ACC	-0.52145386	3.887848	8.730591
147217254	GYR	0.03211975	0.015075684	0.004425049
147217267	ACC	-0.50302124	3.9264832	8.6010895
147217264	GYR	0.024047852	0.013809204	0.010986328
147217275	MAG	52.43225	45.117188	-40.937805
147217277	ACC	-0.4542694	3.9447784	8.561691
147217274	GYR	0.006668091	0.00894165	0.017181396
147217287	ACC	-0.40179443	3.9825745	8.63443
147217284	GYR	-0.016601562	-0.004852295	0.018173218
147217294	MAG	52.1286	45.27588	-41.070557
147217297	ACC	-0.33796692	3.9963684	8.798996
147217294	GYR	-0.04034424	-0.021713257	0.013092041
147217307	ACC	-0.31774902	3.9304962	8.969757
147217304	GYR	-0.056854248	-0.032806396	0.0040893555
147217313	MAG	52.330017	45.15686	-40.98053
147217317	ACC	-0.32485962	3.8713684	9.136856
147217314	GYR	-0.061019897	-0.036453247	-0.0051574707
147217327	ACC	-0.33909607	3.8215942	9.248322
147217324	GYR	-0.054367065	-0.03327942	-0.011108398
147217333	MAG	52.464294	45.246887	-41.134644
147217337	ACC	-0.33789062	3.7816315	9.253784
147217334	GYR	-0.04309082	-0.021377563	-0.011306763
147217347	ACC	-0.4220276	3.7773743	9.209213
147217344	GYR	-0.029434204	-0.0024261475	-0.008132935
147217352	MAG	52.407837	45.291138	-41.226196
147217354	GYR	-0.016815186	0.016464233	-0.003921509
147217357	ACC	-0.4383545	3.7677307	9.191299
147217364	GYR	-0.0030670166	0.03276062	0.004180908
147217371	MAG	52.323914	45.35675	-41.041565
147217367	ACC	-0.4618683	3.761383	9.135513
147217374	GYR	0.013259888	0.044570923	0.014053345
147217377	ACC	-0.45011902	3.7914429	9.013947
147217384	GYR	0.028152466	0.046798706	0.021087646
147217390	MAG	52.365112	45.20874	-41.171265
147217387	ACC	-0.44839478	3.83284	8.867737
147217394	GYR	0.038970947	0.034561157	0.026321411
147217397	ACC	-0.44683838	3.872345	8.728836
147217404	GYR	0.04322815	0.011077881	0.030822754
147217409	MAG	52.453613	45.410156	-41.238403
147217407	ACC	-0.36476135	3.9123077	8.606796
147217414	GYR	0.036071777	-0.010726929	0.028167725
147217417	ACC	-0.29545593	3.9392853	8.556992
147217424	GYR	0.017822266	-0.018096924	0.024963379
147217429	MAG	52.41394	45.285034	-41.134644
147217427	ACC	-0.24171448	3.9628448	8.592407
147217434	GYR	-0.0050201416	-0.01914978	0.018966675
147217437	ACC	-0.21522522	3.9663086	8.654709
147217444	GYR	-0.024658203	-0.015075684	0.008010864
147217448	MAG	52.423096	45.048523	-41.072083
147217447	ACC	-0.21476746	3.9507446	8.717758
147217454	GYR	-0.042312622	-0.014907837	-0.005126953
147217457	ACC	-0.27009583	3.9193878	8.825333
147217467	MAG	52.282715	45.15686	-40.977478
147217466	ACC	-0.34368896	3.8684845	8.981506
147217464	GYR	-0.052841187	-0.01852417	-0.0138549805
147217476	ACC	-0.40623474	3.812317	9.082092
147217474	GYR	-0.05239868	-0.015411377	-0.017929077
147217486	MAG	52.22931	45.429993	-40.994263
147217486	ACC	-0.4509735	3.7901	9.130035
147217484	GYR	-0.040618896	-0.012710571	-0.014175415
147217496	ACC	-0.50465393	3.7795258	9.107254
147217494	GYR	-0.02130127	-0.0069122314	-0.010284424
147217506	MAG	52.388	45.188904	-40.84778
147217506	ACC	-0.53289795	3.7841492	8.996017
147217504	GYR	-0.0033874512	1.8310547E-4	-0.005203247
147217516	ACC	-0.53582764	3.8027802	8.868515
147217514	GYR	0.010574341	0.001739502	1.6784668E-4
147217525	MAG	52.18506	45.039368	-41.011047
147217526	ACC	-0.5159607	3.8251038	8.818481
147217524	GYR	0.012481689	-0.010147095	0.0040283203
147217536	ACC	-0.4901886	3.8467255	8.840042
147217534	GYR	0.0038909912	-0.021575928	0.008422852
147217544	MAG	52.47345	45.239258	-40.99579
147217546	ACC	-0.4663086	3.8548584	8.937027
147217544	GYR	-0.009109497	-0.02935791	0.012130737
147217556	ACC	-0.42210388	3.846283	9.077057
147217554	GYR	-0.018951416	-0.027359009	0.012786865
147217563	MAG	52.322388	45.202637	-41.07666
147217566	ACC	-0.4208374	3.818344	9.151535
147217564	GYR	-0.017547607	-0.011413574	0.011703491
147217576	ACC	-0.46498108	3.7935638	9.142807
147217574	GYR	-0.00730896	0.0038909912	0.011077881
147217583	MAG	52.212524	45.251465	-41.25824
147217586	ACC	-0.4851532	3.7976074	9.098221
147217584	GYR	0.007827759	0.0056915283	0.0118255615
147217596	ACC	-0.47584534	3.7966614	9.011917
147217594	GYR	0.025146484	0.0031738281	0.015579224
147217602	MAG	52.36664	45.437622	-41.096497
147217606	ACC	-0.4417572	3.8169098	8.929871
147217604	GYR	0.038757324	-9.3078613E-4	0.018875122
147217616	ACC	-0.41992188	3.8435364	8.86676
147217614	GYR	0.04611206	-0.008087158	0.019180298
147217621	MAG	51.986694	45.269775	-41.015625
147217626	ACC	-0.39187622	3.8441315	8.835297
147217624	GYR	0.04689026	-0.011169434	0.017089844
147217636	ACC	-0.46502686	3.8058624	8.909149
147217634	GYR	0.044662476	-0.006652832	0.017578125
147217640	MAG	52.0401	45.230103	-40.968323
147217646	ACC	-0.38787842	3.8521118	8.821106
147217644	GYR	0.046279907	-1.0681152E-4	0.026153564
147217656	ACC	-0.34420776	3.8730316	8.755936
147217654	GYR	0.045776367	-8.8500977E-4	0.033233643
147217659	MAG	52.13318	45.23468	-41.02173
147217666	ACC	-0.32737732	3.922409	8.798172
147217663	GYR	0.038879395	-0.010299683	0.027511597
147217676	ACC	-0.30384827	3.9058685	8.867783
147217673	GYR	0.031341553	-0.01828003	0.020431519
147217679	MAG	52.033997	45.310974	-41.020203
147217686	ACC	-0.24501038	3.909439	8.983292
147217683	GYR	0.021438599	-0.02243042	0.017608643
147217696	ACC	-0.22865295	3.9009247	9.014893
147217693	GYR	0.013839722	-0.016464233	0.014419556
147217698	MAG	52.23999	45.074463	-40.924072
147217706	ACC	-0.25764465	3.8950806	9.025345
147217703	GYR	0.012283325	-0.0049591064	0.006729126
147217716	ACC	-0.32736206	3.8791351	9.008713
147217713	GYR	0.014099121	-8.544922E-4	-0.0026855469
147217717	MAG	52.122498	45.243835	-41.160583
147217726	ACC	-0.39868164	3.8596954	8.998154
147217723	GYR	0.016601562	-0.0033569336	-0.008346558
147217736	MAG	52.316284	45.36133	-41.133118
147217736	ACC	-0.388443	3.8214722	9.030197
147217733	GYR	0.018676758	-0.0015106201	-0.0073547363
147217746	ACC	-0.3665619	3.8323212	8.976273
147217743	GYR	0.01876831	0.009124756	0.0020141602
147217756	MAG	52.270508	45.243835	-41.122437
147217753	GYR	0.015380859	0.021347046	0.012069702
147217756	ACC	-0.36346436	3.8476105	8.900925
147217763	GYR	0.009552002	0.030410767	0.020523071
147217775	MAG	52.330017	45.004272	-41.01715
147217766	ACC	-0.33395386	3.8884583	8.854904
147217773	GYR	0.004760742	0.033615112	0.023742676
147217776	ACC	-0.30740356	3.910553	8.825897
147217783	GYR	0.0014038086	0.02684021	0.021026611
147217794	MAG	52.267456	45.246887	-41.168213
147217786	ACC	-0.3186493	3.9326172	8.841644
147217793	GYR	9.0026855E-4	0.013336182	0.015167236
147217796	ACC	-0.33657837	3.9504852	8.927353
147217803	GYR	0.0057525635	0.0059661865	0.0116119385
147217813	MAG	52.22473	45.317078	-41.078186
147217806	ACC	-0.3085785	3.9389496	8.949524
147217813	GYR	0.014724731	0.005264282	0.0079193115
147217816	ACC	-0.2914734	3.9400177	8.912643
147217823	GYR	0.017837524	0.0058135986	0.0041503906
147217832	MAG	52.467346	45.20569	-41.085815
147217826	ACC	-0.29922485	3.9701233	8.868332
147217833	GYR	0.012710571	0.005279541	3.9672852E-4
147217836	ACC	-0.3416748	3.9513092	8.840515
147217843	GYR	0.002243042	0.008865356	2.4414062E-4
147217852	MAG	52.272034	45.16449	-41.116333
147217846	ACC	-0.33181763	3.9298096	8.817688
147217856	ACC	-0.33940125	3.9175568	8.845337
147217853	GYR	-0.01020813	0.016281128	3.0517578E-4
147217871	MAG	52.174377	45.202637	-41.11328
147217866	ACC	-0.35557556	3.9030914	8.877716
147217863	GYR	-0.018814087	0.018615723	0.00390625
147217876	ACC	-0.37445068	3.8913727	8.915451
147217873	GYR	-0.022705078	0.016494751	0.0036773682
147217890	MAG	52.37274	45.124817	-41.07361
147217886	ACC	-0.37538147	3.8911438	8.942093
147217883	GYR	-0.019317627	0.010696411	2.4414062E-4
147217896	ACC	-0.3560028	3.8904877	8.96167
147217893	GYR	-0.013046265	0.0034637451	2.4414062E-4
147217909	MAG	52.279663	45.274353	-40.986633
147217906	ACC	-0.34770203	3.8983765	8.972107
147217903	GYR	-0.006790161	-1.6784668E-4	1.6784668E-4
147217916	ACC	-0.350235	3.901123	8.952087
147217913	GYR	-7.324219E-4	0.005264282	-7.6293945E-4
147217929	MAG	52.267456	45.207214	-41.166687
147217926	ACC	-0.3819275	3.8866882	8.909531
147217923	GYR	0.0042877197	0.012313843	-0.003753662
147217936	ACC	-0.43023682	3.8553162	8.856873
147217933	GYR	0.008773804	0.017181396	-0.008224487
147217948	MAG	52.282715	45.15686	-40.977478
147217945	ACC	-0.47195435	3.8394012	8.836014
147217943	GYR	0.011260986	0.019927979	-0.00982666
147217955	ACC	-0.49282837	3.8310852	8.827591
147217953	GYR	0.013122559	0.01612854	-0.0072784424
147217967	MAG	52.378845	45.19806	-40.986633
147217965	ACC	-0.49354553	3.8259583	8.854736
147217963	GYR	0.013122559	0.007537842	-0.0012054443
147217975	ACC	-0.4833374	3.829773	8.911591
147217973	GYR	0.013305664	-0.0056915283	0.0030822754
147217986	MAG	52.357483	45.214844	-41.264343
147217985	ACC	-0.4433136	3.844986	8.935425
147217983	GYR	0.013931274	-0.01966858	0.004760742
147217995	ACC	-0.390213	3.8423615	8.943039
147217993	GYR	0.0129852295	-0.021820068	0.006149292
147218005	MAG	52.21405	45.17212	-41.253662
147218005	ACC	-0.3625946	3.8434753	8.952133
147218003	GYR	0.006576538	-0.012176514	0.004547119
147218015	ACC	-0.40127563	3.8302765	9.002213
147218013	GYR	-0.0045928955	0.006439209	0.0019226074
147218025	MAG	52.178955	44.96765	-41.098022
147218025	ACC	-0.48132324	3.8074036	8.991501
147218023	GYR	-0.01322937	0.031906128	0.0016784668
147218035	ACC	-0.5583954	3.790619	8.907684
147218033	GYR	-0.015014648	0.053726196	0.006454468
147218044	MAG	52.326965	45.159912	-41.027832
147218045	ACC	-0.58987427	3.7942047	8.791275
147218043	GYR	-0.01133728	0.062042236	0.01550293
147218055	ACC	-0.5654602	3.83049	8.653503
147218053	GYR	-0.0044403076	0.055633545	0.024887085
147218063	MAG	52.36206	45.288086	-41.17737
147218065	ACC	-0.49746704	3.8902283	8.585358
147218063	GYR	-0.0019378662	0.033813477	0.03164673
147218075	ACC	-0.41941833	3.9238586	8.618713
147218073	GYR	-0.0069732666	8.087158E-4	0.033843994
147218082	MAG	52.32086	45.126343	-41.11786
147218085	ACC	-0.3137207	3.9425964	8.767975
147218083	GYR	-0.017791748	-0.031173706	0.028717041
147218095	ACC	-0.26101685	3.9277039	8.992554
147218093	GYR	-0.030578613	-0.04814148	0.0184021
147218102	MAG	52.423096	45.20111	-41.03546
147218105	ACC	-0.24543762	3.8839111	9.20578
147218103	GYR	-0.038726807	-0.044784546	0.0063323975
147218115	ACC	-0.28962708	3.8102264	9.330948
147218113	GYR	-0.037338257	-0.021316528	-0.0028839111
147218121	MAG	52.32086	45.280457	-41.081238
147218125	ACC	-0.38272095	3.766632	9.323517
147218123	GYR	-0.028457642	0.011306763	-0.006958008
147218135	ACC	-0.45957947	3.727188	9.232422
147218133	GYR	-0.014221191	0.039398193	-0.0027770996
147218140	MAG	52.31018	45.36743	-41.226196
147218142	GYR	0.0023498535	0.05770874	0.008270264
147218145	ACC	-0.49783325	3.7131348	9.078445
147218152	GYR	0.01687622	0.061447144	0.022216797
147218159	MAG	52.322388	45.048523	-41.111755
147218155	ACC	-0.48434448	3.7332	8.941101
147218162	GYR	0.029678345	0.05455017	0.03514099
147218165	ACC	-0.44233704	3.7652283	8.807526
147218172	GYR	0.036621094	0.041732788	0.04310608
147218179	MAG	52.32086	45.280457	-41.081238
147218175	ACC	-0.36593628	3.8316803	8.726456
147218182	GYR	0.037017822	0.029006958	0.045288086
147218185	ACC	-0.3083191	3.8971558	8.665222
147218192	GYR	0.03262329	0.020217896	0.041671753
147218198	MAG	52.467346	45.20569	-41.085815
147218195	ACC	-0.24768066	3.9375305	8.590836
147218202	GYR	0.023162842	0.012084961	0.03340149
147218205	ACC	-0.23246765	3.9626923	8.551025
147218212	GYR	0.0051574707	0.0045166016	0.021209717
147218217	MAG	52.322388	45.394897	-41.04309
147218215	ACC	-0.2684021	3.9514923	8.564087
147218222	GYR	-0.01713562	5.0354004E-4	0.011627197
147218225	ACC	-0.28120422	3.9180298	8.623108
147218232	GYR	-0.037261963	-0.005050659	0.0076446533
147218236	MAG	52.4292	45.23468	-40.94696
147218235	ACC	-0.289917	3.8742218	8.747742
147218245	ACC	-0.2886963	3.8647003	8.925858
147218242	GYR	-0.048568726	-0.008178711	0.006362915
147218255	MAG	52.275085	45.355225	-41.038513
147218255	ACC	-0.31147766	3.8483887	9.045074
147218252	GYR	-0.04815674	-0.007369995	0.005050659
147218265	ACC	-0.34068298	3.8396912	9.088562
147218262	GYR	-0.035110474	-0.0010681152	0.0018615723
147218275	MAG	52.383423	45.269775	-40.89966
147218275	ACC	-0.38581848	3.828537	9.059998
147218272	GYR	-0.01373291	0.0058288574	-0.0016326904
147218285	ACC	-0.44500732	3.8329315	8.953934
147218282	GYR	0.0079956055	0.012512207	-0.0021209717
147218294	MAG	52.319336	45.39795	-41.090393
147218295	ACC	-0.50115967	3.8406067	8.811844
147218292	GYR	0.021728516	0.01651001	-0.0013275146
147218305	ACC	-0.53092957	3.8624573	8.687851
147218302	GYR	0.024642944	0.013519287	8.544922E-4
147218313	MAG	52.478027	45.236206	-40.948486
147218315	ACC	-0.5352936	3.872818	8.624802
147218312	GYR	0.0138549805	0.007888794	0.004837036
147218325	ACC	-0.5133362	3.8800201	8.678101
147218322	GYR	-0.0095825195	0.0019836426	0.009979248
147218332	MAG	52.560425	45.210266	-41.137695
147218335	ACC	-0.49092102	3.8753357	8.804398
147218332	GYR	-0.03491211	-0.0032958984	0.014602661
147218345	ACC	-0.47947693	3.8582153	8.914352
147218342	GYR	-0.051727295	-0.0020141602	0.016174316
147218352	MAG	52.139282	45.228577	-40.92865
147218355	ACC	-0.4640503	3.8501587	9.015717
147218352	GYR	-0.056411743	0.0040740967	0.017959595
147218365	ACC	-0.48632812	3.8574677	9.113861
147218362	GYR	-0.05178833	0.011108398	0.01777649
147218371	MAG	52.51465	45.477295	-41.0614
147218375	ACC	-0.53001404	3.851822	9.163879
147218372	GYR	-0.040298462	0.016525269	0.016937256
147218385	ACC	-0.5883789	3.832199	9.126862
147218382	GYR	-0.02330017	0.027435303	0.015686035
147218390	MAG	52.365112	45.32318	-41.133118
147218395	ACC	-0.6761627	3.7998962	9.015198
147218392	GYR	-0.00579834	0.03807068	0.016830444
147218405	ACC	-0.7366028	3.7868958	8.908905
147218402	GYR	0.00579834	0.044052124	0.023910522
147218409	MAG	52.137756	45.34607	-40.93628
147218415	ACC	-0.76467896	3.7851868	8.841232
147218412	GYR	0.00869751	0.045639038	0.03665161
147218425	ACC	-0.74620056	3.8003693	8.781296
147218422	GYR	0.004989624	0.046676636	0.05378723
147218428	MAG	52.46277	45.480347	-41.104126
147218434	ACC	-0.7118683	3.8461456	8.707199
147218432	GYR	-9.0026855E-4	0.05014038	0.06892395
147218444	ACC	-0.722702	3.8888092	8.702133
147218442	GYR	-0.0093688965	0.05168152	0.07733154
147218448	MAG	52.56653	45.59021	-40.979004
147218454	ACC	-0.67518616	3.8930664	8.725204
147218452	GYR	-0.017105103	0.04899597	0.0816803
147218464	ACC	-0.6310425	3.8901672	8.717575
147218462	GYR	-0.021972656	0.04397583	0.086135864
147218467	MAG	52.516174	45.513916	-41.01715
147218474	ACC	-0.62286377	3.8877106	8.70079
147218472	GYR	-0.024993896	0.04043579	0.08857727
147218484	ACC	-0.6566162	3.9108124	8.711319
147218482	GYR	-0.030929565	0.033355713	0.08769226
147218486	MAG	52.401733	45.451355	-41.28418
147218494	ACC	-0.6629944	3.907135	8.811447
147218492	GYR	-0.04144287	0.026916504	0.08621216
147218504	ACC	-0.69706726	3.845581	8.926666
147218502	GYR	-0.054611206	0.029953003	0.08784485
147218506	MAG	52.268982	45.707703	-41.062927
147218514	ACC	-0.6828766	3.783966	9.069794
147218512	GYR	-0.06668091	0.041137695	0.09741211
147218525	MAG	52.549744	45.565796	-41.207886
147218524	ACC	-0.7013092	3.7655182	9.14769
147218522	GYR	-0.069503784	0.059570312	0.11123657
147218532	GYR	-0.061569214	0.08387756	0.1251831
147218544	MAG	52.53296	45.773315	-41.40625
147218534	ACC	-0.7131195	3.784195	9.135147
147218542	GYR	-0.04710388	0.09727478	0.13517761
147218544	ACC	-0.68992615	3.766098	9.046768
147218552	GYR	-0.031433105	0.09883118	0.14297485
147218563	MAG	52.53296	46.080017	-41.33606
147218554	ACC	-0.6512451	3.7855682	8.860596
147218562	GYR	-0.025894165	0.09315491	0.14897156
147218564	ACC	-0.7104492	3.8359528	8.802155
147218572	GYR	-0.03526306	0.06752014	0.15460205
147218582	MAG	52.775574	45.854187	-41.38031
147218574	ACC	-0.64445496	3.865509	8.965073
147218582	GYR	-0.039642334	0.057373047	0.16453552
147218584	ACC	-0.52737427	3.824112	9.096436
147218592	GYR	-0.03340149	0.07476807	0.17132568
147218602	MAG	52.58484	45.88623	-41.32538
147218594	ACC	-0.4588318	3.8068848	9.09729
147218602	GYR	-0.023071289	0.09146118	0.16795349
147218604	ACC	-0.5262909	3.8265076	9.067856
147218612	GYR	-0.011230469	0.09901428	0.16705322
147218621	MAG	52.53296	45.965576	-41.374207
147218614	ACC	-0.5228119	3.8414001	9.00029
147218621	GYR	-0.004119873	0.09811401	0.17242432
147218624	ACC	-0.48017883	3.8419037	8.958176
147218640	MAG	52.35443	46.372986	-41.06903
147218634	ACC	-0.4615631	3.8556213	8.97023
147218631	GYR	-0.004623413	0.09135437	0.17866516
147218644	ACC	-0.42642212	3.8715973	9.019119
147218641	GYR	-0.0069274902	0.0864563	0.18348694
147218659	MAG	52.464294	46.29059	-41.578674
147218654	ACC	-0.38661194	3.872116	9.037476
147218651	GYR	-0.0024261475	0.08528137	0.1825409
147218664	ACC	-0.38124084	3.8785248	9.028107
147218661	GYR	0.0039520264	0.08506775	0.17572021
147218678	MAG	52.52533	46.165466	-41.433716
147218674	ACC	-0.40600586	3.8718262	9.00032
147218671	GYR	0.011077881	0.08248901	0.17042542
147218684	ACC	-0.4172058	3.8581696	9.007248
147218681	GYR	0.014007568	0.07992554	0.16874695
147218698	MAG	52.661133	46.098328	-41.57715
147218694	ACC	-0.39390564	3.842636	9.025681
147218691	GYR	0.011703491	0.08215332	0.17259216
147218704	ACC	-0.3587799	3.8457794	8.989166
147218701	GYR	0.011230469	0.091156006	0.17630005
147218717	MAG	52.703857	46.220398	-41.633606
147218714	ACC	-0.3343506	3.8768616	8.933762
147218711	GYR	0.01423645	0.105407715	0.17550659
147218724	ACC	-0.31852722	3.9053955	8.8945465
147218721	GYR	0.015579224	0.11114502	0.16850281
147218736	MAG	52.796936	46.339417	-41.64734
147218734	ACC	-0.31555176	3.8973846	8.868134
147218731	GYR	0.0135650635	0.104003906	0.15959167
147218744	ACC	-0.3247528	3.8703918	8.879578
147218741	GYR	0.012939453	0.0896759	0.15190125
147218755	MAG	52.789307	46.383667	-41.74347
147218754	ACC	-0.3521881	3.8420258	8.910385
147218751	GYR	0.012893677	0.08041382	0.14375305
147218764	ACC	-0.3872528	3.818344	8.910385
147218761	GYR	0.014144897	0.08123779	0.1354065
147218775	MAG	52.72827	46.047974	-41.993713
147218774	ACC	-0.43093872	3.783554	8.847382
147218771	GYR	0.013824463	0.0897522	0.12774658
147218784	ACC	-0.4754486	3.7393951	8.779556
147218781	GYR	0.008773804	0.1015625	0.12449646
147218794	MAG	52.55127	46.26465	-42.36908
147218794	ACC	-0.5457611	3.703415	8.772202
147218791	GYR	-0.0014038086	0.10609436	0.12664795
147218804	ACC	-0.5977173	3.6817017	8.828354
147218801	GYR	-0.012649536	0.100631714	0.13265991
147218813	MAG	52.482605	46.392822	-41.957092
147218814	ACC	-0.5783386	3.6662903	8.882629
147218811	GYR	-0.01828003	0.09629822	0.14079285
147218824	ACC	-0.591095	3.6533966	8.90564
147218821	GYR	-0.017150879	0.09384155	0.14894104
147218832	MAG	53.16162	46.250916	-41.98761
147218834	ACC	-0.591095	3.6523743	8.886612
147218831	GYR	-0.011520386	0.0881958	0.15361023
147218844	ACC	-0.62387085	3.6451416	8.87265
147218841	GYR	-0.0072784424	0.082351685	0.15519714
147218851	MAG	52.947998	46.417236	-42.218018
147218854	ACC	-0.6380768	3.6293488	8.878799
147218851	GYR	-0.008865356	0.0821228	0.16227722
147218864	ACC	-0.6331177	3.606018	8.876282
147218861	GYR	-0.013977051	0.09031677	0.17425537
147218871	MAG	52.590942	46.347046	-41.82129
147218874	ACC	-0.6596832	3.6280975	8.839523
147218871	GYR	-0.018844604	0.10223389	0.18605042
147218884	ACC	-0.7003174	3.644455	8.834915
147218881	GYR	-0.021255493	0.11216736	0.19615173
147218890	MAG	52.82135	46.36078	-41.975403
147218894	ACC	-0.71958923	3.6569214	8.799042
147218891	GYR	-0.020874023	0.12011719	0.20759583
147218904	ACC	-0.7022095	3.694519	8.722946
147218901	GYR	-0.017074585	0.12466431	0.21714783
147218909	MAG	53.01819	46.362305	-41.940308
147218913	ACC	-0.70147705	3.781021	8.585403
147218911	GYR	-0.012954712	0.12426758	0.22441101
147218921	GYR	-0.0178833	0.11689758	0.22673035
147218928	MAG	52.764893	46.59729	-42.034912
147218923	ACC	-0.66319275	3.8497314	8.471588
147218931	GYR	-0.033584595	0.10041809	0.22357178
147218933	ACC	-0.6634979	3.8886108	8.498062
147218941	GYR	-0.05809021	0.0806427	0.21723938
147218948	MAG	52.908325	46.640015	-42.045593
147218943	ACC	-0.6717987	3.8571167	8.582367
147218951	GYR	-0.0843811	0.06765747	0.21488953
147218953	ACC	-0.6943054	3.79776	8.823395
147218961	GYR	-0.098236084	0.061584473	0.21829224
147218967	MAG	53.00293	46.759033	-42.060852
147218963	ACC	-0.71990967	3.759079	9.061966
147218971	GYR	-0.09883118	0.0683136	0.22535706
147218973	ACC	-0.7393646	3.7264252	9.218353
147218981	GYR	-0.08653259	0.08152771	0.23399353
147218986	MAG	53.015137	46.82617	-41.8808
147218983	ACC	-0.78126526	3.705902	9.29718
147218991	GYR	-0.067092896	0.10266113	0.24446106
147218993	ACC	-0.78663635	3.6964264	9.299942
147219001	GYR	-0.045303345	0.12632751	0.25802612
147219005	MAG	52.975464	46.975708	-42.39807
147219003	ACC	-0.79504395	3.7067566	9.23056
147219011	GYR	-0.028167725	0.1477356	0.27000427
147219013	ACC	-0.8038025	3.7512665	9.117966
147219024	MAG	53.082275	47.122192	-42.2287
147219023	ACC	-0.7974701	3.8048706	9.006485
147219021	GYR	-0.016204834	0.161026	0.2800598
147219033	ACC	-0.7923584	3.8361206	8.930145
147219031	GYR	-0.012039185	0.16470337	0.28805542
147219044	MAG	52.84424	47.000122	-42.20581
147219043	ACC	-0.81611633	3.8570557	8.852753
147219041	GYR	-0.015304565	0.1648407	0.29052734
147219053	ACC	-0.8373718	3.850357	8.84491
147219051	GYR	-0.021316528	0.15626526	0.29264832
147219063	MAG	53.33557	47.19391	-42.063904
147219063	ACC	-0.8516388	3.820465	8.85025
147219061	GYR	-0.031967163	0.14338684	0.29785156
147219073	ACC	-0.8489227	3.7945557	8.828705
147219071	GYR	-0.042541504	0.13847351	0.3054657
147219082	MAG	53.123474	47.169495	-42.32788
147219083	ACC	-0.8453522	3.809967	8.917511
147219081	GYR	-0.05342102	0.13217163	0.31732178
147219093	ACC	-0.81777954	3.813202	9.147919
147219091	GYR	-0.0675354	0.11691284	0.32513428
147219101	MAG	53.077698	47.550964	-42.21344
147219103	ACC	-0.7507477	3.7789612	9.359543
147219100	GYR	-0.07048035	0.113082886	0.33203125
147219113	ACC	-0.73376465	3.757019	9.472519
147219110	GYR	-0.055267334	0.12612915	0.33914185
147219121	MAG	53.157043	47.56775	-42.44995
147219123	ACC	-0.77963257	3.7550964	9.472458
147219120	GYR	-0.030075073	0.14758301	0.3393097
147219133	ACC	-0.8286896	3.764038	9.41217
147219130	GYR	-0.0043945312	0.16934204	0.34284973
147219140	MAG	52.98767	47.34955	-42.147827
147219143	ACC	-0.8426666	3.7560577	9.320419
147219140	GYR	0.014602661	0.18972778	0.34931946
147219153	ACC	-0.85995483	3.778366	9.197922
147219150	GYR	0.026763916	0.20666504	0.35661316
147219159	MAG	53.167725	47.366333	-42.344666
147219163	ACC	-0.875885	3.8159637	9.122879
147219160	GYR	0.030395508	0.21798706	0.36497498
147219173	ACC	-0.86920166	3.8306885	9.110825
147219170	GYR	0.026779175	0.22219849	0.37374878
147219178	MAG	53.271484	47.67151	-42.834473
147219183	ACC	-0.83828735	3.8258667	9.12059
147219180	GYR	0.01876831	0.22558594	0.38226318
147219193	ACC	-0.8225403	3.827835	9.175034
147219190	GYR	0.011581421	0.23310852	0.39041138
147219198	MAG	53.434753	47.621155	-42.61017
147219203	ACC	-0.82463074	3.835205	9.241684
147219200	GYR	0.010818481	0.2420044	0.39857483
147219213	ACC	-0.8096466	3.8317108	9.280151
147219210	GYR	0.018493652	0.250412	0.4046173
147219217	MAG	53.5141	47.792053	-42.811584
147219223	ACC	-0.8043823	3.807541	9.289032
147219220	GYR	0.032577515	0.2579193	0.40931702
147219233	ACC	-0.78125	3.783905	9.283783
147219230	GYR	0.050811768	0.26519775	0.41593933
147219236	MAG	53.570557	47.901917	-42.68341
147219243	ACC	-0.7517395	3.7856903	9.2464905
147219240	GYR	0.07128906	0.27363586	0.42381287
147219253	ACC	-0.6873474	3.797165	9.183823
147219250	GYR	0.09260559	0.2810669	0.43269348
147219255	MAG	53.668213	47.825623	-42.684937
147219263	ACC	-0.6352539	3.826355	9.020294
147219260	GYR	0.11201477	0.28909302	0.43717957
147219273	ACC	-0.6318817	3.8364868	8.84993
147219270	GYR	0.121536255	0.2955017	0.43528748
147219275	MAG	53.944397	48.036194	-42.85431
147219283	ACC	-0.60079956	3.8460846	8.716461
147219280	GYR	0.11653137	0.29356384	0.43234253
147219293	ACC	-0.5617523	3.832901	8.703491
147219290	GYR	0.100982666	0.2875061	0.42982483
147219294	MAG	53.98712	47.964478	-42.944336
147219303	ACC	-0.54377747	3.7992706	8.741119
147219300	GYR	0.07972717	0.28123474	0.42512512
147219310	GYR	0.061279297	0.27679443	0.4167633
147219313	MAG	54.18396	47.92633	-42.907715
147219313	ACC	-0.59713745	3.7714233	8.872574
147219320	GYR	0.052856445	0.27633667	0.41253662
147219332	MAG	54.190063	47.76764	-42.84973
147219323	ACC	-0.66993713	3.6815643	9.011673
147219330	GYR	0.061325073	0.27793884	0.41490173
147219333	ACC	-0.6587219	3.6171417	9.062698
147219340	GYR	0.08338928	0.27981567	0.41867065
147219351	MAG	54.434204	47.808838	-42.82074
147219343	ACC	-0.6648865	3.5822449	9.016251
147219350	GYR	0.10838318	0.27859497	0.42086792
147219353	ACC	-0.68540955	3.57164	8.813736
147219360	GYR	0.1222229	0.27244568	0.4232788
147219371	MAG	54.574585	47.85309	-42.878723
147219363	ACC	-0.7096863	3.5937195	8.615707
147219370	GYR	0.11929321	0.2539978	0.4241333
147219373	ACC	-0.7122803	3.6126099	8.498383
147219380	GYR	0.10244751	0.23965454	0.4247589
147219390	MAG	54.864502	47.85919	-42.897034
147219383	ACC	-0.6844177	3.617752	8.467331
147219390	GYR	0.077941895	0.22993469	0.42886353
147219392	ACC	-0.63604736	3.6369781	8.488098
147219400	GYR	0.052230835	0.22348022	0.4320526
147219409	MAG	54.711914	47.747803	-43.019104
147219402	ACC	-0.6112976	3.6634521	8.568085
147219410	GYR	0.032669067	0.22273254	0.43029785
147219412	ACC	-0.58903503	3.6898956	8.636475
147219428	MAG	54.89044	47.802734	-43.218994
147219422	ACC	-0.5508423	3.7120209	8.684479
147219420	GYR	0.021514893	0.22195435	0.42396545
147219432	ACC	-0.5258179	3.7110748	8.755676
147219430	GYR	0.01600647	0.21611023	0.41438293
147219447	MAG	54.904175	47.75238	-43.029785
147219442	ACC	-0.5266266	3.7118988	8.85051
147219440	GYR	0.013305664	0.20651245	0.40161133
147219452	ACC	-0.5115814	3.712082	8.863159
147219450	GYR	0.016052246	0.20335388	0.39328003
147219467	MAG	54.93927	47.764587	-43.218994
147219462	ACC	-0.51856995	3.7226715	8.800781
147219460	GYR	0.020980835	0.21128845	0.38339233
147219472	ACC	-0.53863525	3.7523346	8.726959
147219470	GYR	0.023117065	0.2172699	0.37509155
147219486	MAG	54.90265	48.062134	-43.00537
147219482	ACC	-0.547287	3.785843	8.65889
147219480	GYR	0.011062622	0.2215271	0.3701172
147219492	ACC	-0.53245544	3.8234558	8.648712
147219490	GYR	-0.008590698	0.22515869	0.36810303
147219505	MAG	55.223083	48.199463	-43.22052
147219502	ACC	-0.4970398	3.8740997	8.699509
147219500	GYR	-0.030380249	0.22886658	0.3656006
147219512	ACC	-0.47782898	3.9121094	8.72554
147219510	GYR	-0.045440674	0.23483276	0.36183167
147219524	MAG	54.933167	48.039246	-43.237305
147219522	ACC	-0.47633362	3.9556274	8.712662
147219520	GYR	-0.052749634	0.23930359	0.35380554
147219532	ACC	-0.46594238	3.997528	8.698135
147219530	GYR	-0.053512573	0.23423767	0.34310913
147219544	MAG	55.374146	48.08197	-43.174744
147219542	ACC	-0.4254303	4.03331	8.67894
147219540	GYR	-0.05142212	0.21928406	0.3295288
147219552	ACC	-0.37402344	4.080551	8.670731
147219550	GYR	-0.050445557	0.19946289	0.31637573
147219563	MAG	55.314636	48.28186	-43.276978
147219562	ACC	-0.33512878	4.134613	8.739914
147219560	GYR	-0.05491638	0.1807251	0.3032074
147219572	ACC	-0.2845459	4.174057	8.873093
147219570	GYR	-0.063201904	0.16842651	0.29003906
147219582	MAG	55.14679	48.606873	-43.52112
147219582	ACC	-0.24751282	4.2076263	8.982529
147219579	GYR	-0.06964111	0.16856384	0.2779541
147219592	ACC	-0.199646	4.269806	9.039185
147219589	GYR	-0.0712738	0.17510986	0.26815796
147219601	MAG	55.259705	48.480225	-43.33496
147219602	ACC	-0.15583801	4.3145905	9.055679
147219599	GYR	-0.066986084	0.176651	0.26057434
147219612	ACC	-0.060516357	4.4068604	9.077988
147219609	GYR	-0.059143066	0.16912842	0.25585938
147219620	MAG	55.596924	48.526	-43.35785
147219622	ACC	0.102508545	4.526947	9.039444
147219619	GYR	-0.05039978	0.16143799	0.25273132
147219632	ACC	0.25724792	4.7171783	9.022781
147219629	GYR	-0.041931152	0.15608215	0.24754333
147219640	MAG	55.543518	48.913574	-43.336487
147219642	ACC	0.4478302	4.884308	9.029755
147219639	GYR	-0.032791138	0.14396667	0.23921204
147219652	ACC	0.68865967	5.066925	8.999527
147219649	GYR	-0.020401001	0.1274414	0.22569275
147219659	MAG	55.499268	48.716736	-43.319702
147219662	ACC	0.9667511	5.2338257	8.912872
147219659	GYR	-0.0056152344	0.11584473	0.20353699
147219672	ACC	1.177536	5.4627686	8.804062
147219669	GYR	0.003326416	0.11437988	0.17015076
147219678	MAG	55.822754	48.77472	-43.52722
147219682	ACC	1.2003784	5.5335236	8.714279
147219679	GYR	-0.0011444092	0.12530518	0.12246704
147219692	ACC	1.1491394	5.5736084	8.832581
147219689	GYR	-0.014892578	0.12113953	0.068115234
147219697	MAG	55.714417	48.820496	-43.663025
147219699	GYR	-0.02015686	0.103637695	0.014373779
147219702	ACC	1.1092224	5.588272	8.878082
147219709	GYR	-0.016738892	0.0874939	-0.04118347
147219717	MAG	55.532837	48.768616	-43.510437
147219712	ACC	1.000061	5.5193634	8.893784
147219719	GYR	-0.005432129	0.06613159	-0.10153198
147219722	ACC	0.7747345	5.4402313	8.935959
147219729	GYR	0.009719849	0.053451538	-0.15794373
147219736	MAG	55.92041	48.892212	-43.49518
147219732	ACC	0.56503296	5.3129272	8.890915
147219739	GYR	0.01713562	0.06970215	-0.2073822
147219742	ACC	0.32843018	5.151123	8.708252
147219749	GYR	-3.0517578E-5	0.112838745	-0.24977112
147219755	MAG	55.96466	48.780823	-43.582153
147219752	ACC	-0.018585205	4.905716	8.61142
147219759	GYR	-0.035507202	0.1428833	-0.27198792
147219762	ACC	-0.3453369	4.656189	8.610596
147219769	GYR	-0.069244385	0.16319275	-0.27062988
147219774	MAG	56.103516	48.71216	-43.678284
147219772	ACC	-0.59091187	4.4816284	8.658966
147219779	GYR	-0.08970642	0.17567444	-0.2558899
147219782	ACC	-0.7622986	4.3320923	8.772919
147219789	GYR	-0.09370422	0.17036438	-0.24795532
147219794	MAG	56.544495	48.869324	-43.577576
147219792	ACC	-0.9488983	4.188858	8.902756
147219799	GYR	-0.07795715	0.1519165	-0.24227905
147219802	ACC	-1.1241608	4.029297	9.033798
147219813	MAG	56.236267	48.9563	-43.795776
147219812	ACC	-1.2850494	3.8620453	9.140427
147219809	GYR	-0.04319763	0.12168884	-0.23776245
147219822	ACC	-1.4297485	3.7182922	9.186111
147219819	GYR	0.009384155	0.08206177	-0.22756958
147219832	MAG	56.869507	48.849487	-43.780518
147219832	ACC	-1.5444794	3.6027374	9.104233
147219829	GYR	0.07475281	0.037750244	-0.21351624
147219842	ACC	-1.6090851	3.5405884	8.955109
147219839	GYR	0.13969421	-0.020111084	-0.19685364
147219851	MAG	56.79016	48.524475	-43.614197
147219852	ACC	-1.6058502	3.5218964	8.804184
147219849	GYR	0.1947174	-0.093048096	-0.18299866
147219862	ACC	-1.5597076	3.4917603	8.71167
147219859	GYR	0.22817993	-0.17285156	-0.17407227
147219870	MAG	56.70929	48.39325	-43.414307
147219871	ACC	-1.5296783	3.467041	8.709076
147219869	GYR	0.24282837	-0.2521515	-0.17254639
147219881	ACC	-1.5202637	3.4440308	8.860733
147219879	GYR	0.24372864	-0.3174591	-0.1771698
147219890	MAG	56.422424	48.22998	-43.38684
147219891	ACC	-1.5458374	3.3235474	9.092239
147219889	GYR	0.23196411	-0.3551178	-0.18586731
147219901	ACC	-1.5012207	3.215561	9.246704
147219899	GYR	0.21537781	-0.33615112	-0.18400574
147219909	MAG	56.32782	47.842407	-43.44635
147219911	ACC	-1.5189667	3.1419067	9.333496
147219909	GYR	0.19580078	-0.27087402	-0.17581177
147219921	ACC	-1.6540833	3.0178833	9.34259
147219919	GYR	0.17762756	-0.18728638	-0.17802429
147219928	MAG	56.15692	47.743225	-43.15033
147219931	ACC	-1.7521973	2.899887	9.235825
147219929	GYR	0.1666565	-0.10206604	-0.168396
147219941	ACC	-1.8191833	2.840561	9.143082
147219939	GYR	0.16468811	-0.03591919	-0.14419556
147219947	MAG	55.873108	47.616577	-43.078613
147219951	ACC	-1.7916565	2.868454	9.043823
147219949	GYR	0.1696167	0.0061950684	-0.1121521
147219961	ACC	-1.7020874	2.936142	8.862762
147219959	GYR	0.18069458	0.032226562	-0.08074951
147219967	MAG	55.67169	47.54181	-43.200684
147219971	ACC	-1.5989838	3.0555573	8.631058
147219969	GYR	0.19796753	0.048110962	-0.058547974
147219981	ACC	-1.4967346	3.1635132	8.442062
147219979	GYR	0.21070862	0.053390503	-0.050109863
147219986	MAG	56.002808	47.36328	-43.345642
147219991	ACC	-1.4086304	3.2155762	8.284103
147219989	GYR	0.2129364	0.06150818	-0.051620483
147220001	ACC	-1.3363647	3.259781	8.014709
147219999	GYR	0.20327759	0.079330444	-0.056289673
147220005	MAG	56.329346	47.183228	-42.889404
147220011	ACC	-1.3403625	3.2949066	7.7769623
147220009	GYR	0.17948914	0.10029602	-0.065460205
147220021	ACC	-1.3688354	3.3050842	7.606003
147220019	GYR	0.1382904	0.11653137	-0.07435608
147220024	MAG	56.407166	47.08557	-43.16559
147220031	ACC	-1.3942108	3.277481	7.5055084
147220029	GYR	0.08418274	0.12512207	-0.081588745
147220041	ACC	-1.4104004	3.2409363	7.5093536
147220039	GYR	0.02758789	0.12742615	-0.08799744
147220043	MAG	56.443787	47.172546	-43.312073
147220051	ACC	-1.4661713	3.1782074	7.513855
147220049	GYR	-0.023925781	0.12664795	-0.09480286
147220061	ACC	-1.594101	3.127533	7.5940247
147220059	GYR	-0.0695343	0.1237793	-0.09788513
147220063	MAG	56.752014	46.932983	-43.128967
147220071	ACC	-1.7039185	3.105835	7.677765
147220068	GYR	-0.11294556	0.11541748	-0.093048096
147220081	ACC	-1.7065277	3.072174	7.7588196
147220078	GYR	-0.15180969	0.110839844	-0.07727051
147220082	MAG	57.173157	47.106934	-43.30597
147220088	GYR	-0.18432617	0.11753845	-0.053771973
147220091	ACC	-1.6636963	3.0860443	7.726822
147220098	GYR	-0.22203064	0.12617493	-0.035247803
147220102	MAG	56.96869	47.305298	-43.399048
147220101	ACC	-1.710968	3.1264038	7.6904755
147220108	GYR	-0.26887512	0.12997437	-0.021865845
147220120	MAG	57.02362	47.30072	-43.310547
147220111	ACC	-1.7800598	3.122055	7.6713715
147220118	GYR	-0.3157196	0.120025635	-0.0068511963
147220121	ACC	-1.8496552	3.0817566	7.7046204
147220128	GYR	-0.35795593	0.09301758	0.015991211
147220140	MAG	56.800842	47.63031	-43.64319
147220131	ACC	-1.8427124	3.0166473	7.7519073
147220138	GYR	-0.39886475	0.0708313	0.044189453
147220141	ACC	-1.8209991	3.0782928	7.7783966
147220148	GYR	-0.44285583	0.06324768	0.073013306
147220159	MAG	57.434082	47.984314	-43.52112
147220151	ACC	-1.811676	3.0827332	7.783127
147220158	GYR	-0.4889984	0.03517151	0.097335815
147220161	ACC	-1.7668304	3.1169128	7.884674
147220168	GYR	-0.5353241	-0.0035705566	0.12112427
147220178	MAG	57.147217	48.59619	-44.010925
147220171	ACC	-1.7421112	3.10083	8.07869
147220178	GYR	-0.5733795	-0.037704468	0.14077759
147220181	ACC	-1.7332458	3.05159	8.28302
147220188	GYR	-0.5957794	-0.064834595	0.17111206
147220197	MAG	56.991577	49.14093	-44.039917
147220191	ACC	-1.622818	3.0944366	8.409119
147220201	ACC	-1.5264587	3.122467	8.581696
147220198	GYR	-0.6138611	-0.076034546	0.19534302
147220216	MAG	56.983948	50.071716	-43.966675
147220211	ACC	-1.4779816	3.1419983	8.724213
147220208	GYR	-0.62358093	-0.07847595	0.20515442
147220221	ACC	-1.4951782	3.1199493	8.848419
147220218	GYR	-0.6275177	-0.08004761	0.21105957
147220236	MAG	56.62384	50.31433	-44.192505
147220231	ACC	-1.4882965	3.078186	9.018524
147220228	GYR	-0.63383484	-0.08532715	0.22087097
147220241	ACC	-1.440155	3.03833	9.269623
147220238	GYR	-0.64042664	-0.086013794	0.23538208
147220255	MAG	56.410217	51.020813	-44.32373
147220251	ACC	-1.3704834	3.0318756	9.494247
147220248	GYR	-0.6426697	-0.07551575	0.25634766
147220261	ACC	-1.2676697	3.0101013	9.546005
147220258	GYR	-0.63082886	-0.049545288	0.2837677
147220274	MAG	56.54602	51.457214	-45.010376
147220271	ACC	-1.1403656	3.005371	9.5012665
147220268	GYR	-0.61535645	-0.022155762	0.31089783
147220281	ACC	-1.0407867	3.0080566	9.499405
147220278	GYR	-0.6125641	-0.009002686	0.32707214
147220293	MAG	56.41327	51.905823	-44.755554
147220291	ACC	-0.99546814	3.0203552	9.65419
147220288	GYR	-0.62672424	-0.010757446	0.33970642
147220301	ACC	-0.90101624	3.0202026	9.914383
147220298	GYR	-0.6465149	-0.024414062	0.3576355
147220313	MAG	56.427002	52.43683	-45.118713
147220311	ACC	-0.77368164	3.0132904	10.246246
147220308	GYR	-0.6565094	-0.038742065	0.37687683
147220321	ACC	-0.68341064	3.0263214	10.596008
147220318	GYR	-0.64219666	-0.050064087	0.39053345
147220332	MAG	56.303406	53.344727	-45.314026
147220331	ACC	-0.6083832	3.0375824	10.82666
147220328	GYR	-0.59324646	-0.05368042	0.40014648
147220341	ACC	-0.54649353	3.0449524	10.837219
147220338	GYR	-0.51342773	-0.044891357	0.40786743
147220351	MAG	56.28357	53.590393	-45.51544
147220350	ACC	-0.47888184	3.0938416	10.641251
147220348	GYR	-0.41914368	-0.032974243	0.410141
147220360	ACC	-0.39515686	3.1867523	10.323288
147220358	GYR	-0.32894897	-0.022949219	0.40701294
147220370	MAG	55.944824	53.85437	-45.46814
147220370	ACC	-0.34301758	3.263977	9.973663
147220368	GYR	-0.25816345	-0.011795044	0.3981018
147220380	ACC	-0.2848053	3.3623505	9.680038
147220378	GYR	-0.21440125	-0.005722046	0.38627625
147220389	MAG	56.0318	54.133606	-45.53833
147220390	ACC	-0.24993896	3.4358063	9.57016
147220388	GYR	-0.19514465	-0.011291504	0.37158203
147220400	ACC	-0.21017456	3.5161896	9.540405
147220398	GYR	-0.1899414	-0.016784668	0.3540039
147220409	MAG	55.822754	54.452515	-45.687866
147220410	ACC	-0.14224243	3.5707092	9.4552
147220408	GYR	-0.18771362	-0.0034179688	0.33587646
147220420	ACC	-0.13774109	3.6051483	9.287506
147220418	GYR	-0.19055176	0.031204224	0.31332397
147220428	MAG	55.792236	54.55017	-45.414734
147220430	ACC	-0.19778442	3.6474915	9.1311035
147220428	GYR	-0.20561218	0.065093994	0.28442383
147220440	ACC	-0.24708557	3.6507416	9.026382
147220438	GYR	-0.23246765	0.08229065	0.2579956
147220447	MAG	56.04706	54.818726	-45.86487
147220450	ACC	-0.23835754	3.6438599	9.076523
147220448	GYR	-0.2667694	0.08065796	0.23902893
147220460	ACC	-0.17364502	3.631958	9.231384
147220458	GYR	-0.2976532	0.06291199	0.22441101
147220466	MAG	55.65796	55.273438	-45.78247
147220470	ACC	-0.08369446	3.6524048	9.515442
147220468	GYR	-0.3115692	0.03642273	0.20887756
147220478	GYR	-0.30020142	-0.0016937256	0.1889801
147220486	MAG	55.741882	55.40161	-45.93506
147220480	ACC	-0.009521484	3.715454	9.852722
147220488	GYR	-0.25907898	-0.046432495	0.15979004
147220490	ACC	0.13822937	3.8236542	10.125839
147220498	GYR	-0.19244385	-0.09069824	0.11631775
147220505	MAG	55.793762	55.74646	-45.82367
147220500	ACC	0.21865845	3.8550415	10.248322
147220508	GYR	-0.11299133	-0.12312317	0.0569458
147220510	ACC	0.27890015	3.876175	10.2213745
147220518	GYR	-0.041122437	-0.13467407	-0.0063476562
147220524	MAG	55.404663	55.70221	-45.843506
147220520	ACC	0.19615173	3.8725433	10.042725
147220528	GYR	2.89917E-4	-0.12532043	-0.061019897
147220530	ACC	0.032669067	3.7652893	9.830826
147220538	GYR	0.0040893555	-0.093826294	-0.09362793
147220543	MAG	55.552673	55.70221	-45.80536
147220540	ACC	-0.025939941	3.7486115	9.639114
147220547	GYR	-0.016098022	-0.06272888	-0.119155884
147220550	ACC	-0.16679382	3.7357788	9.53772
147220557	GYR	-0.046661377	-0.02861023	-0.14019775
147220563	MAG	55.4657	55.61676	-45.7016
147220560	ACC	-0.24580383	3.6597137	9.494965
147220567	GYR	-0.07571411	-0.009994507	-0.15208435
147220570	ACC	-0.33345032	3.5808563	9.529861
147220577	GYR	-0.09664917	-0.011230469	-0.16152954
147220582	MAG	55.41992	55.612183	-45.65277
147220580	ACC	-0.40272522	3.532425	9.653854
147220590	ACC	-0.44030762	3.4836578	9.895645
147220587	GYR	-0.10147095	-0.02998352	-0.1721344
147220601	MAG	55.403137	55.934143	-45.81299
147220600	ACC	-0.4461975	3.391922	10.068832
147220597	GYR	-0.084472656	-0.05609131	-0.18109131
147220610	ACC	-0.45898438	3.3052216	10.197113
147220607	GYR	-0.049545288	-0.07841492	-0.19496155
147220620	MAG	55.519104	55.690002	-45.617676
147220620	ACC	-0.49935913	3.211441	10.309006
147220617	GYR	-0.0071868896	-0.10536194	-0.20954895
147220630	ACC	-0.54452515	3.0956268	10.350128
147220627	GYR	0.038909912	-0.11828613	-0.21865845
147220639	MAG	55.37262	55.76477	-45.614624
147220640	ACC	-0.59654236	2.9813232	10.337372
147220637	GYR	0.08140564	-0.11883545	-0.21963501
147220650	ACC	-0.677124	2.8831482	10.317001
147220647	GYR	0.11886597	-0.1146698	-0.21401978
147220659	MAG	55.490112	55.595398	-45.378113
147220660	ACC	-0.7164154	2.793747	10.287949
147220657	GYR	0.15222168	-0.10803223	-0.20080566
147220670	ACC	-0.69937134	2.722763	10.219254
147220667	GYR	0.18473816	-0.09869385	-0.18067932
147220678	MAG	55.22766	55.455017	-45.677185
147220680	ACC	-0.6600952	2.6993866	10.122223
147220677	GYR	0.22125244	-0.087005615	-0.15621948
147220690	ACC	-0.5959778	2.694107	9.993134
147220687	GYR	0.25674438	-0.08248901	-0.1346283
147220697	MAG	54.91028	55.236816	-45.410156
147220700	ACC	-0.51379395	2.7155914	9.829147
147220697	GYR	0.29051208	-0.082092285	-0.11820984
147220710	ACC	-0.44314575	2.7533722	9.6362915
147220707	GYR	0.31471252	-0.086761475	-0.10913086
147220716	MAG	54.98047	55.02777	-45.169067
147220720	ACC	-0.3803711	2.7930908	9.464554
147220717	GYR	0.32885742	-0.08717346	-0.104141235
147220730	ACC	-0.3299713	2.8213654	9.318634
147220727	GYR	0.33488464	-0.08248901	-0.10220337
147220736	MAG	55.130005	54.603577	-45.19348
147220740	ACC	-0.33062744	2.841751	9.184952
147220737	GYR	0.33491516	-0.06863403	-0.105667114
147220750	ACC	-0.33447266	2.885376	9.054077
147220747	GYR	0.33461	-0.05583191	-0.11177063
147220755	MAG	54.87976	54.489136	-45.30945
147220760	ACC	-0.3261261	2.9324646	8.899307
147220757	GYR	0.33703613	-0.054763794	-0.11898804
147220770	ACC	-0.28076172	2.962387	8.781174
147220767	GYR	0.33753967	-0.06254578	-0.13104248
147220774	MAG	54.844666	54.014587	-45.228577
147220780	ACC	-0.2310791	2.9703827	8.69899
147220777	GYR	0.3319702	-0.07785034	-0.1485138
147220790	ACC	-0.19578552	2.9785461	8.586594
147220787	GYR	0.31770325	-0.09475708	-0.1695404
147220793	MAG	55.059814	53.962708	-44.960022
147220800	ACC	-0.24641418	2.9785461	8.475662
147220797	GYR	0.29115295	-0.11445618	-0.19050598
147220810	ACC	-0.27294922	2.978119	8.495224
147220807	GYR	0.25228882	-0.14118958	-0.21078491
147220813	MAG	54.87213	53.49121	-44.961548
147220820	ACC	-0.2838745	2.9427948	8.631134
147220817	GYR	0.20851135	-0.16973877	-0.22749329
147220829	ACC	-0.29154968	2.8925323	8.806732
147220827	GYR	0.1719513	-0.18734741	-0.24075317
147220832	MAG	54.97284	53.297424	-44.95392
147220839	ACC	-0.332016	2.8739471	8.862839
147220837	GYR	0.15034485	-0.18385315	-0.2532959
147220849	ACC	-0.3942871	2.8411102	8.881897
147220847	GYR	0.13882446	-0.16694641	-0.2683258
147220851	MAG	54.603577	52.967834	-44.769287
147220859	ACC	-0.46736145	2.8160858	8.80838
147220857	GYR	0.12814331	-0.14968872	-0.2828827
147220869	ACC	-0.5409546	2.7867737	8.675018
147220867	GYR	0.11329651	-0.13476562	-0.29309082
147220870	MAG	54.655457	52.926636	-44.72351
147220877	GYR	0.08779907	-0.12358093	-0.29862976
147220879	ACC	-0.5632324	2.791748	8.573776
147220887	GYR	0.052703857	-0.12454224	-0.302063
147220890	MAG	54.423523	52.798462	-44.607544
147220889	ACC	-0.5886688	2.8012848	8.67775
147220897	GYR	0.01524353	-0.13781738	-0.30618286
147220909	MAG	54.5166	52.648926	-44.696045
147220899	ACC	-0.63108826	2.7598267	8.936142
147220907	GYR	-0.0075683594	-0.14633179	-0.3085327
147220909	ACC	-0.68188477	2.746231	9.166138
147220917	GYR	-0.01071167	-0.14430237	-0.31251526
147220928	MAG	54.405212	52.851868	-44.84253
147220919	ACC	-0.73114014	2.6804962	9.313217
147220927	GYR	-0.0020751953	-0.13731384	-0.3157959
147220929	ACC	-0.81015015	2.6488342	9.374496
147220937	GYR	0.01184082	-0.12979126	-0.31393433
147220947	MAG	54.388428	52.670288	-44.458008
147220939	ACC	-0.8473053	2.5987854	9.341949
147220947	GYR	0.02456665	-0.12168884	-0.30970764
147220949	ACC	-0.872406	2.5928802	9.270157
147220957	GYR	0.02708435	-0.114715576	-0.29945374
147220966	MAG	54.229736	52.52533	-44.670105
147220959	ACC	-0.8808136	2.594513	9.215729
147220967	GYR	0.016906738	-0.1126709	-0.2888031
147220969	ACC	-0.85569763	2.6134186	9.240143
147220986	MAG	54.084778	52.522278	-44.66095
147220979	ACC	-0.82403564	2.664032	9.299469
147220977	GYR	0.0038146973	-0.10688782	-0.2751007
147220989	ACC	-0.80604553	2.696289	9.331589
147220987	GYR	-0.006454468	-0.086624146	-0.26530457
147221005	MAG	54.09088	52.363586	-44.602966
147220999	ACC	-0.8226776	2.6973724	9.303955
147220997	GYR	-0.0068511963	-0.061065674	-0.26130676
147221009	ACC	-0.8833618	2.6844788	9.235016
147221007	GYR	-0.0036010742	-0.048171997	-0.26290894
147221024	MAG	54.096985	52.435303	-44.51599
147221019	ACC	-0.9447174	2.6814117	9.114243
147221017	GYR	5.645752E-4	-0.044769287	-0.26101685
147221029	ACC	-0.9859619	2.6901855	9.017395
147221026	GYR	0.0016021729	-0.04585266	-0.25352478
147221043	MAG	54.29535	52.279663	-44.47174
147221039	ACC	-0.9947052	2.7132874	9.032898
147221036	GYR	-0.0068359375	-0.057861328	-0.2418518
147221049	ACC	-0.9322052	2.758728	9.09845
147221046	GYR	-0.015930176	-0.06840515	-0.22795105
147221062	MAG	53.98407	52.56195	-44.703674
147221059	ACC	-0.84114075	2.8334656	9.131027
147221056	GYR	-0.02027893	-0.06921387	-0.21565247
147221069	ACC	-0.8018341	2.8985138	9.155609
147221066	GYR	-0.022735596	-0.06562805	-0.21217346
147221082	MAG	54.10614	52.311707	-44.415283
147221079	ACC	-0.7781372	2.9333496	9.164368
147221076	GYR	-0.027954102	-0.062438965	-0.21252441
147221089	ACC	-0.75161743	2.9449158	9.239746
147221086	GYR	-0.036010742	-0.06718445	-0.21548462
147221101	MAG	54.18396	52.368164	-44.656372
147221099	ACC	-0.70288086	2.955429	9.398148
147221096	GYR	-0.043060303	-0.0790863	-0.21720886
147221109	ACC	-0.62397766	2.9862366	9.524078
147221106	GYR	-0.043045044	-0.085510254	-0.21635437
147221120	MAG	54.43268	52.36664	-44.578552
147221119	ACC	-0.5503082	3.0096588	9.618469
147221116	GYR	-0.037704468	-0.07774353	-0.21543884
147221129	ACC	-0.51890564	3.0377502	9.665939
147221126	GYR	-0.02859497	-0.062026978	-0.21876526
147221139	MAG	53.826904	52.2583	-44.25659
147221139	ACC	-0.50335693	3.067978	9.600128
147221136	GYR	-0.017181396	-0.040161133	-0.22467041
147221149	ACC	-0.51683044	3.071106	9.517746
147221146	GYR	-0.004928589	-0.017410278	-0.2303772
147221159	MAG	54.30603	52.11792	-44.36798
147221159	ACC	-0.5102844	3.1114807	9.508347
147221156	GYR	0.0069732666	-0.005554199	-0.23452759
147221169	ACC	-0.50161743	3.131958	9.470001
147221166	GYR	0.021026611	-0.0027008057	-0.23674011
147221178	MAG	54.19159	52.322388	-44.56024
147221179	ACC	-0.46835327	3.1582184	9.351212
147221176	GYR	0.03955078	-0.0033569336	-0.24023438
147221189	ACC	-0.44421387	3.2037506	9.196304
147221186	GYR	0.056533813	-0.007873535	-0.2475586
147221197	MAG	54.170227	52.186584	-44.873047
147221199	ACC	-0.42660522	3.2467804	9.030823
147221196	GYR	0.066101074	-0.01939392	-0.2580719
147221209	ACC	-0.40107727	3.2491302	8.959122
147221206	GYR	0.0664978	-0.039108276	-0.27072144
147221216	MAG	54.05426	51.966858	-44.526672
147221219	ACC	-0.4339447	3.2442322	8.92865
147221216	GYR	0.056610107	-0.0574646	-0.28234863
147221229	ACC	-0.4492798	3.2217407	8.954422
147221226	GYR	0.040039062	-0.0723114	-0.29101562
147221235	MAG	54.119873	51.953125	-44.299316
147221239	ACC	-0.40283203	3.1791534	8.999847
147221236	GYR	0.024780273	-0.08920288	-0.296463
147221249	ACC	-0.2980194	3.1767273	9.197128
147221246	GYR	0.013580322	-0.11079407	-0.30041504
147221255	MAG	54.263306	51.841736	-44.345093
147221259	ACC	-0.21386719	3.1909943	9.38414
147221256	GYR	0.010681152	-0.12730408	-0.307724
147221266	GYR	0.018508911	-0.12542725	-0.31835938
147221274	MAG	54.164124	51.651	-44.418335
147221269	ACC	-0.10646057	3.2027283	9.512146
147221276	GYR	0.032974243	-0.10456848	-0.3329773
147221279	ACC	-0.14517212	3.190033	9.50943
147221286	GYR	0.049606323	-0.07557678	-0.34960938
147221293	MAG	53.826904	51.71814	-44.3573
147221289	ACC	-0.22332764	3.2167053	9.396454
147221296	GYR	0.062469482	-0.046524048	-0.36398315
147221299	ACC	-0.3022461	3.2082977	9.253006
147221306	GYR	0.06965637	-0.030807495	-0.37095642
147221312	MAG	54.022217	51.605225	-44.36035
147221309	ACC	-0.4290619	3.2205353	9.144745
147221316	GYR	0.07484436	-0.020858765	-0.37391663
147221318	ACC	-0.5302124	3.285141	9.033005
147221326	GYR	0.080963135	-0.020904541	-0.37086487
147221332	MAG	54.164124	51.651	-44.418335
147221328	ACC	-0.6071625	3.3340607	8.922836
147221336	GYR	0.08779907	-0.039855957	-0.36653137
147221338	ACC	-0.61434937	3.3677063	8.8641205
147221346	GYR	0.09529114	-0.07572937	-0.3650818
147221351	MAG	54.289246	51.20392	-44.11621
147221348	ACC	-0.55877686	3.4399261	8.87468
147221356	GYR	0.09857178	-0.10606384	-0.37225342
147221358	ACC	-0.5232544	3.500946	8.906723
147221370	MAG	54.24652	51.083374	-44.059753
147221368	ACC	-0.55552673	3.495819	8.907928
147221366	GYR	0.09362793	-0.12496948	-0.3859253
147221378	ACC	-0.5925293	3.4470367	8.90033
147221376	GYR	0.0809021	-0.13658142	-0.39953613
147221389	MAG	54.162598	50.993347	-43.90869
147221388	ACC	-0.7157898	3.4365997	8.9483185
147221386	GYR	0.06376648	-0.1394043	-0.40722656
147221398	ACC	-0.8082428	3.4461365	9.018845
147221396	GYR	0.04220581	-0.13717651	-0.40722656
147221409	MAG	54.351807	50.846863	-44.003296
147221408	ACC	-0.8474884	3.4345398	9.078232
147221406	GYR	0.025344849	-0.13223267	-0.40008545
147221418	ACC	-0.8781128	3.416916	9.208099
147221416	GYR	0.015304565	-0.13941956	-0.39108276
147221428	MAG	54.115295	50.953674	-43.904114
147221428	ACC	-0.88093567	3.3917084	9.354294
147221426	GYR	0.0155181885	-0.1532135	-0.38510132
147221438	ACC	-0.90727234	3.3655396	9.494904
147221436	GYR	0.028625488	-0.16952515	-0.38142395
147221447	MAG	54.0802	50.593567	-43.78357
147221448	ACC	-0.9882202	3.3423004	9.633896
147221446	GYR	0.050567627	-0.18382263	-0.37986755
147221458	ACC	-1.0510406	3.291214	9.668533
147221456	GYR	0.075424194	-0.197052	-0.3732605
147221466	MAG	54.118347	50.41046	-43.95752
147221468	ACC	-1.1181641	3.2380219	9.588211
147221466	GYR	0.09980774	-0.19697571	-0.36071777
147221478	ACC	-1.2119293	3.1965332	9.506882
147221476	GYR	0.11506653	-0.1850586	-0.3455658
147221485	MAG	53.59192	50.70343	-43.807983
147221488	ACC	-1.3128357	3.168747	9.400864
147221486	GYR	0.11920166	-0.16438293	-0.32556152
147221498	ACC	-1.3867493	3.138565	9.288788
147221496	GYR	0.117752075	-0.13975525	-0.2959137
147221505	MAG	53.910828	50.26245	-43.518066
147221508	ACC	-1.4240417	3.1292572	9.211884
147221505	GYR	0.113708496	-0.12562561	-0.26086426
147221518	ACC	-1.4447174	3.1635742	9.181183
147221515	GYR	0.10760498	-0.12988281	-0.22723389
147221524	MAG	54.005432	50.38147	-43.533325
147221528	ACC	-1.4094391	3.179123	9.180389
147221525	GYR	0.10095215	-0.1473999	-0.19613647
147221538	ACC	-1.3667908	3.1995544	9.2278595
147221535	GYR	0.0952301	-0.17204285	-0.16729736
147221543	MAG	53.95813	50.109863	-43.55774
147221548	ACC	-1.2919006	3.2360382	9.290558
147221545	GYR	0.09022522	-0.19026184	-0.14242554
147221558	ACC	-1.2284851	3.2406464	9.333649
147221555	GYR	0.08703613	-0.18875122	-0.122283936
147221562	MAG	53.762817	50.108337	-43.59131
147221568	ACC	-1.1839447	3.2671661	9.345978
147221565	GYR	0.08610535	-0.1717987	-0.106658936
147221578	ACC	-1.1538391	3.2631378	9.272934
147221575	GYR	0.086135864	-0.1473999	-0.09289551
147221582	MAG	53.718567	50.02594	-43.536377
147221588	ACC	-1.1409149	3.250412	9.177658
147221585	GYR	0.083969116	-0.11946106	-0.08288574
147221598	ACC	-1.1455841	3.2277985	9.117203
147221595	GYR	0.07702637	-0.09750366	-0.07609558
147221601	MAG	53.48053	49.864197	-43.511963
147221608	ACC	-1.1337738	3.1968842	9.180405
147221605	GYR	0.065963745	-0.092544556	-0.0683136
147221618	ACC	-1.1102905	3.219757	9.340195
147221615	GYR	0.05819702	-0.095687866	-0.058761597
147221620	MAG	53.289795	49.7818	-43.493652
147221628	ACC	-1.1262817	3.1749268	9.387924
147221625	GYR	0.06225586	-0.086883545	-0.048324585
147221638	ACC	-1.09729	3.1325378	9.341385
147221635	GYR	0.08003235	-0.062820435	-0.03765869
147221639	MAG	53.48816	49.81842	-43.415833
147221648	ACC	-1.1296082	3.1574097	9.080627
147221645	GYR	0.10195923	-0.034622192	-0.03100586
147221655	GYR	0.112854004	-0.013336182	-0.02645874
147221659	MAG	53.155518	49.57733	-43.37921
147221658	ACC	-1.2018585	3.1795197	8.813171
147221665	GYR	0.10595703	-0.0121154785	-0.018753052
147221668	ACC	-1.2136536	3.200653	8.673965
147221675	GYR	0.08152771	-0.02822876	-0.006591797
147221678	MAG	53.315735	49.64447	-43.162537
147221678	ACC	-1.1574554	3.2003326	8.610306
147221685	GYR	0.043701172	-0.052215576	0.0040740967
147221697	MAG	53.16162	49.302673	-43.359375
147221688	ACC	-1.0707245	3.1963196	8.674164
147221695	GYR	-4.5776367E-5	-0.08404541	0.011489868
147221698	ACC	-1.0188751	3.1972198	8.976181
147221705	GYR	-0.038604736	-0.11187744	0.015686035
147221716	MAG	53.157043	49.497986	-43.373108
147221708	ACC	-0.90608215	3.1643372	9.430298
147221715	GYR	-0.056869507	-0.11231995	0.019989014
147221718	ACC	-0.79393005	3.1022797	9.844406
147221725	GYR	-0.054382324	-0.07348633	0.025512695
147221735	MAG	53.24402	49.66278	-43.48297
147221728	ACC	-0.7586212	3.0094604	10.010681
147221735	GYR	-0.035964966	-0.016189575	0.032913208
147221738	ACC	-0.7395172	2.9672089	10.007126
147221745	GYR	-0.012374878	0.03366089	0.04222107
147221755	MAG	53.24707	49.621582	-43.434143
147221748	ACC	-0.78578186	2.954773	9.918564
147221758	ACC	-0.7915497	2.9585419	9.83165
147221755	GYR	0.008956909	0.07014465	0.055358887
147221774	MAG	53.14331	49.856567	-43.4906
147221768	ACC	-0.73591614	2.9730225	9.796646
147221765	GYR	0.031082153	0.09324646	0.07296753
147221778	ACC	-0.64875793	3.0164948	9.619385
147221775	GYR	0.059387207	0.11402893	0.092926025
147221793	MAG	53.39508	49.46747	-43.432617
147221788	ACC	-0.58000183	3.0885925	9.334351
147221785	GYR	0.089538574	0.1357727	0.11102295
147221797	ACC	-0.5030823	3.1753387	9.045792
147221795	GYR	0.11212158	0.13864136	0.12031555
147221812	MAG	53.50952	49.301147	-43.241882
147221807	ACC	-0.4161682	3.2557373	8.82515
147221805	GYR	0.12220764	0.12261963	0.122299194
147221817	ACC	-0.33828735	3.2925568	8.677963
147221815	GYR	0.11885071	0.09970093	0.11627197
147221832	MAG	53.507996	49.726868	-43.17932
147221827	ACC	-0.27226257	3.3078613	8.578217
147221825	GYR	0.10658264	0.0743103	0.10812378
147221837	ACC	-0.23864746	3.3108368	8.610382
147221835	GYR	0.08979797	0.043655396	0.100128174
147221851	MAG	53.48053	49.70703	-42.89856
147221847	ACC	-0.19515991	3.348053	8.770874
147221845	GYR	0.07652283	-0.004486084	0.09289551
147221857	ACC	-0.0798645	3.3771515	8.937454
147221855	GYR	0.07661438	-0.055603027	0.0851593
147221870	MAG	53.75061	49.153137	-43.292236
147221867	ACC	0.024810791	3.3774414	9.041733
147221865	GYR	0.0874176	-0.08178711	0.07096863
147221877	ACC	0.029663086	3.3474274	9.054153
147221875	GYR	0.10142517	-0.091171265	0.050933838
147221889	MAG	53.55072	49.154663	-43.373108
147221887	ACC	-0.013031006	3.3550415	9.040207
147221885	GYR	0.112716675	-0.08554077	0.034622192
147221897	ACC	-0.03062439	3.3716736	9.017136
147221895	GYR	0.117126465	-0.074905396	0.028076172
147221908	MAG	53.26538	48.8739	-43.336487
147221907	ACC	-0.009460449	3.3807526	8.965439
147221905	GYR	0.11323547	-0.050323486	0.025802612
147221917	ACC	0.037963867	3.4363403	8.894318
147221915	GYR	0.10331726	-0.019485474	0.022399902
147221928	MAG	53.190613	48.968506	-43.014526
147221927	ACC	0.058029175	3.4912872	8.735199
147221925	GYR	0.08753967	0.015945435	0.015686035
147221937	ACC	0.06643677	3.5238495	8.610931
147221935	GYR	0.064086914	0.043823242	0.0069732666
147221947	MAG	53.048706	48.887634	-42.999268
147221947	ACC	0.038131714	3.568985	8.649612
147221945	GYR	0.03503418	0.045074463	-0.003326416
147221957	ACC	0.030197144	3.5792236	8.870468
147221955	GYR	0.010040283	0.01928711	-0.014907837
147221966	MAG	53.144836	48.851013	-43.003845
147221967	ACC	0.0848999	3.5109863	9.088425
147221965	GYR	0.0025482178	-0.014373779	-0.027801514
147221977	ACC	0.09970093	3.4849854	9.130829
147221975	GYR	0.018508911	-0.035964966	-0.042617798
147221985	MAG	53.4729	48.828125	-43.159485
147221987	ACC	0.032287598	3.548767	9.072037
147221984	GYR	0.045166016	-0.04901123	-0.058273315
147221997	ACC	-0.02116394	3.5891876	8.981873
147221994	GYR	0.06643677	-0.060028076	-0.0712738
147222004	MAG	53.190613	48.854065	-43.052673
147222007	ACC	-0.02670288	3.5974426	8.79892
147222004	GYR	0.077316284	-0.061019897	-0.079818726
147222017	ACC	-0.044662476	3.6292572	8.593887
147222014	GYR	0.07232666	-0.053756714	-0.08917236
147222024	MAG	52.999878	48.693848	-43.029785
147222027	ACC	-0.08959961	3.6474762	8.569778
147222024	GYR	0.05041504	-0.0552063	-0.1027832
147222037	ACC	-0.14329529	3.6693726	8.668564
147222034	GYR	0.018203735	-0.06674194	-0.11605835
147222043	MAG	53.030396	48.709106	-43.26477
147222044	GYR	-0.013031006	-0.08963013	-0.12583923
147222047	ACC	-0.16365051	3.6623535	8.881485
147222054	GYR	-0.036026	-0.120162964	-0.13508606
147222062	MAG	52.99225	48.545837	-43.15796
147222057	ACC	-0.20474243	3.6521606	9.165955
147222064	GYR	-0.044540405	-0.14779663	-0.14450073
147222067	ACC	-0.16615295	3.6299744	9.450272
147222074	GYR	-0.035949707	-0.16856384	-0.15440369
147222081	MAG	52.864075	48.75946	-42.88788
147222077	ACC	-0.1446228	3.5726166	9.740509
147222084	GYR	-0.014709473	-0.17655945	-0.16596985
147222087	ACC	-0.17756653	3.5284271	9.875183
147222094	GYR	0.0105896	-0.16616821	-0.1741333
147222101	MAG	52.722168	48.48633	-42.90619
147222097	ACC	-0.20199585	3.462967	9.900833
147222104	GYR	0.037902832	-0.13873291	-0.1772461
147222107	ACC	-0.24685669	3.3996582	9.862244
147222114	GYR	0.06440735	-0.10412598	-0.17408752
147222120	MAG	52.816772	48.8739	-42.84668
147222117	ACC	-0.31132507	3.4030457	9.834274
147222124	GYR	0.09187317	-0.06555176	-0.16627502
147222127	ACC	-0.3279724	3.418274	9.694153
147222134	GYR	0.122406006	-0.021362305	-0.15513611
147222139	MAG	52.67639	48.327637	-42.892456
147222137	ACC	-0.31687927	3.468277	9.4414215
147222147	ACC	-0.292099	3.5330963	9.225693
147222144	GYR	0.14509583	0.009567261	-0.15492249
147222158	MAG	52.83966	48.085022	-42.69867
147222157	ACC	-0.21359253	3.6011505	9.016006
147222154	GYR	0.15783691	0.022994995	-0.16139221
147222167	ACC	-0.15498352	3.6797028	8.905228
147222164	GYR	0.1552124	0.023635864	-0.17616272
147222178	MAG	53.085327	48.20099	-42.630005
147222177	ACC	-0.19058228	3.6768036	8.860626
147222174	GYR	0.13877869	0.013656616	-0.19741821
147222187	ACC	-0.29652405	3.6096802	8.896103
147222184	GYR	0.1219635	0.011703491	-0.21713257
147222197	MAG	52.938843	47.929382	-42.69409
147222197	ACC	-0.42518616	3.5428925	8.933075
147222194	GYR	0.11277771	0.00920105	-0.23291016
147222207	ACC	-0.50868225	3.504074	8.915634
147222204	GYR	0.11357117	0.0069885254	-0.23989868
147222216	MAG	52.903748	47.95685	-42.50946
147222217	ACC	-0.55778503	3.4859924	8.920105
147222214	GYR	0.115249634	0.006134033	-0.24020386
147222227	ACC	-0.57569885	3.5074005	8.939758
147222224	GYR	0.116119385	0.0042419434	-0.23765564
147222235	MAG	53.04718	47.731018	-42.593384
147222237	ACC	-0.5866394	3.5272675	8.922256
147222234	GYR	0.11758423	0.0018005371	-0.23043823
147222247	ACC	-0.58880615	3.5421295	8.8246
147222244	GYR	0.11584473	5.645752E-4	-0.22340393
147222255	MAG	53.346252	47.535706	-42.50641
147222257	ACC	-0.5697937	3.5563354	8.697739
147222254	GYR	0.10585022	0.008880615	-0.21487427
147222267	ACC	-0.5565491	3.5952606	8.621185
147222264	GYR	0.08468628	0.012390137	-0.20898438
147222274	MAG	53.385925	47.505188	-42.645264
147222276	ACC	-0.5842743	3.6318512	8.608566
147222274	GYR	0.054855347	5.645752E-4	-0.20599365
147222286	ACC	-0.63938904	3.6310272	8.661896
147222284	GYR	0.022705078	-0.02027893	-0.20880127
147222293	MAG	53.408813	47.525024	-42.323303
147222296	ACC	-0.67329407	3.576645	8.784973
147222294	GYR	-0.0052337646	-0.048294067	-0.21395874
147222306	ACC	-0.68481445	3.509491	8.915939
147222304	GYR	-0.026641846	-0.07746887	-0.21583557
147222312	MAG	53.419495	47.361755	-42.219543
147222316	ACC	-0.67536926	3.4532166	9.030182
147222314	GYR	-0.041412354	-0.09480286	-0.21051025
147222326	ACC	-0.64245605	3.4375458	9.165237
147222324	GYR	-0.050216675	-0.097473145	-0.19792175
147222331	MAG	53.451538	47.60742	-42.378235
147222336	ACC	-0.5760498	3.457428	9.266693
147222334	GYR	-0.05076599	-0.092559814	-0.18344116
147222346	ACC	-0.5149689	3.4844055	9.361877
147222344	GYR	-0.04449463	-0.083465576	-0.17375183
147222351	MAG	53.178406	47.357178	-42.20581
147222356	ACC	-0.49131775	3.511383	9.442642
147222354	GYR	-0.032073975	-0.071517944	-0.17111206
147222366	ACC	-0.49250793	3.522461	9.455078
147222364	GYR	-0.013046265	-0.06112671	-0.17311096
147222370	MAG	53.17383	47.398376	-42.25464
147222376	ACC	-0.48716736	3.511383	9.471054
147222374	GYR	0.008255005	-0.058746338	-0.17588806
147222386	ACC	-0.46922302	3.481842	9.435745
147222384	GYR	0.029953003	-0.06364441	-0.17800903
147222389	MAG	53.222656	47.36023	-42.25464
147222396	ACC	-0.4452362	3.5021515	9.376358
147222394	GYR	0.050323486	-0.06503296	-0.17910767
147222406	ACC	-0.48106384	3.5134735	9.323975
147222404	GYR	0.06402588	-0.0639801	-0.18136597
147222408	MAG	53.320312	47.32361	-42.25769
147222416	ACC	-0.52046204	3.5623016	9.274765
147222414	GYR	0.07043457	-0.065460205	-0.18492126
147222426	ACC	-0.55500793	3.5290222	9.345825
147222424	GYR	0.070877075	-0.06489563	-0.18605042
147222427	MAG	53.266907	47.210693	-42.338562
147222434	GYR	0.07325745	-0.063934326	-0.18331909
147222436	ACC	-0.5240021	3.5017548	9.430557
147222444	GYR	0.081726074	-0.057174683	-0.18049622
147222447	MAG	53.37372	47.20459	-42.20581
147222446	ACC	-0.48976135	3.4707642	9.413773
147222454	GYR	0.09516907	-0.046447754	-0.17848206
147222456	ACC	-0.45951843	3.467453	9.341293
147222464	GYR	0.105041504	-0.048736572	-0.1776123
147222466	MAG	53.37982	46.891785	-42.18445
147222466	ACC	-0.45671082	3.527588	9.260895
147222473	GYR	0.10295105	-0.074539185	-0.18110657
147222476	ACC	-0.46821594	3.604721	9.326004
147222483	GYR	0.09802246	-0.11161804	-0.18229675
147222486	MAG	53.42865	46.853638	-42.18445
147222486	ACC	-0.421875	3.697647	9.474106
147222493	GYR	0.097961426	-0.14048767	-0.1823883
147222504	MAG	53.367615	46.824646	-42.364502
147222496	ACC	-0.4227295	3.7015686	9.694656
147222503	GYR	0.11552429	-0.14938354	-0.18634033
147222506	ACC	-0.41537476	3.6650696	9.839111
147222513	GYR	0.15467834	-0.1423645	-0.19593811
147222524	MAG	53.3432	46.45691	-42.105103
147222516	ACC	-0.41371155	3.646225	9.794495
147222523	GYR	0.20549011	-0.13482666	-0.20774841
147222526	ACC	-0.4396515	3.6607819	9.615189
147222533	GYR	0.25546265	-0.1401062	-0.21473694
147222543	MAG	52.955627	46.372986	-42.121887
147222536	ACC	-0.4792328	3.7241364	9.355118
147222546	ACC	-0.50097656	3.798355	9.182205
147222543	GYR	0.2897339	-0.16874695	-0.2210083
147222562	MAG	53.276062	46.006775	-41.792297
147222556	ACC	-0.5059967	3.8279724	9.085144
147222553	GYR	0.30993652	-0.21533203	-0.22613525
147222566	ACC	-0.44877625	3.8524933	9.094955
147222563	GYR	0.3209839	-0.27931213	-0.23382568
147222581	MAG	52.861023	45.750427	-41.563416
147222576	ACC	-0.3557129	3.8831635	9.191299
147222573	GYR	0.3297882	-0.3421631	-0.24403381
147222586	ACC	-0.24613953	3.9390259	9.262985
147222583	GYR	0.34536743	-0.38005066	-0.2567749
147222601	MAG	52.882385	45.539856	-41.319275
147222596	ACC	-0.22949219	3.9814758	9.264679
147222593	GYR	0.3642578	-0.38650513	-0.27626038
147222606	ACC	-0.31175232	3.9674072	9.192184
147222603	GYR	0.3795929	-0.3800354	-0.29768372
147222620	MAG	52.52838	45.118713	-40.94391
147222616	ACC	-0.3374939	3.9624023	9.090286
147222613	GYR	0.3919983	-0.3729248	-0.30897522
147222626	ACC	-0.37812805	3.9414825	8.990906
147222623	GYR	0.3963623	-0.3501587	-0.3105011
147222639	MAG	52.259827	44.403076	-40.785217
147222636	ACC	-0.42929077	3.91745	8.952576
147222633	GYR	0.39089966	-0.3111725	-0.30267334
147222646	ACC	-0.45222473	3.9235077	8.9002075
147222643	GYR	0.38435364	-0.26844788	-0.2881012
147222658	MAG	52.178955	44.309998	-40.58838
147222656	ACC	-0.4680481	3.9270477	8.714752
147222653	GYR	0.38354492	-0.21096802	-0.26651
147222666	ACC	-0.45411682	3.9753418	8.504471
147222663	GYR	0.37983704	-0.14993286	-0.24409485
147222677	MAG	52.201843	43.981934	-40.335083
147222676	ACC	-0.37797546	4.071213	8.379791
147222673	GYR	0.3673706	-0.11769104	-0.2291565
147222686	ACC	-0.28427124	4.159607	8.246704
147222683	GYR	0.34703064	-0.09587097	-0.21975708
147222697	MAG	51.97754	43.423462	-40.190125
147222696	ACC	-0.2394867	4.2107544	8.086105
147222693	GYR	0.31959534	-0.06617737	-0.21522522
147222706	ACC	-0.25265503	4.2559967	8.007156
147222703	GYR	0.2801056	-0.04347229	-0.21813965
147222716	MAG	52.139282	43.144226	-40.04059
147222716	ACC	-0.287323	4.306778	8.022888
147222713	GYR	0.23480225	-0.043548584	-0.22669983
147222726	ACC	-0.28269958	4.3276825	8.117935
147222723	GYR	0.19143677	-0.05206299	-0.23272705
147222735	MAG	52.009583	43.011475	-39.839172
147222736	ACC	-0.22029114	4.333786	8.266708
147222733	GYR	0.16009521	-0.062072754	-0.23773193
147222746	ACC	-0.21339417	4.3271637	8.387741
147222743	GYR	0.14508057	-0.07229614	-0.24630737
147222754	MAG	52.25525	42.974854	-39.804077
147222755	ACC	-0.32302856	4.3153534	8.474564
147222753	GYR	0.14173889	-0.07357788	-0.25657654
147222765	ACC	-0.36338806	4.3092194	8.535065
147222763	GYR	0.14596558	-0.06918335	-0.2627411
147222774	MAG	52.253723	42.74597	-39.88037
147222775	ACC	-0.26742554	4.0935364	8.387024
147222773	GYR	0.15097046	-0.062927246	-0.2642517
147222785	ACC	-0.5531769	4.2747345	8.350769
147222783	GYR	0.14302063	-0.09448242	-0.26268005
147222793	MAG	52.32086	42.460632	-39.678955
147222795	ACC	-0.7290497	4.5015106	8.436066
147222793	GYR	0.120269775	-0.16297913	-0.25125122
147222805	ACC	-0.42536926	4.5029297	8.577911
147222803	GYR	0.09286499	-0.20214844	-0.23069763
147222812	MAG	52.139282	42.408752	-39.526367
147222815	ACC	-0.064468384	4.445999	8.600113
147222813	GYR	0.067977905	-0.20635986	-0.22174072
147222823	GYR	0.046905518	-0.18199158	-0.23353577
147222831	MAG	52.348328	42.323303	-39.34784
147222825	ACC	0.07409668	4.419113	8.568832
147222833	GYR	0.03201294	-0.13868713	-0.26319885
147222835	ACC	0.11982727	4.5025787	8.487061
147222843	GYR	0.018859863	-0.11198425	-0.30619812
147222850	MAG	52.241516	42.097473	-39.509583
147222845	ACC	-0.025100708	4.5828857	8.382111
147222853	GYR	0.0012359619	-0.10725403	-0.34492493
147222855	ACC	-0.2942047	4.56073	8.342606
147222863	GYR	-0.014007568	-0.12773132	-0.36909485
147222870	MAG	52.163696	42.00287	-39.266968
147222865	ACC	-0.47184753	4.4593353	8.4917755
147222873	GYR	-0.01991272	-0.18727112	-0.37872314
147222875	ACC	-0.43478394	4.42099	8.838333
147222883	GYR	-0.010665894	-0.24319458	-0.3753357
147222889	MAG	52.305603	42.008972	-39.3219
147222885	ACC	-0.53105164	4.453125	9.255966
147222893	GYR	0.024169922	-0.23147583	-0.33776855
147222895	ACC	-0.8420563	4.559143	9.279327
147222903	GYR	0.052520752	-0.21263123	-0.23535156
147222908	MAG	52.163696	42.041016	-39.27002
147222905	ACC	-0.08129883	4.2862396	9.088043
147222913	GYR	0.07185364	-0.20744324	-0.21577454
147222915	ACC	0.29792786	4.3344116	8.96022
147222923	GYR	0.09428406	-0.14338684	-0.27322388
147222927	MAG	52.13623	41.86859	-39.024353
147222925	ACC	0.3311615	4.436981	8.681213
147222935	ACC	0.069381714	4.413681	8.29744
147222933	GYR	0.11265564	-0.041748047	-0.34498596
147222947	MAG	52.238464	41.711426	-38.974
147222945	ACC	-0.30569458	4.3396606	8.121689
147222943	GYR	0.10986328	0.013366699	-0.40612793
147222955	ACC	-0.65914917	4.22348	8.284927
147222952	GYR	0.08924866	0.0018157959	-0.4328308
147222966	MAG	52.523804	41.566467	-39.07318
147222965	ACC	-0.8758087	4.153183	8.475052
147222962	GYR	0.07836914	-0.03678894	-0.4116516
147222975	ACC	-0.8371582	4.1935425	8.561951
147222972	GYR	0.07801819	-0.059814453	-0.35523987
147222985	MAG	52.682495	41.404724	-38.931274
147222985	ACC	-0.6426239	4.3269043	8.516647
147222982	GYR	0.08392334	-0.07029724	-0.29870605
147222995	ACC	-0.5213623	4.448105	8.446686
147222992	GYR	0.08659363	-0.069488525	-0.26815796
147223004	MAG	52.841187	41.24298	-38.790894
147223005	ACC	-0.507843	4.5307617	8.446167
147223002	GYR	0.083480835	-0.07281494	-0.26437378
147223015	ACC	-0.5421448	4.543167	8.424576
147223012	GYR	0.07879639	-0.085006714	-0.26646423
147223024	MAG	52.61841	41.1438	-38.539124
147223025	ACC	-0.5740051	4.52359	8.443283
147223022	GYR	0.07646179	-0.09553528	-0.26161194
147223035	ACC	-0.6153412	4.524536	8.542572
147223032	GYR	0.069122314	-0.09448242	-0.25056458
147223043	MAG	52.9068	41.03546	-38.59558
147223045	ACC	-0.67477417	4.516037	8.635941
147223042	GYR	0.05722046	-0.081222534	-0.22769165
147223055	ACC	-0.6330719	4.5303955	8.616989
147223052	GYR	0.043533325	-0.06161499	-0.19293213
147223062	MAG	52.667236	40.91339	-38.572693
147223065	ACC	-0.6194153	4.5716553	8.5550995
147223062	GYR	0.023147583	-0.03439331	-0.16104126
147223075	ACC	-0.6967163	4.6280212	8.430954
147223072	GYR	-0.0037384033	0.015731812	-0.1472168
147223081	MAG	52.973938	40.79132	-38.397217
147223085	ACC	-0.78263855	4.6716614	8.291641
147223082	GYR	-0.031799316	0.07624817	-0.14242554
147223095	ACC	-0.8944855	4.6416626	8.307953
147223092	GYR	-0.060577393	0.11431885	-0.14021301
147223100	MAG	52.8656	40.682983	-38.568115
147223105	ACC	-0.93811035	4.5967407	8.515533
147223102	GYR	-0.088775635	0.12437439	-0.12664795
147223115	ACC	-0.9532776	4.507553	8.625336
147223112	GYR	-0.10523987	0.1269989	-0.09371948
147223120	MAG	53.15094	40.924072	-38.601685
147223125	ACC	-0.8501587	4.4289856	8.670181
147223122	GYR	-0.10379028	0.12646484	-0.052337646
147223135	ACC	-0.72883606	4.564911	8.824753
147223132	GYR	-0.08987427	0.098724365	-0.022644043
147223139	MAG	53.30963	41.11023	-39.041138
147223145	ACC	-0.56030273	4.723175	8.782349
147223142	GYR	-0.068878174	0.062332153	-0.013793945
147223155	ACC	-0.45196533	4.7650757	8.708618
147223152	GYR	-0.05015564	0.050811768	-0.02268982
147223158	MAG	53.13263	41.13159	-38.80005
147223165	ACC	-0.55130005	4.6444855	8.715271
147223162	GYR	-0.044296265	0.0718689	-0.04170227
147223175	ACC	-0.76400757	4.4777527	8.83429
147223172	GYR	-0.05050659	0.11399841	-0.04711914
147223177	MAG	53.45459	41.075134	-39.04724
147223185	ACC	-0.98950195	4.330673	8.995651
147223182	GYR	-0.05406189	0.14663696	-0.01928711
147223195	ACC	-1.1034241	4.2361145	9.057373
147223192	GYR	-0.043182373	0.15742493	0.03440857
147223197	MAG	53.549194	41.15448	-39.057922
147223205	ACC	-1.1152954	4.330246	8.928787
147223202	GYR	-0.016906738	0.16726685	0.09539795
147223212	GYR	0.019180298	0.16448975	0.1396637
147223216	MAG	53.648376	41.04004	-39.056396
147223215	ACC	-1.0482483	4.5387115	8.695496
147223222	GYR	0.052261353	0.13711548	0.14839172
147223225	ACC	-0.9811096	4.6947174	8.483841
147223232	GYR	0.073516846	0.09309387	0.12397766
147223235	MAG	53.741455	41.19873	-39.07318
147223234	ACC	-0.9732666	4.7248383	8.333496
147223242	GYR	0.07974243	0.03564453	0.08816528
147223244	ACC	-1.0454559	4.680298	8.188538
147223252	GYR	0.075164795	-0.028045654	0.06199646
147223254	MAG	53.746033	41.156006	-39.024353
147223254	ACC	-1.1475677	4.6389008	8.165909
147223262	GYR	0.056762695	-0.09361267	0.053527832
147223264	ACC	-1.1554871	4.658066	8.242203
147223272	GYR	0.031204224	-0.12564087	0.05606079
147223274	MAG	53.59955	41.038513	-39.053345
147223274	ACC	-1.1347961	4.6431427	8.3013
147223282	GYR	3.3569336E-4	-0.12234497	0.06037903
147223284	ACC	-1.0252533	4.6402435	8.3396
147223292	GYR	-0.036727905	-0.09933472	0.059570312
147223293	MAG	53.507996	41.148376	-38.963318
147223294	ACC	-0.90696716	4.637848	8.33609
147223302	GYR	-0.082595825	-0.06365967	0.05241394
147223312	MAG	53.63922	41.316223	-39.12201
147223304	ACC	-0.79888916	4.6378937	8.325684
147223312	GYR	-0.13136292	-0.030380249	0.041870117
147223314	ACC	-0.7689209	4.612747	8.388367
147223331	MAG	53.437805	41.20331	-39.241028
147223324	ACC	-0.78323364	4.57547	8.607025
147223322	GYR	-0.16925049	-0.013259888	0.03744507
147223334	ACC	-0.84609985	4.490555	8.840225
147223332	GYR	-0.18533325	-0.023742676	0.033599854
147223350	MAG	53.33557	41.514587	-39.256287
147223344	ACC	-0.81843567	4.3921204	9.058548
147223342	GYR	-0.16824341	-0.043930054	0.027877808
147223354	ACC	-0.83091736	4.376602	9.190155
147223352	GYR	-0.1217041	-0.07408142	0.020446777
147223370	MAG	53.440857	41.433716	-39.164734
147223364	ACC	-0.94155884	4.3538666	9.066025
147223362	GYR	-0.05458069	-0.09689331	0.00920105
147223374	ACC	-0.98854065	4.282776	8.79747
147223372	GYR	0.015350342	-0.106399536	0.007949829
147223389	MAG	53.10669	41.615295	-39.064026
147223384	ACC	-0.9665222	4.259964	8.653015
147223382	GYR	0.06498718	-0.1408844	0.012039185
147223394	ACC	-0.7913971	4.317383	8.6592865
147223392	GYR	0.09114075	-0.20254517	0.025253296
147223408	MAG	53.157043	41.459656	-39.056396
147223404	ACC	-0.52008057	4.401001	8.701889
147223402	GYR	0.104141235	-0.25280762	0.040771484
147223414	ACC	-0.29823303	4.4782715	8.706741
147223412	GYR	0.10826111	-0.27009583	0.0398407
147223427	MAG	52.539062	41.362	-38.920593
147223424	ACC	-0.17980957	4.54657	8.646744
147223422	GYR	0.10462952	-0.25779724	0.021530151
147223434	ACC	-0.13760376	4.58226	8.508331
147223431	GYR	0.088516235	-0.21380615	-0.0027160645
147223447	MAG	52.441406	41.397095	-38.269043
147223444	ACC	-0.17401123	4.5502014	8.389511
147223441	GYR	0.058181763	-0.15359497	-0.023223877
147223454	ACC	-0.2667694	4.475113	8.347488
147223451	GYR	0.019577026	-0.09887695	-0.04197693
147223466	MAG	52.26288	41.497803	-38.682556
147223464	ACC	-0.39193726	4.3818665	8.368149
147223461	GYR	-0.013793945	-0.062438965	-0.056411743
147223474	ACC	-0.49339294	4.2940826	8.408249
147223471	GYR	-0.031723022	-0.046051025	-0.0642395
147223485	MAG	52.40326	41.197205	-38.80768
147223484	ACC	-0.55610657	4.2463074	8.474014
147223481	GYR	-0.030288696	-0.05621338	-0.06362915
147223494	ACC	-0.54125977	4.221237	8.550964
147223491	GYR	-0.0124053955	-0.08482361	-0.056121826
147223504	MAG	52.459717	41.152954	-38.716125
147223504	ACC	-0.47743225	4.2259216	8.584213
147223501	GYR	0.014343262	-0.11752319	-0.0448761
147223514	ACC	-0.34910583	4.2756805	8.5737
147223511	GYR	0.0440979	-0.14050293	-0.036376953
147223523	MAG	52.297974	41.31775	-38.902283
147223524	ACC	-0.26098633	4.3465424	8.506454
147223521	GYR	0.06932068	-0.14227295	-0.03718567
147223534	ACC	-0.195755	4.406372	8.43927
147223531	GYR	0.08416748	-0.12921143	-0.049545288
147223543	MAG	52.15149	41.23993	-38.934326
147223544	ACC	-0.2089386	4.468857	8.375488
147223541	GYR	0.087890625	-0.11567688	-0.068847656
147223554	ACC	-0.27192688	4.482605	8.234146
147223551	GYR	0.07948303	-0.10005188	-0.08732605
147223562	MAG	52.36969	41.030884	-38.65509
147223564	ACC	-0.36216736	4.4810486	8.1010895
147223561	GYR	0.055236816	-0.07684326	-0.09844971
147223574	ACC	-0.46643066	4.474167	8.039688
147223571	GYR	0.012496948	-0.0541687	-0.098724365
147223581	MAG	52.287292	40.785217	-38.494873
147223584	ACC	-0.574173	4.4395294	8.078903
147223581	GYR	-0.041137695	-0.03475952	-0.08995056
147223594	ACC	-0.6027832	4.4353943	8.078842
147223591	GYR	-0.09080505	-0.01423645	-0.07305908
147223600	MAG	52.163696	40.80658	-38.858032
147223601	GYR	-0.1320343	-0.003692627	-0.05316162
147223604	ACC	-0.5673218	4.485733	8.1008
147223611	GYR	-0.16670227	-0.02116394	-0.041015625
147223620	MAG	52.01416	41.230774	-38.83362
147223614	ACC	-0.5095215	4.5348053	8.256577
147223621	GYR	-0.19364929	-0.067489624	-0.040756226
147223624	ACC	-0.48301697	4.5839844	8.540375
147223631	GYR	-0.20777893	-0.109680176	-0.040786743
147223639	MAG	52.015686	41.267395	-38.789368
147223634	ACC	-0.33638	4.630615	8.766037
147223641	GYR	-0.21240234	-0.124069214	-0.04220581
147223644	ACC	-0.25914	4.6146393	8.983276
147223651	GYR	-0.20658875	-0.101242065	-0.046188354
147223658	MAG	51.905823	41.316223	-38.972473
147223654	ACC	-0.21897888	4.566498	9.117584
147223661	GYR	-0.19741821	-0.06311035	-0.056015015
147223664	ACC	-0.2197876	4.524704	9.204468
147223671	GYR	-0.18191528	-0.035476685	-0.06718445
147223677	MAG	52.18506	41.830444	-39.024353
147223674	ACC	-0.28079224	4.489105	9.332291
147223681	GYR	-0.15589905	-0.02293396	-0.0756073
147223684	ACC	-0.28567505	4.4690704	9.424133
147223691	GYR	-0.11721802	-0.022827148	-0.08079529
147223696	MAG	51.98059	41.682434	-39.187622
147223694	ACC	-0.2927246	4.4138184	9.4292145
147223701	GYR	-0.07234192	-0.04637146	-0.09182739
147223704	ACC	-0.2712555	4.409546	9.36351
147223716	MAG	51.974487	41.688538	-39.2807
147223714	ACC	-0.2482605	4.3930054	9.315018
147223711	GYR	-0.036621094	-0.07678223	-0.108062744
147223723	ACC	-0.23306274	4.386368	9.27063
147223721	GYR	-0.013961792	-0.08779907	-0.12150574
147223735	MAG	52.17743	41.644287	-39.151
147223733	ACC	-0.21734619	4.380356	9.236145
147223731	GYR	-0.0041503906	-0.077301025	-0.126297
147223743	ACC	-0.217453	4.3421936	9.215897
147223741	GYR	-0.0070495605	-0.05870056	-0.1282959
147223754	MAG	52.075195	41.801453	-39.201355
147223753	ACC	-0.22052002	4.3087463	9.202698
147223751	GYR	-0.014297485	-0.029129028	-0.131073
147223763	ACC	-0.25001526	4.2409363	9.199753
147223761	GYR	-0.024414062	4.7302246E-4	-0.13150024
147223773	MAG	52.137756	41.79077	-39.019775
147223773	ACC	-0.30065918	4.151474	9.228027
147223771	GYR	-0.033203125	0.02116394	-0.1329956
147223783	ACC	-0.3048401	4.085846	9.255875
147223781	GYR	-0.029846191	0.030181885	-0.12550354
147223793	MAG	52.27356	41.685486	-39.15863
147223793	ACC	-0.28315735	4.0560455	9.237534
147223791	GYR	-0.011993408	0.031692505	-0.11482239
147223803	ACC	-0.21948242	4.074402	9.112671
147223801	GYR	0.017074585	0.042129517	-0.10195923
147223812	MAG	52.238464	41.711426	-38.974
147223813	ACC	-0.14308167	4.130661	8.868988
147223811	GYR	0.04852295	0.0544281	-0.09320068
147223823	ACC	-0.09199524	4.1960144	8.588715
147223821	GYR	0.07574463	0.060775757	-0.09538269
147223831	MAG	52.038574	41.71295	-39.05487
147223833	ACC	-0.10038757	4.2298737	8.302414
147223831	GYR	0.089660645	0.062454224	-0.105270386
147223843	ACC	-0.19502258	4.2088165	8.074738
147223841	GYR	0.082214355	0.06391907	-0.117752075
147223850	MAG	52.589417	41.43982	-38.882446
147223853	ACC	-0.3262329	4.1499634	7.952591
147223851	GYR	0.054489136	0.060791016	-0.12023926
147223863	ACC	-0.40707397	4.0773773	7.939163
147223861	GYR	0.0158844	0.044021606	-0.10864258
147223869	MAG	52.65808	41.423035	-38.607788
147223873	ACC	-0.36764526	4.0359497	8.07962
147223871	GYR	-0.027908325	0.0146484375	-0.087265015
147223883	ACC	-0.30133057	3.9976501	8.343033
147223881	GYR	-0.06581116	-0.017868042	-0.064331055
147223889	MAG	52.67639	41.371155	-39.0213
147223893	ACC	-0.27268982	3.9855042	8.562027
147223891	GYR	-0.08418274	-0.031448364	-0.042678833
147223903	ACC	-0.2169342	3.9891663	8.648605
147223901	GYR	-0.08062744	-0.020690918	-0.024459839
147223908	MAG	52.520752	41.56952	-39.118958
147223913	ACC	-0.216568	3.9750977	8.73616
147223910	GYR	-0.060073853	-0.012542725	-0.014602661
147223923	ACC	-0.25587463	3.986847	8.810944
147223920	GYR	-0.024368286	-0.023834229	-0.01121521
147223927	MAG	52.39258	41.744995	-38.845825
147223933	ACC	-0.25144958	3.9740753	8.760178
147223930	GYR	0.024993896	-0.03378296	-0.007293701
147223943	ACC	-0.27427673	3.9669647	8.569458
147223940	GYR	0.075042725	-0.028045654	6.713867E-4
147223946	MAG	52.493286	41.744995	-38.806152
147223953	ACC	-0.23291016	4.0843353	8.317749
147223950	GYR	0.10545349	-0.02230835	0.016860962
147223963	ACC	-0.14637756	4.256241	8.309357
147223960	GYR	0.10668945	-0.027999878	0.039642334
147223966	MAG	52.586365	41.59546	-38.893127
147223973	ACC	0.051071167	4.4695587	8.32901
147223970	GYR	0.086517334	-0.02848816	0.06491089
147223983	ACC	0.26179504	4.652878	8.4579315
147223980	GYR	0.054779053	-0.014190674	0.0884552
147223985	MAG	52.25067	41.470337	-38.864136
147223993	ACC	0.25090027	4.7055817	8.635788
147223990	GYR	0.020339966	0.02822876	0.1020813
147224000	GYR	-0.005340576	0.09220886	0.12086487
147224004	MAG	52.3468	41.47339	-38.87024
147224003	ACC	0.14883423	4.812271	8.651596
147224010	GYR	-0.03312683	0.14758301	0.15280151
147224013	ACC	0.083099365	4.8727264	8.583588
147224020	GYR	-0.06944275	0.17333984	0.19129944
147224023	MAG	52.575684	41.758728	-38.996887
147224023	ACC	0.12677002	4.9614563	8.516296
147224030	GYR	-0.10722351	0.17080688	0.2206726
147224033	ACC	0.10481262	4.9832916	8.2526245
147224040	GYR	-0.15267944	0.11238098	0.24763489
147224043	MAG	52.58484	41.870117	-39.51416
147224043	ACC	-0.14399719	4.9690247	7.877548
147224050	GYR	-0.2266388	-1.6784668E-4	0.29182434
147224053	ACC	-0.18019104	5.1540985	8.065216
147224060	GYR	-0.32048035	-0.06921387	0.31269836
147224062	MAG	52.597046	41.93573	-39.334106
147224063	ACC	0.14527893	5.069275	8.4878235
147224070	GYR	-0.38090515	-0.1352539	0.30967712
147224073	ACC	0.47183228	5.1116943	9.133469
147224080	GYR	-0.38397217	-0.17419434	0.2805481
147224081	MAG	52.23694	42.33246	-39.526367
147224083	ACC	0.7145996	5.1604614	9.80928
147224090	GYR	-0.34231567	-0.14237976	0.21969604
147224100	MAG	51.989746	42.4469	-39.56604
147224093	ACC	0.7035217	5.009018	10.30809
147224103	ACC	0.48236084	4.8313446	10.680771
147224100	GYR	-0.26428223	-0.05656433	0.17047119
147224119	MAG	52.01111	42.77954	-39.868164
147224113	ACC	0.23602295	4.5983276	10.912491
147224110	GYR	-0.17036438	0.08544922	0.15332031
147224123	ACC	0.06956482	4.436981	11.053345
147224120	GYR	-0.07685852	0.25627136	0.16409302
147224139	MAG	52.394104	42.944336	-39.90326
147224133	ACC	0.0061187744	4.4739227	11.10025
147224130	GYR	0.009933472	0.42549133	0.1963501
147224143	ACC	0.13572693	4.5708923	10.921371
147224140	GYR	0.094573975	0.59602356	0.23002625
147224158	MAG	52.633667	42.68036	-39.99176
147224153	ACC	0.19650269	4.633606	10.58847
147224150	GYR	0.18269348	0.7602997	0.24176025
147224163	ACC	-0.01789856	4.7169952	10.069565
147224160	GYR	0.26789856	0.903656	0.21917725
147224177	MAG	53.208923	42.73529	-40.075684
147224173	ACC	-0.2734375	4.7500153	9.363983
147224170	GYR	0.33700562	1.0509796	0.18812561
147224183	ACC	-0.59329224	4.725174	8.719376
147224180	GYR	0.37194824	1.1668701	0.16633606
147224196	MAG	54.110718	42.49878	-40.390015
147224193	ACC	-0.93637085	4.611374	8.143265
147224190	GYR	0.38586426	1.1774445	0.16412354
147224202	ACC	-1.2348633	4.4939575	7.7526093
147224200	GYR	0.39019775	1.0858307	0.20610046
147224216	MAG	54.808044	42.263794	-40.18402
147224212	ACC	-1.3791351	4.5092926	7.599457
147224210	GYR	0.381958	0.9378662	0.28752136
147224222	ACC	-1.3023376	4.5194244	7.4669647
147224220	GYR	0.3674469	0.81425476	0.3687439
147224235	MAG	55.393982	41.923523	-40.194702
147224232	ACC	-1.2021027	4.5022125	7.2363434
147224230	GYR	0.34843445	0.7571106	0.42164612
147224242	ACC	-1.2572784	4.500595	7.0550995
147224240	GYR	0.32788086	0.6812744	0.43267822
147224254	MAG	55.74341	41.690063	-40.1062
147224252	ACC	-1.5569458	4.3852234	7.055908
147224250	GYR	0.31285095	0.5361023	0.42010498
147224262	ACC	-1.8393707	4.202072	7.2149353
147224260	GYR	0.3069458	0.36706543	0.42510986
147224273	MAG	55.941772	41.574097	-40.063477
147224272	ACC	-1.9064636	4.0283203	7.3861694
147224270	GYR	0.3055725	0.22840881	0.46136475
147224282	ACC	-1.8627777	3.9013824	7.506134
147224280	GYR	0.29986572	0.13441467	0.5124054
147224292	MAG	56.097412	41.22162	-40.00244
147224292	ACC	-1.7342834	3.8510895	7.646591
147224290	GYR	0.28652954	0.076538086	0.57063293
147224302	ACC	-1.6161346	3.8178558	7.7647552
147224300	GYR	0.26609802	0.055633545	0.6330414
147224312	MAG	55.72815	41.19873	-39.74762
147224312	ACC	-1.4263	3.8946686	7.85318
147224310	GYR	0.24591064	0.069747925	0.7016449
147224322	ACC	-1.1851959	4.054413	7.8300323
147224320	GYR	0.22319031	0.10229492	0.7703552
147224331	MAG	55.19867	41.148376	-39.712524
147224332	ACC	-0.8815613	4.263382	8.042221
147224330	GYR	0.1844635	0.115448	0.81755066
147224342	ACC	-0.71032715	4.3535614	8.363998
147224340	GYR	0.13114929	0.08578491	0.8276062
147224350	MAG	54.914856	40.982056	-39.63623
147224352	ACC	-0.6481781	4.315033	8.856445
147224350	GYR	0.08796692	0.04333496	0.8104248
147224362	ACC	-0.19702148	4.3109283	9.326126
147224360	GYR	0.08718872	0.011062622	0.79777527
147224369	MAG	54.7287	40.9729	-39.53247
147224372	ACC	0.31645203	4.385086	9.5117035
147224370	GYR	0.14271545	-0.020111084	0.76000977
147224382	ACC	0.6532135	4.5943604	9.569199
147224380	GYR	0.24662781	-0.064208984	0.6365051
147224389	MAG	55.226135	40.971375	-39.37683
147224389	GYR	0.37597656	-0.13648987	0.44602966
147224392	ACC	0.43984985	4.728363	9.31105
147224399	GYR	0.49171448	-0.23175049	0.27856445
147224408	MAG	55.155945	40.67688	-39.074707
147224402	ACC	0.3174591	4.6600494	8.788498
147224409	GYR	0.5580597	-0.3161316	0.16548157
147224412	ACC	0.4234619	4.6654816	8.283966
147224419	GYR	0.55773926	-0.34147644	0.07774353
147224427	MAG	54.644775	40.341187	-38.835144
147224422	ACC	0.65675354	4.805893	7.5868073
147224429	GYR	0.49073792	-0.31217957	-0.01777649
147224432	ACC	0.77970886	4.935257	6.8498535
147224439	GYR	0.37327576	-0.30903625	-0.13319397
147224446	MAG	54.421997	39.935303	-38.653564
147224442	ACC	0.7244873	5.1016235	6.3968964
147224449	GYR	0.24209595	-0.35139465	-0.26150513
147224452	ACC	0.4098053	5.1713257	6.099533
147224459	GYR	0.115859985	-0.4402008	-0.37782288
147224465	MAG	54.296875	39.993286	-38.372803
147224462	ACC	-0.11454773	5.1292267	5.989853
147224469	GYR	0.016967773	-0.6073303	-0.44262695
147224472	ACC	-0.9909363	5.1609497	5.980438
147224479	GYR	-0.043411255	-0.7927551	-0.44145203
147224485	MAG	53.912354	39.71405	-38.37738
147224482	ACC	-3.4562683	5.442047	5.963974
147224492	ACC	-4.5512085	4.872818	5.692398
147224489	GYR	-0.08546448	-0.8292999	-0.2987213
147224504	MAG	53.248596	39.805603	-38.15918
147224502	ACC	-2.6668243	3.5325317	5.947998
147224499	GYR	-0.18003845	-0.8471985	0.0025177002
147224512	ACC	-1.9511261	3.5273895	7.8514404
147224509	GYR	-0.33996582	-0.9939728	0.23214722
147224523	MAG	52.381897	39.86206	-38.064575
147224522	ACC	-0.5122223	3.838913	9.273361
147224519	GYR	-0.3775177	-1.0189972	0.44374084
147224532	ACC	0.63220215	4.2952576	9.659927
147224529	GYR	-0.27719116	-0.9023895	0.595932
147224542	MAG	51.628113	40.29236	-37.680054
147224542	ACC	1.3857422	4.7515717	9.289383
147224539	GYR	-0.15209961	-0.72650146	0.6443176
147224552	ACC	1.7920074	5.016617	8.847504
147224549	GYR	-0.081726074	-0.5758362	0.6354065
147224562	MAG	50.798035	40.397644	-37.730408
147224562	ACC	1.8849335	5.1795197	8.652634
147224559	GYR	-0.07897949	-0.47572327	0.59085083
147224572	ACC	1.8158112	5.230057	8.746201
147224569	GYR	-0.1136322	-0.4237671	0.52697754
147224581	MAG	50.361633	40.698242	-37.678528
147224582	ACC	1.6871185	5.173065	9.15097
147224579	GYR	-0.15461731	-0.41288757	0.46588135
147224592	ACC	1.5801086	5.0648956	9.763306
147224589	GYR	-0.18450928	-0.4061737	0.41905212
147224600	MAG	49.48578	41.03241	-37.651062
147224602	ACC	1.525711	4.9774933	10.327713
147224599	GYR	-0.18902588	-0.3757019	0.39311218
147224612	ACC	1.570343	4.9149933	10.6931305
147224609	GYR	-0.16072083	-0.31359863	0.38609314
147224619	MAG	49.005127	41.13617	-37.582397
147224622	ACC	1.612381	4.9059906	10.687805
147224619	GYR	-0.10029602	-0.21426392	0.3896637
147224632	ACC	1.5926666	4.9572144	10.449158
147224629	GYR	-0.027435303	-0.100234985	0.40205383
147224638	MAG	48.828125	41.15753	-37.342834
147224642	ACC	1.5670929	5.0533752	10.028305
147224639	GYR	0.03730774	-0.0071411133	0.414917
147224652	ACC	1.479599	5.128586	9.54837
147224649	GYR	0.09208679	0.05921936	0.40802002
147224658	MAG	48.713684	41.401672	-37.538147
147224662	ACC	1.3472443	5.096695	9.1731415
147224659	GYR	0.13180542	0.08642578	0.3878479
147224672	ACC	1.2714691	5.083664	8.90448
147224669	GYR	0.15586853	0.08557129	0.3678894
147224677	MAG	48.535156	41.307068	-37.335205
147224681	ACC	1.2363586	5.0880127	8.743683
147224679	GYR	0.17428589	0.06858826	0.35610962
147224691	ACC	1.3198853	5.152603	8.460602
147224689	GYR	0.1968689	0.049575806	0.34602356
147224696	MAG	48.42682	41.238403	-37.509155
147224701	ACC	1.3618622	5.177719	8.196045
147224699	GYR	0.21958923	0.041122437	0.32162476
147224711	ACC	1.3198395	5.089386	8.052444
147224709	GYR	0.23258972	0.02760315	0.29296875
147224715	MAG	48.480225	41.311646	-37.425232
147224721	ACC	1.2674255	5.044937	8.076782
147224719	GYR	0.23510742	0.013946533	0.2788391
147224731	ACC	1.3266602	5.047119	7.9664154
147224729	GYR	0.23675537	0.024459839	0.2744751
147224735	MAG	48.117065	41.207886	-37.11853
147224741	ACC	1.3391876	5.058853	7.824936
147224739	GYR	0.24029541	0.06404114	0.26420593
147224751	ACC	1.3170776	5.064377	7.7276764
147224749	GYR	0.23580933	0.10240173	0.24403381
147224754	MAG	48.309326	41.098022	-37.168884
147224761	ACC	1.2856293	5.0507965	7.853943
147224759	GYR	0.22235107	0.11276245	0.22001648
147224771	ACC	1.3939209	4.9361725	8.105942
147224769	GYR	0.20932007	0.102996826	0.19509888
147224773	MAG	48.08197	41.041565	-36.965942
147224779	GYR	0.20475769	0.09564209	0.14842224
147224781	ACC	1.9827728	4.625839	8.709808
147224789	GYR	0.23329163	0.1015625	0.073516846
147224792	MAG	48.168945	40.820312	-37.139893
147224791	ACC	1.0842896	5.0814514	8.915466
147224799	GYR	0.28570557	0.14723206	0.03819275
147224801	ACC	1.1120148	5.1861877	8.738632
147224809	GYR	0.31677246	0.16555786	0.026275635
147224812	MAG	48.345947	40.605164	-36.766052
147224811	ACC	1.2942047	5.1761475	8.685745
147224819	GYR	0.33293152	0.12663269	2.89917E-4
147224821	ACC	1.5234375	5.1530914	8.553787
147224829	GYR	0.3446808	0.056243896	-0.051712036
147224831	MAG	48.435974	40.419006	-36.897278
147224831	ACC	1.4819336	5.2349854	8.460007
147224839	GYR	0.3504486	0.003829956	-0.11352539
147224841	ACC	1.2865906	5.2971954	8.271698
147224849	GYR	0.34129333	-0.032043457	-0.1631012
147224850	MAG	48.46649	40.086365	-36.550903
147224851	ACC	0.83714294	5.2990265	8.240311
147224859	GYR	0.31666565	-0.045516968	-0.18571472
147224861	ACC	0.47753906	5.208481	8.252426
147224869	GYR	0.28741455	-0.016174316	-0.17352295
147224870	MAG	48.464966	39.81781	-36.624146
147224871	ACC	0.4420929	5.0294495	8.169174
147224888	MAG	48.487854	39.489746	-36.37085
147224881	ACC	0.48599243	4.923691	8.230621
147224878	GYR	0.25302124	-0.0028533936	-0.14987183
147224891	ACC	0.5880127	4.9278107	8.417862
147224888	GYR	0.2285614	-0.027862549	-0.12782288
147224908	MAG	48.399353	39.442444	-36.27014
147224901	ACC	0.71875	4.9349976	8.3350525
147224898	GYR	0.24337769	-0.010986328	-0.122558594
147224911	ACC	0.6130829	5.0007935	8.060867
147224908	GYR	0.27442932	0.013061523	-0.13446045
147224927	MAG	48.61908	39.309692	-35.949707
147224921	ACC	0.42025757	5.1303406	7.718994
147224918	GYR	0.28567505	0.008163452	-0.14544678
147224931	ACC	0.30725098	5.3099213	7.2813873
147224928	GYR	0.2702179	0.04701233	-0.1478424
147224946	MAG	48.632812	38.95111	-35.832214
147224941	ACC	0.30981445	5.475952	6.8428497
147224938	GYR	0.21574402	0.11595154	-0.14465332
147224951	ACC	0.37101746	5.5475464	6.692322
147224948	GYR	0.11355591	0.16218567	-0.13946533
147224965	MAG	48.843384	38.594055	-35.681152
147224961	ACC	0.39430237	5.4957886	6.89592
147224958	GYR	-0.020568848	0.16647339	-0.14196777
147224971	ACC	0.42800903	5.317932	7.286331
147224968	GYR	-0.150177	0.17797852	-0.1433258
147224985	MAG	49.154663	38.931274	-36.001587
147224981	ACC	0.41098022	5.1516113	7.8194733
147224978	GYR	-0.2518158	0.19674683	-0.13986206
147224991	ACC	0.31233215	5.098694	8.195114
147224988	GYR	-0.30552673	0.21362305	-0.13218689
147225004	MAG	49.378967	38.87329	-36.242676
147225001	ACC	0.18572998	5.065613	8.266541
147224998	GYR	-0.31074524	0.23934937	-0.11898804
147225011	ACC	0.055496216	5.0513	8.201355
147225008	GYR	-0.2959137	0.26068115	-0.10041809
147225023	MAG	49.476624	39.335632	-36.141968
147225021	ACC	0.019729614	5.067154	8.176376
147225018	GYR	-0.2865448	0.27059937	-0.078201294
147225031	ACC	0.057281494	5.089905	8.274185
147225028	GYR	-0.28450012	0.26693726	-0.05458069
147225042	MAG	49.446106	39.6698	-36.486816
147225041	ACC	0.13092041	5.138977	8.371841
147225038	GYR	-0.27894592	0.25779724	-0.03656006
147225051	ACC	0.18974304	5.180008	8.437027
147225048	GYR	-0.26594543	0.2476654	-0.02798462
147225061	MAG	49.673462	40.03296	-36.619568
147225061	ACC	0.2223053	5.1522217	8.447449
147225058	GYR	-0.25126648	0.23554993	-0.02633667
147225071	ACC	0.16397095	5.1152344	8.559265
147225068	GYR	-0.23832703	0.23095703	-0.026016235
147225081	MAG	50.36316	39.88495	-37.15973
147225081	ACC	0.107543945	5.1002197	8.711914
147225078	GYR	-0.22294617	0.22653198	-0.022537231
147225091	ACC	0.1210022	5.1000977	8.843002
147225088	GYR	-0.1952362	0.20681763	-0.013977051
147225100	MAG	50.447083	40.052795	-37.31537
147225101	ACC	0.21455383	5.066498	8.874039
147225098	GYR	-0.15481567	0.18460083	-0.004638672
147225111	ACC	0.28929138	5.0927734	8.803635
147225108	GYR	-0.11126709	0.17497253	-2.4414062E-4
147225119	MAG	50.382996	39.98871	-37.538147
147225121	ACC	0.26486206	5.121414	8.703003
147225118	GYR	-0.07817078	0.17248535	-0.0031433105
147225131	ACC	0.19081116	5.104904	8.599991
147225128	GYR	-0.060668945	0.17829895	-0.007980347
147225138	MAG	50.805664	40.237427	-37.672424
147225141	ACC	0.15020752	5.0805206	8.4921875
147225138	GYR	-0.05406189	0.19979858	-0.0103302
147225151	ACC	0.11341858	5.106659	8.434906
147225148	GYR	-0.0524292	0.21887207	-0.010314941
147225158	MAG	50.901794	40.200806	-37.677002
147225160	ACC	0.08607483	5.1171875	8.399857
147225158	GYR	-0.05267334	0.22332764	-0.008804321
147225168	GYR	-0.048294067	0.21466064	-0.008300781
147225177	MAG	50.997925	40.242004	-37.68463
147225170	ACC	0.068603516	5.141205	8.41687
147225178	GYR	-0.034973145	0.18110657	-0.012527466
147225180	ACC	0.038619995	5.1372986	8.474365
147225188	GYR	-0.010559082	0.12921143	-0.014282227
147225196	MAG	51.07422	40.415955	-37.93335
147225190	ACC	0.061538696	5.096649	8.556473
147225198	GYR	0.019958496	0.08151245	-0.012390137
147225200	ACC	0.13555908	5.0781403	8.573029
147225208	GYR	0.050231934	0.05393982	-0.013000488
147225215	MAG	51.40381	40.275574	-38.08136
147225210	ACC	0.21076965	5.122574	8.495148
147225218	GYR	0.06907654	0.046188354	-0.017990112
147225220	ACC	0.27775574	5.1674805	8.326904
147225228	GYR	0.069503784	0.05215454	-0.029129028
147225234	MAG	51.271057	40.18402	-37.928772
147225230	ACC	0.31628418	5.1875153	8.177353
147225238	GYR	0.048980713	0.065322876	-0.04270935
147225240	ACC	0.26091003	5.130768	8.105209
147225248	GYR	0.019378662	0.0942688	-0.05128479
147225254	MAG	51.26953	40.109253	-37.96997
147225250	ACC	0.1931305	5.0718994	8.0950165
147225258	GYR	-0.008285522	0.12971497	-0.057037354
147225260	ACC	0.115249634	5.0433807	8.098419
147225273	MAG	51.46942	40.1474	-37.89215
147225270	ACC	0.07524109	5.005295	8.115341
147225268	GYR	-0.030288696	0.15312195	-0.060806274
147225280	ACC	0.03817749	4.995819	8.122711
147225278	GYR	-0.043136597	0.16493225	-0.058898926
147225292	MAG	51.416016	40.187073	-37.937927
147225290	ACC	0.030807495	4.9910583	8.11174
147225288	GYR	-0.0448761	0.17340088	-0.055099487
147225300	ACC	0.031723022	5.018997	8.034821
147225298	GYR	-0.04458618	0.16481018	-0.05078125
147225311	MAG	51.652527	40.081787	-38.03711
147225310	ACC	0.03642273	5.0467377	7.9709015
147225308	GYR	-0.049591064	0.15919495	-0.047729492
147225320	ACC	0.013549805	5.02359	7.9995575
147225318	GYR	-0.0660553	0.15991211	-0.051315308
147225331	MAG	51.56555	40.341187	-37.864685
147225330	ACC	-0.0021514893	4.986511	8.162933
147225328	GYR	-0.08605957	0.1655426	-0.057922363
147225340	ACC	0.004135132	4.9563293	8.24852
147225338	GYR	-0.092559814	0.17207336	-0.061920166
147225350	MAG	51.81122	40.264893	-37.828064
147225350	ACC	-0.019348145	4.9367065	8.166809
147225348	GYR	-0.08604431	0.18334961	-0.061447144
147225360	ACC	-0.08905029	4.9438477	8.063126
147225357	GYR	-0.082611084	0.19659424	-0.06086731
147225369	MAG	52.183533	40.286255	-38.03711
147225370	ACC	-0.16867065	4.9496765	7.973358
147225367	GYR	-0.08496094	0.20547485	-0.057403564
147225380	ACC	-0.23547363	4.95665	7.86203
147225377	GYR	-0.089767456	0.20649719	-0.051834106
147225388	MAG	52.404785	40.57617	-38.25531
147225390	ACC	-0.27772522	4.9779205	7.718979
147225387	GYR	-0.101242065	0.20429993	-0.048461914
147225400	ACC	-0.29423523	5.0153046	7.6471405
147225397	GYR	-0.1279602	0.20376587	-0.045959473
147225408	MAG	52.58789	40.589905	-38.406372
147225410	ACC	-0.31806946	5.0500183	7.7301483
147225407	GYR	-0.17073059	0.21261597	-0.04434204
147225420	ACC	-0.286911	5.0661163	7.9349823
147225417	GYR	-0.21943665	0.22625732	-0.044570923
147225427	MAG	52.786255	40.70587	-38.33313
147225430	ACC	-0.24415588	5.0726776	8.253128
147225427	GYR	-0.2613678	0.24052429	-0.048202515
147225440	ACC	-0.19456482	5.027176	8.550751
147225437	GYR	-0.2846222	0.24673462	-0.056869507
147225446	MAG	53.04718	40.927124	-38.68866
147225450	ACC	-0.13917542	5.0141907	8.799683
147225447	GYR	-0.2876587	0.24832153	-0.06317139
147225460	ACC	-0.10496521	5.0149994	8.999084
147225457	GYR	-0.2754364	0.24481201	-0.06716919
147225465	MAG	53.36914	41.02478	-38.89923
147225470	ACC	-0.10971069	5.0293427	9.115936
147225467	GYR	-0.25254822	0.23509216	-0.07752991
147225480	ACC	-0.1783905	5.002701	9.169189
147225477	GYR	-0.22200012	0.22642517	-0.09353638
147225484	MAG	53.486633	41.358948	-39.20746
147225490	ACC	-0.2657776	4.9535217	9.15126
147225487	GYR	-0.18611145	0.21780396	-0.109069824
147225500	ACC	-0.39912415	4.881531	9.012878
147225497	GYR	-0.14781189	0.21499634	-0.12023926
147225504	MAG	53.529358	41.28723	-39.297485
147225510	ACC	-0.5961914	4.826584	8.804977
147225507	GYR	-0.115371704	0.2250061	-0.12336731
147225520	ACC	-0.71798706	4.785797	8.599411
147225517	GYR	-0.094192505	0.24084473	-0.11607361
147225523	MAG	54.11682	41.601562	-39.170837
147225530	ACC	-0.7591095	4.7845306	8.415863
147225527	GYR	-0.08380127	0.25143433	-0.0970459
147225540	ACC	-0.75213623	4.823715	8.259613
147225537	GYR	-0.08114624	0.24836731	-0.07556152
147225542	MAG	54.09546	41.503906	-39.486694
147225550	ACC	-0.739975	4.839508	8.105087
147225547	GYR	-0.08052063	0.23321533	-0.060165405
147225557	GYR	-0.080337524	0.200531	-0.052474976
147225561	MAG	54.426575	41.438293	-39.593506
147225560	ACC	-0.72483826	4.8565063	7.96698
147225567	GYR	-0.087402344	0.15188599	-0.050125122
147225570	ACC	-0.66212463	4.8585205	8.043015
147225577	GYR	-0.09777832	0.103759766	-0.052764893
147225581	MAG	54.72412	41.43982	-39.518738
147225580	ACC	-0.63404846	4.8497467	8.240204
147225587	GYR	-0.10089111	0.065322876	-0.059509277
147225590	ACC	-0.624588	4.8529205	8.411194
147225597	GYR	-0.09490967	0.03263855	-0.06599426
147225600	MAG	54.80194	41.688538	-39.726257
147225600	ACC	-0.6002655	4.8114777	8.546661
147225607	GYR	-0.08207703	0.010818481	-0.07066345
147225610	ACC	-0.6456299	4.7761993	8.657928
147225617	GYR	-0.061172485	0.003921509	-0.07284546
147225619	MAG	54.699707	41.767883	-39.772034
147225620	ACC	-0.7376404	4.7667694	8.673187
147225627	GYR	-0.03805542	0.015838623	-0.06796265
147225630	ACC	-0.79122925	4.7685394	8.465546
147225637	GYR	-0.026504517	0.036575317	-0.06059265
147225638	MAG	54.789734	41.73584	-39.868164
147225639	ACC	-0.8684082	4.816971	8.196671
147225647	GYR	-0.037887573	0.057266235	-0.05368042
147225649	ACC	-0.91197205	4.8755493	8.024994
147225657	GYR	-0.06750488	0.07244873	-0.050445557
147225658	MAG	54.740906	41.773987	-39.868164
147225659	ACC	-0.9198761	4.890457	7.9891357
147225669	ACC	-0.9313965	4.9115295	8.103195
147225667	GYR	-0.10369873	0.06896973	-0.050460815
147225677	MAG	54.786682	41.893005	-39.878845
147225679	ACC	-0.95588684	4.9016724	8.321182
147225677	GYR	-0.13374329	0.05178833	-0.051132202
147225696	MAG	54.873657	41.903687	-40.023804
147225689	ACC	-0.94444275	4.8697815	8.561554
147225687	GYR	-0.14997864	0.029251099	-0.052230835
147225699	ACC	-0.9192352	4.843155	8.752472
147225697	GYR	-0.1485138	0.0073242188	-0.05152893
147225715	MAG	54.776	42.09442	-39.985657
147225709	ACC	-0.931427	4.8109894	8.851379
147225707	GYR	-0.13195801	-0.00819397	-0.050445557
147225719	ACC	-0.9683533	4.762512	8.8802185
147225717	GYR	-0.10458374	-0.01637268	-0.050064087
147225734	MAG	54.808044	42.10968	-40.219116
147225729	ACC	-1.0349579	4.7373657	8.894226
147225727	GYR	-0.07885742	-0.012756348	-0.046585083
147225739	ACC	-1.1103668	4.723053	8.911911
147225737	GYR	-0.05718994	-0.0047454834	-0.036575317
147225754	MAG	54.79889	42.041016	-40.353394
147225749	ACC	-1.1061707	4.7057953	8.896225
147225747	GYR	-0.038330078	5.340576E-4	-0.019042969
147225759	ACC	-1.0486298	4.7222137	8.8125
147225757	GYR	-0.018753052	0.007583618	-0.0012054443
147225773	MAG	54.82025	42.17682	-40.039062
147225769	ACC	-0.98405457	4.777954	8.717453
147225767	GYR	-0.0067443848	0.01713562	0.016052246
147225779	ACC	-0.89419556	4.8117065	8.654739
147225777	GYR	-0.002029419	0.024932861	0.027542114
147225792	MAG	55.056763	42.070007	-40.138245
147225789	ACC	-0.8522339	4.8143616	8.614838
147225787	GYR	-5.340576E-4	0.02684021	0.031814575
147225799	ACC	-0.84477234	4.8059387	8.598938
147225797	GYR	-0.001373291	0.025268555	0.028656006
147225811	MAG	55.007935	42.222595	-40.100098
147225809	ACC	-0.83872986	4.7781525	8.591827
147225807	GYR	-0.0019226074	0.016830444	0.024520874
147225819	ACC	-0.82014465	4.752655	8.640076
147225817	GYR	-0.0022888184	0.003692627	0.021011353
147225831	MAG	54.71344	42.182922	-40.171814
147225829	ACC	-0.7914276	4.7229156	8.752289
147225827	GYR	-0.0036468506	-0.008422852	0.019180298
147225839	ACC	-0.73239136	4.6815796	8.853851
147225836	GYR	-0.0025787354	-0.010910034	0.01890564
147225850	MAG	55.052185	42.304993	-40.15503
147225849	ACC	-0.70085144	4.6356354	8.840195
147225846	GYR	0.0023345947	0.006088257	0.017684937
147225859	ACC	-0.6929779	4.6076355	8.770081
147225856	GYR	0.008285522	0.03364563	0.017364502
147225869	MAG	55.05371	42.227173	-40.148926
147225869	ACC	-0.7149658	4.6047516	8.695969
147225866	GYR	0.012313843	0.05923462	0.01763916
147225879	ACC	-0.7424164	4.5894012	8.574844
147225876	GYR	0.015090942	0.077545166	0.01701355
147225888	MAG	54.940796	42.16156	-40.37018
147225889	ACC	-0.8083496	4.5758667	8.482986
147225886	GYR	0.017959595	0.08883667	0.017105103
147225899	ACC	-0.82928467	4.5635986	8.4227295
147225896	GYR	0.019226074	0.08621216	0.017730713
147225907	MAG	55.108643	42.02881	-40.09247
147225909	ACC	-0.82203674	4.5621796	8.370651
147225906	GYR	0.02078247	0.07167053	0.01953125
147225919	ACC	-0.79885864	4.5710754	8.296875
147225916	GYR	0.022064209	0.05557251	0.022033691
147225927	MAG	55.029297	42.051697	-39.857483
147225929	ACC	-0.7697449	4.558014	8.236847
147225926	GYR	0.020584106	0.044143677	0.022003174
147225939	ACC	-0.7402344	4.5621033	8.158951
147225936	GYR	0.013702393	0.03778076	0.018997192
147225946	MAG	55.114746	42.10205	-40.005493
147225946	GYR	-0.0027923584	0.04548645	0.013427734
147225949	ACC	-0.72802734	4.5478973	8.071579
147225956	GYR	-0.027816772	0.060821533	0.009048462
147225965	MAG	54.96826	42.137146	-39.99939
147225959	ACC	-0.753067	4.556717	8.070526
147225966	GYR	-0.05709839	0.07270813	0.0048065186
147225969	ACC	-0.7919159	4.537964	8.178833
147225976	GYR	-0.0811615	0.08782959	0.0024261475
147225984	MAG	55.291748	42.234802	-40.20996
147225979	ACC	-0.82644653	4.532669	8.26297
147225986	GYR	-0.09754944	0.09950256	5.493164E-4
147225989	ACC	-0.8565979	4.5225983	8.409058
147225996	GYR	-0.10519409	0.09954834	0.00289917
147226004	MAG	55.47943	42.12799	-40.307617
147225999	ACC	-0.8101959	4.502884	8.52272
147226006	GYR	-0.09617615	0.090042114	0.0060424805
147226009	ACC	-0.6739197	4.458313	8.604553
147226016	GYR	-0.07536316	0.09286499	-0.01159668
147226023	MAG	55.37262	42.440796	-40.368652
147226019	ACC	-0.7957001	4.582657	8.585373
147226026	GYR	-0.056900024	0.09265137	-0.020095825
147226029	ACC	-0.9978943	4.7738495	8.569717
147226036	GYR	-0.049987793	0.046447754	0.0209198
147226042	MAG	55.366516	42.408752	-40.45868
147226039	ACC	-0.6558533	4.6025696	8.576248
147226046	GYR	-0.042495728	0.015731812	0.017974854
147226049	ACC	-0.6558075	4.637985	8.611252
147226061	MAG	55.470276	42.404175	-40.371704
147226059	ACC	-0.8084717	4.686493	8.60199
147226056	GYR	-0.0357666	0.031280518	-0.006881714
147226069	ACC	-0.7932739	4.6446686	8.667328
147226066	GYR	-0.036468506	0.01965332	0.0022735596
147226080	MAG	55.567932	42.521667	-40.33966
147226079	ACC	-0.76937866	4.617386	8.696915
147226076	GYR	-0.038406372	0.0026245117	0.018936157
147226089	ACC	-0.7656555	4.660263	8.678085
147226086	GYR	-0.032821655	0.008834839	0.024002075
147226100	MAG	55.426025	42.55371	-40.28778
147226099	ACC	-0.71832275	4.701233	8.648804
147226096	GYR	-0.028198242	0.013504028	0.029342651
147226109	ACC	-0.6438446	4.733856	8.64888
147226106	GYR	-0.02658081	0.010620117	0.03164673
147226119	MAG	55.273438	42.596436	-40.374756
147226119	ACC	-0.5771179	4.7578735	8.647781
147226116	GYR	-0.026473999	0.0064849854	0.028503418
147226128	ACC	-0.5785217	4.7478485	8.65564
147226126	GYR	-0.025726318	0.007095337	0.021270752
147226138	MAG	55.69153	42.733765	-40.594482
147226138	ACC	-0.61972046	4.727539	8.674576
147226136	GYR	-0.023925781	0.009109497	0.010955811
147226148	ACC	-0.6452179	4.6869354	8.705551
147226146	GYR	-0.019104004	0.006164551	0.004837036
147226157	MAG	55.526733	42.359924	-40.28015
147226158	ACC	-0.62709045	4.668976	8.72551
147226156	GYR	-0.009750366	-6.4086914E-4	0.0022583008
147226168	ACC	-0.59521484	4.6940765	8.695496
147226166	GYR	0.002029419	-0.007461548	0.0030670166
147226177	MAG	55.569458	42.788696	-40.26642
147226178	ACC	-0.5505066	4.716217	8.648499
147226176	GYR	0.011444092	-0.01322937	0.0035095215
147226188	ACC	-0.5292053	4.7349396	8.586075
147226186	GYR	0.018508911	-0.020233154	-3.3569336E-4
147226196	MAG	55.329895	42.552185	-40.281677
147226198	ACC	-0.56629944	4.7270355	8.545837
147226196	GYR	0.02142334	-0.019866943	-0.009796143
147226208	ACC	-0.5834198	4.7096405	8.528549
147226206	GYR	0.020065308	-0.017227173	-0.018966675
147226215	MAG	55.34668	42.5766	-40.052795
147226218	ACC	-0.59355164	4.6839905	8.535568
147226216	GYR	0.017288208	-0.014556885	-0.02507019
147226228	ACC	-0.59858704	4.676361	8.531952
147226226	GYR	0.015274048	-0.013031006	-0.029800415
147226234	MAG	55.27649	42.593384	-40.327454
147226238	ACC	-0.59321594	4.662674	8.505341
147226236	GYR	0.015533447	-0.016342163	-0.03477478
147226248	ACC	-0.6117401	4.6412506	8.443985
147226246	GYR	0.01524353	-0.019180298	-0.04071045
147226254	MAG	55.381775	42.55066	-40.238953
147226258	ACC	-0.65405273	4.6420746	8.422409
147226256	GYR	0.011413574	-0.017562866	-0.04762268
147226268	ACC	-0.6789856	4.6060333	8.442673
147226266	GYR	0.0050811768	-0.017501831	-0.051742554
147226273	MAG	55.53589	42.544556	-40.107727
147226278	ACC	-0.6782837	4.606186	8.422897
147226276	GYR	-7.324219E-4	-0.021774292	-0.052993774
147226288	ACC	-0.6712799	4.6201935	8.40184
147226286	GYR	-0.0061187744	-0.028167725	-0.055358887
147226292	MAG	55.369568	42.59796	-40.379333
147226298	ACC	-0.64886475	4.617676	8.36499
147226296	GYR	-0.014450073	-0.029251099	-0.059249878
147226308	ACC	-0.67974854	4.5883484	8.336731
147226306	GYR	-0.026504517	-0.028747559	-0.066467285
147226311	MAG	55.506897	42.453003	-40.516663
147226318	ACC	-0.7530365	4.5632935	8.373596
147226315	GYR	-0.040512085	-0.03189087	-0.073150635
147226328	ACC	-0.83610535	4.5153503	8.478485
147226325	GYR	-0.055786133	-0.03453064	-0.07487488
147226331	MAG	55.426025	42.55371	-40.28778
147226335	GYR	-0.068725586	-0.029663086	-0.073516846
147226338	ACC	-0.8930664	4.495224	8.468872
147226345	GYR	-0.07597351	-0.02633667	-0.06652832
147226350	MAG	55.567932	42.674255	-40.304565
147226348	ACC	-0.93925476	4.515991	8.48439
147226355	GYR	-0.079696655	-0.038391113	-0.055358887
147226358	ACC	-0.9684601	4.574005	8.352844
147226365	GYR	-0.08930969	-0.059188843	-0.04890442
147226369	MAG	55.560303	42.75818	-40.40222
147226368	ACC	-0.95033264	4.5707703	8.204254
147226375	GYR	-0.11444092	-0.09138489	-0.044921875
147226378	ACC	-0.9434509	4.5503387	8.194214
147226385	GYR	-0.1489563	-0.11526489	-0.040634155
147226388	MAG	55.407715	42.800903	-40.489197
147226388	ACC	-0.86021423	4.454529	8.292984
147226395	GYR	-0.18301392	-0.121398926	-0.05583191
147226398	ACC	-0.76467896	4.407791	8.706802
147226405	GYR	-0.18998718	-0.0899353	-0.09690857
147226407	MAG	55.352783	42.80548	-40.579224
147226408	ACC	-1.1159668	4.7265472	9.059967
147226415	GYR	-0.1776123	-0.10542297	-0.0786438
147226418	ACC	-0.9002991	4.5966187	9.23616
147226425	GYR	-0.13543701	-0.15150452	-0.063690186
147226427	MAG	55.20172	43.077087	-40.58838
147226428	ACC	-0.7644043	4.4702606	9.202332
147226435	GYR	-0.08068848	-0.19422913	-0.06629944
147226438	ACC	-0.7863159	4.435013	8.988312
147226446	MAG	55.177307	43.096924	-40.91339
147226448	ACC	-0.76249695	4.371216	8.857101
147226445	GYR	-0.037109375	-0.21620178	-0.072525024
147226458	ACC	-0.6678314	4.286972	8.891113
147226455	GYR	-0.011352539	-0.23173523	-0.07914734
147226465	MAG	55.05066	43.232727	-40.637207
147226468	ACC	-1.0326538	4.5961914	8.827713
147226465	GYR	0.015090942	-0.20558167	-0.11868286
147226484	MAG	54.95758	43.074036	-40.620422
147226478	ACC	-0.9288025	4.6565704	8.813385
147226475	GYR	0.024291992	-0.21910095	-0.11238098
147226488	ACC	-0.6078186	4.6291656	8.839432
147226485	GYR	0.018875122	-0.26361084	-0.072631836
147226503	MAG	54.75464	43.078613	-40.74707
147226498	ACC	-0.35437012	4.60878	8.939392
147226495	GYR	0.0065307617	-0.2832489	-0.05908203
147226508	ACC	-0.11505127	4.6129913	8.952072
147226505	GYR	0.0016479492	-0.25457764	-0.08428955
147226523	MAG	54.804993	42.808533	-40.777588
147226518	ACC	-0.19680786	4.7824707	8.733154
147226515	GYR	0.011260986	-0.18507385	-0.15325928
147226528	ACC	-0.46795654	4.9503174	8.36499
147226525	GYR	0.01852417	-0.15127563	-0.22865295
147226542	MAG	54.588318	42.936707	-40.403748
147226538	ACC	-0.34802246	4.7534485	8.202286
147226535	GYR	-0.010864258	-0.2227478	-0.23812866
147226548	ACC	-0.22181702	4.5927124	8.394897
147226545	GYR	-0.06112671	-0.29867554	-0.24607849
147226561	MAG	54.60205	42.9245	-40.21759
147226558	ACC	-0.2958374	4.640106	8.748352
147226555	GYR	-0.10386658	-0.31565857	-0.28515625
147226568	ACC	-0.390213	4.6846313	9.075806
147226565	GYR	-0.12286377	-0.3106537	-0.32452393
147226580	MAG	54.33197	43.136597	-40.541077
147226578	ACC	-0.39904785	4.5774536	9.3004
147226575	GYR	-0.11767578	-0.32858276	-0.33395386
147226588	ACC	-0.3465271	4.397278	9.439102
147226585	GYR	-0.09106445	-0.3560791	-0.32331848
147226600	MAG	54.10919	42.922974	-40.327454
147226598	ACC	-0.40490723	4.2980957	9.693481
147226595	GYR	-0.049987793	-0.36135864	-0.3110199
147226607	ACC	-0.47032166	4.2682037	9.883774
147226605	GYR	0.008590698	-0.3335266	-0.29605103
147226619	MAG	53.86505	42.881775	-40.356445
147226617	ACC	-0.4899292	4.3163147	9.696243
147226615	GYR	0.08218384	-0.2715912	-0.26861572
147226627	ACC	-0.49153137	4.4032288	9.190506
147226625	GYR	0.14613342	-0.21206665	-0.22946167
147226638	MAG	53.730774	42.83142	-40.205383
147226637	ACC	-0.31562805	4.4460754	8.645615
147226635	GYR	0.18058777	-0.21054077	-0.18893433
147226647	ACC	-0.12452698	4.516876	8.238556
147226645	GYR	0.18901062	-0.24467468	-0.17266846
147226657	MAG	53.697205	42.933655	-39.979553
147226657	ACC	-0.022109985	4.596344	8.029327
147226655	GYR	0.1765747	-0.2736969	-0.19145203
147226667	ACC	-0.03591919	4.563446	8.072739
147226665	GYR	0.14544678	-0.2917328	-0.22792053
147226676	MAG	53.370667	42.570496	-39.888
147226677	ACC	-0.14324951	4.4069214	8.171463
147226675	GYR	0.1124115	-0.2919464	-0.26107788
147226687	ACC	-0.37782288	4.2129364	8.162552
147226685	GYR	0.08911133	-0.26193237	-0.27526855
147226696	MAG	53.42102	42.45453	-39.883423
147226697	ACC	-0.7121887	4.1339264	8.162369
147226695	GYR	0.06967163	-0.22470093	-0.26419067
147226707	ACC	-0.7942047	4.079071	8.314835
147226705	GYR	0.048583984	-0.22512817	-0.22161865
147226715	MAG	53.33252	42.253113	-39.81781
147226717	ACC	-0.7155609	4.0857544	8.493149
147226715	GYR	0.037490845	-0.24784851	-0.1595459
147226727	ACC	-0.47177124	4.1601715	8.514282
147226725	GYR	0.046463013	-0.2679596	-0.098724365
147226734	MAG	53.063965	42.230225	-39.52179
147226735	GYR	0.065719604	-0.2685089	-0.05831909
147226737	ACC	-0.17060852	4.2427673	8.336197
147226745	GYR	0.073410034	-0.24267578	-0.047561646
147226753	MAG	52.973938	42.06848	-39.45923
147226747	ACC	-0.020202637	4.377899	8.12207
147226755	GYR	0.053375244	-0.19438171	-0.05670166
147226757	ACC	-0.07008362	4.5481873	7.8578644
147226765	GYR	0.0050811768	-0.14227295	-0.05847168
147226773	MAG	53.022766	41.99066	-39.456177
147226767	ACC	-0.014175415	4.542694	7.7086487
147226775	GYR	-0.06340027	-0.10873413	-0.062576294
147226777	ACC	-4.272461E-4	4.448883	7.735077
147226785	GYR	-0.1282959	-0.09005737	-0.07897949
147226792	MAG	52.493286	41.940308	-39.42108
147226787	ACC	-0.088760376	4.389496	7.9026947
147226794	GYR	-0.17558289	-0.087646484	-0.091033936
147226797	ACC	-0.11024475	4.338974	8.162323
147226804	GYR	-0.20228577	-0.085876465	-0.09025574
147226811	MAG	52.57263	42.149353	-39.62555
147226807	ACC	-0.03933716	4.2450714	8.603561
147226814	GYR	-0.18959045	-0.05155945	-0.0942688
147226817	ACC	-0.076812744	4.308243	8.869019
147226824	GYR	-0.14865112	-0.023803711	-0.09864807
147226830	MAG	52.57263	42.10968	-39.624023
147226827	ACC	-0.11741638	4.4528503	8.900452
147226837	ACC	-0.040420532	4.477844	8.828812
147226834	GYR	-0.10621643	-0.037887573	-0.09082031
147226850	MAG	52.7771	42.259216	-39.460754
147226847	ACC	0.051879883	4.4405365	8.774933
147226844	GYR	-0.07505798	-0.06855774	-0.09719849
147226857	ACC	0.10714722	4.3063965	8.813217
147226854	GYR	-0.049804688	-0.09547424	-0.121398926
147226869	MAG	52.764893	42.193604	-39.64081
147226867	ACC	0.10585022	4.19046	8.920898
147226864	GYR	-0.030029297	-0.1000824	-0.15206909
147226877	ACC	-0.12062073	4.336334	8.937332
147226874	GYR	3.0517578E-4	-0.06274414	-0.18630981
147226888	MAG	52.63672	42.175293	-39.39972
147226887	ACC	-0.18977356	4.4490356	8.971313
147226884	GYR	0.033050537	-0.034225464	-0.195755
147226897	ACC	-0.08828735	4.457382	8.989044
147226894	GYR	0.06706238	-0.018005371	-0.18205261
147226907	MAG	52.871704	42.185974	-39.508057
147226907	ACC	0.013183594	4.465683	8.970108
147226904	GYR	0.10232544	0.0047302246	-0.1722107
147226917	ACC	0.02633667	4.502075	8.944321
147226914	GYR	0.14155579	0.03050232	-0.17834473
147226926	MAG	52.622986	42.147827	-39.582825
147226927	ACC	0.034805298	4.498459	9.015381
147226924	GYR	0.18226624	0.054000854	-0.19177246
147226937	ACC	0.32254028	4.32782	9.122711
147226934	GYR	0.22509766	0.0793457	-0.20970154
147226946	MAG	52.89917	41.81671	-39.205933
147226947	ACC	0.31124878	3.7750854	8.993927
147226944	GYR	0.27760315	0.12068176	-0.24273682
147226957	ACC	-0.026855469	3.7155914	8.699371
147226954	GYR	0.34225464	0.16836548	-0.29441833
147226965	MAG	53.29895	41.619873	-39.076233
147226967	ACC	-0.13934326	4.2448425	8.610901
147226964	GYR	0.40364075	0.18208313	-0.3216095
147226977	ACC	-0.28167725	4.717209	8.620438
147226974	GYR	0.4385376	0.19085693	-0.3388672
147226984	MAG	53.63617	41.166687	-39.20288
147226987	ACC	-0.4960785	5.020294	8.724533
147226984	GYR	0.46351624	0.19232178	-0.35964966
147226997	ACC	-0.7074585	5.1651154	8.833786
147226994	GYR	0.5016937	0.15983582	-0.35665894
147227003	MAG	53.86505	40.716553	-38.815308
147227007	ACC	-0.86021423	5.176697	8.714569
147227004	GYR	0.5539551	0.1027832	-0.32901
147227017	ACC	-0.9610901	5.08638	8.259644
147227014	GYR	0.5946655	0.054885864	-0.28027344
147227023	MAG	54.190063	40.267944	-38.432312
147227027	ACC	-0.9691467	5.05748	7.851715
147227024	GYR	0.5952301	0.02015686	-0.20944214
147227037	ACC	-0.82995605	5.1239014	7.735962
147227034	GYR	0.54833984	-0.021652222	-0.12516785
147227042	MAG	54.255676	39.753723	-38.30719
147227047	ACC	-0.46591187	5.188217	7.39032
147227044	GYR	0.4748993	-0.043945312	-0.05088806
147227057	ACC	-0.20861816	5.2310486	6.997696
147227054	GYR	0.3938141	-0.059066772	-0.019424438
147227061	MAG	54.34265	39.37683	-37.869263
147227067	ACC	-0.30436707	5.203583	7.1399994
147227064	GYR	0.31610107	-0.12680054	-0.0382843
147227077	ACC	-0.5014801	5.102127	7.4441223
147227074	GYR	0.24697876	-0.19937134	-0.06036377
147227080	MAG	54.275513	39.08081	-37.519836
147227086	ACC	-0.48013306	5.1306763	7.6301727
147227084	GYR	0.19003296	-0.26138306	-0.04550171
147227096	ACC	-0.12771606	5.292618	7.906082
147227094	GYR	0.14596558	-0.3570404	-0.010253906
147227099	MAG	54.190063	39.030457	-37.373352
147227106	ACC	0.02911377	5.392227	8.051086
147227104	GYR	0.12225342	-0.44308472	0.004928589
147227116	ACC	0.0664978	5.33284	8.040543
147227114	GYR	0.11846924	-0.4868164	-0.011489868
147227119	MAG	53.656006	38.82904	-37.41913
147227124	GYR	0.10723877	-0.49043274	-0.043441772
147227126	ACC	0.020095825	5.1996	7.96196
147227134	GYR	0.067276	-0.44459534	-0.065963745
147227138	MAG	53.471375	38.6261	-37.347412
147227136	ACC	-0.025466919	5.024719	8.197601
147227144	GYR	0.016235352	-0.34846497	-0.064086914
147227146	ACC	0.0044403076	4.9533234	8.290161
147227154	GYR	-0.031661987	-0.24658203	-0.053024292
147227157	MAG	53.149414	38.642883	-37.098694
147227156	ACC	0.069625854	5.1052094	8.4617
147227164	GYR	-0.06562805	-0.17276001	-0.05316162
147227166	ACC	0.08930969	5.2294464	8.547852
147227174	GYR	-0.08506775	-0.1131134	-0.06968689
147227176	MAG	52.705383	38.757324	-37.173462
147227176	ACC	0.010192871	5.1616364	8.669189
147227184	GYR	-0.09039307	-0.041549683	-0.08958435
147227186	ACC	-0.115753174	5.0822144	8.562332
147227194	GYR	-0.10043335	0.04710388	-0.09764099
147227196	MAG	52.85797	38.716125	-37.086487
147227196	ACC	-0.1631012	5.1249847	8.337524
147227204	GYR	-0.122787476	0.13961792	-0.104537964
147227206	ACC	-0.20536804	5.150894	8.087143
147227214	GYR	-0.1617279	0.17707825	-0.12109375
147227215	MAG	52.923584	38.74359	-37.509155
147227216	ACC	-0.354599	5.1529694	8.028854
147227226	ACC	-0.29545593	5.0226593	8.061279
147227224	GYR	-0.18360901	0.17353821	-0.13919067
147227234	MAG	53.26538	38.902283	-37.44812
147227236	ACC	-0.19880676	4.8293915	8.099304
147227234	GYR	-0.1862793	0.14587402	-0.15319824
147227246	ACC	-0.36471558	4.8594513	8.285187
147227244	GYR	-0.1920929	0.069503784	-0.15649414
147227254	MAG	53.344727	39.071655	-37.649536
147227256	ACC	-0.37042236	4.8104553	8.2560425
147227254	GYR	-0.1824646	0.05128479	-0.15278625
147227266	ACC	-0.6058655	4.859207	8.399857
147227264	GYR	-0.18435669	0.038330078	-0.14938354
147227273	MAG	53.427124	39.31732	-37.81128
147227276	ACC	-0.55940247	4.729553	8.468475
147227274	GYR	-0.1921997	0.07376099	-0.1416626
147227292	MAG	53.678894	39.23645	-37.68158
147227286	ACC	-0.16975403	4.5165405	8.45665
147227283	GYR	-0.20678711	0.11782837	-0.122528076
147227296	ACC	-0.16841125	4.4967194	8.675781
147227293	GYR	-0.22416687	0.12512207	-0.116500854
147227311	MAG	53.656006	39.4104	-37.96997
147227306	ACC	-0.72361755	4.7179413	8.944153
147227303	GYR	-0.2215271	0.11517334	-0.13237
147227316	ACC	-0.97172546	4.7959747	8.614426
147227313	GYR	-0.16586304	0.17900085	-0.13638306
147227330	MAG	54.078674	39.50653	-38.14087
147227326	ACC	-0.81591797	4.729645	8.331207
147227323	GYR	-0.1210022	0.19552612	-0.113601685
147227336	ACC	-0.58644104	4.737503	8.281891
147227333	GYR	-0.12095642	0.16220093	-0.093688965
147227349	MAG	54.307556	39.752197	-38.264465
147227346	ACC	-0.5174866	4.730072	8.258759
147227343	GYR	-0.13864136	0.1585083	-0.093933105
147227356	ACC	-0.72187805	4.725281	8.352142
147227353	GYR	-0.17105103	0.19010925	-0.098724365
147227369	MAG	54.63257	39.92462	-38.433838
147227366	ACC	-1.0362701	4.736191	8.474274
147227363	GYR	-0.21685791	0.2554016	-0.09291077
147227376	ACC	-1.1266937	4.7026978	8.612686
147227373	GYR	-0.265625	0.3432312	-0.06549072
147227388	MAG	54.63257	39.886475	-38.432312
147227386	ACC	-1.073288	4.7179413	8.850601
147227383	GYR	-0.30793762	0.41314697	-0.027420044
147227396	ACC	-0.8639984	4.778076	8.904053
147227393	GYR	-0.3212738	0.4414978	-0.0025024414
147227407	MAG	54.881287	40.274048	-38.937378
147227406	ACC	-0.6836395	4.7719727	8.888824
147227403	GYR	-0.3008728	0.4234619	-9.613037E-4
147227416	ACC	-0.7049713	4.7814484	8.9479065
147227413	GYR	-0.26342773	0.36436462	-0.016479492
147227426	MAG	55.29785	40.45105	-39.160156
147227426	ACC	-0.82321167	4.8022156	9.149887
147227423	GYR	-0.21504211	0.2833252	-0.035568237
147227436	ACC	-0.9551544	4.730179	9.294189
147227433	GYR	-0.152771	0.20365906	-0.04774475
147227446	MAG	55.384827	40.615845	-39.268494
147227446	ACC	-1.1338501	4.6385345	9.291763
147227443	GYR	-0.07702637	0.13250732	-0.05000305
147227456	ACC	-1.2502594	4.6285095	9.173309
147227453	GYR	-9.0026855E-4	0.064819336	-0.038970947
147227465	MAG	55.72052	40.855408	-39.25934
147227466	ACC	-1.1764679	4.6739044	9.004318
147227463	GYR	0.060928345	0.014450073	-0.013061523
147227476	ACC	-0.98773193	4.7277527	8.752777
147227473	GYR	0.09762573	-0.010177612	0.016723633
147227484	MAG	55.581665	40.73181	-39.196777
147227486	ACC	-0.6941681	4.835907	8.576248
147227483	GYR	0.10409546	-0.0138549805	0.03439331
147227496	ACC	-0.4550476	4.951065	8.506668
147227493	GYR	0.08618164	-0.0010528564	0.02998352
147227503	MAG	55.34973	40.40985	-39.112854
147227506	ACC	-0.46925354	4.9474487	8.573669
147227503	GYR	0.0599823	0.016906738	0.0034179688
147227513	GYR	0.0413208	0.028640747	-0.030517578
147227522	MAG	55.451965	40.138245	-39.100647
147227516	ACC	-0.6993103	4.8857727	8.637192
147227523	GYR	0.036590576	0.036132812	-0.050247192
147227526	ACC	-0.96655273	4.7848206	8.680939
147227533	GYR	0.04222107	0.04058838	-0.047592163
147227542	MAG	55.555725	40.519714	-38.94806
147227536	ACC	-1.1130829	4.6279297	8.660065
147227543	GYR	0.05329895	0.038238525	-0.024856567
147227546	ACC	-1.1381073	4.589676	8.618835
147227553	GYR	0.06468201	0.030822754	0.0051116943
147227561	MAG	55.592346	40.530396	-39.089966
147227556	ACC	-1.0658569	4.6697845	8.548904
147227563	GYR	0.07539368	0.009780884	0.030944824
147227565	ACC	-0.92778015	4.6865997	8.580444
147227573	GYR	0.0871582	-0.015060425	0.047683716
147227580	MAG	55.351257	40.524292	-39.074707
147227575	ACC	-0.7669983	4.694046	8.615112
147227583	GYR	0.09967041	-0.020202637	0.054840088
147227585	ACC	-0.60621643	4.738312	8.563446
147227593	GYR	0.105148315	-0.007507324	0.05055237
147227599	MAG	55.74646	40.40985	-38.998413
147227595	ACC	-0.54927063	4.7786713	8.374893
147227603	GYR	0.08972168	0.013473511	0.0413208
147227605	ACC	-0.5818634	4.796646	8.313934
147227619	MAG	55.451965	40.138245	-39.100647
147227615	ACC	-0.6252594	4.7855225	8.36998
147227613	GYR	0.059936523	0.0340271	0.028839111
147227625	ACC	-0.72021484	4.75856	8.426804
147227623	GYR	0.038619995	0.04084778	0.014541626
147227638	MAG	55.625916	40.078735	-38.735962
147227635	ACC	-0.7441406	4.715393	8.518539
147227633	GYR	0.035339355	0.02659607	0.003982544
147227645	ACC	-0.6970978	4.7014923	8.578201
147227643	GYR	0.050582886	-0.005859375	0.0053100586
147227657	MAG	55.65796	40.170288	-38.92975
147227655	ACC	-0.69473267	4.6874084	8.562225
147227653	GYR	0.07423401	-0.04058838	0.0074005127
147227665	ACC	-0.71009827	4.6934814	8.502014
147227663	GYR	0.09449768	-0.053359985	0.012069702
147227676	MAG	55.625916	40.039062	-38.73291
147227675	ACC	-0.7045746	4.7381897	8.378326
147227673	GYR	0.09736633	-0.03501892	0.022323608
147227685	ACC	-0.70018005	4.7796326	8.265884
147227683	GYR	0.081970215	0.007797241	0.029190063
147227696	MAG	55.706787	39.978027	-38.964844
147227695	ACC	-0.7118225	4.8046875	8.291626
147227693	GYR	0.050445557	0.048599243	0.029922485
147227705	ACC	-0.7049103	4.812195	8.324051
147227703	GYR	0.02331543	0.06703186	0.028244019
147227715	MAG	55.27649	39.96582	-38.893127
147227715	ACC	-0.659256	4.800873	8.360901
147227713	GYR	0.015426636	0.053237915	0.024795532
147227725	ACC	-0.6291809	4.8210907	8.426514
147227723	GYR	0.020126343	0.020431519	0.020217896
147227734	MAG	55.7724	40.11841	-38.700867
147227735	ACC	-0.6193695	4.883377	8.388245
147227733	GYR	0.032409668	-0.011764526	0.014450073
147227745	ACC	-0.6269684	4.9115295	8.195328
147227743	GYR	0.041625977	-0.03413391	0.0054779053
147227753	MAG	55.58777	39.875793	-38.627625
147227755	ACC	-0.69662476	4.913025	8.092758
147227753	GYR	0.03413391	-0.04399109	-0.005996704
147227765	ACC	-0.7640991	4.9611664	8.217545
147227762	GYR	0.0068969727	-0.035964966	-0.014968872
147227772	MAG	55.2948	39.912415	-38.658142
147227775	ACC	-0.795166	5.000412	8.361435
147227772	GYR	-0.024108887	-0.01184082	-0.020721436
147227785	ACC	-0.8240204	4.978409	8.529266
147227782	GYR	-0.04724121	0.01335144	-0.026535034
147227792	MAG	55.633545	40.034485	-38.641357
147227795	ACC	-0.92289734	4.908432	8.687576
147227792	GYR	-0.058273315	0.026443481	-0.029434204
147227805	ACC	-0.90956116	4.893051	8.795944
147227802	GYR	-0.05836487	0.032409668	-0.021499634
147227811	MAG	55.34668	40.21759	-38.5437
147227815	ACC	-0.8331909	4.9437103	8.867126
147227812	GYR	-0.052352905	0.036453247	-0.009002686
147227825	ACC	-0.76194763	4.929779	8.907593
147227822	GYR	-0.040298462	0.035949707	-0.0046844482
147227830	MAG	55.42755	40.156555	-38.775635
147227835	ACC	-0.75135803	4.879425	8.937927
147227832	GYR	-0.023452759	0.03491211	-0.008026123
147227845	ACC	-0.89245605	4.88739	8.855698
147227842	GYR	-0.0061035156	0.048324585	-0.010848999
147227849	MAG	55.532837	40.034485	-38.68103
147227855	ACC	-0.94429016	4.860153	8.652512
147227852	GYR	0.009048462	0.05984497	-0.01020813
147227865	ACC	-0.88442993	4.808304	8.572205
147227862	GYR	0.021072388	0.04638672	-0.00793457
147227868	MAG	55.430603	39.99939	-38.764954
147227875	ACC	-0.8065491	4.734085	8.60968
147227872	GYR	0.03211975	0.017242432	-0.0062561035
147227885	ACC	-0.903656	4.6603546	8.665527
147227882	GYR	0.042556763	6.713867E-4	-0.0045776367
147227888	MAG	55.682373	39.956665	-38.638306
147227895	ACC	-1.0068359	4.660248	8.700623
147227892	GYR	0.048583984	0.016494751	0.006591797
147227902	GYR	0.05343628	0.05479431	0.02809143
147227907	MAG	55.532837	40.034485	-38.68103
147227905	ACC	-0.9921875	4.5979767	8.718857
147227912	GYR	0.061782837	0.104537964	0.052383423
147227915	ACC	-1.0510254	4.592636	8.656311
147227922	GYR	0.07362366	0.15307617	0.08317566
147227926	MAG	55.78003	39.920044	-38.641357
147227925	ACC	-0.97972107	4.5838623	8.682205
147227932	GYR	0.09675598	0.18499756	0.114730835
147227935	ACC	-0.6622162	4.6632996	8.746201
147227942	GYR	0.13285828	0.19026184	0.120513916
147227945	MAG	55.578613	39.80713	-38.760376
147227945	ACC	-0.65515137	4.784973	8.328903
147227952	GYR	0.1555481	0.15808105	0.10983276
147227955	ACC	-0.90789795	4.7476044	8.025314
147227962	GYR	0.14848328	0.11495972	0.1133728
147227965	MAG	56.015015	39.891052	-38.746643
147227965	ACC	-1.3079681	4.4775543	8.331131
147227972	GYR	0.12992859	0.14437866	0.16262817
147227975	ACC	-1.3890381	4.2829895	8.735138
147227982	GYR	0.1250763	0.22555542	0.23918152
147227984	MAG	55.729675	39.727783	-38.71765
147227985	ACC	-1.3069763	4.349182	8.851059
147227992	GYR	0.14581299	0.29994202	0.29475403
147227995	ACC	-1.3141937	4.545639	8.585205
147228003	MAG	56.033325	39.645386	-38.545227
147228005	ACC	-0.8014221	4.730545	8.313385
147228002	GYR	0.15849304	0.33384705	0.34179688
147228015	ACC	-0.27330017	4.9297333	8.039612
147228012	GYR	0.1558075	0.3166809	0.36140442
147228022	MAG	56.24237	39.561462	-39.01367
147228025	ACC	-0.045440674	5.12677	7.654831
147228022	GYR	0.14668274	0.27253723	0.3238678
147228035	ACC	0.03404236	5.247772	7.327118
147228032	GYR	0.117874146	0.22271729	0.25346375
147228042	MAG	56.28662	39.56299	-38.415527
147228044	ACC	-0.015945435	5.267151	7.237747
147228042	GYR	0.05897522	0.16859436	0.17234802
147228054	ACC	-0.18309021	5.2484436	7.24704
147228052	GYR	-0.009979248	0.10923767	0.08937073
147228061	MAG	55.477905	39.500427	-38.871765
147228064	ACC	-0.35964966	5.1634216	7.434265
147228062	GYR	-0.06854248	0.025299072	0.0152282715
147228080	MAG	55.856323	39.553833	-38.990784
147228074	ACC	-0.49562073	5.0546265	7.7740784
147228072	GYR	-0.109954834	-0.07911682	-0.041671753
147228084	ACC	-0.50627136	5.0260315	8.045029
147228082	GYR	-0.12878418	-0.17248535	-0.079711914
147228099	MAG	55.592346	39.526367	-38.648987
147228094	ACC	-0.43821716	4.9807434	8.251282
147228092	GYR	-0.13352966	-0.2545929	-0.113708496
147228104	ACC	-0.44685364	4.8917236	8.234909
147228102	GYR	-0.13134766	-0.31492615	-0.15237427
147228118	MAG	56.08673	39.756775	-38.46283
147228114	ACC	-0.5009155	4.860199	7.993286
147228112	GYR	-0.13549805	-0.35133362	-0.18710327
147228124	ACC	-0.49250793	4.894577	7.900284
147228122	GYR	-0.16078186	-0.385849	-0.21226501
147228138	MAG	55.360413	39.85901	-38.427734
147228134	ACC	-0.30725098	4.90567	8.105621
147228132	GYR	-0.20149231	-0.425354	-0.23979187
147228144	ACC	-0.28582764	4.8805847	8.628571
147228142	GYR	-0.23651123	-0.4361267	-0.27729797
147228157	MAG	55.622864	40.042114	-38.780212
147228154	ACC	-0.50157166	4.7877502	9.061249
147228152	GYR	-0.24942017	-0.38542175	-0.3128357
147228164	ACC	-0.7163849	4.646057	9.161102
147228162	GYR	-0.22924805	-0.28414917	-0.32270813
147228176	MAG	55.763245	39.933777	-38.87329
147228174	ACC	-0.88586426	4.49704	9.180695
147228172	GYR	-0.19223022	-0.1847229	-0.30070496
147228184	ACC	-1.0400238	4.463272	9.153961
147228182	GYR	-0.15306091	-0.10601807	-0.25912476
147228195	MAG	55.39856	40.065002	-39.18457
147228194	ACC	-1.0414276	4.584442	9.079498
147228192	GYR	-0.11364746	-0.04763794	-0.20422363
147228204	ACC	-0.95803833	4.7082367	9.129242
147228202	GYR	-0.07072449	-0.018997192	-0.15106201
147228215	MAG	55.586243	40.15045	-39.248657
147228214	ACC	-0.92289734	4.730118	9.202576
147228212	GYR	-0.019042969	-0.025283813	-0.11895752
147228224	ACC	-0.8071594	4.7136536	9.24942
147228222	GYR	0.041168213	-0.060440063	-0.10229492
147228234	MAG	54.595947	40.766907	-39.41803
147228234	ACC	-0.8058624	4.75177	9.000275
147228232	GYR	0.10058594	-0.09675598	-0.09005737
147228244	ACC	-0.69029236	4.8220673	8.738586
147228241	GYR	0.1378479	-0.10760498	-0.080566406
147228253	MAG	54.075623	40.55786	-39.927673
147228254	ACC	-0.6490631	4.862793	8.525528
147228251	GYR	0.14413452	-0.09298706	-0.07849121
147228264	ACC	-0.65763855	4.8370056	8.484756
147228261	GYR	0.12956238	-0.065979004	-0.08444214
147228272	MAG	53.904724	40.689087	-39.60266
147228274	ACC	-0.7505188	4.8303375	8.386475
147228271	GYR	0.10821533	-0.031402588	-0.09005737
147228284	ACC	-0.76594543	4.813614	8.307068
147228281	GYR	0.0867157	-0.0010223389	-0.090042114
147228291	MAG	54.518127	39.982605	-39.959717
147228291	GYR	0.06816101	0.016036987	-0.08770752
147228294	ACC	-0.7719879	4.7838135	8.254074
147228301	GYR	0.051101685	0.028717041	-0.08425903
147228311	MAG	54.400635	39.497375	-40.335083
147228304	ACC	-0.86346436	4.714142	8.304108
147228311	GYR	0.036621094	0.047561646	-0.071746826
147228314	ACC	-0.9708557	4.6837463	8.376862
147228321	GYR	0.02986145	0.06878662	-0.05014038
147228330	MAG	53.35083	39.93225	-41.3208
147228324	ACC	-1.0227814	4.6776733	8.393555
147228331	GYR	0.029510498	0.07865906	-0.024368286
147228334	ACC	-0.9781189	4.686966	8.355988
147228341	GYR	0.032806396	0.06428528	-0.005554199
147228349	MAG	53.601074	39.852905	-41.238403
147228344	ACC	-0.9463196	4.710144	8.342926
147228351	GYR	0.03930664	0.032928467	0.0064849854
147228354	ACC	-0.8878021	4.7240753	8.398605
147228361	GYR	0.049591064	-8.239746E-4	0.013793945
147228368	MAG	53.60565	39.772034	-41.186523
147228364	ACC	-0.79141235	4.7348175	8.440689
147228374	ACC	-0.77648926	4.7431335	8.466278
147228384	ACC	-0.69999695	4.7395935	8.374435
147228371	GYR	0.06210327	-0.023223877	0.016647339
147228381	GYR	0.069869995	-0.031341553	0.021011353
147228394	MAG	53.546143	39.66217	-40.711975
147228394	ACC	-0.677536	4.7772827	8.230621
147228391	GYR	0.068359375	-0.02368164	0.02029419
147228407	MAG	53.346252	39.860535	-41.407776
147228404	ACC	-0.6641846	4.8252563	8.106232
147228401	GYR	0.055908203	-0.009918213	0.016021729
147228414	ACC	-0.678421	4.8383026	8.134171
147228411	GYR	0.03515625	-0.0063934326	0.011444092
147228426	MAG	53.03192	39.831543	-41.062927
147228424	ACC	-0.70425415	4.8260193	8.2756195
147228421	GYR	0.013427734	-0.0073547363	0.0036773682
147228434	ACC	-0.7010956	4.818207	8.36615
147228431	GYR	0.0027313232	-0.0121154785	4.7302246E-4
147228445	MAG	53.66516	39.52942	-40.431213
147228444	ACC	-0.74116516	4.8029633	8.418472
147228441	GYR	0.0027313232	-0.015014648	-0.0028839111
147228454	ACC	-0.7703247	4.7758636	8.501053
147228451	GYR	0.0032958984	-0.020370483	-0.0028381348
147228464	MAG	53.65753	39.37683	-39.263916
147228464	ACC	-0.76239014	4.787506	8.558105
147228461	GYR	0.008163452	-0.022018433	0.0016937256
147228474	ACC	-0.6846466	4.8414764	8.493546
147228471	GYR	0.017807007	-0.013366699	0.008575439
147228484	MAG	54.77295	38.9328	-39.344788
147228484	ACC	-0.6452484	4.885193	8.381485
147228481	GYR	0.024246216	-0.0042877197	0.008758545
147228494	ACC	-0.6587982	4.899933	8.292114
147228491	GYR	0.022323608	1.2207031E-4	0.0026245117
147228503	MAG	55.29785	38.908386	-38.81836
147228504	ACC	-0.6893616	4.905411	8.233429
147228501	GYR	0.010848999	0.007080078	-0.004714966
147228514	ACC	-0.73902893	4.926422	8.235886
147228511	GYR	-0.006439209	0.014709473	-0.010650635
147228522	MAG	55.38788	38.835144	-38.264465
147228524	ACC	-0.7541199	4.942627	8.3259735
147228521	GYR	-0.023162842	0.017669678	-0.014007568
147228533	ACC	-0.7808533	4.9141235	8.423523
147228531	GYR	-0.032302856	0.01399231	-0.016296387
147228541	MAG	55.447388	38.749695	-38.12256
147228543	ACC	-0.83236694	4.850357	8.5238495
147228541	GYR	-0.029632568	0.003967285	-0.017227173
147228553	ACC	-0.8401184	4.807541	8.607513
147228551	GYR	-0.019744873	-0.008926392	-0.015350342
147228561	MAG	55.737305	38.909912	-38.104248
147228563	ACC	-0.79852295	4.8141785	8.639221
147228561	GYR	-0.0074768066	-0.016662598	-0.010253906
147228573	ACC	-0.7550049	4.8414764	8.589554
147228571	GYR	0.0024414062	-0.014816284	-0.0039367676
147228580	MAG	55.793762	38.671875	-38.04474
147228583	ACC	-0.73194885	4.861908	8.518921
147228581	GYR	0.0075683594	-0.00680542	-7.6293945E-5
147228593	ACC	-0.7203522	4.87912	8.528442
147228591	GYR	0.008834839	9.1552734E-5	0.0011749268
147228599	MAG	55.455017	38.935852	-37.997437
147228603	ACC	-0.74523926	4.8828125	8.570526
147228601	GYR	0.010482788	0.0038757324	-1.6784668E-4
147228613	ACC	-0.8352356	4.8470154	8.5351715
147228611	GYR	0.017745972	0.0065460205	-1.9836426E-4
147228618	MAG	55.53894	38.832092	-38.180542
147228623	ACC	-0.90548706	4.8192596	8.448441
147228621	GYR	0.028396606	0.006011963	0.005554199
147228633	ACC	-0.83647156	4.849533	8.317291
147228631	GYR	0.03640747	-3.8146973E-4	0.017822266
147228638	MAG	55.381775	38.763428	-38.35144
147228643	ACC	-0.68891907	4.932373	8.2447815
147228641	GYR	0.038375854	-0.009780884	0.030136108
147228653	ACC	-0.4874115	5.00058	8.205582
147228651	GYR	0.032043457	-0.018371582	0.031814575
147228657	MAG	55.680847	38.685608	-38.27057
147228663	ACC	-0.42826843	5.069107	8.198624
147228661	GYR	0.020111084	-0.022705078	0.020645142
147228673	ACC	-0.44987488	5.036499	8.2361145
147228671	GYR	0.0043182373	-0.023452759	-9.613037E-4
147228676	MAG	55.584717	38.64441	-38.261414
147228681	GYR	-0.013473511	-0.020736694	-0.02583313
147228683	ACC	-0.5475006	4.956482	8.278336
147228691	GYR	-0.030700684	-0.014633179	-0.041030884
147228695	MAG	55.26123	38.78174	-38.668823
147228693	ACC	-0.7144623	4.9023438	8.384094
147228701	GYR	-0.04084778	-0.005783081	-0.042266846
147228703	ACC	-0.80856323	4.8466187	8.567871
147228711	GYR	-0.03643799	-9.0026855E-4	-0.036376953
147228714	MAG	54.896545	39.14337	-38.95111
147228713	ACC	-0.796875	4.841919	8.722763
147228720	GYR	-0.0124053955	-0.002319336	-0.026901245
147228723	ACC	-0.76605225	4.844589	8.676895
147228730	GYR	0.018341064	-0.012802124	-0.02166748
147228734	MAG	54.769897	39.086914	-38.70697
147228733	ACC	-0.74002075	4.8857727	8.460571
147228740	GYR	0.03869629	-0.03564453	-0.022766113
147228743	ACC	-0.70140076	4.9098206	8.267838
147228750	GYR	0.038909912	-0.0635376	-0.02973938
147228753	MAG	54.5578	38.983154	-38.964844
147228753	ACC	-0.7304535	4.941498	8.16507
147228760	GYR	0.02368164	-0.08996582	-0.040725708
147228763	ACC	-0.76571655	4.945587	8.214157
147228770	GYR	0.0056152344	-0.11627197	-0.048431396
147228772	MAG	53.93982	39.19525	-39.405823
147228773	ACC	-0.8198242	4.8927917	8.320221
147228780	GYR	-0.011306763	-0.12850952	-0.049850464
147228783	ACC	-0.81604004	4.8513794	8.491287
147228791	MAG	53.59497	39.389038	-40.093994
147228793	ACC	-0.7596283	4.854782	8.631226
147228790	GYR	-0.022384644	-0.123916626	-0.041763306
147228803	ACC	-0.7213898	4.9078064	8.676239
147228800	GYR	-0.024475098	-0.11125183	-0.037139893
147228811	MAG	53.918457	39.21051	-39.03656
147228813	ACC	-0.7362366	4.918274	8.672134
147228810	GYR	-0.018630981	-0.109176636	-0.0398407
147228823	ACC	-0.81425476	4.8947754	8.678009
147228820	GYR	-0.010314941	-0.120895386	-0.044830322
147228830	MAG	53.62091	38.941956	-39.18457
147228833	ACC	-0.89082336	4.8919525	8.68396
147228830	GYR	-1.5258789E-5	-0.14335632	-0.04937744
147228843	ACC	-0.81895447	4.8775787	8.628006
147228840	GYR	0.012237549	-0.17495728	-0.050354004
147228849	MAG	53.93982	38.99994	-38.790894
147228853	ACC	-0.6907654	4.872177	8.456146
147228850	GYR	0.021820068	-0.20549011	-0.05038452
147228863	ACC	-0.60198975	4.9233093	8.1800995
147228860	GYR	0.022476196	-0.22389221	-0.055496216
147228869	MAG	53.33252	39.245605	-39.744568
147228873	ACC	-0.5641022	4.9879	7.9693756
147228870	GYR	0.00289917	-0.24693298	-0.07003784
147228887	MAG	52.420044	39.334106	-38.95569
147228883	ACC	-0.50994873	5.002243	7.986496
147228880	GYR	-0.03652954	-0.2727661	-0.090545654
147228893	ACC	-0.44111633	4.915436	8.145142
147228890	GYR	-0.0783844	-0.2900238	-0.11364746
147228907	MAG	52.819824	39.375305	-40.09247
147228903	ACC	-0.4835205	4.7921295	8.367889
147228900	GYR	-0.10899353	-0.2890625	-0.13328552
147228913	ACC	-0.5874939	4.668106	8.468384
147228910	GYR	-0.127182	-0.265213	-0.14369202
147228926	MAG	52.7771	39.25171	-39.387512
147228923	ACC	-0.7276001	4.563156	8.51358
147228920	GYR	-0.13174438	-0.20446777	-0.13739014
147228933	ACC	-0.80018616	4.5567474	8.754303
147228930	GYR	-0.13433838	-0.15142822	-0.113479614
147228945	MAG	52.175903	39.68506	-40.21454
147228943	ACC	-0.6431122	4.5483704	8.866028
147228940	GYR	-0.11903381	-0.12858582	-0.075805664
147228953	ACC	-0.54837036	4.508133	8.834244
147228950	GYR	-0.074295044	-0.08937073	-0.042236328
147228964	MAG	52.9953	39.39209	-39.68811
147228963	ACC	-0.57418823	4.5334167	8.775375
147228960	GYR	-0.024780273	-0.06253052	-0.022613525
147228973	ACC	-0.541626	4.5874176	8.646744
147228970	GYR	0.018966675	-0.048965454	-0.0058135986
147228984	MAG	52.227783	39.526367	-39.55841
147228983	ACC	-0.51008606	4.66185	8.433273
147228980	GYR	0.05154419	-0.04206848	0.01234436
147228993	ACC	-0.52064514	4.7331696	8.198349
147228990	GYR	0.065826416	-0.04411316	0.023361206
147229003	MAG	52.638245	39.517212	-39.90631
147229003	ACC	-0.5224457	4.780075	8.069794
147229000	GYR	0.060546875	-0.053512573	0.02420044
147229012	ACC	-0.5281677	4.7707214	8.169128
147229010	GYR	0.041000366	-0.06713867	0.022125244
147229022	MAG	52.400208	39.312744	-39.230347
147229022	ACC	-0.57136536	4.687851	8.296371
147229020	GYR	0.019805908	-0.06730652	0.022766113
147229032	ACC	-0.5879059	4.6315002	8.378098
147229030	GYR	0.005859375	-0.050491333	0.028945923
147229041	MAG	53.20282	39.144897	-37.599182
147229042	ACC	-0.5890198	4.6512756	8.39621
147229040	GYR	0.0012969971	-0.028396606	0.041366577
147229052	ACC	-0.5501251	4.673691	8.351288
147229050	GYR	0.0029907227	-0.010070801	0.05618286
147229060	MAG	53.767395	38.975525	-37.852478
147229062	ACC	-0.5319214	4.707489	8.250565
147229060	GYR	0.007003784	-0.0033874512	0.067276
147229070	GYR	0.010955811	-0.011306763	0.07261658
147229080	MAG	53.95813	39.097595	-37.87384
147229072	ACC	-0.5271301	4.730133	8.202621
147229080	GYR	0.0119018555	-0.029785156	0.074020386
147229082	ACC	-0.5592346	4.7794952	8.139694
147229090	GYR	0.0070495605	-0.055282593	0.07803345
147229099	MAG	53.70331	38.949585	-38.07831
147229092	ACC	-0.52337646	4.7690887	8.17598
147229100	GYR	-0.0027160645	-0.07672119	0.08255005
147229102	ACC	-0.43130493	4.784256	8.284897
147229110	GYR	-0.011795044	-0.08078003	0.08538818
147229118	MAG	53.962708	39.05487	-37.823486
147229112	ACC	-0.43759155	4.7433624	8.383804
147229120	GYR	-0.018447876	-0.06338501	0.090545654
147229122	ACC	-0.4672699	4.6517487	8.286194
147229130	GYR	-0.029083252	-0.040512085	0.09837341
147229137	MAG	53.849792	38.83362	-37.431335
147229132	ACC	-0.4287262	4.6177673	8.044968
147229140	GYR	-0.06278992	-0.008377075	0.10874939
147229142	ACC	-0.39527893	4.626877	7.5902557
147229150	GYR	-0.15098572	0.053634644	0.11248779
147229157	MAG	53.674316	39.12506	-37.765503
147229152	ACC	-0.4623413	4.533478	7.0355225
147229160	GYR	-0.30226135	0.14237976	0.12863159
147229162	ACC	-0.39988708	4.500366	6.5900574
147229170	GYR	-0.4842224	0.20584106	0.14128113
147229176	MAG	54.04663	39.33716	-37.94098
147229172	ACC	-0.32460022	4.389618	6.413254
147229182	ACC	-0.72946167	3.7968292	6.20697
147229180	GYR	-0.6349182	0.1963501	0.1214447
147229195	MAG	53.781128	39.852905	-38.146973
147229192	ACC	-1.7338715	3.0144043	6.263687
147229190	GYR	-0.7430725	0.103652954	0.13954163
147229202	ACC	-2.532669	2.5932922	6.3752594
147229199	GYR	-0.8055115	-0.04434204	0.30628967
147229214	MAG	53.68805	40.390015	-38.642883
147229212	ACC	-2.6842804	2.2017517	6.1462708
147229209	GYR	-0.82572937	-0.23556519	0.56526184
147229222	ACC	-1.4956055	1.3813019	5.032089
147229219	GYR	-0.77633667	-0.5301819	0.81166077
147229234	MAG	52.88391	41.13159	-38.87787
147229232	ACC	1.0313721	0.8172455	3.991867
147229229	GYR	-0.6893158	-1.1441345	1.0651855
147229242	ACC	3.7057037	1.2207794	3.0576172
147229239	GYR	-0.6202698	-2.106369	1.2097931
147229253	MAG	51.435852	42.025757	-38.624573
147229252	ACC	5.2507324	1.5048218	1.8202667
147229249	GYR	-0.5899048	-2.9848938	1.0213623
147229262	ACC	4.8419952	1.2015533	2.0921173
147229259	GYR	-0.7869873	-3.2621002	0.6057434
147229272	MAG	48.62213	42.55371	-37.89215
147229272	ACC	4.034149	0.7787781	2.555664
147229269	GYR	-1.0525208	-3.430313	0.29086304
147229282	ACC	2.33049	-0.1965332	2.851181
147229279	GYR	-1.2028198	-3.683136	0.11689758
147229291	MAG	45.433044	43.525696	-36.891174
147229292	ACC	-1.0059814	-1.8213043	3.4779663
147229289	GYR	-1.2991943	-3.905182	0.1811676
147229302	ACC	-3.6099854	-2.445984	4.9248657
147229299	GYR	-1.4197388	-3.865738	0.65411377
147229310	MAG	42.108154	44.795227	-35.717773
147229312	ACC	-3.2688904	-0.28120422	6.59079
147229309	GYR	-1.5352173	-3.4431	1.3795319
147229322	ACC	-1.6447601	2.8762207	7.8980103
147229319	GYR	-1.4928284	-2.8148804	1.8779755
147229330	MAG	39.15558	46.354675	-34.680176
147229332	ACC	-1.0561829	4.26474	8.656418
147229329	GYR	-1.2724304	-2.1536102	1.8875885
147229342	ACC	-2.0054932	3.379837	9.256699
147229339	GYR	-0.9219971	-1.6214447	1.7120972
147229349	MAG	36.843872	47.842407	-34.184265
147229352	ACC	-3.0415802	0.45806885	9.329422
147229349	GYR	-0.45298767	-1.3619537	1.7881622
147229362	ACC	-3.1010895	-3.2965393	8.279648
147229359	GYR	0.10450745	-1.3842621	2.2046509
147229368	MAG	35.331726	49.090576	-33.395386
147229372	ACC	-2.6766815	-5.372513	6.960449
147229369	GYR	0.63687134	-1.5662689	2.7559204
147229382	ACC	-1.883606	-5.108185	5.386917
147229379	GYR	1.0787964	-1.6745911	3.2944794
147229387	MAG	33.77838	50.061035	-31.936646
147229392	ACC	-0.85635376	-4.036682	3.64888
147229389	GYR	1.3982391	-1.6719818	3.7651215
147229402	ACC	0.24177551	-3.5753326	2.1692352
147229399	GYR	1.5371399	-1.7207489	4.1296997
147229407	MAG	32.070923	51.420593	-30.496216
147229412	ACC	1.2850494	-3.8083954	1.1441803
147229409	GYR	1.5142822	-1.9723969	4.375183
147229422	ACC	2.2229767	-4.096176	0.8247833
147229419	GYR	1.4199371	-2.5090942	4.5253143
147229426	MAG	29.93927	52.801514	-28.892517
147229432	ACC	3.1122742	-4.5021667	1.2292786
147229429	GYR	1.3305969	-3.2571716	4.628662
147229442	ACC	4.1873016	-5.06192	2.2877502
147229439	GYR	1.2984314	-4.053879	4.7403717
147229445	MAG	27.35138	54.917908	-26.11084
147229452	ACC	5.578293	-5.680191	3.7730255
147229449	GYR	1.361145	-4.7729187	4.9024506
147229459	GYR	1.5032196	-5.2778625	5.1143036
147229464	MAG	24.684143	57.62787	-22.302246
147229462	ACC	7.3325043	-6.0406647	5.1095123
147229469	GYR	1.6473999	-5.4102783	5.336151
147229472	ACC	9.340729	-6.1092987	5.95932
147229479	GYR	1.7261963	-5.1452637	5.517288
147229484	MAG	22.296143	60.583496	-17.970276
147229482	ACC	11.823715	-5.8431854	6.667984
147229489	GYR	1.6995087	-4.532852	5.6091766
147229491	ACC	13.906769	-5.7967987	7.239853
147229499	GYR	1.5817566	-3.7152405	5.606186
147229503	MAG	21.017456	64.219666	-14.216614
147229501	ACC	15.841202	-5.426605	7.798645
147229509	GYR	1.4463654	-2.7865143	5.508545
147229511	ACC	17.484238	-4.9557037	8.080292
147229519	GYR	1.3447571	-1.8194427	5.2936707
147229522	MAG	20.826721	67.7124	-12.184143
147229521	ACC	18.44397	-4.6755676	7.8623047
147229529	GYR	1.3031158	-1.0132446	5.008438
147229531	ACC	19.10434	-4.463135	7.1901855
147229539	GYR	1.2967682	-0.5093994	4.696533
147229541	MAG	21.064758	71.30127	-11.526489
147229541	ACC	19.526398	-3.95018	6.4262085
147229549	GYR	1.284729	-0.29345703	4.3446198
147229551	ACC	19.412277	-3.554718	5.468521
147229559	GYR	1.2424469	-0.31103516	3.9616547
147229560	MAG	21.936035	74.32556	-11.607361
147229561	ACC	18.663101	-3.618042	4.7629547
147229571	ACC	17.701462	-3.969101	4.5087585
147229569	GYR	1.2197571	-0.6044159	3.5774994
147229580	MAG	22.717285	76.53046	-11.114502
147229581	ACC	16.735916	-4.287079	4.2548065
147229579	GYR	1.2649536	-1.0727997	3.2498932
147229591	ACC	16.117722	-4.347519	3.738266
147229589	GYR	1.3536682	-1.550293	3.0602264
147229599	MAG	23.42987	78.63159	-10.241699
147229601	ACC	16.45047	-4.167511	3.2996674
147229599	GYR	1.4300842	-1.953186	3.077713
147229611	ACC	17.427277	-3.953247	2.9649963
147229609	GYR	1.5061798	-2.2592468	3.1515503
147229618	MAG	24.234009	80.8136	-8.776855
147229621	ACC	18.91568	-3.660736	2.5361176
147229619	GYR	1.6512451	-2.538971	3.1484375
147229631	ACC	20.609573	-3.135788	1.6744537
147229629	GYR	1.8602753	-2.7842255	3.0352783
147229638	MAG	25.344849	82.9483	-7.096863
147229641	ACC	20.859009	-3.0864105	0.39730835
147229639	GYR	2.0281677	-2.8860931	2.6846313
147229651	ACC	19.52002	-3.5548706	-0.562912
147229649	GYR	2.0201263	-2.80867	2.1543884
147229657	MAG	26.304626	84.42993	-5.6381226
147229661	ACC	17.584381	-4.0303802	-0.7993164
147229659	GYR	1.8127899	-2.5590515	1.6638184
147229676	MAG	26.741028	85.513306	-4.7683716
147229671	ACC	15.111786	-4.7530823	-0.39520264
147229669	GYR	1.4872284	-2.1626892	1.306427
147229681	ACC	11.893845	-6.2037964	0.6486969
147229679	GYR	1.173523	-1.7138062	1.0720978
147229695	MAG	27.404785	86.65161	-4.1015625
147229691	ACC	8.326691	-7.953247	1.0046082
147229688	GYR	0.9010925	-1.2214661	1.030899
147229701	ACC	5.483597	-9.6115265	1.0690918
147229698	GYR	0.47091675	-0.39700317	1.1885376
147229714	MAG	27.677917	87.67395	-4.144287
147229711	ACC	4.064682	-9.210754	3.6210022
147229708	GYR	-0.24501038	0.73172	1.5043335
147229721	ACC	3.2019196	-8.019119	6.529892
147229718	GYR	-0.80488586	1.5033722	1.9995117
147229733	MAG	28.634644	89.6698	-5.2215576
147229731	ACC	5.209656	-6.7434235	8.484375
147229728	GYR	-0.9591522	1.8533936	2.6104279
147229741	ACC	8.248535	-5.7934113	9.087265
147229738	GYR	-0.832428	2.247467	3.0773773
147229753	MAG	31.167603	91.716	-6.628418
147229751	ACC	10.971558	-5.6930695	8.205902
147229748	GYR	-0.48303223	2.4725647	3.1476593
147229761	ACC	12.930618	-5.508133	8.123901
147229758	GYR	-0.12359619	2.2286987	2.8193512
147229772	MAG	33.7265	93.70575	-8.355713
147229771	ACC	12.561188	-6.152893	8.769043
147229768	GYR	0.32247925	1.5498505	2.183014
147229781	ACC	10.666183	-6.9597015	8.409241
147229778	GYR	0.8787384	1.0218048	1.6009827
147229791	MAG	35.38208	94.73724	-10.00824
147229791	ACC	9.005829	-7.053131	4.870163
147229788	GYR	1.2631683	1.1233368	1.3241882
147229801	ACC	7.570572	-6.313492	0.7487793
147229798	GYR	1.2284698	1.4725037	1.2120361
147229810	MAG	36.38153	95.7428	-12.036133
147229811	ACC	8.994537	-4.2299805	-1.0089874
147229808	GYR	0.78108215	1.6442566	1.1953888
147229821	ACC	15.05748	-2.3117218	-3.8895721
147229818	GYR	0.106781006	1.8012238	1.1725311
147229830	MAG	37.61444	96.1792	-13.621521
147229831	ACC	19.620453	-1.9849854	-3.9012604
147229828	GYR	-0.67948914	1.7444458	0.7792816
147229841	ACC	11.372711	-3.5496674	5.226471
147229838	GYR	-1.375061	1.6075287	-0.015151978
147229849	MAG	38.954163	96.48743	-13.8168335
147229851	ACC	10.353363	-4.834442	4.345978
147229848	GYR	-1.4955902	1.9487305	-0.47512817
147229858	GYR	-1.2641296	1.9998474	-0.6542511
147229868	MAG	38.684082	96.699524	-14.138794
147229861	ACC	10.792831	-5.3647766	7.5417633
147229868	GYR	-0.82832336	1.7106628	-0.9137726
147229871	ACC	9.784927	-4.863144	7.463135
147229878	GYR	-0.32711792	1.2569275	-1.1791382
147229887	MAG	38.183594	96.24481	-15.09552
147229881	ACC	5.432892	-6.459442	8.470917
147229888	GYR	0.16654968	0.93263245	-1.1808472
147229891	ACC	3.5168152	-6.6849976	9.091797
147229898	GYR	0.62590027	0.86039734	-0.9544983
147229906	MAG	37.5412	95.588684	-15.380859
147229901	ACC	3.3508453	-6.0677185	10.107101
147229908	GYR	1.0451202	0.9380188	-0.7197418
147229911	ACC	2.3203125	-4.948517	9.059982
147229918	GYR	1.4378357	0.8265686	-0.5019989
147229926	MAG	37.091064	94.903564	-16.371155
147229921	ACC	5.3295135	-2.2258148	2.394287
147229928	GYR	1.3919067	0.20974731	-0.5410309
147229931	ACC	5.9278717	0.44577026	-3.2593842
147229938	GYR	0.8761902	-0.33935547	-0.76994324
147229945	MAG	36.81183	94.08569	-17.684937
147229941	ACC	3.5102081	1.0232544	-3.5157013
147229948	GYR	0.26612854	-0.24142456	-0.74531555
147229951	ACC	2.780655	0.51493835	-1.0032043
147229964	MAG	36.138916	93.87512	-17.630005
147229961	ACC	3.8157043	0.509552	2.6314392
147229958	GYR	-0.16055298	0.09669495	-0.5812073
147229970	ACC	3.1361542	0.25952148	5.009735
147229968	GYR	-0.2397461	0.19116211	-0.61683655
147229983	MAG	35.91461	93.35632	-17.486572
147229980	ACC	3.5949402	0.19139099	6.108429
147229978	GYR	-0.002822876	-0.037628174	-0.6532135
147229990	ACC	3.9699707	-0.32099915	6.581787
147229988	GYR	0.32426453	-0.5507965	-0.7353363
147230003	MAG	35.083008	92.84363	-17.030334
147230000	ACC	3.3358154	-1.1654205	5.376816
147229998	GYR	0.68937683	-1.1231384	-0.8931732
147230010	ACC	3.3565216	-1.0111847	3.0347137
147230008	GYR	0.9412842	-1.5555267	-0.9647217
147230022	MAG	34.344482	92.02881	-16.697693
147230020	ACC	4.1453705	-0.6750946	1.1477814
147230018	GYR	0.8985748	-1.8181915	-0.9176636
147230030	ACC	5.6059875	-0.9484558	0.7217865
147230028	GYR	0.5970001	-1.8825836	-0.85450745
147230041	MAG	33.122253	91.20178	-15.687561
147230040	ACC	6.5046844	-1.6537933	0.85028076
147230038	GYR	0.17202759	-1.7527466	-0.86990356
147230050	ACC	5.187149	-2.4033508	1.5361481
147230048	GYR	-0.26307678	-1.5666962	-0.94569397
147230060	MAG	32.11212	90.63263	-14.382935
147230060	ACC	4.7513885	-3.4974365	2.307373
147230058	GYR	-0.68925476	-1.3834839	-0.9052124
147230070	ACC	6.7776947	-5.1918488	3.087555
147230068	GYR	-1.06604	-1.0652771	-0.70332336
147230079	MAG	31.010437	90.519714	-12.921143
147230080	ACC	7.9905396	-6.52507	4.510788
147230078	GYR	-1.3983917	-0.64385986	-0.57951355
147230090	ACC	9.612625	-8.068268	7.250885
147230088	GYR	-1.6011353	-0.27334595	-0.58213806
147230099	MAG	31.156921	90.32135	-11.619568
147230100	ACC	11.074112	-8.679337	8.472641
147230098	GYR	-1.5205231	-0.07684326	-0.6923828
147230110	ACC	11.120682	-8.16983	7.573349
147230108	GYR	-1.1618958	-0.25886536	-0.88687134
147230118	MAG	30.68695	90.182495	-10.795593
147230120	ACC	10.94455	-7.3088837	5.909424
147230118	GYR	-0.756485	-0.8069916	-1.0084991
147230130	ACC	9.822098	-6.27005	2.5854187
147230128	GYR	-0.4402771	-1.2211151	-1.0105743
147230137	MAG	29.925537	89.57214	-9.411621
147230140	ACC	9.340424	-5.6214447	2.3861694
147230138	GYR	-0.28157043	-1.2431488	-0.9258728
147230150	ACC	10.518967	-5.736725	4.3966827
147230148	GYR	-0.22993469	-1.1138	-0.7290344
147230156	MAG	28.952026	88.93738	-8.2901
147230160	ACC	11.712891	-5.905121	5.3092194
147230158	GYR	-0.114593506	-1.1450653	-0.51094055
147230170	ACC	11.546494	-5.294098	5.0079346
147230167	GYR	0.03012085	-1.2452087	-0.36213684
147230176	MAG	28.642273	88.51776	-7.3165894
147230180	ACC	10.408676	-4.8612213	3.5111084
147230177	GYR	0.071899414	-1.3250275	-0.2791748
147230190	ACC	9.384918	-4.43277	2.6105042
147230187	GYR	-0.037200928	-1.2804108	-0.2093811
147230195	MAG	28.375244	88.414	-6.3674927
147230200	ACC	8.966171	-4.177902	2.3438568
147230197	GYR	-0.2421112	-1.024643	-0.15376282
147230210	ACC	8.327759	-4.0446167	2.4034424
147230207	GYR	-0.44873047	-0.6607361	-0.147995
147230214	MAG	28.077698	88.256836	-5.8288574
147230220	ACC	7.9909515	-4.2277985	2.6118164
147230217	GYR	-0.60609436	-0.36709595	-0.17175293
147230230	ACC	7.935364	-4.7013702	3.0696259
147230227	GYR	-0.7085266	-0.17352295	-0.19348145
147230233	MAG	27.616882	88.1485	-4.8675537
147230240	ACC	6.658844	-5.3943634	2.489151
147230237	GYR	-0.74723816	-0.07086182	-0.22393799
147230247	GYR	-0.7592468	-0.07597351	-0.19787598
147230253	MAG	27.69928	87.927246	-4.4403076
147230250	ACC	4.8385468	-6.2197723	1.8330536
147230257	GYR	-0.7843628	-0.16792297	-0.038726807
147230260	ACC	5.2048645	-6.287277	1.9332886
147230267	GYR	-0.75535583	-0.18997192	0.1262207
147230272	MAG	27.618408	88.0249	-3.5629272
147230270	ACC	4.6334534	-5.8280334	0.536911
147230277	GYR	-0.77674866	-0.2393341	0.31028748
147230280	ACC	5.712311	-5.4133606	0.18141174
147230287	GYR	-0.8122101	-0.28826904	0.4203949
147230291	MAG	27.770996	88.33008	-3.4088135
147230290	ACC	5.095459	-5.069992	-0.4176178
147230297	GYR	-0.84729004	-0.2811737	0.5310974
147230300	ACC	5.875229	-4.0446014	-1.3813019
147230307	GYR	-1.0056458	-0.2893982	0.56892395
147230310	MAG	28.297424	88.534546	-2.8076172
147230310	ACC	5.9113617	-4.0685425	-0.8652954
147230317	GYR	-1.3355103	-0.3663025	0.57369995
147230320	ACC	5.3956146	-5.236664	5.1875153
147230327	GYR	-1.3781738	-0.2743683	0.59436035
147230329	MAG	28.364563	88.90076	-1.8188477
147230330	ACC	8.764084	-6.1040497	9.096771
147230337	GYR	-1.0375214	-0.11090088	0.4004364
147230340	ACC	10.952286	-5.659622	8.371521
147230349	MAG	29.075623	89.38599	-1.2939453
147230350	ACC	10.49765	-4.333542	5.792465
147230347	GYR	-0.6816559	-0.040786743	0.034606934
147230360	ACC	9.750183	-3.286728	2.886612
147230357	GYR	-0.562088	0.19984436	-0.19734192
147230368	MAG	29.267883	89.234924	-0.692749
147230370	ACC	9.552124	-2.6300507	1.881958
147230367	GYR	-0.76423645	0.7003174	-0.2634735
147230380	ACC	10.61644	-2.4337463	1.8018036
147230377	GYR	-1.0996246	1.3174591	-0.19699097
147230387	MAG	29.379272	89.18762	-1.1581421
147230390	ACC	11.753632	-2.5666199	2.2294006
147230387	GYR	-1.4279938	1.8008423	-0.0978241
147230400	ACC	10.588608	-3.293579	2.6256714
147230397	GYR	-1.6418915	2.0488281	-0.06010437
147230406	MAG	29.090881	88.95264	-1.8188477
147230410	ACC	8.964508	-4.0944366	3.00531
147230407	GYR	-1.6621704	1.9755859	0.043014526
147230420	ACC	8.209244	-4.4596863	3.6479797
147230417	GYR	-1.4633331	1.563034	0.23504639
147230426	MAG	28.912354	89.17236	-2.2399902
147230430	ACC	7.649872	-4.528595	4.173538
147230427	GYR	-1.0406036	0.790802	0.40063477
147230440	ACC	6.626419	-4.463791	3.67424
147230437	GYR	-0.464386	-0.24194336	0.5496826
147230445	MAG	29.110718	89.55536	-2.0950317
147230449	ACC	6.2151794	-4.250412	3.3722992
147230447	GYR	0.0856781	-1.3508453	0.770874
147230464	MAG	29.623413	89.88342	-0.9902954
147230459	ACC	6.6726685	-4.1215057	3.548462
147230457	GYR	0.49528503	-2.5227966	0.9997406
147230469	ACC	7.312973	-4.066437	2.8619385
147230467	GYR	0.8504944	-3.6241455	1.1165466
147230483	MAG	30.74646	90.73486	1.2420654
147230479	ACC	7.7241974	-4.500656	2.0253754
147230477	GYR	1.1228943	-4.4519043	1.1290588
147230489	ACC	7.4976196	-5.2640686	1.4867859
147230487	GYR	1.2705688	-4.894806	1.0134277
147230502	MAG	31.74591	91.026306	3.6621094
147230499	ACC	6.706436	-5.190979	1.4611816
147230497	GYR	1.3316345	-5.0350647	0.83354187
147230509	ACC	6.732422	-4.702606	1.3637238
147230507	GYR	1.3633728	-5.089081	0.6906433
147230522	MAG	32.791138	91.589355	6.1050415
147230519	ACC	7.772049	-4.815811	-1.1816254
147230517	GYR	1.374115	-5.0232697	0.60990906
147230529	ACC	8.068985	-5.335968	-3.335617
147230527	GYR	1.1779785	-4.4596405	0.52830505
147230541	MAG	34.08966	92.11273	8.027649
147230539	ACC	9.163834	-6.2747498	-2.9218597
147230537	GYR	0.69688416	-3.377716	0.4643097
147230549	ACC	9.968582	-7.280136	-2.6160278
147230547	GYR	0.17024231	-2.2433014	0.41752625
147230560	MAG	35.00061	92.24701	9.213257
147230559	ACC	9.277908	-7.8209076	-1.7296753
147230557	GYR	-0.22064209	-1.2745056	0.35824585
147230569	ACC	8.157562	-8.054062	-0.973938
147230567	GYR	-0.43460083	-0.5654144	0.30181885
147230579	MAG	35.632324	92.32941	9.9105835
147230579	ACC	6.9507446	-7.638794	-0.7085571
147230577	GYR	-0.42904663	-0.2168274	0.23919678
147230589	ACC	5.84671	-8.249008	-0.4813385
147230587	GYR	-0.26940918	-0.18273926	0.15963745
147230599	MAG	35.650635	92.46979	10.177612
147230599	ACC	4.628708	-9.073074	-0.3468933
147230597	GYR	-0.08430481	-0.30975342	0.106918335
147230609	ACC	3.98732	-9.477875	-0.7047119
147230607	GYR	0.069366455	-0.47477722	0.21574402
147230618	MAG	35.620117	92.76123	10.482788
147230619	ACC	2.6847687	-10.293076	-1.0466461
147230617	GYR	0.19908142	-0.64520264	0.42945862
147230629	ACC	1.6782837	-11.346024	-1.0879211
147230627	GYR	0.30299377	-0.80336	0.740921
147230637	MAG	36.123657	92.94739	10.76355
147230637	GYR	0.45793152	-0.9982605	1.2483368
147230639	ACC	1.3006439	-13.385727	-0.26509094
147230646	GYR	0.831131	-1.2618713	2.0309753
147230656	MAG	37.176514	93.93921	10.769653
147230649	ACC	1.8310394	-13.232681	0.18383789
147230656	GYR	1.2713623	-1.2487488	3.0492706
147230659	ACC	5.981781	-10.736282	-0.76264954
147230666	GYR	1.5907135	-0.8070679	3.8918304
147230675	MAG	40.168762	96.0495	9.701538
147230669	ACC	6.1701813	-11.731613	-0.3781891
147230676	GYR	1.921463	-0.4935608	4.5361176
147230679	ACC	6.8841705	-11.8784485	1.4002686
147230686	GYR	2.3780823	-0.31221008	5.0704193
147230695	MAG	43.719482	98.46344	7.699585
147230689	ACC	10.761169	-9.058212	0.7744751
147230696	GYR	2.6464386	0.07350159	5.437561
147230699	ACC	14.687378	-4.0496216	-3.4848785
147230706	GYR	2.3250427	0.5762024	5.492691
147230714	MAG	48.060608	100.84534	4.588318
147230709	ACC	20.269104	-0.88035583	-4.932068
147230716	GYR	1.6018066	0.7319031	4.8733673
147230719	ACC	18.395737	1.2816162	-3.5814056
147230726	GYR	0.86613464	0.3937378	3.8872375
147230733	MAG	52.391052	102.456665	3.15094
147230729	ACC	12.563675	0.13287354	-1.64357
147230739	ACC	7.685684	-1.324173	-0.6860199
147230736	GYR	0.4348755	0.1461792	3.3301086
147230752	MAG	55.13611	103.83301	2.520752
147230749	ACC	4.969696	-1.5499115	-0.5253296
147230746	GYR	0.19953918	0.3960724	3.200531
147230759	ACC	3.7351685	-1.1339264	-1.0597229
147230756	GYR	0.0011291504	0.71395874	3.195465
147230772	MAG	57.817078	104.29382	2.142334
147230769	ACC	4.3607025	-1.351059	-1.2080078
147230766	GYR	-0.22177124	0.6279602	3.1211853
147230779	ACC	4.390442	-3.2129211	-1.5669098
147230776	GYR	-0.38957214	0.15753174	2.8461914
147230791	MAG	60.59265	104.79431	2.4047852
147230789	ACC	4.1392365	-5.198227	-2.0053864
147230786	GYR	-0.51252747	-0.24342346	2.5202026
147230799	ACC	4.5981293	-5.5646057	-0.77256775
147230796	GYR	-0.66677856	-0.5307312	2.3331146
147230810	MAG	63.015747	104.948425	3.0822754
147230809	ACC	4.6166687	-5.556656	-0.31044006
147230806	GYR	-0.8242035	-0.42008972	2.2309723
147230819	ACC	3.791397	-4.9620667	-0.22416687
147230816	GYR	-1.0437775	-0.09919739	2.1335297
147230829	MAG	65.15045	105.09796	3.7780762
147230829	ACC	2.8665771	-5.8266754	-0.62638855
147230826	GYR	-1.2599792	-0.20857239	2.0956268
147230839	ACC	2.3690186	-9.550278	-1.4132538
147230836	GYR	-1.5521393	-0.6159363	2.0782318
147230849	MAG	67.24548	104.618835	5.1223755
147230849	ACC	1.0248413	-11.584534	-2.256195
147230846	GYR	-1.8404541	-0.8364258	2.0794067
147230859	ACC	-0.6156311	-12.342926	-1.3531036
147230856	GYR	-1.9942627	-1.0353851	2.1915283
147230868	MAG	69.57092	104.26636	6.9976807
147230869	ACC	-1.9599915	-11.575455	-0.49645996
147230866	GYR	-1.955368	-1.3359528	2.2010193
147230879	ACC	-1.2513123	-10.860367	0.7475281
147230876	GYR	-1.4822845	-1.5783997	1.8222809
147230887	MAG	71.699524	103.83911	8.151245
147230889	ACC	-1.2588654	-10.4448395	-1.737381
147230886	GYR	-0.75097656	-1.2931824	1.2017365
147230899	ACC	-1.9636383	-11.298416	-1.891922
147230896	GYR	-0.112091064	-0.73172	0.6400757
147230906	MAG	73.2666	103.697205	8.345032
147230909	ACC	-1.0431671	-11.732147	-0.18135071
147230906	GYR	0.20126343	-0.6655731	0.2537079
147230919	ACC	0.07348633	-10.924927	-0.18086243
147230916	GYR	0.22425842	-0.5159607	0.09083557
147230926	MAG	73.539734	103.678894	8.099365
147230929	ACC	0.7190399	-9.866119	-0.47583008
147230926	GYR	0.030380249	-0.14570618	0.09194946
147230938	ACC	1.6143188	-9.1028595	0.24716187
147230936	GYR	-0.17115784	-0.046691895	0.25759888
147230945	MAG	73.84338	103.5202	8.230591
147230948	ACC	2.7942963	-8.923218	0.8982086
147230946	GYR	-0.20455933	-0.043060303	0.44487
147230958	ACC	2.300354	-9.460968	-0.14675903
147230956	GYR	-0.11752319	0.179245	0.4705963
147230964	MAG	74.272156	103.263855	8.084106
147230968	ACC	-0.5873108	-10.974289	-1.1190491
147230966	GYR	-0.06401062	0.51008606	0.40031433
147230978	ACC	-1.2901459	-12.89122	-1.9117737
147230976	GYR	-0.09454346	0.74772644	0.61091614
147230983	MAG	73.25897	102.89917	7.4310303
147230988	ACC	-0.8090515	-14.185944	-2.321457
147230986	GYR	-0.11753845	0.8212738	1.0238495
147230998	ACC	-0.19873047	-14.997192	-1.878952
147230996	GYR	-0.06654358	0.7169342	1.2767181
147231002	MAG	73.85864	102.778625	7.633972
147231008	ACC	0.5530853	-15.529694	-2.0523376
147231006	GYR	0.067214966	0.4972229	1.3353119
147231018	ACC	1.6571655	-15.582672	-2.1970673
147231016	GYR	0.19927979	0.17604065	1.2389679
147231022	MAG	75.00305	102.622986	7.345581
147231026	GYR	0.23866272	-0.16934204	0.9961853
147231028	ACC	3.1110077	-14.235764	-2.1544037
147231036	GYR	0.2257843	-0.49938965	0.54655457
147231041	MAG	76.00403	102.53906	7.107544
147231038	ACC	2.4397125	-11.866211	-1.6396332
147231046	GYR	0.1988678	-0.6270447	0.07426453
147231048	ACC	-0.1430664	-9.298462	-1.4549408
147231056	GYR	0.16500854	-0.5338745	-0.09487915
147231060	MAG	76.50604	102.45819	6.666565
147231058	ACC	-0.31214905	-8.564331	-1.4517975
147231066	GYR	0.09295654	-0.4349823	-0.15893555
147231068	ACC	0.11097717	-7.805008	-1.6129761
147231076	GYR	-0.019805908	-0.39439392	-0.28614807
147231079	MAG	76.553345	102.49939	6.6604614
147231078	ACC	0.04812622	-7.562546	-1.4207916
147231086	GYR	-0.16670227	-0.32530212	-0.44215393
147231088	ACC	0.102249146	-7.8597107	-1.3075104
147231096	GYR	-0.26582336	-0.25764465	-0.5522156
147231098	MAG	76.268005	102.490234	6.7245483
147231098	ACC	0.48820496	-7.7596436	-1.3478088
147231106	GYR	-0.30603027	-0.18363953	-0.64164734
147231108	ACC	0.3408966	-2.6600647	-3.2958984
147231116	GYR	-0.5513611	0.045394897	-0.7290802
147231118	MAG	75.75073	102.31323	6.906128
147231118	ACC	-0.9258423	10.246094	-6.505127
147231128	ACC	0.13183594	-0.7938843	3.9424438
147231126	GYR	-2.1924286	0.73973083	-0.23147583
147231137	MAG	75.102234	102.03705	8.584595
147231138	ACC	-0.15870667	-1.4041138	-1.4103241
147231135	GYR	-1.2919159	0.9940338	0.092926025
147231148	ACC	-0.7855835	-4.9443054	-2.0224152
147231145	GYR	-0.24569702	0.69944763	0.21636963
147231156	MAG	75.234985	101.779175	9.011841
147231158	ACC	-0.76335144	-5.4365997	-1.6864624
147231155	GYR	0.20939636	-0.29888916	0.28607178
147231168	ACC	-0.59935	-5.737274	-1.8580627
147231165	GYR	0.4790039	-0.9219818	0.28541565
147231175	MAG	75.48218	101.66626	8.403015
147231178	ACC	-0.78411865	-6.927902	-1.6912994
147231175	GYR	0.5909271	-1.195816	0.21829224
147231188	ACC	-1.0607452	-8.870651	-1.4161072
147231185	GYR	0.6321411	-1.2395325	0.15310669
147231195	MAG	76.094055	101.61896	7.4905396
147231198	ACC	-1.2362823	-12.030869	-1.926117
147231195	GYR	0.6186218	-1.136383	0.14793396
147231208	ACC	-0.83825684	-14.075302	-2.3842926
147231205	GYR	0.44610596	-0.82925415	0.14968872
147231214	MAG	76.145935	101.85089	6.915283
147231218	ACC	-0.5419464	-14.817215	-0.66244507
147231215	GYR	0.11759949	-0.53559875	0.20988464
147231228	ACC	-1.5501556	-18.449142	-0.7979126
147231225	GYR	0.15356445	-0.53933716	0.2842102
147231233	MAG	76.46637	101.64032	6.6345215
147231238	ACC	-3.2595062	-25.98497	-3.794571
147231235	GYR	0.65296936	-0.81336975	0.55729675
147231248	ACC	-0.034469604	-24.096298	-3.1198578
147231245	GYR	0.7746277	-0.9138794	1.276825
147231253	MAG	77.038574	101.893616	5.8883667
147231258	ACC	5.5579834	-16.081955	-1.4898682
147231255	GYR	0.41047668	-0.56333923	2.1865692
147231271	MAG	79.46472	101.08948	5.105591
147231268	ACC	7.890091	-14.366653	-2.0294342
147231265	GYR	0.35186768	-0.20204163	2.5514832
147231278	ACC	6.3052826	-13.111893	-1.700592
147231275	GYR	0.4356079	-0.056381226	2.2844696
147231291	MAG	81.34613	100.7843	4.9224854
147231288	ACC	1.4399109	-12.9110565	-2.6744843
147231285	GYR	0.3684082	0.2862854	1.6421509
147231298	ACC	-1.9411316	-12.89502	-3.240158
147231295	GYR	0.37937927	0.3530426	1.071106
147231310	MAG	81.99005	100.67139	4.4296265
147231308	ACC	-3.412506	-12.274307	-2.9580688
147231305	GYR	0.38900757	-0.023132324	0.70088196
147231318	ACC	-4.4789276	-11.530884	-2.5120087
147231315	GYR	0.22026062	-0.17721558	0.33291626
147231329	MAG	82.385254	100.901794	4.574585
147231328	ACC	-4.1256104	-11.22821	-2.4500122
147231325	GYR	0.10173035	-0.334198	-0.0077819824
147231338	ACC	-3.1864014	-10.749466	-2.6555786
147231335	GYR	0.050476074	-0.55851746	-0.21620178
147231348	MAG	82.56683	100.686646	4.347229
147231348	ACC	-2.5803833	-8.28978	-3.4511108
147231345	GYR	-0.018615723	-0.9120178	-0.29452515
147231358	ACC	-1.2961884	-7.325882	-2.3202362
147231355	GYR	-0.25889587	-1.1792145	-0.21124268
147231368	MAG	82.59888	100.77667	4.1534424
147231368	ACC	0.25297546	-7.5945435	-1.5244904
147231365	GYR	-0.48327637	-1.1794891	-0.05505371
147231378	ACC	1.1000214	-8.795731	-1.5192719
147231375	GYR	-0.45521545	-0.9533844	0.018051147
147231387	MAG	82.78351	100.67291	4.0115356
147231388	ACC	1.342102	-9.71669	-1.6986847
147231385	GYR	-0.3491516	-0.55366516	-0.011795044
147231398	ACC	1.2942505	-10.039429	-1.9742432
147231395	GYR	-0.30010986	-0.16844177	-0.081329346
147231406	MAG	82.90405	100.54016	4.2907715
147231408	ACC	0.85835266	-10.2274475	-2.2633514
147231405	GYR	-0.2987213	0.050582886	-0.18383789
147231415	GYR	-0.31604004	0.10050964	-0.33328247
147231425	MAG	82.60193	100.57831	4.815674
147231417	ACC	-0.7310486	-11.238098	-2.8139954
147231425	GYR	-0.36624146	0.075531006	-0.4324646
147231427	ACC	-0.7828064	-11.070923	-3.0422363
147231435	GYR	-0.41030884	-0.031661987	-0.44265747
147231445	MAG	82.27081	100.75836	4.962158
147231437	ACC	-0.39665222	-10.712524	-2.699936
147231445	GYR	-0.4542694	-0.1212616	-0.46536255
147231447	ACC	-0.122543335	-10.545944	-2.478714
147231455	GYR	-0.5159149	-0.121276855	-0.52500916
147231464	MAG	81.97937	100.86975	4.9713135
147231457	ACC	-0.027313232	-10.462784	-2.5711212
147231465	GYR	-0.6137848	-0.053588867	-0.5973358
147231467	ACC	-0.06919861	-10.408371	-2.7012787
147231475	GYR	-0.7407837	0.02722168	-0.664032
147231483	MAG	81.31409	100.84381	5.7998657
147231477	ACC	-0.18144226	-10.38028	-2.8523712
147231485	GYR	-0.8783722	0.06851196	-0.7190399
147231487	ACC	-0.20309448	-10.234756	-2.9657745
147231495	GYR	-0.99702454	0.060775757	-0.7723236
147231502	MAG	80.37109	100.920105	6.173706
147231497	ACC	-0.41911316	-10.019501	-3.1564484
147231505	GYR	-1.0652771	0.010803223	-0.8213806
147231507	ACC	-0.9389496	-9.912338	-3.53862
147231521	MAG	80.03693	100.8255	7.5424194
147231517	ACC	-1.419342	-9.831863	-3.7061005
147231515	GYR	-1.123352	-0.10719299	-0.8334503
147231527	ACC	-1.6986084	-9.878571	-3.2922974
147231525	GYR	-1.2024689	-0.3257599	-0.79351807
147231541	MAG	79.174805	100.68512	8.299255
147231537	ACC	-1.9104156	-9.900757	-2.8850555
147231535	GYR	-1.2428741	-0.6114502	-0.7354584
147231547	ACC	-2.0177917	-9.759872	-2.8200989
147231545	GYR	-1.2330475	-0.8976898	-0.66934204
147231560	MAG	78.1311	100.6073	8.598328
147231557	ACC	-2.1237183	-9.568954	-2.7287598
147231555	GYR	-1.2376709	-1.1503143	-0.5970001
147231567	ACC	-2.0048065	-9.417572	-2.265564
147231565	GYR	-1.2839355	-1.3586426	-0.50645447
147231579	MAG	77.87628	100.03052	9.625244
147231577	ACC	-1.5165253	-9.288025	-1.6887512
147231575	GYR	-1.3265076	-1.5009308	-0.38458252
147231587	ACC	-0.6859894	-9.142685	-1.5656738
147231585	GYR	-1.3151855	-1.5564575	-0.25401306
147231598	MAG	78.95203	100.0	10.397339
147231597	ACC	0.20097351	-9.038544	-1.956131
147231595	GYR	-1.245758	-1.4988861	-0.15907288
147231607	ACC	0.8209076	-8.990784	-2.5205536
147231605	GYR	-1.1524963	-1.3263092	-0.11758423
147231618	MAG	79.763794	99.51782	11.447144
147231617	ACC	1.0677185	-8.98085	-2.8822784
147231614	GYR	-1.0534668	-1.09552	-0.117767334
147231627	ACC	0.92529297	-8.900101	-2.9495697
147231624	GYR	-0.9567261	-0.86479187	-0.13568115
147231637	MAG	80.02319	99.23401	12.284851
147231637	ACC	0.45568848	-8.710297	-2.97641
147231634	GYR	-0.8624878	-0.6882019	-0.15220642
147231647	ACC	-0.063964844	-8.498444	-3.0378723
147231644	GYR	-0.7747345	-0.6047516	-0.15957642
147231656	MAG	80.589294	99.02344	12.683105
147231657	ACC	-0.36865234	-8.281769	-3.002777
147231654	GYR	-0.6989136	-0.598999	-0.1552124
147231667	ACC	-0.5365753	-8.105133	-2.90802
147231664	GYR	-0.6266632	-0.6137085	-0.14346313
147231675	MAG	80.11017	99.00818	13.406372
147231677	ACC	-0.59228516	-7.9641724	-2.8430328
147231674	GYR	-0.54904175	-0.61305237	-0.13142395
147231687	ACC	-0.46931458	-7.8488464	-2.7704773
147231684	GYR	-0.4685974	-0.5950012	-0.12095642
147231695	MAG	80.52063	98.802185	13.674927
147231697	ACC	-0.35235596	-7.827011	-2.7881012
147231694	GYR	-0.38908386	-0.5605774	-0.11299133
147231707	ACC	-0.31381226	-7.869873	-2.9045868
147231704	GYR	-0.31703186	-0.5131531	-0.10939026
147231714	MAG	80.581665	98.716736	13.815308
147231717	ACC	-0.39093018	-7.892212	-3.0456543
147231714	GYR	-0.25627136	-0.4633789	-0.110946655
147231727	ACC	-0.57373047	-7.917923	-3.2359314
147231724	GYR	-0.20188904	-0.4220581	-0.11437988
147231733	MAG	80.50995	98.654175	14.147949
147231737	ACC	-0.79571533	-7.909683	-3.4420166
147231734	GYR	-0.15264893	-0.3944397	-0.11338806
147231747	ACC	-0.9539032	-7.9539337	-3.609253
147231744	GYR	-0.10731506	-0.3768158	-0.10469055
147231752	MAG	80.2536	98.89679	13.35907
147231757	ACC	-1.0585785	-7.9618683	-3.7454987
147231754	GYR	-0.066223145	-0.3575287	-0.092041016
147231767	ACC	-1.161026	-7.974869	-3.8215942
147231764	GYR	-0.02935791	-0.32833862	-0.07849121
147231771	MAG	80.14679	98.90289	13.226318
147231777	ACC	-1.2818756	-7.9606323	-3.952652
147231774	GYR	0.001449585	-0.28987122	-0.060653687
147231787	ACC	-1.3199615	-7.977829	-4.072052
147231784	GYR	0.025878906	-0.2400055	-0.037200928
147231791	MAG	79.84772	99.05853	13.140869
147231797	ACC	-1.3047485	-7.947998	-4.2133484
147231794	GYR	0.044067383	-0.18611145	-0.0099487305
147231804	GYR	0.05899048	-0.13362122	0.016418457
147231810	MAG	79.930115	99.072266	12.950134
147231807	ACC	-1.2729187	-7.920883	-4.242279
147231814	GYR	0.07572937	-0.08868408	0.040222168
147231817	ACC	-1.2213898	-7.88678	-4.288559
147231824	GYR	0.0947113	-0.05482483	0.061935425
147231829	MAG	79.8233	99.27521	12.200928
147231827	ACC	-1.093338	-7.8640747	-4.319351
147231834	GYR	0.10713196	-0.023513794	0.081726074
147231837	ACC	-0.866272	-7.90094	-4.2470245
147231844	GYR	0.11004639	0.029052734	0.092926025
147231848	MAG	79.45709	99.33014	11.84845
147231847	ACC	-0.53666687	-7.823395	-4.1035767
147231854	GYR	0.11238098	0.11480713	0.089538574
147231857	ACC	-0.41970825	-7.7140045	-3.9524841
147231864	GYR	0.124191284	0.22367859	0.07952881
147231868	MAG	79.74243	99.57123	11.81488
147231867	ACC	-0.52227783	-7.728775	-3.9868011
147231874	GYR	0.14634705	0.31600952	0.07450867
147231877	ACC	-0.6707611	-7.8079376	-4.4354553
147231884	GYR	0.1591034	0.3518219	0.079940796
147231887	MAG	79.85535	99.365234	12.007141
147231887	ACC	-0.76646423	-8.0203705	-5.1046906
147231894	GYR	0.14543152	0.32783508	0.083847046
147231896	ACC	-0.67829895	-8.321045	-5.7416534
147231904	GYR	0.10475159	0.25082397	0.082717896
147231906	MAG	79.556274	99.5224	11.921692
147231906	ACC	-0.42222595	-8.616653	-6.3134766
147231916	ACC	-0.11657715	-8.788879	-6.611145
147231914	GYR	0.042556763	0.14846802	0.07757568
147231925	MAG	79.852295	99.368286	11.961365
147231926	ACC	0.14175415	-8.809219	-6.561096
147231924	GYR	-0.026412964	0.061447144	0.06732178
147231936	ACC	0.37409973	-8.664276	-6.309677
147231934	GYR	-0.083999634	0.014602661	0.05128479
147231944	MAG	79.65088	99.295044	11.839294
147231946	ACC	0.4634552	-8.488617	-5.985779
147231944	GYR	-0.122787476	0.013580322	0.020812988
147231956	ACC	0.55133057	-8.359741	-5.8007355
147231954	GYR	-0.13694763	0.054595947	-0.024032593
147231964	MAG	79.953	99.13635	11.972046
147231966	ACC	0.7104492	-8.284119	-5.6601105
147231964	GYR	-0.14509583	0.10020447	-0.0717926
147231976	ACC	0.76475525	-8.260071	-5.564636
147231974	GYR	-0.15310669	0.13389587	-0.12007141
147231983	MAG	79.52118	99.39575	12.072754
147231986	ACC	0.76898193	-8.18692	-5.569412
147231984	GYR	-0.15901184	0.16053772	-0.16616821
147231996	ACC	0.7322693	-8.058685	-5.515854
147231994	GYR	-0.15452576	0.16255188	-0.21128845
147232002	MAG	79.62036	99.279785	12.07428
147232006	ACC	0.6174774	-7.8669434	-5.3662415
147232004	GYR	-0.12872314	0.13075256	-0.25538635
147232016	ACC	0.35983276	-7.7258453	-5.2703247
147232014	GYR	-0.07170105	0.08253479	-0.29182434
147232022	MAG	79.418945	99.31793	12.638855
147232026	ACC	0.077056885	-7.69899	-5.2707214
147232024	GYR	0.012390137	0.038589478	-0.30981445
147232036	ACC	-0.2475586	-7.819397	-5.4333954
147232034	GYR	0.11003113	0.0035705566	-0.3074646
147232041	MAG	78.92609	99.27673	12.532043
147232046	ACC	-0.72021484	-8.30925	-5.888611
147232044	GYR	0.20503235	-0.038330078	-0.29289246
147232060	MAG	78.89099	99.49951	12.101746
147232056	ACC	-1.5174255	-9.652161	-6.7220764
147232054	GYR	0.2733307	-0.080566406	-0.26086426
147232066	ACC	-2.735489	-12.212143	-7.186432
147232064	GYR	0.2862091	-0.09350586	-0.19837952
147232079	MAG	78.871155	99.824524	11.895752
147232076	ACC	-4.0961456	-15.373566	-6.7059937
147232074	GYR	0.24888611	-0.09359741	-0.09013367
147232086	ACC	-4.8135986	-17.433731	-5.7286224
147232084	GYR	0.20599365	-0.16545105	0.08103943
147232098	MAG	78.75519	99.95422	11.6622925
147232096	ACC	-4.294388	-16.965195	-5.719742
147232093	GYR	0.16159058	-0.3031311	0.29353333
147232106	ACC	-2.7475586	-14.518433	-6.315216
147232103	GYR	0.03668213	-0.38038635	0.44204712
147232117	MAG	78.99017	100.11902	11.58905
147232116	ACC	-1.1413116	-11.220184	-5.6918945
147232113	GYR	-0.1980133	-0.40274048	0.43418884
147232126	ACC	-0.7947235	-7.9583893	-3.8493347
147232123	GYR	-0.40637207	-0.42442322	0.30041504
147232137	MAG	79.80957	99.78943	11.471558
147232136	ACC	-1.5074921	-5.343384	-1.1442719
147232133	GYR	-0.43518066	-0.3611145	0.15338135
147232146	ACC	-2.6656342	-3.8153381	1.9604187
147232143	GYR	-0.21420288	-0.12870789	0.065582275
147232156	MAG	79.87213	99.81842	11.651611
147232156	ACC	-3.5440674	-3.833847	3.4896088
147232153	GYR	0.25019836	0.26992798	0.049240112
147232166	ACC	-3.774582	-5.1296234	2.7562866
147232163	GYR	0.8126221	0.759552	0.09899902
147232175	MAG	79.79431	99.91913	11.277771
147232176	ACC	-3.4289398	-7.5031433	-0.06427002
147232173	GYR	1.243393	1.2717133	0.1953125
147232186	ACC	-3.18013	-9.83815	-2.6113892
147232183	GYR	1.3865356	1.6674957	0.30233765
147232194	MAG	79.91638	100.21362	10.371399
147232193	GYR	1.2863464	1.8040161	0.39297485
147232196	ACC	-2.7165527	-11.529999	-3.7912292
147232203	GYR	1.0988159	1.7066345	0.4424591
147232214	MAG	80.8609	100.36011	11.369324
147232206	ACC	-1.5784454	-11.963699	-2.8596802
147232213	GYR	0.981308	1.6166382	0.43702698
147232216	ACC	0.008712769	-11.424316	-1.2713776
147232223	GYR	0.98539734	1.7225037	0.38789368
147232233	MAG	81.03485	100.49744	11.117554
147232226	ACC	1.2435913	-10.483795	-0.19250488
147232233	GYR	1.0549011	1.9805756	0.3056488
147232236	ACC	1.5662994	-9.6671295	-0.19847107
147232243	GYR	1.0965576	2.2076263	0.21905518
147232252	MAG	80.970764	100.546265	10.932922
147232246	ACC	1.1979523	-9.348099	-0.8145294
147232253	GYR	1.0639648	2.289566	0.15666199
147232256	ACC	0.67433167	-9.330887	-1.4031982
147232263	GYR	0.98402405	2.2428741	0.13319397
147232271	MAG	80.59845	100.76141	10.522461
147232266	ACC	0.36288452	-9.288559	-1.4589691
147232273	GYR	0.8986969	2.156723	0.12872314
147232276	ACC	0.34727478	-9.258667	-1.0541077
147232283	GYR	0.8596649	2.048294	0.116119385
147232290	MAG	79.837036	100.89264	10.096741
147232286	ACC	0.12889099	-9.259903	-0.8986206
147232293	GYR	0.85128784	1.972702	0.095062256
147232296	ACC	-0.22897339	-9.295288	-1.0874023
147232310	MAG	79.48303	101.361084	9.991455
147232306	ACC	-0.5000763	-9.337341	-1.367279
147232303	GYR	0.83703613	1.9247131	0.07809448
147232316	ACC	-0.6331177	-9.488892	-1.5123596
147232313	GYR	0.79515076	1.8639832	0.05848694
147232329	MAG	79.39606	101.58539	9.518433
147232326	ACC	-0.5969696	-9.632553	-1.2567749
147232323	GYR	0.7419281	1.7913666	0.034225464
147232336	ACC	-0.34300232	-9.690796	-0.634552
147232333	GYR	0.70350647	1.758606	0.004501343
147232348	MAG	78.93829	101.78833	9.25293
147232346	ACC	-0.057174683	-9.737717	-0.13630676
147232343	GYR	0.70962524	1.8534851	-0.027832031
147232356	ACC	0.34762573	-9.786438	0.027191162
147232353	GYR	0.748703	2.0736847	-0.05455017
147232367	MAG	78.63617	101.908875	9.12323
147232366	ACC	1.1015015	-9.767792	0.25674438
147232363	GYR	0.76945496	2.3103333	-0.061676025
147232376	ACC	1.4290161	-9.918106	0.3090973
147232373	GYR	0.78533936	2.3845673	-0.09298706
147232387	MAG	77.9068	101.97449	9.117126
147232385	ACC	1.3437042	-10.023636	0.03526306
147232383	GYR	0.7983246	2.3332672	-0.13748169
147232395	ACC	1.0128326	-9.9782715	-0.31324768
147232393	GYR	0.78048706	2.2715302	-0.15319824
147232406	MAG	77.14996	102.256775	8.770752
147232405	ACC	0.624115	-9.897797	-0.31629944
147232403	GYR	0.74038696	2.205307	-0.1253357
147232415	ACC	0.36405945	-9.802612	-0.20121765
147232413	GYR	0.71469116	2.1180725	-0.05836487
147232425	MAG	76.87683	102.51007	8.399963
147232425	ACC	0.36541748	-9.769882	-0.11393738
147232423	GYR	0.7197571	2.0736694	0.0284729
147232435	ACC	0.39846802	-9.867386	-0.0158844
147232433	GYR	0.74645996	2.0794983	0.09989929
147232444	MAG	76.27716	102.474976	8.1604
147232445	ACC	0.4481964	-9.986633	0.0041656494
147232443	GYR	0.77742004	2.0945435	0.14709473
147232455	ACC	0.5182648	-10.098343	0.0014343262
147232453	GYR	0.7947998	2.0980377	0.1778717
147232464	MAG	75.901794	102.6535	7.7072144
147232465	ACC	0.57221985	-10.135284	0.0013427734
147232463	GYR	0.79151917	2.0812988	0.19573975
147232475	ACC	0.6952057	-10.04657	-0.009719849
147232473	GYR	0.7675476	2.0468903	0.20500183
147232483	MAG	75.875854	102.94647	7.409668
147232485	ACC	0.87449646	-9.899704	0.19042969
147232483	GYR	0.7277527	1.9924164	0.20675659
147232495	ACC	0.922699	-9.709854	0.3924408
147232493	GYR	0.69189453	1.9442291	0.19433594
147232502	MAG	75.78125	103.02124	6.8084717
147232505	ACC	1.036087	-9.508713	0.59773254
147232503	GYR	0.6750183	1.9245758	0.16403198
147232515	ACC	0.94407654	-9.388458	0.5625763
147232513	GYR	0.68089294	1.8866577	0.12225342
147232521	MAG	75.4364	102.82745	6.704712
147232525	ACC	0.63386536	-9.275696	0.17419434
147232523	GYR	0.7012024	1.8554688	0.08232117
147232535	ACC	0.65460205	-9.003464	-0.13027954
147232533	GYR	0.6982269	1.8623047	0.07215881
147232540	MAG	75.294495	103.21045	6.176758
147232545	ACC	0.8865509	-8.994843	0.04434204
147232543	GYR	0.6592407	1.8260803	0.08753967
147232555	ACC	1.1480408	-9.106384	0.04107666
147232553	GYR	0.63505554	1.768631	0.09895325
147232560	MAG	74.98474	103.06702	5.8807373
147232565	ACC	1.4173126	-9.0720215	0.10028076
147232563	GYR	0.6381836	1.7220764	0.09686279
147232575	ACC	1.6287994	-9.06041	0.3344574
147232572	GYR	0.6571045	1.6611786	0.08888245
147232579	MAG	74.124146	103.50952	4.837036
147232585	ACC	1.7559509	-9.031448	0.4265442
147232582	GYR	0.69506836	1.6077118	0.07249451
147232592	GYR	0.7450409	1.5818634	0.054901123
147232598	MAG	74.11041	103.21045	5.229187
147232595	ACC	1.7392273	-9.056107	0.10076904
147232602	GYR	0.77830505	1.546875	0.053833008
147232605	ACC	1.8234406	-9.176071	-0.24653625
147232612	GYR	0.77163696	1.480011	0.06503296
147232617	MAG	74.54376	103.45459	4.58374
147232615	ACC	1.8308258	-9.440506	-0.3551941
147232622	GYR	0.7452545	1.3938446	0.08892822
147232625	ACC	1.8374481	-9.860291	-0.52067566
147232632	GYR	0.7201233	1.2986145	0.13102722
147232637	MAG	74.31488	103.51868	4.130554
147232635	ACC	2.0963135	-10.124039	-0.87509155
147232642	GYR	0.717926	1.1698303	0.17079163
147232645	ACC	2.3584595	-10.318375	-1.4654083
147232652	GYR	0.72698975	1.0297089	0.20013428
147232656	MAG	74.47357	103.66669	3.6941528
147232655	ACC	2.7522278	-10.330338	-2.3271637
147232662	GYR	0.71461487	0.9267273	0.21624756
147232665	ACC	2.9700012	-10.188019	-2.9086304
147232672	GYR	0.68193054	0.85487366	0.2183075
147232675	MAG	74.45679	103.91693	2.8442383
147232675	ACC	2.8649597	-10.052216	-2.9764252
147232682	GYR	0.62875366	0.8023071	0.2189331
147232685	ACC	2.4093018	-10.025299	-2.4125824
147232694	MAG	74.80774	103.79944	2.3223877
147232695	ACC	1.8954468	-9.983398	-1.5281067
147232692	GYR	0.5618439	0.7980194	0.2397461
147232705	ACC	1.312027	-9.728104	-0.6135864
147232702	GYR	0.49221802	0.8287964	0.2814026
147232713	MAG	75.07019	104.09851	2.0080566
147232715	ACC	0.7046051	-9.469788	0.06185913
147232712	GYR	0.4267273	0.8582611	0.3282013
147232725	ACC	0.33428955	-9.364655	0.248703
147232722	GYR	0.38250732	0.8670349	0.38046265
147232733	MAG	74.96033	103.95355	1.7929077
147232735	ACC	0.22741699	-9.462387	0.18328857
147232732	GYR	0.33981323	0.83406067	0.42100525
147232745	ACC	0.481781	-9.694748	0.10041809
147232742	GYR	0.29377747	0.76301575	0.44128418
147232752	MAG	75.4837	103.97034	1.6677856
147232755	ACC	0.9467926	-9.858551	0.11541748
147232752	GYR	0.26556396	0.6876068	0.4263916
147232765	ACC	1.3401794	-9.895859	0.17895508
147232762	GYR	0.26123047	0.64785767	0.3755188
147232771	MAG	76.03912	104.15802	1.3442993
147232775	ACC	1.4934692	-9.903671	0.35049438
147232772	GYR	0.2619934	0.67099	0.29901123
147232785	ACC	1.4785919	-9.931976	0.7186737
147232782	GYR	0.25047302	0.766098	0.2180481
147232790	MAG	76.12305	104.05426	1.1611938
147232795	ACC	1.348114	-10.033417	1.0075531
147232792	GYR	0.23635864	0.9011688	0.1427002
147232805	ACC	1.1326752	-10.21817	0.9981079
147232802	GYR	0.22949219	1.0415039	0.08534241
147232810	MAG	76.02844	104.16565	1.2054443
147232815	ACC	0.99546814	-10.477493	0.67163086
147232812	GYR	0.22772217	1.149643	0.05128479
147232825	ACC	0.9254303	-10.778656	0.10777283
147232822	GYR	0.23043823	1.2239075	0.036575317
147232829	MAG	76.0849	104.04358	1.3031006
147232835	ACC	0.8142853	-11.005646	-0.5218506
147232832	GYR	0.23173523	1.2870331	0.034835815
147232848	MAG	76.01776	104.02069	1.0314941
147232845	ACC	0.5800476	-11.182251	-1.3398743
147232842	GYR	0.22280884	1.3665771	0.050064087
147232855	ACC	0.54145813	-11.228485	-1.8933258
147232852	GYR	0.18595886	1.4772949	0.07965088
147232867	MAG	76.083374	104.16107	1.2954712
147232864	ACC	0.6610565	-11.252457	-1.9846497
147232862	GYR	0.11854553	1.5651855	0.113082886
147232874	ACC	0.99697876	-11.439972	-2.0291748
147232872	GYR	0.04875183	1.573288	0.13552856
147232886	MAG	76.27258	104.208374	1.234436
147232884	ACC	1.6608124	-11.868408	-1.9483948
147232882	GYR	-0.018447876	1.5182343	0.14411926
147232894	ACC	2.4506836	-12.436783	-1.5730133
147232892	GYR	-0.103652954	1.3791046	0.12411499
147232906	MAG	76.25427	104.25873	1.6479492
147232904	ACC	3.1098328	-12.863464	-1.0561371
147232902	GYR	-0.20976257	1.1764069	0.053756714
147232914	ACC	3.5482483	-12.915573	-0.8863983
147232912	GYR	-0.3169403	0.9673462	-0.0655365
147232925	MAG	76.297	103.9917	2.1728516
147232924	ACC	3.59964	-12.622772	-1.3794861
147232922	GYR	-0.41174316	0.7920227	-0.20246887
147232934	ACC	3.2766266	-12.236771	-2.2479706
147232932	GYR	-0.52053833	0.6867676	-0.31704712
147232944	MAG	76.04065	104.148865	2.6870728
147232944	ACC	2.4940948	-12.020752	-2.8181152
147232942	GYR	-0.6786194	0.6376953	-0.406662
147232954	ACC	1.5585785	-11.776947	-2.7070312
147232952	GYR	-0.8913727	0.5768585	-0.48454285
147232963	MAG	75.834656	103.91998	3.779602
147232964	ACC	0.73747253	-11.48735	-2.0032043
147232962	GYR	-1.122467	0.4590149	-0.55882263
147232974	ACC	-0.01473999	-11.103638	-1.2149353
147232972	GYR	-1.3296204	0.28736877	-0.6342163
147232983	MAG	75.3479	103.8681	5.062866
147232982	GYR	-1.4814453	0.05708313	-0.7137604
147232984	ACC	-0.87594604	-10.6645355	-0.43351746
147232992	GYR	-1.5890808	-0.1655426	-0.79071045
147233002	MAG	74.63379	103.53088	6.4712524
147232994	ACC	-1.7392426	-10.336746	-0.105026245
147233002	GYR	-1.7171631	-0.27127075	-0.86203
147233004	ACC	-2.4422607	-10.353989	-0.15386963
147233012	GYR	-1.8953247	-0.21574402	-0.9041443
147233021	MAG	73.90442	103.39508	8.375549
147233014	ACC	-2.926529	-10.930939	-0.117370605
147233022	GYR	-2.079483	0.03237915	-0.9141388
147233024	ACC	-3.1992188	-11.793625	-0.17240906
147233032	GYR	-2.2206726	0.45855713	-0.90397644
147233040	MAG	72.950745	103.04718	10.493469
147233034	ACC	-3.3789825	-12.531113	-0.22573853
147233042	GYR	-2.2650146	0.88916016	-0.87753296
147233044	ACC	-3.6553345	-13.100952	-0.39064026
147233051	GYR	-2.1911469	1.1365356	-0.82759094
147233060	MAG	72.14813	102.19574	12.591553
147233054	ACC	-3.6183014	-13.678818	-0.6771393
147233061	GYR	-2.0654907	1.1729584	-0.78208923
147233064	ACC	-3.5643768	-13.856384	-0.08303833
147233071	GYR	-1.9069672	1.0996399	-0.74121094
147233079	MAG	71.25244	101.72577	14.807129
147233074	ACC	-2.7449646	-13.567169	0.94999695
147233084	ACC	-1.5689087	-12.85318	0.30570984
147233081	GYR	-1.6206512	0.75097656	-0.75123596
147233098	MAG	70.18585	101.27869	16.012573
147233094	ACC	-0.7763672	-12.310562	-1.4843292
147233091	GYR	-1.3696289	0.18899536	-0.8405304
147233104	ACC	-0.1516571	-12.005035	-2.597229
147233101	GYR	-1.3570709	-0.18896484	-0.9508972
147233117	MAG	69.56482	100.71411	17.340088
147233114	ACC	0.082214355	-11.8918915	-3.2185822
147233111	GYR	-1.4814148	-0.43414307	-1.012558
147233124	ACC	-0.25987244	-11.578018	-3.0859985
147233121	GYR	-1.6100311	-0.746521	-1.0120239
147233136	MAG	69.03229	100.001526	19.180298
147233134	ACC	-0.68637085	-10.936783	-2.1221619
147233131	GYR	-1.7294617	-0.9292908	-0.9461365
147233144	ACC	-0.98161316	-10.115967	-1.6113586
147233141	GYR	-1.7478333	-0.966156	-0.8437042
147233156	MAG	68.55469	99.55902	20.489502
147233154	ACC	-0.67507935	-9.129257	-1.0425415
147233151	GYR	-1.7173004	-0.908844	-0.7286682
147233164	ACC	-0.18760681	-8.32756	-0.22174072
147233161	GYR	-1.7144775	-0.80184937	-0.6016388
147233175	MAG	68.49365	98.558044	22.091675
147233174	ACC	-0.3179779	-7.9003296	-0.12257385
147233171	GYR	-1.6815186	-0.7153168	-0.5019989
147233184	ACC	-0.19223022	-7.988983	0.02444458
147233181	GYR	-1.6719208	-0.68218994	-0.40724182
147233194	MAG	68.06183	98.039246	23.358154
147233194	ACC	-0.016616821	-8.431854	0.037399292
147233191	GYR	-1.7019196	-0.856308	-0.31559753
147233204	ACC	-0.003616333	-8.586563	-0.2593689
147233201	GYR	-1.683548	-1.0736694	-0.2964325
147233213	MAG	68.43567	97.047424	24.932861
147233214	ACC	-0.0037231445	-8.486542	-0.56333923
147233211	GYR	-1.6279907	-1.2363586	-0.3058014
147233224	ACC	-0.32408142	-8.203766	-0.9236603
147233221	GYR	-1.5646973	-1.3570862	-0.30654907
147233233	MAG	68.89496	96.37451	26.434326
147233234	ACC	-0.88427734	-7.739609	-1.273056
147233231	GYR	-1.5076752	-1.4301758	-0.29541016
147233244	ACC	-1.1247864	-7.321518	-1.220932
147233241	GYR	-1.4604797	-1.4934845	-0.25712585
147233252	MAG	69.60144	95.51239	27.285767
147233254	ACC	-1.3220215	-7.032669	-1.3480225
147233251	GYR	-1.3875732	-1.6008301	-0.2091217
147233264	ACC	-1.3859406	-6.3332367	-1.2915802
147233261	GYR	-1.2927246	-1.7127991	-0.16879272
147233271	MAG	70.062256	94.68536	28.752136
147233274	ACC	-1.3157349	-5.5484924	-0.9361572
147233271	GYR	-1.2029572	-1.7537537	-0.09764099
147233284	ACC	-1.1966095	-5.061447	-0.62994385
147233281	GYR	-1.0853577	-1.7013702	0.02519226
147233290	MAG	71.17462	94.203186	29.275513
147233294	ACC	-1.1606903	-4.6963043	-0.48561096
147233291	GYR	-0.92437744	-1.5464935	0.16287231
147233304	ACC	-1.2392273	-4.4801025	-0.82917786
147233301	GYR	-0.71917725	-1.3147125	0.27529907
147233309	MAG	72.59216	93.59894	29.974365
147233314	ACC	-1.2438507	-4.536789	-1.403656
147233311	GYR	-0.49386597	-1.0807037	0.35824585
147233324	ACC	-1.0712585	-4.82547	-1.9508514
147233321	GYR	-0.2836151	-0.89424133	0.41604614
147233329	MAG	73.28491	93.40515	30.13153
147233334	ACC	-0.631073	-5.122116	-2.4113464
147233331	GYR	-0.1005249	-0.7564087	0.44810486
147233343	ACC	-0.09259033	-5.407425	-2.7159119
147233341	GYR	0.06236267	-0.6611786	0.45639038
147233348	MAG	74.15161	93.38837	30.033875
147233353	ACC	0.3280182	-5.4347076	-3.0179749
147233351	GYR	0.21707153	-0.5817566	0.44839478
147233363	ACC	0.71865845	-5.4946747	-3.4365692
147233361	GYR	0.36598206	-0.4828949	0.44273376
147233367	MAG	74.9527	93.49823	29.74701
147233371	GYR	0.5052948	-0.35227966	0.43914795
147233373	ACC	0.9158478	-5.615387	-4.046509
147233381	GYR	0.6289215	-0.18608093	0.44158936
147233386	MAG	75.494385	93.811035	29.277039
147233383	ACC	1.1214752	-5.8872833	-4.7617645
147233391	GYR	0.73080444	-0.015319824	0.4376068
147233393	ACC	1.1825256	-6.311493	-5.5610046
147233401	GYR	0.79133606	0.13560486	0.4277954
147233406	MAG	76.02844	94.09332	28.669739
147233403	ACC	1.4535675	-6.854294	-6.386444
147233411	GYR	0.7847595	0.24134827	0.39152527
147233413	ACC	1.5774078	-7.606186	-7.1896667
147233421	GYR	0.7047119	0.28684998	0.3335266
147233425	MAG	76.25275	94.57703	27.88086
147233423	ACC	1.5355225	-8.31131	-7.901993
147233431	GYR	0.55532837	0.28726196	0.27056885
147233433	ACC	1.3032074	-9.098541	-8.528793
147233441	GYR	0.36061096	0.24476624	0.20730591
147233444	MAG	76.06506	94.88068	27.36206
147233443	ACC	0.99420166	-9.801315	-8.9665985
147233451	GYR	0.15156555	0.15611267	0.15678406
147233453	ACC	0.67433167	-10.395935	-9.221542
147233461	GYR	-0.040161133	0.006942749	0.12713623
147233463	MAG	75.85144	95.20111	27.166748
147233463	ACC	0.6239624	-10.89151	-9.118118
147233473	ACC	1.2090607	-11.210007	-8.687378
147233471	GYR	-0.17810059	-0.19049072	0.12783813
147233482	MAG	75.9613	95.03479	27.95868
147233483	ACC	1.7622375	-11.490189	-8.267166
147233481	GYR	-0.24481201	-0.41696167	0.118392944
147233493	ACC	2.058609	-11.520996	-8.13649
147233491	GYR	-0.26760864	-0.5770874	0.088378906
147233502	MAG	76.64337	94.58313	27.903748
147233503	ACC	2.0586548	-11.341415	-7.893387
147233501	GYR	-0.29579163	-0.625885	0.046936035
147233513	ACC	1.5218506	-10.91066	-7.3908997
147233511	GYR	-0.3358612	-0.59313965	-0.01675415
147233521	MAG	76.79901	94.49921	28.03955
147233523	ACC	0.5825043	-10.071854	-7.038376
147233521	GYR	-0.35469055	-0.5288086	-0.07853699
147233533	ACC	-0.38371277	-9.016464	-6.893326
147233531	GYR	-0.3371582	-0.5035095	-0.109375
147233540	MAG	77.25525	94.29779	28.257751
147233543	ACC	-1.4236908	-8.002121	-6.692108
147233540	GYR	-0.29162598	-0.530838	-0.10826111
147233553	ACC	-2.5782166	-7.3166504	-6.3046417
147233550	GYR	-0.21980286	-0.55300903	-0.09309387
147233559	MAG	77.55432	94.14215	28.3432
147233563	ACC	-3.8775482	-7.4907837	-6.1258698
147233560	GYR	-0.12809753	-0.5184021	-0.075790405
147233573	ACC	-5.5049286	-9.367996	-6.4035187
147233570	GYR	-0.036987305	-0.4161377	-0.059402466
147233579	MAG	77.516174	94.13147	28.485107
147233583	ACC	-6.825424	-12.580704	-5.617462
147233580	GYR	0.03387451	-0.32881165	-0.02432251
147233593	ACC	-7.2048035	-15.136078	-3.8688202
147233590	GYR	0.114486694	-0.2899933	0.071014404
147233598	MAG	77.786255	94.462585	28.260803
147233603	ACC	-6.230057	-15.477142	-3.5793
147233600	GYR	0.2501526	-0.17185974	0.23988342
147233613	ACC	-4.100281	-14.016998	-5.43454
147233610	GYR	0.34750366	0.036224365	0.3901062
147233617	MAG	77.97089	94.51141	28.153992
147233623	ACC	-1.3749695	-12.03035	-6.9568787
147233620	GYR	0.24804688	0.12181091	0.39257812
147233633	ACC	1.5071716	-9.977097	-6.0285187
147233630	GYR	-0.03100586	0.08850098	0.25238037
147233637	MAG	78.55072	94.37103	28.082275
147233643	ACC	2.7833557	-7.8458405	-2.9779205
147233640	GYR	-0.27122498	0.22640991	0.03137207
147233656	MAG	78.65753	94.17114	28.182983
147233653	ACC	1.848114	-5.49765	0.29406738
147233650	GYR	-0.27078247	0.71243286	-0.20594788
147233663	ACC	-0.4934845	-3.779663	2.556427
147233660	GYR	0.013046265	1.3842468	-0.3421631
147233675	MAG	77.734375	94.07654	28.800964
147233673	ACC	-2.8070679	-3.302948	3.0901184
147233670	GYR	0.4678192	1.9420776	-0.32107544
147233683	ACC	-4.07312	-4.066757	1.950882
147233680	GYR	0.90063477	2.2660828	-0.16397095
147233694	MAG	76.060486	94.68536	28.579712
147233693	ACC	-4.1650543	-5.967621	-0.35047913
147233690	GYR	1.1306915	2.4188385	0.06555176
147233703	ACC	-3.8521729	-8.465118	-2.5838776
147233700	GYR	1.0798035	2.420929	0.29330444
147233713	MAG	74.705505	95.27893	28.062439
147233713	ACC	-2.8433533	-10.414017	-1.9460449
147233710	GYR	0.85461426	2.246643	0.46801758
147233723	ACC	-1.2585449	-11.167969	0.09338379
147233720	GYR	0.7183075	2.0123596	0.5555115
147233732	MAG	73.89221	95.60547	27.626038
147233733	ACC	-0.09190369	-11.328888	0.7551575
147233730	GYR	0.7994385	1.8875275	0.5395355
147233743	ACC	0.4353485	-11.386581	0.37886047
147233740	GYR	0.980484	1.8820038	0.45996094
147233752	MAG	72.92328	96.13037	27.090454
147233753	ACC	0.5111084	-11.212997	-0.4107666
147233750	GYR	1.1373291	1.8944855	0.37391663
147233760	GYR	1.246994	1.9633331	0.30665588
147233771	MAG	72.41974	96.87195	26.327515
147233763	ACC	0.62898254	-10.7877655	-0.93917847
147233770	GYR	1.3167725	2.1157684	0.27841187
147233773	ACC	0.93084717	-10.163971	-0.5709686
147233780	GYR	1.369339	2.3226776	0.2990265
147233790	MAG	71.34094	97.406006	25.613403
147233783	ACC	0.8727417	-9.659119	0.17448425
147233790	GYR	1.42099	2.5934448	0.37179565
147233793	ACC	0.7058563	-9.4592285	0.2484436
147233800	GYR	1.4677429	2.7791748	0.49040222
147233809	MAG	70.20264	98.18268	24.145508
147233803	ACC	0.7111511	-9.646103	-0.23573303
147233810	GYR	1.4764557	2.7520905	0.60983276
147233813	ACC	0.93281555	-9.925156	-0.65034485
147233820	GYR	1.4574585	2.5663147	0.67193604
147233829	MAG	69.28711	99.01581	23.077393
147233822	ACC	1.2034607	-10.291824	-0.4304657
147233830	GYR	1.4655762	2.2528992	0.66690063
147233832	ACC	1.4124298	-10.623825	0.031204224
147233840	GYR	1.5066681	1.8697205	0.6129608
147233848	MAG	68.65845	99.66431	21.911621
147233842	ACC	1.390625	-10.701843	0.33506775
147233850	GYR	1.5558777	1.563034	0.543396
147233852	ACC	1.4103699	-10.448914	0.35009766
147233867	MAG	68.273926	100.4715	20.16449
147233862	ACC	1.5505829	-10.074738	0.46070862
147233860	GYR	1.5745239	1.419693	0.48736572
147233872	ACC	1.5344849	-9.765213	0.2727661
147233870	GYR	1.5776672	1.3675995	0.42739868
147233886	MAG	68.21289	101.335144	18.858337
147233882	ACC	1.3240051	-9.47084	-0.008285522
147233880	GYR	1.5596161	1.3482056	0.3529358
147233892	ACC	0.955246	-9.152603	-0.33003235
147233890	GYR	1.5077972	1.279129	0.29257202
147233905	MAG	67.86194	101.88446	17.497253
147233902	ACC	0.5286865	-8.848022	-0.4409027
147233900	GYR	1.4160156	1.1395416	0.2619934
147233912	ACC	0.24287415	-8.62944	-0.34454346
147233910	GYR	1.3164215	1.1227875	0.25585938
147233925	MAG	67.44385	102.13623	16.485596
147233922	ACC	0.04019165	-8.680405	-0.5979004
147233920	GYR	1.2612152	1.2071838	0.26869202
147233932	ACC	-0.13450623	-8.783371	-1.0535278
147233930	GYR	1.2427979	1.3860931	0.28874207
147233944	MAG	67.19208	102.91748	15.196228
147233942	ACC	-0.26724243	-8.839493	-1.3025208
147233940	GYR	1.1998291	1.5386047	0.30444336
147233952	ACC	-0.14886475	-8.920563	-1.0798492
147233950	GYR	1.1161346	1.5351105	0.32369995
147233963	MAG	67.01813	103.21045	14.213562
147233962	ACC	0.14105225	-9.015457	-0.6871338
147233960	GYR	1.0212555	1.3894348	0.33520508
147233972	ACC	0.5649872	-9.105988	-0.5349121
147233970	GYR	0.9519348	1.293869	0.33674622
147233982	MAG	66.64581	103.58276	13.191223
147233982	ACC	1.0277252	-9.150177	-0.32777405
147233980	GYR	0.9030609	1.2700043	0.33425903
147233992	ACC	1.3159943	-9.1683655	0.087631226
147233990	GYR	0.85868835	1.271637	0.33010864
147234002	MAG	66.51459	103.95813	12.155151
147234002	ACC	1.4235687	-9.229202	0.46878052
147234000	GYR	0.83662415	1.316864	0.32855225
147234012	ACC	1.4699554	-9.303497	0.530426
147234010	GYR	0.8472748	1.3905487	0.34057617
147234021	MAG	66.40015	104.20532	11.31134
147234022	ACC	1.2976074	-9.324158	0.2793579
147234019	GYR	0.89875793	1.4510956	0.35635376
147234032	ACC	0.94540405	-9.3098755	-0.13017273
147234029	GYR	0.9686279	1.4813538	0.38237
147234040	MAG	66.22467	104.42505	10.287476
147234042	ACC	0.6878967	-9.349686	-0.78038025
147234039	GYR	1.0175476	1.4385834	0.43440247
147234052	ACC	0.6554718	-9.651169	-1.7693481
147234049	GYR	1.0407562	1.305191	0.5008545
147234059	MAG	66.256714	104.71039	9.47876
147234062	ACC	0.84620667	-10.017807	-3.0757294
147234059	GYR	1.0536041	1.131424	0.56259155
147234072	ACC	1.0614166	-10.21579	-3.7937622
147234069	GYR	1.0324707	0.94773865	0.6123352
147234079	MAG	66.65802	104.9057	8.377075
147234082	ACC	1.2778931	-10.108948	-3.2045288
147234079	GYR	0.94688416	0.76049805	0.64645386
147234092	ACC	1.4941254	-9.78595	-1.8995819
147234089	GYR	0.8309479	0.6206665	0.65864563
147234098	MAG	66.98761	105.34668	7.6782227
147234102	ACC	1.7395935	-9.422165	-0.73057556
147234099	GYR	0.7273102	0.58828735	0.64730835
147234112	ACC	2.0559387	-9.258621	0.008636475
147234109	GYR	0.6417694	0.6555481	0.60990906
147234117	MAG	67.16766	105.47943	6.8710327
147234122	ACC	2.110672	-9.242325	-0.0063934326
147234119	GYR	0.5826416	0.78367615	0.54751587
147234132	ACC	1.9789124	-9.513763	-0.42814636
147234129	GYR	0.5267792	0.9345093	0.49057007
147234136	MAG	67.69104	105.7312	6.1279297
147234142	ACC	1.954773	-9.88353	-0.3759308
147234139	GYR	0.42721558	1.0255737	0.4653778
147234149	GYR	0.3125763	0.9547119	0.45599365
147234155	MAG	67.933655	105.69763	6.1157227
147234152	ACC	2.0016632	-10.35997	-0.080703735
147234159	GYR	0.24653625	0.7341614	0.43569946
147234162	ACC	2.133957	-10.789612	-0.08711243
147234169	GYR	0.23692322	0.49238586	0.39027405
147234175	MAG	68.20831	105.75409	5.909729
147234172	ACC	2.1816254	-11.194275	-0.2932129
147234179	GYR	0.25341797	0.33236694	0.3273468
147234182	ACC	2.0474243	-11.553925	-0.2862854
147234189	GYR	0.28019714	0.2807312	0.25950623
147234194	MAG	68.46619	105.78766	5.4763794
147234192	ACC	1.7442932	-11.800629	-0.24832153
147234199	GYR	0.30036926	0.332489	0.19552612
147234202	ACC	1.5632782	-11.804306	0.011734009
147234209	GYR	0.31199646	0.4466858	0.12568665
147234213	MAG	68.54248	105.807495	5.192566
147234212	ACC	0.9531555	-11.709427	-0.17883301
147234219	GYR	0.30285645	0.6472168	0.07229614
147234222	ACC	0.68974304	-11.907333	-0.92344666
147234229	GYR	0.24615479	0.89305115	0.036071777
147234232	MAG	68.573	105.62897	4.925537
147234232	ACC	0.6996155	-12.361588	-1.8550262
147234239	GYR	0.13883972	1.0520325	0.011169434
147234242	ACC	1.1829834	-13.071625	-2.4953613
147234252	MAG	68.33038	105.74188	4.9316406
147234252	ACC	1.9795227	-13.869263	-2.3566284
147234249	GYR	-0.043167114	1.0622864	-0.029937744
147234262	ACC	2.859253	-14.136276	-1.7176514
147234259	GYR	-0.26921082	0.9297638	-0.11647034
147234271	MAG	68.15033	105.57251	5.093384
147234272	ACC	3.6723022	-13.831497	-1.4803619
147234269	GYR	-0.4434662	0.6630707	-0.24386597
147234282	ACC	4.2606506	-13.445648	-2.0319672
147234279	GYR	-0.529953	0.3408661	-0.36930847
147234290	MAG	67.993164	105.30701	5.5374146
147234292	ACC	4.033081	-13.352783	-3.085968
147234289	GYR	-0.6122589	0.1396637	-0.49623108
147234301	ACC	3.0892487	-13.126724	-3.764801
147234299	GYR	-0.80392456	0.11621094	-0.6061554
147234309	MAG	67.46216	105.13916	6.1828613
147234311	ACC	2.194687	-12.250366	-3.4093323
147234309	GYR	-1.1227875	0.12870789	-0.6450043
147234321	ACC	1.2780151	-11.218689	-2.310852
147234319	GYR	-1.4536896	0.057388306	-0.6667023
147234328	MAG	66.65497	104.71802	7.649231
147234331	ACC	0.2735443	-10.4857025	-1.0760956
147234329	GYR	-1.7015228	-0.15626526	-0.710907
147234341	ACC	-0.45295715	-10.30542	-0.51516724
147234339	GYR	-1.8614044	-0.41984558	-0.77182007
147234348	MAG	66.07361	104.237366	9.52301
147234351	ACC	-0.8315582	-10.770935	-0.8138733
147234349	GYR	-1.9814911	-0.62641907	-0.85025024
147234361	ACC	-1.0922852	-11.713867	-1.0675507
147234359	GYR	-2.1248016	-0.71958923	-0.9180145
147234367	MAG	65.408325	103.4729	11.514282
147234371	ACC	-1.737854	-12.834793	-0.3224182
147234369	GYR	-2.3051453	-0.6636963	-0.9663086
147234381	ACC	-2.3446503	-13.782181	0.89530945
147234379	GYR	-2.423645	-0.5744629	-0.9547272
147234386	MAG	64.94293	102.708435	13.586426
147234391	ACC	-2.1594543	-14.250687	1.7108002
147234389	GYR	-2.3903809	-0.603302	-0.84288025
147234401	ACC	-1.3679657	-14.020569	1.8791046
147234399	GYR	-2.2414246	-0.7237549	-0.70321655
147234406	MAG	64.49432	101.734924	15.856934
147234411	ACC	-0.4424286	-13.323273	0.8723755
147234409	GYR	-2.0556946	-0.76708984	-0.62461853
147234421	ACC	0.067977905	-12.634705	-0.5884552
147234419	GYR	-1.9082947	-0.6131897	-0.624527
147234425	MAG	63.793945	100.61188	17.96875
147234431	ACC	-0.24205017	-12.363419	-1.5758667
147234429	GYR	-1.8344727	-0.3381195	-0.6655121
147234444	MAG	63.67798	99.65515	19.477844
147234441	ACC	-0.50431824	-12.049149	-2.3417969
147234439	GYR	-1.7792816	-0.16566467	-0.68522644
147234451	ACC	-0.07797241	-11.728149	-2.846405
147234449	GYR	-1.7088318	-0.30271912	-0.6676636
147234463	MAG	63.230896	98.838806	21.136475
147234461	ACC	0.56118774	-11.657791	-2.681366
147234459	GYR	-1.6632385	-0.75357056	-0.66607666
147234471	ACC	0.697876	-11.366165	-2.384964
147234469	GYR	-1.6470642	-1.4584503	-0.7108612
147234482	MAG	63.076782	97.8714	22.787476
147234481	ACC	0.89523315	-10.545258	-0.5535431
147234479	GYR	-1.6888885	-2.065033	-0.7541046
147234491	ACC	1.1246643	-9.473877	1.4025726
147234489	GYR	-1.7439575	-2.1831665	-0.75424194
147234501	MAG	63.697815	96.87958	24.440002
147234501	ACC	1.563858	-8.575302	1.7140961
147234498	GYR	-1.6949768	-1.8913727	-0.74272156
147234511	ACC	1.4017792	-8.184921	0.8382721
147234508	GYR	-1.5727692	-1.5747833	-0.7641754
147234521	MAG	64.0152	95.93201	25.923157
147234521	ACC	0.106674194	-7.850708	-0.19960022
147234518	GYR	-1.4912262	-1.4828644	-0.796463
147234531	ACC	0.56100464	-7.6678467	0.49145508
147234528	GYR	-1.5050507	-1.5410767	-0.76776123
147234540	MAG	63.92975	95.03021	27.19574
147234538	GYR	-1.5080109	-1.8487701	-0.7552185
147234541	ACC	0.6168976	-7.853958	0.550766
147234548	GYR	-1.4710846	-2.342682	-0.8400421
147234559	MAG	64.56909	93.98651	28.434753
147234551	ACC	0.026916504	-7.820526	0.34568787
147234558	GYR	-1.4579926	-2.5652313	-0.91282654
147234561	ACC	-0.5058594	-7.4059296	0.34814453
147234568	GYR	-1.445755	-2.6576385	-0.9306946
147234578	MAG	65.50598	93.096924	29.78363
147234571	ACC	-0.8912964	-7.267761	0.15881348
147234578	GYR	-1.4292908	-2.766449	-0.90615845
147234581	ACC	-0.8926697	-7.123749	0.06593323
147234588	GYR	-1.407608	-2.8672638	-0.86265564
147234598	MAG	66.7099	92.15546	30.796814
147234591	ACC	-1.0813293	-6.978134	0.14245605
147234598	GYR	-1.3592529	-2.9231262	-0.8140869
147234601	ACC	-1.3525085	-6.6318207	0.24655151
147234608	GYR	-1.2684326	-2.9343414	-0.7573395
147234617	MAG	68.24188	91.38489	31.684875
147234611	ACC	-1.5850372	-6.167053	0.39102173
147234618	GYR	-1.1402893	-2.8677826	-0.6991577
147234621	ACC	-1.5762482	-5.593155	0.49491882
147234628	GYR	-0.9666748	-2.7072906	-0.6480408
147234636	MAG	69.503784	90.67078	32.21588
147234631	ACC	-1.6266327	-5.1393127	0.45010376
147234638	GYR	-0.74320984	-2.462799	-0.6046295
147234641	ACC	-1.8451691	-4.736908	0.26091003
147234655	MAG	70.75958	90.11536	32.688904
147234651	ACC	-2.0219269	-4.340332	-0.01133728
147234648	GYR	-0.5014343	-2.118103	-0.53863525
147234661	ACC	-2.1996765	-4.061325	-0.4802246
147234658	GYR	-0.25341797	-1.6890259	-0.45846558
147234675	MAG	71.821594	90.060425	32.629395
147234671	ACC	-2.2446442	-3.9779358	-1.1228638
147234668	GYR	0.0033111572	-1.2522736	-0.38232422
147234681	ACC	-1.9994812	-4.0453186	-1.7225037
147234678	GYR	0.24151611	-0.9033356	-0.3019104
147234694	MAG	72.0459	90.234375	32.418823
147234691	ACC	-1.5264893	-4.283142	-2.2177582
147234688	GYR	0.44857788	-0.6791687	-0.22488403
147234701	ACC	-0.8560333	-4.8103027	-2.8157806
147234698	GYR	0.6176758	-0.533432	-0.1522522
147234713	MAG	72.53113	90.475464	31.817627
147234711	ACC	-0.44900513	-5.712555	-3.8162537
147234708	GYR	0.7470856	-0.39601135	-0.10658264
147234721	ACC	-0.18276978	-6.8150177	-5.14328
147234718	GYR	0.80818176	-0.2475586	-0.06564331
147234732	MAG	72.63031	90.90271	31.272888
147234731	ACC	-0.2106018	-8.094086	-6.505493
147234728	GYR	0.7781067	-0.14782715	-0.01939392
147234741	ACC	-0.2825775	-9.451813	-7.672287
147234738	GYR	0.66474915	-0.15138245	0.017211914
147234751	MAG	72.67914	91.44592	30.722046
147234751	ACC	-0.292099	-10.594849	-8.5896
147234748	GYR	0.4998932	-0.25328064	0.054107666
147234761	ACC	-0.14361572	-11.233826	-9.155319
147234758	GYR	0.32365417	-0.47937012	0.077316284
147234771	MAG	72.66235	91.57562	30.52826
147234771	ACC	0.44378662	-11.139069	-9.60498
147234768	GYR	0.15924072	-0.7978821	0.089035034
147234781	ACC	1.0864563	-10.527832	-10.066971
147234778	GYR	0.03904724	-1.140274	0.07891846
147234790	MAG	73.765564	91.4505	30.332947
147234790	ACC	1.4489288	-10.010422	-10.5585785
147234788	GYR	-0.043884277	-1.4226074	0.0627594
147234800	ACC	1.8487701	-9.880127	-10.665787
147234798	GYR	-0.116485596	-1.5784607	0.06832886
147234809	MAG	74.72534	91.20636	30.154419
147234810	ACC	2.5098724	-10.167862	-9.489639
147234808	GYR	-0.19302368	-1.6201172	0.072052
147234820	ACC	2.7929077	-10.841751	-7.169342
147234818	GYR	-0.24145508	-1.5144653	0.011230469
147234828	MAG	76.06964	91.241455	29.978943
147234830	ACC	2.3661041	-11.280121	-5.359894
147234828	GYR	-0.23158264	-1.1919861	-0.11929321
147234840	ACC	1.46315	-10.808868	-5.1657257
147234838	GYR	-0.18409729	-0.77978516	-0.265625
147234848	MAG	76.45569	91.0965	29.92096
147234850	ACC	0.3448639	-9.621857	-5.8646393
147234848	GYR	-0.15556335	-0.53414917	-0.38861084
147234860	ACC	-1.1216278	-8.357956	-6.6838226
147234858	GYR	-0.16435242	-0.5261841	-0.47598267
147234867	MAG	76.06506	90.93628	29.86145
147234870	ACC	-2.346283	-7.4279785	-7.2886353
147234868	GYR	-0.18702698	-0.5996094	-0.5106964
147234880	ACC	-3.726822	-7.6902924	-8.488724
147234878	GYR	-0.19865417	-0.61242676	-0.48658752
147234886	MAG	76.52435	91.07971	30.195618
147234890	ACC	-5.619812	-10.898132	-10.029388
147234888	GYR	-0.2245636	-0.52775574	-0.42478943
147234900	ACC	-7.261902	-16.29329	-6.6237335
147234898	GYR	-0.26724243	-0.41758728	-0.32691956
147234905	MAG	76.52435	91.07971	30.195618
147234910	ACC	-7.048996	-19.481735	-2.6557312
147234908	GYR	-0.1695404	-0.2687683	-0.083984375
147234920	ACC	-2.7601776	-18.107819	-4.8235626
147234918	GYR	0.050979614	0.13671875	0.26905823
147234924	MAG	76.53961	90.7959	30.352783
147234928	GYR	0.0211792	0.5214386	0.37287903
147234930	ACC	1.7220459	-16.319504	-8.017105
147234938	GYR	-0.39349365	0.6583557	0.12150574
147234944	MAG	76.501465	90.826416	30.491638
147234940	ACC	3.1261292	-12.645203	-4.2766266
147234948	GYR	-0.7188721	0.9024048	-0.22454834
147234950	ACC	1.3680878	-6.654114	3.1937256
147234958	GYR	-0.5054321	1.4122009	-0.44387817
147234963	MAG	75.956726	90.39612	31.573486
147234960	ACC	-1.9099884	-1.2482452	8.799347
147234968	GYR	0.20323181	1.8748932	-0.4779358
147234970	ACC	-5.7346954	0.23970032	8.019928
147234977	GYR	0.92082214	1.92659	-0.31900024
147234982	MAG	74.15924	90.330505	31.500244
147234980	ACC	-8.168442	-1.0636444	2.0881958
147234987	GYR	1.1761017	1.5932617	0.011383057
147234990	ACC	-7.768585	-3.2796478	-3.1584015
147234997	GYR	1.0206909	1.0847473	0.361557
147235001	MAG	72.88513	91.28418	30.8609
147235000	ACC	-4.7248535	-6.238632	-5.08609
147235007	GYR	0.75730896	0.67308044	0.5536499
147235010	ACC	-0.942276	-9.3871155	-1.1115875
147235017	GYR	0.80285645	0.8509369	0.59069824
147235021	MAG	72.77374	91.76178	30.093384
147235020	ACC	1.1146393	-11.422852	4.6026
147235027	GYR	1.2394409	1.793457	0.5970459
147235030	ACC	1.0025177	-12.277649	5.146698
147235040	MAG	72.60437	92.282104	29.232788
147235040	ACC	0.2654724	-12.740036	2.6491241
147235037	GYR	1.6243744	2.793106	0.6443329
147235050	ACC	0.2138977	-12.943146	-0.3090515
147235047	GYR	1.748764	3.2777405	0.71113586
147235059	MAG	71.02356	93.437195	28.411865
147235060	ACC	1.0315247	-12.834061	-1.3881073
147235057	GYR	1.6972351	3.2799377	0.75364685
147235070	ACC	1.5027313	-12.175201	-1.3202057
147235067	GYR	1.6195068	2.933258	0.70643616
147235078	MAG	69.66705	94.26727	27.278137
147235080	ACC	2.251358	-11.150925	-1.1568298
147235077	GYR	1.5492249	2.545807	0.68426514
147235090	ACC	2.812683	-10.532669	-0.71315
147235087	GYR	1.456543	2.2449493	0.6885834
147235097	MAG	68.878174	95.19501	25.96283
147235100	ACC	3.2357025	-10.376343	-0.44937134
147235097	GYR	1.4178314	1.982727	0.6914978
147235110	ACC	3.3483734	-10.410843	-0.24302673
147235107	GYR	1.4734039	1.7071991	0.6549225
147235117	MAG	68.23425	95.85571	24.612427
147235120	ACC	2.901596	-10.224289	-0.039093018
147235117	GYR	1.613678	1.4277039	0.5355377
147235130	ACC	2.1533508	-9.78447	0.031539917
147235127	GYR	1.7883759	1.2223053	0.3821869
147235136	MAG	68.01453	96.72699	23.129272
147235140	ACC	1.5513	-9.436615	0.04914856
147235137	GYR	1.9359894	1.076294	0.27861023
147235150	ACC	1.2622681	-9.282074	-0.049468994
147235147	GYR	2.010666	0.95684814	0.24362183
147235155	MAG	67.50183	97.82715	21.647644
147235160	ACC	1.0386505	-9.150314	-0.18450928
147235157	GYR	1.9903259	0.8039551	0.2395935
147235170	ACC	0.72502136	-8.986938	-0.120162964
147235167	GYR	1.8873138	0.63619995	0.21690369
147235174	MAG	67.20886	98.56415	19.807434
147235180	ACC	0.1611023	-8.626999	-0.32147217
147235177	GYR	1.7709198	0.5242462	0.17155457
147235190	ACC	-0.34620667	-8.356186	-0.5044403
147235187	GYR	1.6745758	0.53312683	0.15080261
147235194	MAG	3.918457	38.7558	18.556213
147235200	ACC	-0.6980438	-8.355667	-0.7298889
147235197	GYR	1.5855103	0.72665405	0.18051147
147235210	ACC	-0.63435364	-8.500717	-0.95640564
147235207	GYR	1.4904175	0.98446655	0.2450409
147235213	MAG	3.652954	39.201355	17.01355
147235220	ACC	-0.40446472	-8.651657	-0.9145355
147235217	GYR	1.3791656	1.0937195	0.3081665
147235232	MAG	3.5751343	39.689636	16.05835
147235230	ACC	-0.18312073	-8.7846985	-0.6572113
147235227	GYR	1.2654877	1.0101624	0.33135986
147235240	ACC	-0.021987915	-8.836578	-0.39035034
147235237	GYR	1.1673431	0.91316223	0.32710266
147235251	MAG	3.6865234	40.1474	15.046692
147235250	ACC	0.18815613	-8.862137	-0.06512451
147235247	GYR	1.0976257	0.87335205	0.3241577
147235260	ACC	0.23912048	-8.909042	0.22721863
147235257	GYR	1.0558777	0.8932953	0.32629395
147235270	MAG	3.4072876	40.522766	13.972473
147235269	ACC	0.3710327	-8.837082	0.30210876
147235267	GYR	1.0380707	0.9517822	0.3352356
147235279	ACC	0.40255737	-8.601776	0.34135437
147235277	GYR	1.0484161	0.9918518	0.35211182
147235290	MAG	3.4561157	40.914917	12.738037
147235289	ACC	0.14952087	-8.590103	0.06858826
147235287	GYR	1.0826111	0.9967346	0.36727905
147235299	ACC	-0.07865906	-8.803223	-0.59002686
147235297	GYR	1.1087494	0.9647064	0.3896637
147235309	MAG	3.5247803	41.175842	11.74469
147235309	ACC	0.0093688965	-9.31221	-1.5763702
147235307	GYR	1.1332092	0.8939209	0.436615
147235317	GYR	1.1632843	0.8136902	0.49415588
147235328	MAG	3.6758423	41.71753	10.632324
147235319	ACC	0.4107666	-9.934525	-2.673767
147235327	GYR	1.1834106	0.6680908	0.5500641
147235329	ACC	1.0573425	-10.242569	-3.1728363
147235337	GYR	1.1651001	0.48667908	0.57969666
147235347	MAG	3.6972046	41.937256	9.643555
147235339	ACC	1.4839172	-10.241821	-2.638031
147235347	GYR	1.1010895	0.4139099	0.5812683
147235349	ACC	1.6534729	-10.005722	-1.4638214
147235357	GYR	0.9999237	0.50701904	0.5693054
147235367	MAG	4.2404175	42.02118	8.494568
147235359	ACC	1.4696808	-9.7955475	-0.20974731
147235367	GYR	0.8832855	0.7002106	0.54071045
147235369	ACC	1.2587128	-9.637527	0.3804779
147235377	GYR	0.78559875	0.8333435	0.4881897
147235386	MAG	4.576111	42.381287	7.847595
147235379	ACC	0.9174957	-9.631149	-0.109436035
147235387	GYR	0.6871338	0.8754883	0.43302917
147235389	ACC	0.39746094	-9.778671	-0.9608612
147235397	GYR	0.5675049	0.85635376	0.42559814
147235405	MAG	4.8553467	42.7063	7.1136475
147235399	ACC	0.3740387	-10.037186	-1.4341583
147235407	GYR	0.4265747	0.75764465	0.47024536
147235409	ACC	0.9185333	-10.511002	-1.3343964
147235417	GYR	0.29167175	0.59321594	0.53538513
147235424	MAG	4.937744	42.75818	6.919861
147235419	ACC	1.7801208	-10.989853	-0.8566742
147235429	ACC	2.6012726	-11.345642	-0.4540558
147235427	GYR	0.18650818	0.46409607	0.57611084
147235444	MAG	5.2459717	42.71393	6.488037
147235439	ACC	3.0956116	-11.479141	-0.29492188
147235437	GYR	0.14276123	0.38978577	0.5602875
147235449	ACC	3.2459564	-11.431564	0.051940918
147235447	GYR	0.14909363	0.3026123	0.49295044
147235463	MAG	5.659485	42.85431	6.222534
147235459	ACC	3.108429	-11.319504	0.45793152
147235456	GYR	0.19506836	0.18423462	0.39241028
147235469	ACC	2.7168732	-11.22493	0.48999023
147235466	GYR	0.2622223	0.15953064	0.28181458
147235482	MAG	5.982971	42.759705	5.9783936
147235479	ACC	1.9931641	-11.321243	-0.029922485
147235476	GYR	0.32138062	0.27392578	0.17300415
147235489	ACC	1.2238007	-11.5972595	-1.1404572
147235486	GYR	0.35621643	0.46321106	0.08152771
147235501	MAG	5.6167603	42.660522	5.5908203
147235499	ACC	0.6619873	-11.877274	-2.3723145
147235496	GYR	0.34165955	0.6644745	0.02003479
147235509	ACC	0.440979	-12.197845	-3.2269287
147235506	GYR	0.256073	0.83914185	-0.018249512
147235520	MAG	5.6518555	42.788696	5.4397583
147235519	ACC	0.6826172	-12.689026	-3.4829865
147235516	GYR	0.10217285	0.9668274	-0.04711914
147235529	ACC	1.3604431	-13.1801605	-2.8377686
147235526	GYR	-0.11921692	0.97831726	-0.08375549
147235540	MAG	5.508423	42.7063	5.455017
147235539	ACC	2.2121887	-13.349594	-1.6593628
147235536	GYR	-0.37615967	0.85536194	-0.17320251
147235549	ACC	2.8003387	-13.174103	-1.2276306
147235546	GYR	-0.57792664	0.6591644	-0.34654236
147235559	MAG	5.4992676	42.48047	5.934143
147235559	ACC	2.9580536	-12.976807	-2.0060272
147235556	GYR	-0.6990814	0.44676208	-0.55363464
147235569	ACC	2.8297272	-12.732025	-3.046936
147235566	GYR	-0.8485718	0.30615234	-0.71307373
147235578	MAG	4.6951294	42.292786	6.828308
147235579	ACC	2.4533691	-12.34668	-3.0824738
147235576	GYR	-1.1121368	0.24943542	-0.79759216
147235589	ACC	1.6500092	-11.920685	-2.0965576
147235586	GYR	-1.4443817	0.17274475	-0.8401184
147235597	MAG	4.0130615	42.045593	8.042908
147235599	ACC	0.5847168	-11.669098	-1.3072052
147235596	GYR	-1.735733	-0.009750366	-0.8838959
147235609	ACC	-0.64131165	-11.711166	-1.1395874
147235606	GYR	-1.9435425	-0.27041626	-0.9411926
147235617	MAG	3.515625	41.34674	9.695435
147235619	ACC	-1.7887421	-11.942841	-1.3625641
147235616	GYR	-2.1065369	-0.49838257	-0.98664856
147235629	ACC	-2.4331512	-12.323166	-1.0590515
147235626	GYR	-2.264679	-0.6405792	-0.9929199
147235636	MAG	2.406311	40.888977	11.645508
147235639	ACC	-3.1121826	-13.14035	0.325531
147235636	GYR	-2.4146423	-0.72631836	-0.97442627
147235649	ACC	-3.519394	-14.280487	1.7806549
147235646	GYR	-2.5042572	-0.791214	-0.928772
147235655	MAG	1.9760132	39.901733	14.147949
147235659	ACC	-3.261856	-14.996399	2.4359283
147235656	GYR	-2.4869843	-0.8078613	-0.83496094
147235669	ACC	-2.124405	-14.792557	2.142868
147235666	GYR	-2.3747559	-0.74380493	-0.72036743
147235674	MAG	1.550293	39.14337	16.125488
147235679	ACC	-0.989624	-13.837387	0.41801453
147235676	GYR	-2.2098389	-0.6195221	-0.64930725
147235689	ACC	-0.29588318	-12.971146	-1.3512878
147235686	GYR	-2.0604095	-0.40982056	-0.64675903
147235694	MAG	1.2634277	38.12561	17.926025
147235699	ACC	-0.358963	-12.450317	-2.7072144
147235696	GYR	-1.946579	-0.15492249	-0.6820984
147235709	ACC	-0.13749695	-12.033325	-3.6861572
147235706	GYR	-1.8523712	-0.01826477	-0.71928406
147235713	MAG	0.9185791	37.304688	19.67163
147235716	GYR	-1.8055725	-0.14950562	-0.74557495
147235719	ACC	0.17965698	-11.840942	-3.8282776
147235726	GYR	-1.8052673	-0.6557007	-0.74871826
147235732	MAG	0.50201416	36.543274	21.092224
147235729	ACC	0.529068	-11.497559	-3.150116
147235736	GYR	-1.8452759	-1.3438263	-0.73521423
147235739	ACC	0.58973694	-10.652573	-1.8498383
147235746	GYR	-1.9210358	-1.7038879	-0.711792
147235751	MAG	0.076293945	35.55603	22.991943
147235748	ACC	0.6766052	-9.277542	0.47872925
147235756	GYR	-1.9018097	-1.6269073	-0.6668091
147235758	ACC	1.6602631	-8.144287	1.8539124
147235766	GYR	-1.7090759	-1.4988251	-0.68925476
147235770	MAG	0.48828125	34.535217	24.427795
147235768	ACC	2.4128113	-8.0724945	1.1295319
147235776	GYR	-1.4917755	-1.6068268	-0.8157959
147235778	ACC	2.4758148	-8.235504	0.2204895
147235786	GYR	-1.4023285	-1.8073578	-0.9501953
147235790	MAG	0.54016113	33.795166	25.634766
147235788	ACC	2.06604	-8.323975	0.34423828
147235796	GYR	-1.3321228	-2.0557556	-1.0904694
147235798	ACC	0.988739	-8.079514	0.37243652
147235806	GYR	-1.2626038	-2.3617554	-1.1812897
147235809	MAG	0.8377075	33.132935	26.913452
147235808	ACC	0.21795654	-7.473114	0.4851532
147235818	ACC	-0.44119263	-6.92218	0.5519867
147235816	GYR	-1.2367859	-2.6140442	-1.197586
147235828	MAG	1.2115479	32.88269	26.67694
147235828	ACC	-0.7366791	-6.6337433	0.35716248
147235826	GYR	-1.2417603	-2.7545166	-1.1911163
147235838	ACC	-0.903183	-6.456192	0.14186096
147235836	GYR	-1.2794037	-2.8835602	-1.142746
147235847	MAG	1.0162354	31.950378	27.772522
147235848	ACC	-1.0449066	-6.306015	0.17021179
147235846	GYR	-1.3239594	-3.001831	-1.047821
147235858	ACC	-1.3376617	-6.243744	0.34597778
147235856	GYR	-1.3424835	-3.0496979	-0.942688
147235867	MAG	2.1987915	31.17981	28.54309
147235868	ACC	-1.7580261	-6.1473846	0.5034027
147235866	GYR	-1.2898102	-2.9915009	-0.841568
147235878	ACC	-2.107666	-5.8888397	0.5411835
147235876	GYR	-1.1648254	-2.8280792	-0.7644806
147235886	MAG	4.348755	30.116272	30.526733
147235888	ACC	-2.3020935	-5.490341	0.4011078
147235886	GYR	-0.98469543	-2.598114	-0.7027893
147235898	ACC	-2.4252777	-5.0892334	0.2403717
147235896	GYR	-0.7631378	-2.3197327	-0.6542053
147235905	MAG	5.4611206	29.47998	31.015015
147235908	ACC	-2.4526062	-4.7341003	0.079330444
147235906	GYR	-0.51449585	-1.9844971	-0.60588074
147235918	ACC	-2.4364624	-4.5089874	-0.20436096
147235916	GYR	-0.25828552	-1.5989685	-0.5478058
147235924	MAG	7.03125	29.414368	31.25
147235928	ACC	-2.3728943	-4.446808	-0.6103668
147235926	GYR	-0.0028533936	-1.1922455	-0.48660278
147235938	ACC	-2.0661316	-4.557617	-1.0529633
147235936	GYR	0.22662354	-0.87579346	-0.41412354
147235943	MAG	7.420349	29.266357	31.237793
147235948	ACC	-1.5660553	-4.8045807	-1.574707
147235945	GYR	0.42100525	-0.6873474	-0.3387146
147235958	ACC	-1.0536652	-5.0594482	-2.0283813
147235955	GYR	0.5787506	-0.6080322	-0.2703247
147235963	MAG	7.7957153	29.629517	31.143188
147235968	ACC	-0.5159912	-5.3959656	-2.5473328
147235965	GYR	0.70854187	-0.5733185	-0.20547485
147235978	ACC	-0.2655487	-6.0812683	-3.5057526
147235975	GYR	0.8219147	-0.5039978	-0.14433289
147235982	MAG	7.588196	30.064392	30.384827
147235988	ACC	-0.14634705	-7.21846	-5.088684
147235985	GYR	0.89904785	-0.36982727	-0.0894928
147235998	ACC	-0.0043640137	-8.856873	-7.0107117
147235995	GYR	0.89097595	-0.19898987	-0.032196045
147236001	MAG	8.078003	30.767822	29.28772
147236008	ACC	0.20880127	-10.68721	-8.856247
147236005	GYR	0.7687378	-0.099868774	0.019424438
147236018	ACC	0.5142212	-12.129669	-9.881607
147236015	GYR	0.5429535	-0.1299591	0.056533813
147236021	MAG	8.273315	31.196594	28.735352
147236028	ACC	0.4933014	-12.579971	-10.245316
147236025	GYR	0.27441406	-0.26176453	0.07218933
147236040	MAG	8.6380005	31.454468	28.465271
147236038	ACC	0.74879456	-11.953293	-10.528122
147236035	GYR	0.05505371	-0.48480225	0.078826904
147236048	ACC	0.8612366	-10.747665	-10.80928
147236045	GYR	-0.084121704	-0.79125977	0.067733765
147236059	MAG	8.9279175	31.420898	28.450012
147236058	ACC	0.6205597	-9.78038	-10.510544
147236055	GYR	-0.16996765	-1.1363525	0.03895569
147236068	ACC	0.5115204	-9.506683	-9.630814
147236065	GYR	-0.2089386	-1.4501343	0.016601562
147236078	MAG	9.902954	31.126404	28.459167
147236078	ACC	0.9718628	-9.721176	-7.9216614
147236075	GYR	-0.19734192	-1.6515656	-0.0063171387
147236088	ACC	1.5746307	-10.386261	-5.570984
147236085	GYR	-0.14727783	-1.6166382	-0.060302734
147236097	MAG	10.900879	31.19812	28.208923
147236098	ACC	1.4291534	-11.21579	-4.2378387
147236095	GYR	-0.07028198	-1.2479706	-0.1557312
147236105	GYR	-0.0024719238	-0.6818085	-0.2508545
147236116	MAG	11.593628	31.391907	28.431702
147236108	ACC	0.72190857	-11.212585	-4.460327
147236115	GYR	0.018218994	-0.21786499	-0.3142395
147236118	ACC	-0.44822693	-10.610489	-5.561493
147236125	GYR	-0.0062408447	-0.025558472	-0.325943
147236136	MAG	11.3723755	31.44989	28.070068
147236128	ACC	-1.2004852	-9.632599	-7.120697
147236135	GYR	-0.08459473	-0.016586304	-0.2949829
147236138	ACC	-2.2160797	-9.108337	-9.667572
147236145	GYR	-0.28121948	-0.028671265	-0.23640442
147236155	MAG	11.146545	31.507874	28.311157
147236148	ACC	-3.9917603	-10.977615	-11.880417
147236155	GYR	-0.58628845	0.11457825	-0.13504028
147236158	ACC	-5.6339264	-15.049133	-9.046753
147236165	GYR	-0.75401306	0.34887695	0.09718323
147236174	MAG	10.714722	31.0318	28.926086
147236168	ACC	-5.6280975	-17.052673	-2.365036
147236175	GYR	-0.56617737	0.73973083	0.394989
147236178	ACC	-3.7882996	-14.875549	-0.82598877
147236185	GYR	-0.32574463	1.1120911	0.47477722
147236193	MAG	10.65979	30.802917	29.45404
147236188	ACC	-2.9980927	-12.095688	-1.9207916
147236195	GYR	-0.37626648	1.3234253	0.36611938
147236198	ACC	-2.0814514	-8.513901	0.09989929
147236213	MAG	10.353088	30.615234	29.856873
147236208	ACC	-2.267807	-4.812668	3.584259
147236205	GYR	-0.395401	1.3613129	0.16616821
147236218	ACC	-3.4680786	-2.950119	4.773239
147236215	GYR	-0.039382935	1.4864807	0.010513306
147236232	MAG	9.152222	30.508423	29.981995
147236227	ACC	-4.5132294	-3.3766937	2.3857727
147236225	GYR	0.5302887	1.5960846	-0.0021972656
147236237	ACC	-4.2397003	-4.8885193	-1.2154694
147236235	GYR	0.87638855	1.4755096	0.13085938
147236251	MAG	8.529663	31.455994	29.62799
147236247	ACC	-2.254959	-7.0091705	-2.5681915
147236245	GYR	0.8951416	1.1102905	0.29379272
147236257	ACC	0.6166992	-9.337921	0.18405151
147236255	GYR	0.8403473	0.81015015	0.39007568
147236270	MAG	8.337402	31.800842	29.060364
147236267	ACC	1.6064606	-11.039932	3.956787
147236265	GYR	0.9380951	1.022995	0.41105652
147236277	ACC	0.88101196	-11.840042	4.554123
147236275	GYR	1.2476349	1.7088318	0.46307373
147236290	MAG	7.621765	32.632446	28.071594
147236287	ACC	0.17427063	-11.997437	2.5839996
147236285	GYR	1.5514984	2.330902	0.6006775
147236297	ACC	-0.14103699	-11.909515	0.071121216
147236295	GYR	1.6699982	2.644226	0.72869873
147236309	MAG	6.364441	33.499146	26.974487
147236307	ACC	-0.03982544	-11.771317	-1.1877899
147236305	GYR	1.642334	2.7088928	0.8187103
147236317	ACC	0.36698914	-11.508545	-1.5290222
147236315	GYR	1.5997925	2.609253	0.8828125
147236328	MAG	5.581665	34.576416	25.78888
147236327	ACC	1.0252991	-11.138733	-1.4642334
147236325	GYR	1.5856934	2.3742676	0.921051
147236337	ACC	1.8768768	-10.926315	-0.9061279
147236335	GYR	1.5461731	2.120926	0.94721985
147236347	MAG	4.9804688	35.203552	24.345398
147236347	ACC	2.7759705	-10.927048	-0.4132843
147236345	GYR	1.513916	1.9218445	0.9363861
147236357	ACC	3.3543243	-11.012695	-0.31019592
147236355	GYR	1.5462646	1.748764	0.8420868
147236366	MAG	5.11322	36.264038	23.059082
147236367	ACC	3.3404236	-10.851624	-0.25952148
147236365	GYR	1.6339264	1.5387268	0.65133667
147236377	ACC	2.5932007	-10.164749	0.114349365
147236375	GYR	1.726471	1.3509674	0.42012024
147236386	MAG	4.6661377	37.078857	21.777344
147236387	ACC	1.4876709	-9.406815	0.22143555
147236385	GYR	1.8092957	1.285614	0.23020935
147236397	ACC	0.6571655	-8.894806	-0.08100891
147236395	GYR	1.8672638	1.2838745	0.13815308
147236405	MAG	4.092407	37.919617	20.08667
147236407	ACC	0.12487793	-8.656616	-0.49172974
147236405	GYR	1.860733	1.2313232	0.128479
147236417	ACC	-0.22662354	-8.602417	-0.8232269
147236415	GYR	1.8059082	1.1364136	0.12338257
147236424	MAG	3.5842896	38.552856	18.591309
147236427	ACC	-0.7037201	-8.378052	-1.0862274
147236424	GYR	1.7365265	1.0536499	0.10194397
147236437	ACC	-0.94664	-8.266861	-1.0746613
147236434	GYR	1.6507263	1.0762634	0.10600281
147236443	MAG	3.2333374	39.448547	17.29889
147236447	ACC	-0.9612427	-8.249802	-1.3818512
147236444	GYR	1.5594788	1.2191467	0.14253235
147236457	ACC	-0.644516	-8.384811	-1.401001
147236454	GYR	1.448761	1.4025269	0.19436646
147236463	MAG	2.8533936	40.252686	15.59906
147236467	ACC	-0.27555847	-8.496384	-1.2236481
147236464	GYR	1.3200378	1.4656372	0.24227905
147236477	ACC	0.17337036	-8.712875	-0.98843384
147236474	GYR	1.194519	1.3793945	0.2788391
147236482	MAG	2.3223877	40.672302	14.3966675
147236487	ACC	0.78359985	-8.846024	-1.0112457
147236484	GYR	1.0952454	1.26857	0.30540466
147236494	GYR	1.0169525	1.2197723	0.3232727
147236501	MAG	2.191162	40.89508	13.323975
147236497	ACC	1.2584839	-8.881439	-0.6819458
147236504	GYR	0.9620056	1.2490234	0.3294525
147236507	ACC	1.7609558	-8.913437	-0.3184662
147236514	GYR	0.93914795	1.3348694	0.31100464
147236520	MAG	1.6586304	41.740417	11.53717
147236517	ACC	1.5535431	-8.796478	0.13652039
147236524	GYR	0.9507904	1.4550629	0.3017578
147236527	ACC	1.489914	-8.848312	0.22167969
147236534	GYR	0.99342346	1.5303955	0.32006836
147236539	MAG	1.1352539	41.882324	10.4019165
147236537	ACC	1.3299255	-8.778671	0.48710632
147236544	GYR	1.0619507	1.5311737	0.34378052
147236547	ACC	0.9805603	-8.703705	0.42851257
147236554	GYR	1.1256714	1.4488983	0.3857727
147236559	MAG	-0.12054443	42.67273	9.309387
147236557	ACC	0.66108704	-8.796539	-0.22895813
147236564	GYR	1.1712799	1.2865753	0.4500885
147236567	ACC	0.5180359	-9.152649	-1.3113861
147236574	GYR	1.1941528	1.0493469	0.5187683
147236578	MAG	0.982666	42.66205	9.152222
147236577	ACC	0.6678314	-9.6888275	-2.4356232
147236584	GYR	1.1772156	0.73472595	0.56256104
147236587	ACC	0.86120605	-9.983658	-2.8346252
147236597	MAG	1.6571045	42.604065	8.421326
147236597	ACC	1.1663818	-10.072449	-2.2967834
147236594	GYR	1.109375	0.4280243	0.592865
147236607	ACC	1.4461365	-10.004837	-1.3698578
147236604	GYR	1.0246887	0.2530365	0.6144562
147236616	MAG	2.2476196	43.15338	7.3303223
147236617	ACC	1.634491	-9.940582	-0.5983124
147236614	GYR	0.94429016	0.25193787	0.6228943
147236627	ACC	1.7486572	-10.031067	-0.40222168
147236624	GYR	0.869751	0.3658142	0.6125641
147236636	MAG	2.407837	43.26172	6.895447
147236637	ACC	1.6788177	-10.283279	-0.7095947
147236634	GYR	0.7861481	0.5372162	0.5763397
147236647	ACC	1.5626221	-10.515671	-1.1721954
147236644	GYR	0.68515015	0.70202637	0.5408783
147236655	MAG	3.3493042	43.572998	5.9387207
147236657	ACC	1.6084137	-10.62291	-1.24617
147236654	GYR	0.55158997	0.7758789	0.54751587
147236667	ACC	1.7975769	-10.675095	-0.8184509
147236664	GYR	0.385849	0.7267151	0.5907135
147236674	MAG	3.6987305	43.728638	5.444336
147236677	ACC	2.0710754	-10.813034	-0.35240173
147236674	GYR	0.23361206	0.60476685	0.6249542
147236687	ACC	2.224945	-10.99501	-0.16679382
147236684	GYR	0.15142822	0.4696045	0.6116028
147236693	MAG	4.1748047	43.89801	5.357361
147236697	ACC	2.0180054	-11.167053	-0.3382721
147236694	GYR	0.14756775	0.3428955	0.53868103
147236706	ACC	1.6833649	-11.232132	-0.31518555
147236704	GYR	0.18093872	0.24082947	0.44300842
147236712	MAG	4.7668457	43.980408	4.853821
147236716	ACC	1.4309082	-11.148102	0.10180664
147236714	GYR	0.20953369	0.16860962	0.35168457
147236726	ACC	1.2962189	-11.132156	0.23564148
147236724	GYR	0.24771118	0.1764679	0.26023865
147236732	MAG	4.9484253	43.725586	4.6295166
147236736	ACC	1.0207977	-11.367981	-0.15118408
147236734	GYR	0.29171753	0.3316803	0.17347717
147236746	ACC	0.6691742	-11.788391	-1.3522186
147236744	GYR	0.3218689	0.5774231	0.096847534
147236751	MAG	5.178833	44.085693	4.5440674
147236756	ACC	0.46913147	-12.309769	-2.58992
147236754	GYR	0.29196167	0.8427124	0.043823242
147236766	ACC	0.6422272	-13.021988	-3.1459045
147236764	GYR	0.17118835	1.0478973	0.014373779
147236770	MAG	4.685974	44.084167	4.434204
147236776	ACC	1.2548676	-13.838486	-3.003418
147236774	GYR	-0.01637268	1.115921	-0.01083374
147236786	ACC	2.0293732	-14.289978	-2.3141327
147236784	GYR	-0.23800659	1.0398712	-0.075653076
147236790	MAG	4.966736	43.981934	4.286194
147236796	ACC	2.764801	-14.046265	-1.8573914
147236794	GYR	-0.4428711	0.84773254	-0.19830322
147236806	ACC	3.398346	-13.399002	-2.1269684
147236804	GYR	-0.61032104	0.58491516	-0.34939575
147236809	MAG	4.5806885	43.777466	4.925537
147236816	ACC	3.8685455	-12.670303	-2.8124084
147236814	GYR	-0.7984314	0.37039185	-0.48458862
147236828	MAG	4.3945312	43.571472	5.644226
147236826	ACC	3.9258118	-11.8832855	-3.041977
147236824	GYR	-1.0614624	0.23396301	-0.58906555
147236836	ACC	3.3821106	-11.244888	-2.4672852
147236834	GYR	-1.3735809	0.07550049	-0.6852112
147236847	MAG	3.7658691	43.244934	6.9091797
147236846	ACC	2.3476257	-10.829559	-1.5088043
147236844	GYR	-1.6510925	-0.1943512	-0.78067017
147236856	ACC	1.2230072	-10.602737	-0.7724762
147236854	GYR	-1.842865	-0.52471924	-0.8725586
147236866	MAG	3.3874512	42.645264	8.87146
147236866	ACC	0.09701538	-10.669525	-0.19198608
147236864	GYR	-1.9741821	-0.80130005	-0.971817
147236876	ACC	-0.7392731	-11.343964	-0.27087402
147236874	GYR	-2.0829315	-0.97987366	-1.0670166
147236886	MAG	2.6184082	42.23175	10.844421
147236884	GYR	-2.2049255	-1.0700684	-1.1311646
147236886	ACC	-1.2062988	-12.360687	0.061340332
147236894	GYR	-2.3144379	-1.091217	-1.1727753
147236905	MAG	2.0889282	41.127014	13.314819
147236896	ACC	-2.1759949	-13.596558	1.2826233
147236903	GYR	-2.325348	-1.0433502	-1.1578064
147236906	ACC	-3.0626526	-14.707748	1.8326721
147236913	GYR	-2.244461	-0.8822632	-1.0600281
147236924	MAG	1.4221191	40.481567	15.296936
147236916	ACC	-3.2505188	-14.933502	1.983963
147236923	GYR	-2.1305542	-0.6212158	-0.92074585
147236926	ACC	-2.5593262	-14.100189	1.3608856
147236933	GYR	-2.0011292	-0.3567047	-0.8146057
147236943	MAG	0.9475708	39.64691	17.236328
147236936	ACC	-1.5115051	-13.005692	0.37509155
147236943	GYR	-1.8558807	-0.24327087	-0.78263855
147236946	ACC	-1.0358276	-12.231705	-1.2341766
147236953	GYR	-1.7251129	-0.36131287	-0.7922821
147236962	MAG	0.43182373	38.612366	19.238281
147236956	ACC	-0.7115021	-11.815155	-2.5380707
147236963	GYR	-1.6413727	-0.65771484	-0.806015
147236966	ACC	-0.18562317	-11.592682	-3.5374908
147236973	GYR	-1.6350708	-1.0628967	-0.8221741
147236982	MAG	-0.12207031	37.76245	20.765686
147236976	ACC	0.395401	-11.485397	-3.8497467
147236986	ACC	0.71258545	-11.123566	-2.9931946
147236983	GYR	-1.6995697	-1.7281952	-0.8267822
147237001	MAG	0.09918213	37.045288	22.283936
147236996	ACC	0.8347473	-10.293228	-0.76516724
147236993	GYR	-1.8344879	-2.2462006	-0.8016968
147237006	ACC	1.3504791	-9.040695	0.97047424
147237003	GYR	-1.9064941	-2.3088226	-0.7313843
147237020	MAG	0.6240845	36.050415	23.942566
147237016	ACC	2.0348358	-7.9879456	1.412384
147237013	GYR	-1.8455048	-2.0223541	-0.6759033
147237026	ACC	2.150879	-7.7612457	1.0106964
147237023	GYR	-1.6980438	-1.667038	-0.70602417
147237039	MAG	1.1932373	35.099792	25.549316
147237036	ACC	1.8505707	-8.018295	0.62457275
147237033	GYR	-1.5487213	-1.4382629	-0.80189514
147237046	ACC	0.9544983	-8.152527	0.19914246
147237043	GYR	-1.4082947	-1.4784698	-0.9254761
147237059	MAG	1.1962891	34.358215	26.759338
147237056	ACC	0.1388855	-7.8364563	0.033966064
147237053	GYR	-1.2941437	-1.6653137	-1.034668
147237066	ACC	0.12817383	-7.685257	0.17036438
147237063	GYR	-1.2391052	-1.8105621	-1.050705
147237078	MAG	1.2893677	33.58612	27.87323
147237076	ACC	-0.30467224	-7.785919	-0.039901733
147237073	GYR	-1.1706696	-2.1921692	-1.0841522
147237086	ACC	-0.72857666	-7.7859955	-0.10928345
147237083	GYR	-1.1689148	-2.5619965	-1.1395416
147237097	MAG	1.9592285	32.83081	28.904724
147237096	ACC	-1.0409393	-7.466217	-0.09690857
147237093	GYR	-1.218216	-2.619995	-1.130127
147237106	ACC	-1.3260803	-7.0440674	-0.11256409
147237103	GYR	-1.227005	-2.6484833	-1.0631714
147237116	MAG	2.7297974	32.18689	30.014038
147237116	ACC	-1.6818848	-6.652176	-0.042129517
147237113	GYR	-1.1791229	-2.6709747	-0.97306824
147237126	ACC	-2.0507507	-6.1726227	0.11279297
147237123	GYR	-1.0793152	-2.6596985	-0.876297
147237135	MAG	3.5980225	31.274414	31.091309
147237136	ACC	-2.226715	-5.607376	0.28373718
147237133	GYR	-0.9444275	-2.5950165	-0.77763367
147237146	ACC	-2.2787018	-5.086075	0.37832642
147237143	GYR	-0.78897095	-2.4600983	-0.6769409
147237155	MAG	4.841614	30.847168	31.417847
147237156	ACC	-2.2432709	-4.642578	0.2888794
147237153	GYR	-0.6007843	-2.233078	-0.576828
147237166	ACC	-2.1154327	-4.328903	-0.08073425
147237163	GYR	-0.37339783	-1.9169769	-0.4792328
147237174	MAG	5.755615	30.249023	31.869507
147237176	ACC	-1.8913574	-4.173172	-0.480011
147237173	GYR	-0.13426208	-1.5625153	-0.38494873
147237186	ACC	-1.5444183	-4.13974	-0.9098358
147237183	GYR	0.09648132	-1.2274475	-0.29289246
147237193	MAG	6.5734863	30.577087	31.843567
147237195	ACC	-1.113739	-4.319214	-1.355423
147237193	GYR	0.31791687	-0.9573517	-0.20622253
147237205	ACC	-0.8245697	-4.6592407	-1.8413849
147237203	GYR	0.5226135	-0.763855	-0.12791443
147237212	MAG	7.221985	30.767822	31.466675
147237215	ACC	-0.42652893	-5.2438354	-2.4822388
147237213	GYR	0.70106506	-0.60572815	-0.049102783
147237225	ACC	0.30377197	-6.0171814	-3.5038605
147237223	GYR	0.8426056	-0.45669556	0.019424438
147237232	MAG	7.2296143	31.265259	31.015015
147237235	ACC	0.43777466	-7.0658264	-4.81073
147237233	GYR	0.9272156	-0.3226776	0.05039978
147237245	ACC	0.18608093	-8.281189	-6.0004883
147237243	GYR	0.93496704	-0.20753479	0.06254578
147237251	MAG	7.6828003	31.91986	30.062866
147237255	ACC	0.06842041	-9.704147	-7.1375275
147237253	GYR	0.8808594	-0.1499176	0.083984375
147237265	ACC	0.040664673	-11.002518	-8.329681
147237263	GYR	0.778656	-0.20327759	0.10723877
147237270	MAG	7.7163696	32.5531	29.32129
147237273	GYR	0.6355896	-0.37605286	0.13096619
147237275	ACC	0.36862183	-12.042999	-9.58609
147237283	GYR	0.45965576	-0.6355438	0.15022278
147237289	MAG	7.998657	32.71942	29.246521
147237285	ACC	0.94592285	-12.436935	-11.008759
147237293	GYR	0.23449707	-0.9533081	0.15951538
147237295	ACC	1.4638367	-12.357788	-12.372757
147237303	GYR	-0.047546387	-1.3040619	0.1533966
147237308	MAG	8.830261	32.844543	28.72467
147237305	ACC	1.7687225	-11.914917	-12.643204
147237313	GYR	-0.33805847	-1.6019135	0.11349487
147237315	ACC	2.2354736	-11.559479	-11.206146
147237323	GYR	-0.56570435	-1.6824951	0.0032806396
147237328	MAG	9.82666	32.685852	29.048157
147237325	ACC	2.3264923	-11.488068	-8.216019
147237333	GYR	-0.6777649	-1.4306641	-0.15379333
147237335	ACC	2.3141022	-11.369522	-4.954941
147237343	GYR	-0.62449646	-0.9753418	-0.3368225
147237347	MAG	10.398865	32.469177	29.537964
147237345	ACC	1.8420715	-10.764053	-3.6316986
147237353	GYR	-0.46299744	-0.6187744	-0.5054016
147237355	ACC	0.99823	-9.727829	-4.1179047
147237363	GYR	-0.3136444	-0.48817444	-0.61354065
147237366	MAG	10.339355	32.01294	29.943848
147237365	ACC	-0.02671814	-8.336472	-5.214737
147237373	GYR	-0.24404907	-0.5316925	-0.6087799
147237375	ACC	-0.95617676	-6.7341614	-5.785141
147237385	MAG	10.429382	32.02057	29.844666
147237385	ACC	-1.9816589	-5.5718994	-6.4707947
147237382	GYR	-0.18745422	-0.53871155	-0.5231323
147237395	ACC	-2.6878357	-5.9310303	-7.9374847
147237392	GYR	-0.123794556	-0.50120544	-0.39250183
147237405	MAG	10.316467	31.913757	30.27649
147237405	ACC	-3.284195	-8.622543	-9.079117
147237402	GYR	-0.11659241	-0.464386	-0.25816345
147237415	ACC	-3.3227844	-12.734787	-6.7992554
147237412	GYR	-0.14608765	-0.41612244	-0.16638184
147237424	MAG	10.339355	32.009888	30.592346
147237425	ACC	-1.8532104	-15.861755	-1.5546265
147237422	GYR	-0.078323364	-0.27012634	-0.060836792
147237435	ACC	0.61172485	-16.355804	-0.19566345
147237432	GYR	0.23725891	0.27493286	0.08190918
147237443	MAG	10.627747	31.863403	30.53894
147237445	ACC	1.6939545	-16.291153	-2.4261017
147237442	GYR	0.52905273	1.1017914	0.09378052
147237455	ACC	1.0015717	-14.955551	-2.3031921
147237452	GYR	0.37202454	1.6929321	-0.056411743
147237462	MAG	9.880066	32.214355	30.326843
147237465	ACC	-0.8280792	-10.73381	1.5096893
147237462	GYR	-0.026947021	1.9962769	-0.22142029
147237475	ACC	-3.7138672	-6.1029205	4.633072
147237472	GYR	-0.13220215	2.0733185	-0.3544464
147237481	MAG	8.226013	32.148743	30.892944
147237485	ACC	-6.474945	-3.5131683	1.5106964
147237482	GYR	0.19703674	1.8815308	-0.38082886
147237495	ACC	-8.193405	-3.1027832	-2.8005981
147237492	GYR	0.49118042	1.305191	-0.2645874
147237501	MAG	6.375122	32.470703	30.84259
147237505	ACC	-7.5699615	-3.5234833	-3.1518402
147237502	GYR	0.48257446	0.47113037	-0.030670166
147237515	ACC	-4.199356	-4.631897	-1.0207672
147237512	GYR	0.52975464	-0.2155304	0.25471497
147237520	MAG	6.161499	32.791138	30.647278
147237525	ACC	-0.3034973	-6.6526947	2.8690796
147237522	GYR	0.78240967	-0.30360413	0.48117065
147237535	ACC	1.4842072	-9.274628	5.3578796
147237532	GYR	1.194519	0.41290283	0.6085205
147237539	MAG	7.104492	33.143616	29.685974
147237545	ACC	1.2973633	-11.755951	5.056946
147237542	GYR	1.6548157	1.6898346	0.69255066
147237555	ACC	0.31669617	-13.377563	3.0875397
147237552	GYR	1.9532928	2.9003754	0.8031311
147237558	MAG	6.5567017	34.344482	28.430176
147237565	ACC	0.6348572	-13.9843445	0.28941345
147237562	GYR	1.9904022	3.5693512	0.9466858
147237575	ACC	1.4310608	-13.884354	-1.5970154
147237572	GYR	1.7926178	3.5791473	1.0455627
147237578	MAG	4.837036	35.266113	26.986694
147237585	ACC	2.3531342	-13.172806	-1.976471
147237582	GYR	1.495224	3.068283	1.0455475
147237595	ACC	3.3918915	-12.315643	-1.1739197
147237592	GYR	1.266922	2.4010162	0.95274353
147237597	MAG	3.8650513	36.141968	25.8255
147237605	ACC	4.028763	-11.681183	-0.21681213
147237602	GYR	1.2067108	1.8021545	0.76208496
147237615	ACC	3.6040192	-11.1492	0.23431396
147237612	GYR	1.3217316	1.3188171	0.5180664
147237616	MAG	3.6605835	36.96289	24.53003
147237625	ACC	2.38237	-10.533859	0.062164307
147237622	GYR	1.5266266	0.9979706	0.3053589
147237635	MAG	3.2699585	37.695312	23.344421
147237635	ACC	1.4699707	-9.750458	-0.1882782
147237632	GYR	1.7019043	0.910553	0.18823242
147237645	ACC	1.1482697	-9.065231	-0.16856384
147237642	GYR	1.7796783	0.98532104	0.1564331
147237655	MAG	2.9067993	38.563538	21.870422
147237655	ACC	0.9295807	-8.5854645	-0.31243896
147237652	GYR	1.7628784	1.0073242	0.16012573
147237662	GYR	1.6705933	0.8586273	0.16862488
147237674	MAG	2.3971558	39.468384	20.402527
147237665	ACC	0.5850067	-8.314758	0.22651672
147237672	GYR	1.5965118	0.6102905	0.15853882
147237674	ACC	0.05090332	-8.114029	0.74295044
147237682	GYR	1.5795441	0.449646	0.14611816
147237693	MAG	2.1316528	40.02838	18.89801
147237684	ACC	-0.6704712	-8.0225525	0.23582458
147237692	GYR	1.5623474	0.5077362	0.17466736
147237694	ACC	-0.9093323	-8.26181	0.07518005
147237702	GYR	1.5267944	0.71476746	0.24943542
147237712	MAG	2.0309448	40.652466	17.655945
147237704	ACC	-0.84846497	-8.592957	-0.5423889
147237712	GYR	1.4234924	1.0179443	0.34106445
147237714	ACC	-0.5426483	-9.073807	-0.782135
147237722	GYR	1.2941284	1.1243286	0.41534424
147237731	MAG	2.0324707	41.271973	16.500854
147237724	ACC	-0.120788574	-9.384598	-0.7470856
147237732	GYR	1.1682281	1.0109711	0.43470764
147237734	ACC	0.28948975	-9.4436035	-0.5189514
147237742	GYR	1.0679779	0.8983154	0.4121704
147237751	MAG	1.8875122	41.853333	15.312195
147237744	ACC	0.55178833	-9.278427	-0.33198547
147237752	GYR	0.98861694	0.86502075	0.38237
147237754	ACC	0.81967163	-9.042908	-0.057540894
147237762	GYR	0.9601135	0.92848206	0.3340912
147237770	MAG	1.9165039	41.989136	14.421082
147237764	ACC	0.6925812	-8.846909	0.06864929
147237774	ACC	0.5933533	-8.735779	-0.116485596
147237772	GYR	0.9707184	1.0647125	0.30474854
147237789	MAG	2.017212	42.340088	13.232422
147237784	ACC	0.59220886	-8.736816	-0.36613464
147237782	GYR	0.99053955	1.1707764	0.31982422
147237794	ACC	0.43429565	-8.750732	-0.5241699
147237792	GYR	1.0046844	1.1638336	0.33636475
147237808	MAG	1.663208	42.697144	12.442017
147237804	ACC	0.2819519	-8.804794	-0.9114685
147237802	GYR	1.0066223	1.0660706	0.35871887
147237814	ACC	0.36102295	-8.973862	-1.6155853
147237812	GYR	1.0091248	0.9331665	0.40338135
147237828	MAG	1.4373779	43.299866	11.486816
147237824	ACC	0.6198425	-9.195984	-2.361084
147237822	GYR	1.0097351	0.7839966	0.4544525
147237834	ACC	1.0424805	-9.406235	-2.617981
147237832	GYR	0.99235535	0.60232544	0.5064087
147237847	MAG	1.9042969	43.481445	10.614014
147237844	ACC	1.4242859	-9.556671	-2.0729828
147237842	GYR	0.9416046	0.44621277	0.5531311
147237854	ACC	1.6397552	-9.597305	-1.0314789
147237852	GYR	0.8946228	0.39109802	0.60258484
147237866	MAG	2.229309	43.771362	9.832764
147237864	ACC	1.4700317	-9.672745	-0.036254883
147237861	GYR	0.8635864	0.46687317	0.6429138
147237874	ACC	1.0817871	-9.809814	0.3652649
147237871	GYR	0.83561707	0.6058655	0.6650696
147237885	MAG	2.748108	43.911743	9.005737
147237884	ACC	0.5211487	-9.912399	-0.070632935
147237881	GYR	0.7919769	0.7146454	0.6637573
147237894	ACC	-0.15904236	-9.956863	-0.9209595
147237891	GYR	0.7269745	0.73358154	0.63842773
147237905	MAG	2.5482178	44.262695	8.345032
147237904	ACC	-0.3688507	-10.05954	-1.4756622
147237901	GYR	0.6439209	0.65792847	0.6191406
147237914	ACC	0.32765198	-10.355774	-1.5323334
147237911	GYR	0.54771423	0.5358734	0.6314697
147237924	MAG	3.225708	44.395447	7.6934814
147237924	ACC	1.5732269	-10.719055	-1.1168823
147237921	GYR	0.43049622	0.43084717	0.6502533
147237934	ACC	2.7099152	-10.993118	-0.6844635
147237931	GYR	0.30877686	0.39770508	0.6378937
147237943	MAG	3.755188	44.677734	7.687378
147237944	ACC	3.377533	-11.178558	-0.38108826
147237941	GYR	0.2267456	0.43502808	0.5722046
147237954	ACC	3.3845367	-11.257309	-0.024490356
147237951	GYR	0.20059204	0.46063232	0.44657898
147237962	MAG	3.8909912	44.610596	7.545471
147237964	ACC	2.9434967	-11.283569	0.23677063
147237961	GYR	0.22265625	0.42416382	0.29415894
147237974	ACC	2.3344269	-11.318497	0.12852478
147237971	GYR	0.26234436	0.38642883	0.1653595
147237981	MAG	4.055786	44.599915	7.1655273
147237984	ACC	1.6107635	-11.237686	-0.2962799
147237981	GYR	0.29066467	0.39045715	0.07800293
147237994	ACC	0.9764862	-11.145599	-1.1149902
147237991	GYR	0.30421448	0.45184326	0.027359009
147238001	MAG	3.9749146	44.74182	6.744385
147238004	ACC	0.6826782	-11.399277	-2.4057617
147238001	GYR	0.2916565	0.5888519	0.008773804
147238014	ACC	0.71310425	-11.746384	-3.376999
147238011	GYR	0.2156372	0.786438	0.014862061
147238020	MAG	4.142761	44.610596	7.0220947
147238024	ACC	1.1734772	-12.305237	-3.4532928
147238021	GYR	0.0660553	0.9580231	0.025436401
147238034	ACC	1.7467499	-12.979752	-2.4385376
147238031	GYR	-0.1366272	1.0054016	0.0024719238
147238039	MAG	3.6437988	44.5755	6.8222046
147238044	ACC	2.2789612	-13.575317	-1.190628
147238041	GYR	-0.34396362	0.940155	-0.10255432
147238054	ACC	2.5695038	-13.852997	-0.9924011
147238051	GYR	-0.48768616	0.75094604	-0.285141
147238058	MAG	3.9291382	44.389343	7.373047
147238061	GYR	-0.5886688	0.47616577	-0.46492004
147238064	ACC	2.832779	-13.672165	-1.7664032
147238071	GYR	-0.73698425	0.27815247	-0.5866394
147238078	MAG	3.3691406	44.126892	8.2595825
147238074	ACC	2.999817	-13.085983	-2.8019714
147238081	GYR	-0.99591064	0.20419312	-0.65489197
147238084	ACC	2.963211	-12.242722	-2.8784485
147238091	GYR	-1.3342896	0.11904907	-0.71261597
147238097	MAG	2.4505615	43.79425	9.539795
147238094	ACC	2.519989	-11.537903	-2.0491943
147238101	GYR	-1.6286011	-0.10694885	-0.78393555
147238104	ACC	1.5743408	-10.98027	-1.0688324
147238111	GYR	-1.8141937	-0.39328003	-0.8713684
147238116	MAG	1.7791748	43.112183	11.480713
147238114	ACC	0.40460205	-10.655838	-0.53466797
147238121	GYR	-1.9313049	-0.60876465	-0.9717865
147238124	ACC	-0.88334656	-10.815216	-0.72680664
147238131	GYR	-2.0530396	-0.71481323	-1.0508423
147238135	MAG	1.0040283	42.47284	13.330078
147238134	ACC	-1.9264526	-11.460098	-1.0730896
147238141	GYR	-2.2082214	-0.7812042	-1.0853882
147238144	ACC	-2.6210175	-12.270813	-0.51068115
147238151	GYR	-2.3127441	-0.8880615	-1.0931244
147238154	MAG	0.12664795	41.4093	15.679932
147238153	ACC	-3.3175354	-13.300003	0.79263306
147238163	ACC	-3.7575836	-14.420914	1.6155548
147238161	GYR	-2.2759857	-1.0026703	-1.0699615
147238174	MAG	-0.41656494	40.434265	17.956543
147238173	ACC	-3.4796448	-14.812607	1.8555603
147238171	GYR	-2.1670532	-0.9521332	-0.9875488
147238183	ACC	-2.6194153	-14.125549	1.191803
147238181	GYR	-2.0522156	-0.6606903	-0.875885
147238193	MAG	-0.4562378	39.414978	19.8349
147238193	ACC	-1.6032104	-13.017227	-0.1882019
147238191	GYR	-1.9364471	-0.23522949	-0.7915039
147238203	ACC	-0.91693115	-12.359634	-1.5477142
147238201	GYR	-1.847229	0.16505432	-0.7501526
147238212	MAG	-1.0864258	38.20038	21.57898
147238213	ACC	-0.7652893	-11.92009	-2.5913239
147238211	GYR	-1.7670898	0.3071289	-0.7382965
147238223	ACC	0.018173218	-11.55278	-3.0696106
147238221	GYR	-1.6985626	0.12200928	-0.7089386
147238231	MAG	-1.8676758	37.220764	23.268127
147238233	ACC	0.87272644	-11.335876	-3.2482605
147238231	GYR	-1.6406555	-0.36906433	-0.7143402
147238243	ACC	1.2264557	-10.977646	-2.8686981
147238241	GYR	-1.6468353	-1.094986	-0.7545166
147238251	MAG	-2.1362305	36.305237	24.691772
147238253	ACC	1.5174713	-10.101257	-1.2495117
147238251	GYR	-1.7327423	-1.7827911	-0.7744751
147238263	ACC	1.8056488	-8.889282	1.0063019
147238261	GYR	-1.8265991	-2.0511932	-0.7727661
147238270	MAG	-1.7364502	34.9823	26.565552
147238273	ACC	1.902298	-7.9324036	1.6221771
147238271	GYR	-1.7674713	-1.9111481	-0.7796173
147238283	ACC	1.747818	-7.590149	0.74316406
147238281	GYR	-1.5876923	-1.547226	-0.8136139
147238289	MAG	-1.3122559	33.914185	28.14331
147238293	ACC	1.190445	-7.639435	-0.19152832
147238291	GYR	-1.4313507	-1.3291016	-0.86468506
147238303	ACC	0.99017334	-8.061127	-0.23522949
147238301	GYR	-1.3291931	-1.4108887	-0.9208069
147238308	MAG	-1.2054443	32.97577	29.406738
147238313	ACC	0.53556824	-8.47966	-0.0934906
147238311	GYR	-1.2389984	-1.6689758	-0.99746704
147238323	ACC	-0.23545837	-8.480774	-0.321167
147238321	GYR	-1.1489105	-1.976944	-1.084137
147238327	MAG	-0.9124756	32.04956	30.56488
147238333	ACC	-0.5911865	-8.158752	-0.36801147
147238331	GYR	-1.1179962	-2.2158813	-1.1156769
147238343	ACC	-0.825943	-7.7641754	-0.30187988
147238340	GYR	-1.1356354	-2.4190216	-1.0986633
147238347	MAG	-0.29296875	31.062317	31.524658
147238353	ACC	-0.9952698	-7.415222	-0.22587585
147238350	GYR	-1.1496735	-2.5798798	-1.0595245
147238363	ACC	-1.1673431	-7.157547	-0.10887146
147238360	GYR	-1.1373901	-2.7131195	-0.99375916
147238366	MAG	0.6240845	30.458069	32.669067
147238373	ACC	-1.4075928	-6.933838	0.022598267
147238370	GYR	-1.1009369	-2.800171	-0.91337585
147238383	ACC	-1.5924988	-6.591049	0.25457764
147238380	GYR	-1.0399475	-2.788208	-0.8324127
147238385	MAG	1.6723633	29.562378	33.5495
147238393	ACC	-1.7514038	-6.1875	0.32173157
147238390	GYR	-0.9372864	-2.634491	-0.757843
147238403	ACC	-1.9684448	-5.752136	0.25953674
147238400	GYR	-0.7823639	-2.3730927	-0.69647217
147238405	MAG	3.09906	28.87268	34.34601
147238413	ACC	-2.1566315	-5.3704224	0.0688324
147238410	GYR	-0.5816498	-2.0520782	-0.63856506
147238424	MAG	4.449463	28.245544	34.773254
147238423	ACC	-2.2975311	-5.0381775	-0.2706604
147238420	GYR	-0.35127258	-1.6941833	-0.5720062
147238433	ACC	-2.397705	-4.7908936	-0.6632843
147238430	GYR	-0.12020874	-1.3298645	-0.4967041
147238443	MAG	5.264282	28.15094	34.638977
147238443	ACC	-2.295105	-4.619095	-0.91104126
147238440	GYR	0.09391785	-1.0040894	-0.40455627
147238450	GYR	0.29039	-0.7707977	-0.3040161
147238462	MAG	5.5770874	28.257751	34.288025
147238453	ACC	-1.7984924	-4.622406	-1.2341614
147238460	GYR	0.46826172	-0.6581421	-0.21214294
147238463	ACC	-1.2447815	-4.8584137	-1.625946
147238470	GYR	0.63331604	-0.63797	-0.13458252
147238481	MAG	6.0317993	28.598022	33.95996
147238473	ACC	-0.48944092	-5.15979	-1.9680634
147238480	GYR	0.7935791	-0.6368561	-0.07382202
147238483	ACC	-0.04045105	-5.5793	-2.4853058
147238490	GYR	0.9364624	-0.5879822	-0.024627686
147238500	MAG	6.4575195	29.0802	33.251953
147238493	ACC	0.42633057	-6.3128204	-3.3777466
147238500	GYR	1.0363922	-0.46565247	0.008468628
147238503	ACC	0.62564087	-7.394638	-4.6594086
147238510	GYR	1.0662079	-0.28666687	0.03137207
147238520	MAG	6.893921	29.667664	32.720947
147238513	ACC	0.53074646	-8.815186	-6.598053
147238520	GYR	0.97532654	-0.13687134	0.05328369
147238523	ACC	0.6112213	-10.564896	-8.588867
147238530	GYR	0.7592468	-0.1320343	0.06109619
147238539	MAG	7.119751	30.151367	31.933594
147238533	ACC	0.40678406	-12.277679	-10.085327
147238540	GYR	0.4584961	-0.25343323	0.07159424
147238543	ACC	0.568161	-13.281998	-11.070221
147238558	MAG	6.9595337	30.584717	31.819153
147238553	ACC	1.2854462	-13.35141	-11.720474
147238550	GYR	0.14816284	-0.46528625	0.08610535
147238563	ACC	1.9192657	-12.54686	-11.842316
147238560	GYR	-0.1260376	-0.79901123	0.06724548
147238577	MAG	7.826233	30.374146	31.690979
147238573	ACC	2.281189	-11.35408	-11.033813
147238570	GYR	-0.35209656	-1.1867218	0.028427124
147238583	ACC	2.5868225	-10.451401	-9.3307495
147238580	GYR	-0.5121155	-1.4824677	-0.012588501
147238597	MAG	8.964539	29.83551	31.892395
147238593	ACC	2.7779999	-9.840332	-7.0433655
147238590	GYR	-0.57066345	-1.5691681	-0.08267212
147238603	ACC	2.4297485	-9.4388275	-4.9198
147238600	GYR	-0.52519226	-1.3808746	-0.19987488
147238616	MAG	9.371948	29.594421	32.1167
147238613	ACC	1.629303	-8.9613495	-3.9591522
147238610	GYR	-0.4099884	-1.0031891	-0.31929016
147238623	ACC	0.74079895	-8.431961	-4.2095337
147238620	GYR	-0.2817688	-0.65522766	-0.37854004
147238635	MAG	9.733582	29.234314	32.351685
147238632	ACC	-0.30213928	-7.640732	-4.8628235
147238630	GYR	-0.1663971	-0.5132446	-0.40507507
147238642	ACC	-1.4146118	-6.6111298	-5.4021454
147238640	GYR	-0.085510254	-0.549057	-0.38427734
147238654	MAG	9.532166	29.353333	32.263184
147238652	ACC	-2.5273895	-6.0961	-6.1905975
147238650	GYR	-0.041137695	-0.617218	-0.31993103
147238662	ACC	-3.8161316	-7.7511444	-7.476425
147238660	GYR	-0.023742676	-0.61676025	-0.2268219
147238674	MAG	9.828186	29.315186	32.339478
147238672	ACC	-4.8984222	-11.503357	-7.1062164
147238670	GYR	-0.03755188	-0.49243164	-0.114486694
147238682	ACC	-5.198929	-15.100052	-3.875824
147238680	GYR	-0.03829956	-0.2613678	0.04270935
147238693	MAG	9.907532	29.524231	32.13501
147238692	ACC	-4.1414948	-16.172943	-1.5929871
147238690	GYR	0.089782715	0.17712402	0.26008606
147238702	ACC	-1.9804993	-15.596634	-3.0160065
147238700	GYR	0.30862427	0.7970886	0.42938232
147238712	MAG	9.835815	29.544067	31.814575
147238712	ACC	0.28730774	-15.029297	-5.7826843
147238710	GYR	0.35328674	1.1464844	0.38864136
147238722	ACC	1.5772095	-13.12822	-5.4833527
147238720	GYR	0.07348633	1.089798	0.13156128
147238731	MAG	9.065247	29.449463	31.866455
147238732	ACC	1.4205627	-9.41156	-1.8043518
147238730	GYR	-0.31973267	1.0344086	-0.19067383
147238742	ACC	-0.08433533	-5.5204926	3.6335602
147238740	GYR	-0.44152832	1.2012329	-0.43074036
147238751	MAG	8.457947	29.457092	32.180786
147238752	ACC	-2.5008698	-2.9622192	5.6271973
147238750	GYR	-0.11491394	1.439621	-0.52394104
147238762	ACC	-4.5104065	-2.2013702	2.7456512
147238760	GYR	0.4108429	1.5032196	-0.4657898
147238770	MAG	6.9122314	29.463196	32.27234
147238772	ACC	-5.6908264	-2.8706512	-0.28598022
147238770	GYR	0.71925354	1.2559204	-0.29335022
147238782	ACC	-5.040207	-4.4673157	-2.4008331
147238780	GYR	0.75083923	0.81108093	-0.05619812
147238789	MAG	5.633545	29.803467	32.092285
147238792	ACC	-2.196228	-6.755722	-1.3855591
147238790	GYR	0.6990967	0.43518066	0.17552185
147238802	ACC	0.66690063	-9.07489	1.3395691
147238800	GYR	0.7578583	0.39878845	0.33125305
147238808	MAG	5.8120728	30.361938	31.349182
147238812	ACC	1.4927063	-11.2005005	3.8212128
147238810	GYR	0.981308	0.86665344	0.40412903
147238822	ACC	0.9822235	-12.665161	3.8606262
147238820	GYR	1.2763519	1.7651215	0.44384766
147238827	MAG	5.697632	30.995178	30.569458
147238832	ACC	0.06225586	-13.517838	1.2793121
147238829	GYR	1.5207977	2.6312408	0.49562073
147238839	GYR	1.5783081	3.0977783	0.57121277
147238847	MAG	4.286194	32.174683	29.414368
147238842	ACC	0.43659973	-13.684311	-1.3543549
147238849	GYR	1.4532623	3.096634	0.5961914
147238852	ACC	1.1542358	-13.209595	-2.0022888
147238859	GYR	1.2944489	2.7802582	0.54229736
147238866	MAG	2.871704	32.699585	28.767395
147238862	ACC	1.5027161	-12.331085	-1.7476959
147238869	GYR	1.2024994	2.3949127	0.46444702
147238872	ACC	1.6417542	-11.602158	-1.0297852
147238879	GYR	1.2204742	2.062622	0.4150238
147238885	MAG	1.8127441	33.335876	27.67334
147238882	ACC	2.010086	-11.095978	-0.37399292
147238889	GYR	1.346756	1.7268829	0.38523865
147238892	ACC	2.1209564	-10.822617	0.17823792
147238899	GYR	1.5241852	1.4319	0.33999634
147238904	MAG	1.1123657	33.92334	26.841736
147238902	ACC	1.9926605	-10.4674835	0.37068176
147238909	GYR	1.6847839	1.2955933	0.27305603
147238912	ACC	1.6522369	-9.976212	0.51701355
147238919	GYR	1.78656	1.3283539	0.22753906
147238923	MAG	0.69732666	34.86786	25.364685
147238922	ACC	1.2376709	-9.595551	0.6796875
147238929	GYR	1.8219147	1.3667908	0.23225403
147238932	ACC	0.94169617	-9.337494	0.7537079
147238943	MAG	-0.26245117	35.853577	23.731995
147238942	ACC	0.5615082	-9.115463	0.76153564
147238939	GYR	1.792511	1.2694397	0.25265503
147238952	ACC	0.055099487	-8.972366	0.59968567
147238949	GYR	1.7187653	1.101532	0.26200867
147238962	MAG	-0.40283203	36.78131	22.009277
147238962	ACC	-0.47929382	-8.951416	0.3544464
147238959	GYR	1.6292725	0.9329529	0.2538452
147238972	ACC	-0.7844238	-8.950851	0.38095093
147238969	GYR	1.5111237	0.810318	0.2685852
147238981	MAG	-0.6958008	37.51526	20.817566
147238982	ACC	-0.6920166	-9.097656	-0.059829712
147238979	GYR	1.4077911	0.8902588	0.31529236
147238992	ACC	-0.6659088	-9.174774	-1.0261841
147238989	GYR	1.3430176	1.0444336	0.3668213
147239000	MAG	-0.7080078	38.03253	19.439697
147239002	ACC	-0.48875427	-9.172028	-1.3926849
147238999	GYR	1.2180176	1.3049927	0.4335785
147239012	ACC	0.049209595	-9.177643	-1.2989044
147239009	GYR	1.0622864	1.4410248	0.50675964
147239020	MAG	-0.94299316	38.798523	18.380737
147239022	ACC	0.51976013	-9.014893	-0.9622345
147239019	GYR	0.94914246	1.312149	0.5297699
147239032	ACC	0.83828735	-8.787659	-0.6289978
147239029	GYR	0.8774872	1.2003632	0.5068054
147239039	MAG	-1.0879517	39.379883	17.190552
147239042	ACC	1.0770874	-8.609177	-0.3878479
147239039	GYR	0.83639526	1.2032318	0.47070312
147239052	ACC	1.3798218	-8.533203	-0.12562561
147239049	GYR	0.7896881	1.2388458	0.44618225
147239058	MAG	-1.2023926	39.549255	16.352844
147239062	ACC	1.7679901	-8.549896	0.19255066
147239059	GYR	0.74916077	1.2645569	0.4311676
147239072	ACC	2.0062866	-8.688553	0.4048462
147239069	GYR	0.74832153	1.27771	0.40945435
147239077	MAG	-1.2741089	39.916992	15.45105
147239082	ACC	1.9535217	-8.889465	0.44328308
147239079	GYR	0.7986145	1.2786865	0.37438965
147239092	ACC	1.7935944	-9.027618	0.16519165
147239089	GYR	0.8694	1.2710876	0.34983826
147239097	MAG	-1.3748169	40.151978	14.793396
147239102	ACC	1.6101532	-9.243271	-0.45259094
147239099	GYR	0.95129395	1.2458649	0.35643005
147239111	ACC	1.585907	-9.570969	-1.2857513
147239109	GYR	1.0324402	1.2019043	0.39723206
147239116	MAG	-1.4892578	40.441895	13.298035
147239121	ACC	1.5828247	-9.844315	-1.9485168
147239119	GYR	1.0866394	1.129303	0.46202087
147239131	ACC	1.433075	-10.048828	-2.165039
147239129	GYR	1.0947876	1.0359039	0.53271484
147239135	MAG	-1.6159058	40.73639	12.312317
147239141	ACC	1.0986481	-10.090118	-2.105774
147239139	GYR	1.065567	0.9423065	0.598114
147239151	ACC	0.5802002	-9.850311	-1.7864838
147239149	GYR	1.0128021	0.839798	0.6479492
147239154	MAG	-1.5045166	41.079712	11.264038
147239161	ACC	0.08161926	-9.380203	-1.4650726
147239159	GYR	0.9324646	0.7393341	0.6735077
147239171	ACC	-0.063690186	-9.039551	-1.3911743
147239169	GYR	0.8224335	0.6566467	0.6759033
147239174	MAG	-1.1352539	41.644287	10.461426
147239181	ACC	0.48797607	-9.146561	-1.5676422
147239179	GYR	0.6847687	0.588974	0.66433716
147239191	ACC	1.7578888	-9.69371	-1.3330383
147239189	GYR	0.53422546	0.5399933	0.64930725
147239193	MAG	-0.81481934	41.822815	9.596252
147239201	ACC	3.2500916	-10.181	-0.4533081
147239199	GYR	0.39408875	0.5314636	0.6297302
147239212	MAG	-0.08850098	42.147827	8.97522
147239211	ACC	4.4881134	-10.451324	0.582901
147239209	GYR	0.29986572	0.55903625	0.58558655
147239221	ACC	4.816025	-10.682785	1.0707092
147239219	GYR	0.27894592	0.5758972	0.4802246
147239231	MAG	0.08544922	42.01355	8.695984
147239229	GYR	0.32385254	0.5430145	0.31759644
147239231	ACC	4.185852	-11.0703125	0.658844
147239239	GYR	0.37843323	0.4555359	0.1567688
147239250	MAG	0.21057129	42.1875	8.44574
147239241	ACC	3.318451	-11.389114	0.056747437
147239249	GYR	0.40905762	0.3421631	0.040878296
147239251	ACC	2.299057	-11.585312	-0.26646423
147239259	GYR	0.4214325	0.26013184	-0.023544312
147239270	MAG	0.18310547	42.17224	8.078003
147239261	ACC	1.3510437	-11.73439	-0.43640137
147239269	GYR	0.42456055	0.27954102	-0.04837036
147239271	ACC	0.6325836	-11.758987	-0.6149292
147239279	GYR	0.42216492	0.43247986	-0.064453125
147239289	MAG	-0.2456665	42.277527	7.5408936
147239281	ACC	0.06085205	-11.692505	-1.1426697
147239289	GYR	0.38482666	0.64878845	-0.08065796
147239291	ACC	-0.31462097	-11.893768	-2.2542572
147239299	GYR	0.25672913	0.9232483	-0.09013367
147239308	MAG	-0.5157471	42.373657	7.1792603
147239301	ACC	-0.04171753	-12.288116	-2.6924744
147239308	GYR	0.052597046	1.0854187	-0.10652161
147239311	ACC	0.6621094	-12.841248	-2.1305084
147239318	GYR	-0.14035034	1.0470276	-0.1857605
147239327	MAG	-0.579834	42.07611	6.9259644
147239321	ACC	1.2988129	-13.154587	-1.3122711
147239331	ACC	1.9373474	-12.988541	-1.3819885
147239328	GYR	-0.2746582	0.9451294	-0.32800293
147239346	MAG	-1.1383057	41.893005	7.2036743
147239341	ACC	2.6949158	-12.722687	-2.2095642
147239338	GYR	-0.38464355	0.8058014	-0.46572876
147239351	ACC	3.0904694	-12.38829	-2.9818115
147239348	GYR	-0.57244873	0.7225342	-0.58078
147239366	MAG	-1.8081665	41.601562	7.913208
147239361	ACC	3.0364838	-11.850143	-3.2699127
147239358	GYR	-0.84854126	0.7422638	-0.67170715
147239371	ACC	2.5473022	-11.255478	-3.0442047
147239368	GYR	-1.1569824	0.68515015	-0.76608276
147239385	MAG	-2.191162	41.19873	9.213257
147239381	ACC	1.5303802	-10.5815735	-2.369629
147239378	GYR	-1.4299469	0.4174347	-0.8761444
147239391	ACC	0.38482666	-9.915268	-1.6029663
147239388	GYR	-1.6338959	0.0076904297	-0.97354126
147239404	MAG	-3.2485962	40.39612	10.4904175
147239401	ACC	-0.36795044	-9.648331	-1.2753448
147239398	GYR	-1.806015	-0.34700012	-1.0514374
147239411	ACC	-0.97265625	-10.022629	-1.6543884
147239408	GYR	-2.0030212	-0.51963806	-1.1252136
147239423	MAG	-4.159546	39.823914	12.483215
147239421	ACC	-1.8576813	-10.799866	-1.8088837
147239418	GYR	-2.2527618	-0.45077515	-1.1938019
147239431	ACC	-2.9053497	-11.70015	-0.84028625
147239428	GYR	-2.512909	-0.21688843	-1.2236481
147239443	MAG	-4.71344	38.624573	14.590454
147239441	ACC	-3.7729645	-12.778961	0.5846405
147239438	GYR	-2.6496735	-0.053375244	-1.197586
147239451	ACC	-4.2156067	-14.074539	1.680191
147239448	GYR	-2.602234	-0.13711548	-1.1314545
147239462	MAG	-5.9158325	37.467957	17.105103
147239461	ACC	-4.0592957	-15.001236	1.9913025
147239458	GYR	-2.4564972	-0.3132019	-1.0435028
147239471	ACC	-3.1503448	-15.375381	1.0881042
147239468	GYR	-2.3017883	-0.32217407	-0.94195557
147239481	MAG	-6.6726685	36.120605	19.050598
147239481	ACC	-1.6430359	-15.250824	-0.53816223
147239478	GYR	-2.180603	-0.12724304	-0.86572266
147239491	ACC	-0.77430725	-14.773239	-2.4489594
147239488	GYR	-2.081894	0.088256836	-0.86564636
147239500	MAG	-7.2906494	35.246277	20.352173
147239501	ACC	-0.28709412	-14.488159	-3.8261566
147239498	GYR	-1.9983215	0.120025635	-0.91851807
147239511	ACC	-0.43408203	-14.177719	-5.2109528
147239508	GYR	-1.9609833	-0.18545532	-0.9680176
147239519	MAG	-8.036804	33.96454	22.477722
147239521	ACC	-1.0979614	-13.481949	-4.4686737
147239518	GYR	-2.0345612	-0.8154297	-0.9684448
147239531	ACC	-0.6579895	-12.254059	-0.95484924
147239528	GYR	-2.2209167	-1.2077942	-0.86943054
147239539	MAG	-8.053589	32.8537	23.991394
147239541	ACC	0.009292603	-10.759842	0.6522827
147239538	GYR	-2.2457428	-1.1159668	-0.7332611
147239551	ACC	0.6591644	-9.644287	0.57873535
147239548	GYR	-2.0354004	-0.8387909	-0.6384735
147239558	MAG	-8.413696	31.620789	26.091003
147239561	ACC	1.2215881	-9.559082	0.1615448
147239558	GYR	-1.7966309	-0.54971313	-0.59524536
147239571	ACC	0.91999817	-9.703384	-0.5355835
147239568	GYR	-1.6138	-0.4931183	-0.6173401
147239577	MAG	-8.3984375	30.485535	27.372742
147239581	ACC	0.40797424	-9.319077	-0.61912537
147239578	GYR	-1.5297394	-0.6760254	-0.6528015
147239590	ACC	0.201828	-8.789154	-0.43745422
147239588	GYR	-1.5132294	-0.87368774	-0.6611023
147239596	MAG	-8.470154	29.53186	28.833008
147239600	ACC	-0.47679138	-8.3463745	-0.8789673
147239598	GYR	-1.4844055	-1.1646576	-0.6802521
147239610	ACC	-0.81477356	-7.534088	-0.44773865
147239608	GYR	-1.5134735	-1.397995	-0.6769104
147239616	MAG	-8.213806	28.363037	30.104065
147239618	GYR	-1.5498352	-1.468216	-0.65179443
147239620	ACC	-0.68463135	-6.86467	-0.33746338
147239628	GYR	-1.5233612	-1.5851135	-0.6283264
147239635	MAG	-8.030701	27.40326	31.73523
147239630	ACC	-0.8791046	-6.3640137	-0.19332886
147239638	GYR	-1.4719696	-1.71492	-0.5805054
147239640	ACC	-1.2889557	-5.7299957	0.13491821
147239648	GYR	-1.4036102	-1.7927704	-0.49464417
147239654	MAG	-6.9885254	26.278687	33.140564
147239650	ACC	-1.7371521	-5.1268005	0.54792786
147239658	GYR	-1.3004608	-1.8378754	-0.36813354
147239660	ACC	-1.947113	-4.3523254	0.9361267
147239668	GYR	-1.1518707	-1.8203278	-0.22457886
147239673	MAG	-6.07605	25.408936	34.165955
147239670	ACC	-1.7519989	-3.6361847	1.2164307
147239678	GYR	-0.94711304	-1.7059631	-0.100753784
147239680	ACC	-1.7288055	-3.155487	1.1978455
147239688	GYR	-0.7019806	-1.463501	6.1035156E-4
147239692	MAG	-4.9224854	24.58496	35.173035
147239690	ACC	-1.7687836	-2.8233795	0.785141
147239698	GYR	-0.44248962	-1.1635132	0.10624695
147239700	ACC	-1.7759857	-2.7543945	0.31729126
147239708	GYR	-0.17427063	-0.86520386	0.21208191
147239712	MAG	-3.9260864	24.346924	35.5011
147239710	ACC	-1.679245	-2.9257965	-0.12586975
147239718	GYR	0.104141235	-0.5713959	0.27331543
147239720	ACC	-1.7381592	-3.1345367	-0.7695923
147239731	MAG	-3.4423828	24.357605	35.472107
147239730	ACC	-1.1806488	-3.4737701	-1.2837524
147239728	GYR	0.36613464	-0.39219666	0.33035278
147239740	ACC	-0.41578674	-3.9987183	-1.7676697
147239738	GYR	0.5875702	-0.36262512	0.38858032
147239750	MAG	-2.836609	24.77417	35.220337
147239750	ACC	0.52893066	-4.5962524	-2.46167
147239748	GYR	0.79067993	-0.4131775	0.43417358
147239760	ACC	1.676651	-5.4087677	-3.5149994
147239758	GYR	0.97125244	-0.42874146	0.47322083
147239769	MAG	-2.1591187	25.520325	34.710693
147239770	ACC	2.5581665	-6.629608	-5.018463
147239768	GYR	1.1260529	-0.3576355	0.47720337
147239780	ACC	3.0753174	-8.239929	-7.014923
147239778	GYR	1.2285461	-0.18444824	0.4551239
147239789	MAG	-1.675415	26.269531	33.518982
147239790	ACC	3.2296753	-10.139145	-9.086517
147239787	GYR	1.2276306	0.029418945	0.41770935
147239800	ACC	2.9645386	-11.976746	-10.75946
147239797	GYR	1.0916595	0.20443726	0.34451294
147239808	MAG	-1.550293	27.293396	32.791138
147239810	ACC	2.5667114	-13.28447	-11.781799
147239807	GYR	0.8630066	0.274292	0.26989746
147239820	ACC	2.1769257	-13.597839	-12.16571
147239817	GYR	0.6028137	0.23950195	0.20776367
147239827	MAG	-1.7379761	27.557373	32.273865
147239830	ACC	1.653595	-12.880768	-11.872131
147239827	GYR	0.35406494	0.17224121	0.15846252
147239840	ACC	0.6951599	-11.765701	-10.9326935
147239837	GYR	0.14378357	0.0990448	0.11732483
147239846	MAG	-1.499939	27.719116	32.24945
147239850	ACC	0.12919617	-10.745575	-9.6219635
147239847	GYR	-0.0047912598	-0.02835083	0.098602295
147239860	ACC	0.10621643	-10.129593	-7.663681
147239857	GYR	-0.07807922	-0.2408905	0.07774353
147239866	MAG	-1.6784668	27.624512	32.450867
147239870	ACC	0.057876587	-9.92836	-5.266617
147239867	GYR	-0.08129883	-0.48165894	0.022598267
147239880	ACC	-0.14813232	-9.823914	-3.721161
147239877	GYR	-0.015640259	-0.59950256	-0.05316162
147239885	MAG	-1.4389038	27.708435	32.43103
147239890	ACC	-0.5923157	-9.550674	-3.7097626
147239887	GYR	0.08430481	-0.5369568	-0.117996216
147239900	ACC	-1.1472168	-9.161331	-4.4933167
147239897	GYR	0.15490723	-0.36868286	-0.15596008
147239904	MAG	-1.0604858	27.799988	32.30896
147239910	ACC	-1.8860321	-8.876022	-5.2043
147239907	GYR	0.17440796	-0.16027832	-0.1533966
147239920	ACC	-3.0019073	-9.1154785	-6.104004
147239917	GYR	0.17126465	0.080566406	-0.10005188
147239923	MAG	-0.91400146	27.72522	32.30591
147239930	ACC	-4.1890717	-10.901184	-6.8962097
147239927	GYR	0.16822815	0.36131287	-0.013580322
147239940	ACC	-5.8022156	-13.709061	-5.6134186
147239937	GYR	0.17973328	0.6817627	0.08592224
147239942	MAG	-1.5533447	27.952576	32.235718
147239950	ACC	-6.2614594	-14.88562	-2.9213562
147239947	GYR	0.2513275	1.0793152	0.24629211
147239960	ACC	-5.1514587	-13.961258	-2.6773224
147239957	GYR	0.40164185	1.583725	0.44604492
147239962	MAG	-2.156067	28.268433	32.017517
147239970	ACC	-3.7179718	-13.110794	-4.327759
147239967	GYR	0.50746155	1.9131775	0.54367065
147239980	ACC	-1.736557	-12.0112	-4.8371735
147239977	GYR	0.40570068	1.8180542	0.48823547
147239981	MAG	-3.1646729	28.553772	31.549072
147239990	ACC	-0.2559662	-9.657455	-2.8159943
147239987	GYR	0.12060547	1.4818726	0.31027222
147240000	ACC	0.23072815	-7.1724243	0.08792114
147239997	GYR	-0.13061523	1.219223	0.09954834
147240001	MAG	-3.3813477	28.56903	31.236267
147240007	GYR	-0.1750946	1.1941528	-0.043777466
147240019	MAG	-4.1122437	28.559875	31.187439
147240010	ACC	-0.008270264	-5.1844788	2.304016
147240017	GYR	-0.010650635	1.3379364	-0.1013031
147240020	ACC	-0.917099	-4.1465454	3.291748
147240027	GYR	0.26815796	1.434082	-0.087402344
147240039	MAG	-5.2505493	28.251648	30.815125
147240030	ACC	-2.1083221	-3.955536	3.1139374
147240037	GYR	0.5212555	1.4122467	-0.0031280518
147240040	ACC	-2.809143	-4.770508	1.7718201
147240047	GYR	0.66404724	1.3747864	0.12763977
147240058	MAG	-5.8883667	28.788757	30.166626
147240050	ACC	-2.480713	-6.6098785	-0.6728058
147240057	GYR	0.7075653	1.3767548	0.2590332
147240060	ACC	-0.9360657	-8.949249	-1.6531982
147240067	GYR	0.74746704	1.5492249	0.34310913
147240077	MAG	-6.703186	29.389954	29.107666
147240070	ACC	0.31907654	-10.910202	0.053451538
147240077	GYR	0.87550354	2.1140442	0.38523865
147240079	ACC	0.9109802	-11.757858	1.850769
147240087	GYR	1.0815125	2.837616	0.39105225
147240096	MAG	-8.059692	30.026245	27.940369
147240089	ACC	0.7010498	-11.821838	1.4614258
147240097	GYR	1.2237244	3.351242	0.36984253
147240099	ACC	0.5889282	-11.653275	-0.6467438
147240107	GYR	1.2031708	3.494751	0.31077576
147240115	MAG	-9.515381	30.85785	26.116943
147240109	ACC	0.5826721	-11.4218445	-1.9524994
147240119	ACC	0.50177	-11.039261	-1.3688354
147240117	GYR	1.095047	3.3069	0.21891785
147240135	MAG	-11.193848	31.593323	24.545288
147240129	ACC	0.7442322	-10.56926	-0.2445221
147240127	GYR	1.0468292	3.079773	0.16352844
147240139	ACC	1.1996307	-10.368134	0.3547821
147240137	GYR	1.104126	2.9588776	0.1570282
147240154	MAG	-12.548828	32.307434	22.77069
147240149	ACC	1.4306946	-10.469955	0.48957825
147240147	GYR	1.2188873	2.8852386	0.17985535
147240159	ACC	1.5071259	-10.58049	0.72612
147240157	GYR	1.3159637	2.8109283	0.20910645
147240173	MAG	-13.754272	33.021545	21.032715
147240169	ACC	1.3238068	-10.529617	0.9931793
147240167	GYR	1.401123	2.7135925	0.22212219
147240179	ACC	0.93774414	-10.301102	1.1870422
147240177	GYR	1.4922028	2.616928	0.2271576
147240192	MAG	-15.145874	33.7677	18.75
147240189	ACC	0.42063904	-10.10112	1.0959778
147240187	GYR	1.5762482	2.5948334	0.23713684
147240199	ACC	0.015396118	-9.969879	0.91448975
147240197	GYR	1.6417999	2.60701	0.27656555
147240212	MAG	-15.861511	34.451294	16.429138
147240209	ACC	-0.16035461	-9.899078	1.2126465
147240207	GYR	1.6466064	2.5637512	0.35385132
147240219	ACC	-0.15766907	-9.941376	1.6371002
147240217	GYR	1.6100616	2.4830322	0.43777466
147240231	MAG	-16.381836	35.25238	14.135742
147240229	ACC	-0.058380127	-10.108063	1.6579742
147240227	GYR	1.55336	2.3907013	0.48345947
147240239	ACC	0.4217682	-10.187683	1.5493011
147240237	GYR	1.4703369	2.2949066	0.48187256
147240250	MAG	-16.778564	35.839844	12.173462
147240249	ACC	0.41351318	-10.075836	0.7591095
147240247	GYR	1.3777313	2.1936798	0.4319458
147240259	ACC	-0.10736084	-9.578476	0.14109802
147240257	GYR	1.2605133	2.2589722	0.38606262
147240269	MAG	-17.381287	36.43341	10.038757
147240269	ACC	-0.1403656	-9.238815	0.13761902
147240266	GYR	1.0941772	2.5204468	0.42311096
147240279	ACC	0.11984253	-9.196976	0.24856567
147240276	GYR	0.99116516	2.6210785	0.4866333
147240289	MAG	-17.826843	37.020874	8.079529
147240289	ACC	0.40481567	-9.128662	0.22520447
147240286	GYR	0.972702	2.5845795	0.5073395
147240299	ACC	0.61920166	-9.018387	0.2470398
147240296	GYR	0.9729614	2.5273438	0.508728
147240308	MAG	-17.726135	37.25891	6.2057495
147240309	ACC	1.1520844	-8.8407135	0.46710205
147240306	GYR	0.9458771	2.468933	0.5332794
147240319	ACC	1.6900635	-8.852432	1.0434875
147240316	GYR	0.8906708	2.3898315	0.5822754
147240327	MAG	-17.817688	37.76245	4.4174194
147240329	ACC	2.284607	-9.057709	1.5242615
147240326	GYR	0.8378296	2.3096771	0.6294098
147240339	ACC	2.7672882	-9.231003	1.4440613
147240336	GYR	0.81159973	2.2157288	0.65670776
147240346	MAG	-17.475891	38.160706	2.5634766
147240349	ACC	3.168747	-9.436722	1.0937347
147240346	GYR	0.7963104	2.077774	0.6720123
147240359	ACC	3.5417633	-9.682526	0.4675598
147240356	GYR	0.7796478	1.913269	0.69480896
147240365	MAG	-17.42096	38.546753	1.4221191
147240369	ACC	3.7345276	-9.7994995	-0.094558716
147240366	GYR	0.75102234	1.7983856	0.7256012
147240379	ACC	3.6327515	-9.79306	-1.0728455
147240376	GYR	0.7272644	1.7746582	0.7388611
147240385	MAG	-16.778564	38.90381	-0.30822754
147240389	ACC	3.2971497	-9.827484	-2.1934204
147240386	GYR	0.72605896	1.8158875	0.72828674
147240396	GYR	0.75627136	1.8674164	0.71765137
147240404	MAG	-16.20636	39.352417	-1.6693115
147240399	ACC	2.9888153	-9.751648	-3.6730347
147240406	GYR	0.7644501	1.8650665	0.6983032
147240409	ACC	2.3099823	-9.747604	-4.5273743
147240416	GYR	0.6837616	1.759613	0.6596832
147240423	MAG	-15.924072	39.56299	-3.0441284
147240419	ACC	1.9124908	-9.915054	-4.0161743
147240426	GYR	0.5409851	1.5416107	0.62942505
147240429	ACC	2.038437	-9.854111	-2.319519
147240436	GYR	0.41078186	1.2662506	0.6096802
147240442	MAG	-15.315247	39.865112	-3.9337158
147240439	ACC	2.4194946	-9.463776	-0.3325348
147240446	GYR	0.32286072	1.0582733	0.5983734
147240449	ACC	2.9721222	-9.1642	0.8520355
147240456	GYR	0.25785828	1.0289917	0.5905304
147240462	MAG	-14.804077	40.164185	-4.8187256
147240459	ACC	3.597107	-9.099976	0.68840027
147240466	GYR	0.17391968	1.1653595	0.5543976
147240469	ACC	3.9075928	-9.316513	0.03517151
147240476	GYR	0.11114502	1.2680054	0.44348145
147240481	MAG	-14.401245	40.393066	-5.229187
147240479	ACC	3.5546722	-9.94165	-0.6763458
147240486	GYR	0.13323975	1.1491547	0.29441833
147240489	ACC	2.8726501	-10.6358185	-1.2296753
147240496	GYR	0.19174194	0.881073	0.1671753
147240500	MAG	-13.905334	40.472412	-5.7281494
147240499	ACC	2.3019714	-11.130203	-1.2989655
147240509	ACC	1.8353424	-11.3111725	-0.98638916
147240506	GYR	0.21809387	0.68756104	0.08267212
147240519	MAG	-14.085388	40.34424	-6.2164307
147240519	ACC	1.3648834	-11.3033905	-0.6158142
147240516	GYR	0.2054596	0.66389465	0.024017334
147240529	ACC	0.9241791	-11.289078	-0.58924866
147240526	GYR	0.19078064	0.7630005	-0.017181396
147240538	MAG	-14.021301	40.412903	-6.642151
147240539	ACC	0.5034027	-11.424286	-0.9730377
147240536	GYR	0.17974854	0.90802	-0.057510376
147240549	ACC	0.21910095	-11.735947	-1.7192535
147240546	GYR	0.15467834	1.0749664	-0.10725403
147240558	MAG	-14.051819	40.438843	-7.058716
147240558	ACC	0.2454071	-12.289001	-2.58461
147240556	GYR	0.08779907	1.2388153	-0.16459656
147240568	ACC	0.5648804	-13.079468	-2.9295044
147240566	GYR	-0.050827026	1.3512726	-0.2315216
147240577	MAG	-14.033508	40.386963	-7.472229
147240578	ACC	1.0076904	-13.760971	-2.5490112
147240576	GYR	-0.27993774	1.3703766	-0.32658386
147240588	ACC	1.2801971	-13.837692	-2.2419128
147240586	GYR	-0.5342865	1.3277435	-0.4711151
147240596	MAG	-14.11438	40.063477	-7.305908
147240598	ACC	1.2724609	-13.285278	-2.5160828
147240596	GYR	-0.74102783	1.2463074	-0.64151
147240608	ACC	1.3357239	-12.556534	-2.9888458
147240606	GYR	-0.9382782	1.1832275	-0.78414917
147240615	MAG	-14.41803	40.1474	-7.4798584
147240618	ACC	1.6636505	-11.924225	-3.1259613
147240616	GYR	-1.1883545	1.0632172	-0.863678
147240628	ACC	1.9361877	-11.4058075	-2.4871368
147240626	GYR	-1.4833221	0.8342743	-0.90960693
147240635	MAG	-14.810181	39.52179	-6.3476562
147240638	ACC	1.6976318	-11.10585	-1.530014
147240636	GYR	-1.7732697	0.54193115	-0.9626312
147240648	ACC	0.850647	-11.119003	-1.2067108
147240646	GYR	-1.993103	0.2975769	-1.039154
147240654	MAG	-15.715027	39.138794	-4.878235
147240658	ACC	-0.5139618	-11.546524	-1.4377289
147240656	GYR	-2.1611176	0.19229126	-1.1239166
147240668	ACC	-1.8812866	-12.5329895	-1.5266113
147240666	GYR	-2.3230896	0.2419281	-1.1782074
147240673	MAG	-16.339111	38.57422	-2.949524
147240678	ACC	-3.0645142	-13.821762	-1.0626831
147240676	GYR	-2.477295	0.34965515	-1.1729889
147240688	ACC	-3.8348541	-14.965759	0.025146484
147240686	GYR	-2.5812225	0.370224	-1.0899353
147240692	MAG	-17.332458	38.334656	-0.69732666
147240698	ACC	-3.8403168	-15.600327	1.7361755
147240696	GYR	-2.5901947	0.22686768	-0.9341278
147240708	ACC	-2.9361572	-15.048706	2.850998
147240706	GYR	-2.4739532	-0.029846191	-0.7697754
147240711	MAG	-18.20221	37.8067	1.1962891
147240718	ACC	-0.9104004	-13.996307	2.2768555
147240716	GYR	-2.2648468	-0.23754883	-0.68040466
147240728	ACC	1.0306549	-13.463989	-0.21165466
147240726	GYR	-2.0723877	-0.25289917	-0.7252197
147240731	MAG	-18.536377	37.210083	3.1097412
147240738	ACC	1.1428528	-13.547562	-3.2294006
147240736	GYR	-2.0071564	-0.12889099	-0.8629303
147240748	ACC	-0.44348145	-13.856735	-4.6492157
147240745	GYR	-2.0900269	-0.0960083	-0.9428711
147240750	MAG	-19.177246	36.428833	4.777527
147240758	ACC	-1.7374115	-13.815872	-4.1263733
147240755	GYR	-2.203308	-0.32473755	-0.85076904
147240768	ACC	-1.9197083	-12.526321	-2.934372
147240765	GYR	-2.2410889	-0.68621826	-0.630661
147240769	MAG	-19.706726	35.86731	6.7001343
147240778	ACC	-1.4491425	-10.609238	-1.6516266
147240775	GYR	-2.2184753	-0.81544495	-0.4144287
147240785	GYR	-2.1397552	-0.7182007	-0.26724243
147240789	MAG	-20.00122	35.006714	9.092712
147240788	ACC	-0.79063416	-9.124786	-0.9028778
147240795	GYR	-2.0383759	-0.62783813	-0.15814209
147240808	MAG	-19.958496	34.347534	10.848999
147240798	ACC	-0.18667603	-8.356979	-0.5706482
147240805	GYR	-1.9802399	-0.6187897	-0.06636047
147240808	ACC	1.0537262	-8.116348	0.047210693
147240815	GYR	-1.9337921	-0.813324	-0.04055786
147240827	MAG	-19.767761	33.88214	12.675476
147240818	ACC	1.0345917	-8.116135	0.4653473
147240825	GYR	-1.8544006	-1.0584412	-0.0690918
147240828	ACC	2.425064	-8.840668	1.1086884
147240835	GYR	-1.7082062	-1.5322571	-0.22392273
147240846	MAG	-19.203186	33.358765	14.299011
147240838	ACC	1.383316	-8.85582	0.75631714
147240845	GYR	-1.6148987	-1.6667938	-0.37887573
147240848	ACC	0.5289612	-8.267426	0.33885193
147240855	GYR	-1.5689087	-1.7226105	-0.4747162
147240865	MAG	-19.14215	32.647705	16.290283
147240858	ACC	-0.23258972	-7.4421997	-0.037246704
147240865	GYR	-1.5596466	-1.799881	-0.4868927
147240868	ACC	-0.81204224	-6.623703	-0.027893066
147240875	GYR	-1.5739594	-1.8652954	-0.4237213
147240885	MAG	-18.702698	31.64215	18.093872
147240878	ACC	-0.83465576	-6.0627136	0.19786072
147240885	GYR	-1.5515442	-1.9451141	-0.37644958
147240888	ACC	-1.3650818	-5.852463	0.14378357
147240904	MAG	-18.287659	30.769348	20.259094
147240898	ACC	-1.7195587	-5.438614	0.2288208
147240895	GYR	-1.4976044	-2.0392761	-0.3091278
147240908	ACC	-1.8026886	-4.906845	0.6064148
147240905	GYR	-1.417099	-2.112854	-0.2086029
147240923	MAG	-17.597961	29.953003	22.219849
147240918	ACC	-1.958252	-4.3374176	1.1195526
147240915	GYR	-1.2612762	-2.1092834	-0.13201904
147240928	ACC	-2.1078796	-3.749054	1.0711212
147240925	GYR	-1.0119476	-1.9617157	-0.07902527
147240942	MAG	-16.537476	29.508972	23.344421
147240938	ACC	-1.9351044	-3.3961792	0.68492126
147240935	GYR	-0.72273254	-1.7100525	-0.014373779
147240948	ACC	-1.6305542	-3.267746	0.2193451
147240945	GYR	-0.43191528	-1.4314117	0.05784607
147240961	MAG	-15.577698	29.26178	23.814392
147240958	ACC	-1.4567719	-3.215683	-0.3599701
147240955	GYR	-0.14323425	-1.1570892	0.11766052
147240968	ACC	-1.1645813	-3.2146301	-0.9765625
147240965	GYR	0.1404419	-0.9121094	0.16508484
147240981	MAG	-14.987183	29.380798	23.956299
147240978	ACC	-0.4780426	-3.4286346	-1.4720001
147240975	GYR	0.39717102	-0.7150574	0.20065308
147240988	ACC	0.2984314	-3.9111633	-1.8970337
147240985	GYR	0.63027954	-0.5950775	0.20487976
147241000	MAG	-14.376831	29.86908	23.79303
147240998	ACC	0.9347229	-4.6736603	-2.4972992
147240995	GYR	0.8500519	-0.5222626	0.17263794
147241008	ACC	1.531723	-5.582443	-3.6177979
147241005	GYR	1.0455627	-0.41687012	0.13342285
147241019	MAG	-14.002991	30.352783	23.042297
147241018	ACC	2.0238342	-6.6333923	-5.276413
147241015	GYR	1.1752167	-0.24841309	0.10241699
147241028	ACC	2.4834595	-8.04303	-7.364029
147241025	GYR	1.190918	-0.04425049	0.059265137
147241038	MAG	-14.126587	30.723572	22.097778
147241037	ACC	2.5684967	-9.79184	-9.386505
147241035	GYR	1.0695496	0.09095764	-0.010971069
147241047	ACC	2.0367432	-11.5720215	-10.736252
147241045	GYR	0.8171234	0.081970215	-0.09046936
147241058	MAG	-14.323425	31.611633	21.583557
147241057	ACC	1.6381989	-12.971191	-11.453522
147241055	GYR	0.49876404	-0.058898926	-0.14355469
147241067	ACC	1.2731781	-13.823608	-11.746033
147241065	GYR	0.19415283	-0.26887512	-0.16944885
147241077	MAG	-14.233398	31.427002	21.452332
147241077	ACC	0.7826233	-13.675537	-11.801331
147241075	GYR	-0.05545044	-0.5012207	-0.16963196
147241087	ACC	0.74105835	-12.632462	-11.465027
147241085	GYR	-0.25624084	-0.73057556	-0.13864136
147241096	MAG	-14.126587	31.419373	21.585083
147241097	ACC	0.7886505	-11.490311	-10.121674
147241095	GYR	-0.4126587	-0.94163513	-0.107055664
147241107	ACC	0.63482666	-10.8246	-7.6822357
147241105	GYR	-0.49848938	-1.0650177	-0.10954285
147241115	MAG	-13.674927	31.065369	22.37091
147241117	ACC	0.31463623	-10.543686	-5.4062805
147241115	GYR	-0.48184204	-0.99580383	-0.1515503
147241127	ACC	-0.22569275	-10.146454	-4.621689
147241125	GYR	-0.36994934	-0.77464294	-0.20993042
147241135	MAG	-13.571167	30.633545	23.042297
147241137	ACC	-0.9900055	-9.462967	-5.055298
147241135	GYR	-0.22981262	-0.59973145	-0.2554474
147241147	ACC	-1.4679871	-8.366013	-6.152588
147241145	GYR	-0.13369751	-0.58299255	-0.27270508
147241154	MAG	-13.201904	30.46112	23.402405
147241157	ACC	-1.8994598	-7.487137	-7.0894623
147241155	GYR	-0.09703064	-0.67567444	-0.26591492
147241167	ACC	-2.60083	-7.463562	-7.816162
147241165	GYR	-0.1055603	-0.7435303	-0.23207092
147241173	MAG	-13.278198	30.326843	23.648071
147241177	ACC	-3.8036652	-9.823257	-8.956985
147241175	GYR	-0.1391449	-0.67796326	-0.16699219
147241185	GYR	-0.17382812	-0.48191833	-0.07234192
147241192	MAG	-12.85553	30.381775	24.128723
147241187	ACC	-5.5837555	-13.97319	-7.788803
147241195	GYR	-0.15885925	-0.21138	0.10409546
147241197	ACC	-6.063675	-16.283096	-4.585541
147241205	GYR	-0.05319214	0.22666931	0.33396912
147241211	MAG	-12.850952	30.493164	24.212646
147241207	ACC	-3.9709778	-14.910156	-3.882431
147241215	GYR	-0.007736206	0.5953369	0.4099579
147241217	ACC	-1.2495422	-12.964233	-4.887436
147241225	GYR	-0.1466217	0.6483154	0.2562256
147241231	MAG	-12.669373	30.39093	24.023438
147241227	ACC	0.6563873	-11.042725	-3.8303223
147241234	GYR	-0.34672546	0.6743469	-0.0017242432
147241237	ACC	1.0716858	-8.155884	-0.7460785
147241244	GYR	-0.3632202	0.9360504	-0.22314453
147241250	MAG	-12.591553	30.293274	23.74878
147241247	ACC	-0.15003967	-5.122406	2.872284
147241254	GYR	-0.0783844	1.320816	-0.32443237
147241257	ACC	-1.9602051	-3.3379364	5.8433075
147241264	GYR	0.4477539	1.6264954	-0.27848816
147241269	MAG	-13.713074	30.010986	23.60382
147241267	ACC	-3.5999756	-2.8485107	5.412552
147241274	GYR	0.93447876	1.6067352	-0.14978027
147241277	ACC	-5.2057037	-3.7590027	2.3624573
147241288	MAG	-14.541626	30.621338	22.36023
147241287	ACC	-6.148941	-5.6910095	-0.8844147
147241284	GYR	1.1101379	1.317688	0.017211914
147241297	ACC	-4.8574066	-8.124451	-2.9464722
147241294	GYR	0.999115	1.046051	0.25473022
147241308	MAG	-15.016174	31.419373	21.360779
147241307	ACC	-1.7968597	-10.370148	-1.075119
147241304	GYR	0.8304291	0.8921509	0.47172546
147241317	ACC	0.25161743	-11.863937	2.5159454
147241314	GYR	0.8856659	1.024292	0.5405426
147241327	MAG	-14.9887085	31.86493	20.49408
147241327	ACC	0.25289917	-12.731094	3.4851227
147241324	GYR	1.2098236	1.6345367	0.52023315
147241337	ACC	-0.21603394	-13.009384	1.8478851
147241334	GYR	1.5472107	2.457779	0.5340271
147241346	MAG	-15.332031	32.67975	18.652344
147241347	ACC	-0.11405945	-12.70015	-0.38555908
147241344	GYR	1.6994324	3.062912	0.5500641
147241357	ACC	0.6001282	-12.08374	-1.3333435
147241354	GYR	1.6733246	3.282547	0.50608826
147241365	MAG	-16.200256	33.636475	16.27655
147241367	ACC	1.3463745	-11.451218	-0.9374695
147241364	GYR	1.5796204	3.1470184	0.4161377
147241377	ACC	1.7292786	-10.948441	-0.6444092
147241374	GYR	1.5233307	2.9286957	0.3272705
147241384	MAG	-16.88385	34.487915	13.757324
147241387	ACC	1.9090576	-10.6622925	-0.5731354
147241384	GYR	1.52594	2.75177	0.27667236
147241397	ACC	2.294464	-10.511612	-0.029144287
147241394	GYR	1.5362244	2.6562347	0.27069092
147241404	MAG	-17.77649	35.076904	11.639404
147241407	ACC	2.5626526	-10.421936	0.83432007
147241404	GYR	1.5702515	2.6466217	0.2567749
147241417	ACC	2.4205627	-10.253891	1.373352
147241414	GYR	1.6620331	2.6367798	0.20788574
147241423	MAG	-17.967224	35.583496	9.161377
147241427	ACC	2.0289307	-9.967499	1.3027496
147241424	GYR	1.7797699	2.5417175	0.1513977
147241437	ACC	1.3666382	-9.665482	0.9675751
147241434	GYR	1.8493042	2.3861237	0.10998535
147241442	MAG	-18.397522	36.27472	6.777954
147241447	ACC	0.77056885	-9.399902	0.66204834
147241444	GYR	1.8354492	2.207962	0.10038757
147241457	ACC	0.19229126	-9.236542	0.41383362
147241454	GYR	1.766861	1.9950409	0.12564087
147241461	MAG	-18.714905	36.57074	4.508972
147241467	ACC	-0.35079956	-9.127319	0.296463
147241464	GYR	1.6771545	1.7633514	0.16804504
147241477	ACC	-0.6684265	-9.047821	0.4537201
147241474	GYR	1.5715027	1.5449524	0.22242737
147241481	MAG	-18.780518	36.97815	2.4002075
147241487	ACC	-0.8350525	-9.1203	0.7082672
147241484	GYR	1.4551544	1.3644714	0.27879333
147241497	ACC	-0.85446167	-9.126373	0.5255585
147241494	GYR	1.3537598	1.2512512	0.31765747
147241500	MAG	-18.423462	37.13379	0.7019043
147241507	ACC	-0.4119873	-9.148529	0.61473083
147241504	GYR	1.2742157	1.2895813	0.3358307
147241516	ACC	-0.21226501	-9.236313	-0.09098816
147241514	GYR	1.2392578	1.3973083	0.33831787
147241519	MAG	-18.35022	37.31537	-0.8880615
147241526	ACC	-0.3416748	-8.92012	-0.5363922
147241524	GYR	1.2081604	1.5304108	0.34487915
147241536	ACC	-0.02305603	-8.790604	0.100875854
147241534	GYR	1.1018677	1.7170563	0.3847351
147241538	MAG	-18.1427	37.739563	-2.597046
147241546	ACC	0.13998413	-8.699066	0.9579468
147241544	GYR	0.99902344	1.7880096	0.41955566
147241556	ACC	0.12710571	-8.724213	1.4923553
147241554	GYR	0.9646454	1.789856	0.42382812
147241558	MAG	-17.878723	37.81128	-4.2388916
147241566	ACC	0.16209412	-8.706146	1.4272614
147241564	GYR	0.97584534	1.7635651	0.41838074
147241574	GYR	0.98779297	1.6544495	0.4182434
147241577	MAG	-17.33551	37.976074	-6.0409546
147241576	ACC	0.2129364	-8.740067	1.1068573
147241584	GYR	0.97702026	1.5096893	0.43014526
147241596	MAG	-16.899109	38.14392	-7.3287964
147241586	ACC	0.4593811	-8.766724	0.4705658
147241594	GYR	0.9468231	1.3855286	0.45747375
147241596	ACC	0.8313446	-8.851669	-0.17764282
147241604	GYR	0.9053955	1.3297272	0.4901886
147241615	MAG	-16.564941	38.352966	-8.659363
147241606	ACC	1.1926117	-9.115997	-0.7036133
147241614	GYR	0.89408875	1.3150482	0.5333252
147241616	ACC	1.5579071	-9.351181	-1.1987
147241624	GYR	0.92297363	1.2965088	0.5767822
147241634	MAG	-15.878296	38.40332	-9.8602295
147241626	ACC	1.8763275	-9.58783	-1.5279083
147241634	GYR	0.9658356	1.2364502	0.6078949
147241636	ACC	2.0052032	-9.854462	-1.5784454
147241644	GYR	0.98172	1.1490479	0.6162262
147241654	MAG	-15.007019	38.502502	-11.169434
147241646	ACC	2.0100555	-10.138016	-1.32724
147241654	GYR	0.966156	1.0653687	0.6160431
147241656	ACC	1.9821167	-10.295563	-1.1235352
147241664	GYR	0.9173584	1.0073395	0.5955658
147241673	MAG	-14.315796	38.624573	-12.283325
147241666	ACC	1.8564758	-10.283371	-1.1187286
147241676	ACC	1.8818512	-10.084305	-1.3188171
147241674	GYR	0.8449249	0.9687958	0.5605469
147241692	MAG	-13.894653	38.763428	-13.105774
147241686	ACC	1.8565826	-9.896713	-1.6768341
147241684	GYR	0.7571106	0.92552185	0.5083771
147241696	ACC	1.8150177	-9.803665	-1.9837036
147241694	GYR	0.64527893	0.89888	0.45100403
147241711	MAG	-13.047791	38.88092	-14.089966
147241706	ACC	1.8917542	-9.837158	-1.8678741
147241704	GYR	0.5030823	0.88526917	0.41207886
147241716	ACC	2.2560883	-9.984573	-1.3351746
147241713	GYR	0.34954834	0.84069824	0.399765
147241730	MAG	-13.038635	38.99231	-14.607239
147241726	ACC	2.8799896	-10.104965	-0.58140564
147241723	GYR	0.21122742	0.7593994	0.3968048
147241736	ACC	3.4764252	-10.200592	-0.012512207
147241733	GYR	0.1207428	0.6848602	0.366745
147241750	MAG	-12.342834	39.224243	-14.990234
147241746	ACC	3.7146149	-10.3784485	0.21896362
147241743	GYR	0.096710205	0.6210022	0.2889099
147241756	ACC	3.453308	-10.629395	0.23760986
147241753	GYR	0.12489319	0.56362915	0.17826843
147241769	MAG	-12.12616	39.21051	-15.325928
147241766	ACC	2.8209229	-10.813385	0.21096802
147241763	GYR	0.17185974	0.5285187	0.0703125
147241776	ACC	2.0054626	-10.859436	0.146698
147241773	GYR	0.21688843	0.53256226	-0.013580322
147241788	MAG	-11.904907	39.03961	-15.65094
147241786	ACC	1.2113953	-10.887726	-0.024719238
147241783	GYR	0.2515869	0.5824127	-0.07614136
147241796	ACC	0.5930481	-10.991562	-0.41177368
147241793	GYR	0.2666626	0.6878967	-0.12989807
147241807	MAG	-11.997986	39.230347	-16.21399
147241806	ACC	0.21572876	-11.298904	-1.0557709
147241803	GYR	0.25350952	0.8395233	-0.1832428
147241816	ACC	0.31295776	-11.99353	-1.6417542
147241813	GYR	0.19563293	0.99790955	-0.23919678
147241827	MAG	-12.095642	38.960266	-16.281128
147241826	ACC	0.818573	-12.716736	-1.6013031
147241823	GYR	0.07064819	1.0669861	-0.30537415
147241836	ACC	1.4824677	-13.057678	-1.2873383
147241833	GYR	-0.092803955	1.0170288	-0.41389465
147241846	MAG	-11.9140625	38.858032	-16.470337
147241846	ACC	1.853775	-12.921066	-1.7714691
147241843	GYR	-0.22189331	0.93595886	-0.5815582
147241856	ACC	2.1493073	-12.772171	-2.5463867
147241853	GYR	-0.34236145	0.85295105	-0.7556915
147241865	MAG	-12.120056	38.78784	-16.638184
147241866	ACC	2.4490204	-12.917038	-2.8539886
147241863	GYR	-0.5440521	0.7364502	-0.87290955
147241876	ACC	2.3681183	-13.205399	-2.8390656
147241873	GYR	-0.8268738	0.58903503	-0.9399872
147241884	MAG	-12.643433	38.53607	-15.895081
147241886	ACC	1.4846649	-13.238068	-2.642685
147241883	GYR	-1.142868	0.39231873	-0.9832916
147241896	ACC	0.011566162	-12.898407	-1.9695129
147241893	GYR	-1.4567108	0.15330505	-1.0102692
147241904	MAG	-13.291931	38.534546	-14.8376465
147241906	ACC	-1.4809113	-12.177704	-1.4017487
147241903	GYR	-1.7333527	-0.087509155	-1.0259552
147241916	ACC	-2.7426453	-11.864243	-1.5132446
147241913	GYR	-1.9678345	-0.23371887	-1.0419312
147241923	MAG	-14.225769	38.442993	-13.063049
147241926	ACC	-3.7108612	-12.561035	-1.5465088
147241923	GYR	-2.2120972	-0.15916443	-1.0501862
147241936	ACC	-4.544342	-13.649521	-0.6991577
147241933	GYR	-2.4694672	0.12005615	-1.0288086
147241942	MAG	-15.087891	38.52539	-10.934448
147241946	ACC	-5.271454	-14.686859	0.6529541
147241943	GYR	-2.6397095	0.4008026	-0.95954895
147241956	ACC	-5.871704	-15.44455	1.1354675
147241953	GYR	-2.649002	0.4694214	-0.83439636
147241961	MAG	-16.003418	38.41858	-8.929443
147241963	GYR	-2.582962	0.38580322	-0.6622467
147241966	ACC	-5.196274	-15.186874	2.7116547
147241973	GYR	-2.4336853	0.24923706	-0.53530884
147241980	MAG	-16.311646	38.572693	-7.1624756
147241976	ACC	-3.9349213	-14.466003	3.4001617
147241983	GYR	-2.208496	0.14549255	-0.51213074
147241986	ACC	-2.4034882	-13.817978	1.9627991
147241993	GYR	-2.0573273	0.2185669	-0.5671387
147242000	MAG	-16.319275	38.337708	-5.340576
147241996	ACC	-1.832428	-13.354202	-0.5388489
147242003	GYR	-2.076126	0.48812866	-0.6032257
147242005	ACC	-0.4484253	-13.012512	-2.0420532
147242013	GYR	-2.1192932	0.4874115	-0.6477356
147242019	MAG	-17.085266	37.963867	-3.9718628
147242015	ACC	-0.6726074	-12.975906	-3.967743
147242023	GYR	-2.197113	0.016738892	-0.64564514
147242025	ACC	-1.5361023	-12.405991	-3.9246826
147242033	GYR	-2.3001862	-0.48216248	-0.5563965
147242038	MAG	-17.462158	37.825012	-1.902771
147242035	ACC	-2.002121	-11.307846	-2.1426392
147242043	GYR	-2.3064117	-0.687027	-0.4138794
147242045	ACC	-1.7785645	-9.820663	-0.48483276
147242053	GYR	-2.2101593	-0.565155	-0.26020813
147242057	MAG	-17.94281	37.45575	0.048828125
147242055	ACC	-0.84529114	-8.607391	0.55218506
147242065	ACC	0.33995056	-7.733246	1.7873383
147242063	GYR	-2.094574	-0.33128357	-0.16517639
147242077	MAG	-17.855835	37.34131	1.8569946
147242075	ACC	0.55596924	-7.14328	1.4455566
147242073	GYR	-1.9571228	0.08320618	-0.13220215
147242085	ACC	-0.13214111	-7.144287	0.1179657
147242083	GYR	-1.8501434	0.59620667	-0.06756592
147242096	MAG	-18.188477	37.054443	3.1936646
147242095	ACC	-0.37521362	-7.4729614	0.30322266
147242093	GYR	-1.8613586	0.41194153	0.013549805
147242105	ACC	-0.2963562	-7.7354584	0.28504944
147242103	GYR	-1.8403931	-0.1410675	-0.001876831
147242115	MAG	-18.07251	36.64856	4.6951294
147242115	ACC	-0.2902069	-7.4687805	-0.24984741
147242113	GYR	-1.7439423	-0.5248871	-0.12426758
147242125	ACC	-0.07376099	-7.0223083	-0.4844818
147242123	GYR	-1.7023926	-0.7558594	-0.17152405
147242134	MAG	-18.338013	36.462402	6.298828
147242135	ACC	-0.08868408	-6.733673	-0.71388245
147242133	GYR	-1.6577759	-0.85136414	-0.16781616
147242145	ACC	-0.5342407	-6.5594788	-0.7206116
147242143	GYR	-1.6048126	-0.97561646	-0.15449524
147242153	MAG	-18.21289	36.125183	7.9345703
147242155	ACC	-1.1165314	-6.248108	-0.35250854
147242153	GYR	-1.5478058	-1.1434021	-0.10733032
147242165	ACC	-1.7585449	-5.8536377	0.09831238
147242163	GYR	-1.4580231	-1.3039856	-0.030670166
147242173	MAG	-18.171692	35.585022	9.683228
147242175	ACC	-2.2909088	-5.353714	0.3481598
147242173	GYR	-1.3121338	-1.4501495	0.07841492
147242185	ACC	-2.357193	-4.8283997	0.5569458
147242183	GYR	-1.1345978	-1.5383606	0.21611023
147242192	MAG	-17.492676	35.398865	10.951233
147242195	ACC	-1.7719116	-4.494156	0.6221924
147242192	GYR	-0.92019653	-1.4897003	0.34754944
147242205	ACC	-1.2037048	-4.3312836	0.46028137
147242202	GYR	-0.6447296	-1.3428345	0.42814636
147242211	MAG	-16.925049	35.221863	12.04071
147242215	ACC	-0.96388245	-4.124939	0.09321594
147242212	GYR	-0.32955933	-1.1340942	0.46461487
147242225	ACC	-0.82569885	-3.97406	-0.35151672
147242222	GYR	-0.010223389	-0.8651428	0.48928833
147242230	MAG	-16.217041	35.284424	12.457275
147242235	ACC	-0.67788696	-3.8335724	-0.9037018
147242232	GYR	0.30821228	-0.5793915	0.513031
147242245	ACC	-0.3203125	-3.6782074	-1.4458618
147242242	GYR	0.6197815	-0.30511475	0.5366974
147242250	MAG	-15.319824	35.629272	12.194824
147242255	ACC	0.35835266	-3.7015839	-1.8859863
147242252	GYR	0.90808105	-0.10340881	0.554245
147242265	ACC	1.3274841	-4.2299957	-2.3430786
147242262	GYR	1.1678162	0.009902954	0.5465851
147242269	MAG	-14.857483	36.006165	11.306763
147242275	ACC	2.2070923	-5.2403107	-3.2334137
147242272	GYR	1.3917084	0.08811951	0.5033417
147242285	ACC	3.4707947	-6.3865814	-4.6199036
147242282	GYR	1.5522766	0.18807983	0.4349823
147242288	MAG	-14.482117	36.761475	9.9823
147242295	ACC	4.279541	-7.8010254	-6.4170837
147242292	GYR	1.6014252	0.33654785	0.3469696
147242305	ACC	4.7589417	-9.343643	-8.5555725
147242302	GYR	1.5023499	0.55451965	0.22891235
147242307	MAG	-14.286804	37.231445	8.779907
147242315	ACC	3.4496307	-11.105392	-10.734222
147242312	GYR	1.2576447	0.81529236	0.07620239
147242325	ACC	2.135666	-12.8242035	-12.407181
147242322	GYR	0.9207001	1.0266113	-0.05769348
147242327	MAG	-14.4088745	37.527466	7.192993
147242335	ACC	1.0266418	-14.309036	-13.493835
147242332	GYR	0.5477295	1.075531	-0.14642334
147242345	ACC	0.019058228	-15.029022	-13.913605
147242342	GYR	0.16433716	0.86402893	-0.1874237
147242346	MAG	-14.762878	37.651062	6.3720703
147242352	GYR	-0.2134552	0.43119812	-0.18275452
147242355	ACC	1.0114746	-14.265671	-10.357986
147242362	GYR	-0.5093994	0.2250824	-0.18812561
147242365	MAG	-15.226746	37.586975	6.6360474
147242365	ACC	-1.243393	-13.580551	-13.963089
147242372	GYR	-0.8828888	-0.114212036	-0.13986206
147242375	ACC	-0.4267578	-13.040451	-9.460724
147242382	GYR	-1.1261139	-0.3078766	-0.11073303
147242384	MAG	-15.653992	37.376404	7.369995
147242385	ACC	0.38484192	-12.022461	-6.374817
147242392	GYR	-1.0990295	-0.31910706	-0.13981628
147242403	MAG	-15.327454	37.04071	8.43811
147242395	ACC	1.0884705	-10.347748	-4.759598
147242402	GYR	-0.8986206	-0.46032715	-0.2162323
147242405	ACC	1.0266113	-8.249512	-4.7355804
147242412	GYR	-0.6482849	-0.73599243	-0.28572083
147242423	MAG	-15.37323	36.688232	9.068298
147242415	ACC	0.10153198	-6.366379	-5.143097
147242422	GYR	-0.39630127	-0.9694977	-0.2906494
147242425	ACC	-1.3251648	-5.889389	-6.1411896
147242432	GYR	-0.17765808	-1.0134583	-0.23364258
147242442	MAG	-15.562439	36.639404	9.777832
147242435	ACC	-3.2979584	-8.423981	-7.5347595
147242442	GYR	0.009780884	-0.82551575	-0.14309692
147242445	ACC	-4.103882	-13.141235	-7.444992
147242461	MAG	-15.312195	36.714172	9.895325
147242455	ACC	-4.1799316	-16.521149	-4.97995
147242452	GYR	0.18777466	-0.5619507	-0.03147888
147242465	ACC	-2.1660004	-16.064285	-3.899063
147242462	GYR	0.37278748	-0.06323242	0.17341614
147242480	MAG	-15.074158	36.917114	9.21936
147242475	ACC	0.05595398	-14.253616	-4.3446503
147242472	GYR	0.37669373	0.6322479	0.2135315
147242484	ACC	0.6159668	-12.446243	-3.4837189
147242482	GYR	0.12564087	1.0943146	-0.01512146
147242500	MAG	-15.242004	36.85608	8.909607
147242494	ACC	-0.8186035	-9.513397	-0.95124817
147242492	GYR	-0.18629456	1.4094543	-0.31632996
147242504	ACC	-3.258545	-6.0865326	1.7454834
147242502	GYR	-0.2680664	1.7620087	-0.48799133
147242519	MAG	-16.14685	36.598206	8.425903
147242514	ACC	-5.2190094	-3.2960815	4.5779114
147242512	GYR	-0.056381226	2.0258484	-0.47532654
147242524	ACC	-6.239792	-2.0731354	5.113678
147242522	GYR	0.41641235	2.1073608	-0.34970093
147242538	MAG	-16.989136	36.71875	7.5424194
147242534	ACC	-7.2658234	-2.8483276	1.7026825
147242532	GYR	0.9442444	2.0311432	-0.1741333
147242544	ACC	-7.9065247	-4.9826508	-1.8926086
147242542	GYR	1.1522675	1.8601685	0.083465576
147242557	MAG	-17.063904	37.09259	5.94635
147242554	ACC	-6.6847687	-7.5460052	-3.1444092
147242552	GYR	1.0376282	1.6031036	0.43804932
147242564	ACC	-3.5752258	-9.984085	-0.7605591
147242562	GYR	0.94555664	1.212326	0.73594666
147242576	MAG	-16.845703	37.738037	4.4525146
147242574	ACC	-0.05104065	-11.870834	2.665451
147242572	GYR	1.1229401	1.1328888	0.8571625
147242584	ACC	1.5171661	-13.077087	3.8816528
147242582	GYR	1.4786377	1.7525482	0.84291077
147242596	MAG	-15.887451	38.04474	2.3849487
147242594	ACC	1.2542114	-13.441727	2.921753
147242592	GYR	1.7730255	2.707672	0.784256
147242604	ACC	0.9658966	-12.800293	0.51264954
147242602	GYR	1.886795	3.378006	0.7593994
147242615	MAG	-15.805054	38.64746	-0.30212402
147242614	ACC	1.4956665	-11.562637	-0.9618683
147242612	GYR	1.807373	3.5276642	0.7220154
147242624	ACC	1.8128204	-10.460022	-0.4159088
147242622	GYR	1.5951233	3.4095764	0.61763
147242634	MAG	-15.3289795	38.79242	-3.024292
147242634	ACC	1.895813	-9.795212	0.38848877
147242632	GYR	1.4135437	3.298645	0.500473
147242644	ACC	1.8646393	-9.590591	0.3835144
147242642	GYR	1.3416901	3.2054138	0.44169617
147242653	MAG	-14.764404	39.248657	-5.126953
147242654	ACC	2.0180206	-9.577286	0.22879028
147242652	GYR	1.3410187	3.048355	0.4147644
147242664	ACC	2.093979	-9.679596	0.72172546
147242662	GYR	1.377655	2.8210754	0.37193298
147242673	MAG	-14.237976	39.349365	-7.156372
147242674	ACC	1.8560181	-9.6263275	1.1279602
147242671	GYR	1.4725494	2.5691376	0.2960968
147242684	ACC	1.4048157	-9.518372	1.0212402
147242681	GYR	1.6082153	2.3995514	0.2101593
147242692	MAG	-13.5269165	39.231873	-9.365845
147242694	ACC	0.8397522	-9.361618	0.8629761
147242691	GYR	1.7020569	2.3580322	0.15802002
147242704	ACC	0.4494934	-9.257996	0.5699768
147242701	GYR	1.7050629	2.3601532	0.16343689
147242711	MAG	-13.05542	39.183044	-11.51886
147242714	ACC	-0.022918701	-9.387329	0.57258606
147242711	GYR	1.6136475	2.297226	0.21292114
147242724	ACC	-0.11968994	-9.54216	1.1853638
147242721	GYR	1.4604492	2.1729126	0.27313232
147242730	MAG	-12.324524	39.239502	-13.418579
147242734	ACC	-0.15776062	-9.623688	1.5835266
147242731	GYR	1.3229065	2.0058289	0.30374146
147242741	GYR	1.2323303	1.8197632	0.27833557
147242749	MAG	-11.611938	39.03961	-14.97345
147242744	ACC	-0.42684937	-9.702972	1.374054
147242751	GYR	1.15094	1.7410736	0.2326355
147242754	ACC	-0.72624207	-9.602692	0.35871887
147242761	GYR	1.0246582	1.8211975	0.23847961
147242769	MAG	-10.847473	38.80005	-16.48407
147242764	ACC	-0.42933655	-9.392899	0.3597107
147242771	GYR	0.9421387	1.9015656	0.2632599
147242774	ACC	0.37130737	-9.515442	0.6506195
147242781	GYR	0.9698181	1.9002686	0.21975708
147242788	MAG	-10.064697	38.619995	-17.721558
147242784	ACC	0.14039612	-9.18132	-0.3139038
147242791	GYR	0.92276	2.0792542	0.19929504
147242794	ACC	0.13145447	-9.128159	-0.25508118
147242801	GYR	0.8408203	2.2029572	0.23207092
147242807	MAG	-9.04541	38.56659	-19.02771
147242804	ACC	0.49035645	-9.082718	0.3182373
147242811	GYR	0.78500366	2.190506	0.26982117
147242814	ACC	0.77207947	-9.122086	1.2111511
147242821	GYR	0.7809906	2.131256	0.31030273
147242826	MAG	-8.094788	38.293457	-19.99054
147242824	ACC	1.1288147	-9.132935	1.6759644
147242831	GYR	0.8208771	2.006546	0.35647583
147242834	ACC	1.6407471	-9.257294	1.5329437
147242841	GYR	0.86039734	1.8232117	0.3973236
147242846	MAG	-7.209778	38.26599	-21.151733
147242844	ACC	2.1449585	-9.447739	1.0576477
147242854	ACC	2.4095612	-9.668137	0.42990112
147242851	GYR	0.8708801	1.6392517	0.42341614
147242865	MAG	-6.265259	37.960815	-22.206116
147242864	ACC	2.830429	-9.9183655	-0.5411682
147242861	GYR	0.8752136	1.4668274	0.4721985
147242874	ACC	3.2106934	-10.311081	-1.5840149
147242871	GYR	0.87898254	1.3621521	0.51820374
147242884	MAG	-5.0720215	37.92267	-23.106384
147242884	ACC	3.3116608	-10.628677	-2.427597
147242881	GYR	0.88194275	1.3494263	0.54193115
147242894	ACC	3.0697174	-10.589966	-2.588272
147242891	GYR	0.87657166	1.3496704	0.5517273
147242903	MAG	-3.881836	37.58087	-24.125671
147242904	ACC	2.575714	-10.241516	-1.8792725
147242901	GYR	0.86276245	1.2823181	0.5542755
147242914	ACC	2.0185394	-9.798996	-0.9920807
147242911	GYR	0.8395386	1.1816406	0.54818726
147242923	MAG	-3.1433105	37.39319	-24.665833
147242924	ACC	1.7081604	-9.45874	-0.7533722
147242921	GYR	0.8026886	1.1072235	0.53144836
147242934	ACC	1.5922546	-9.346054	-1.0583801
147242931	GYR	0.73960876	1.0359344	0.5031891
147242942	MAG	-2.1652222	37.13684	-25.260925
147242944	ACC	1.6425629	-9.451721	-1.4095459
147242941	GYR	0.6426544	0.96351624	0.47006226
147242954	ACC	1.739624	-9.658386	-1.6591187
147242951	GYR	0.5355835	0.92858887	0.44621277
147242961	MAG	-1.4678955	36.982727	-25.708008
147242963	ACC	1.8539124	-9.771835	-1.6222229
147242961	GYR	0.42349243	0.93626404	0.4363098
147242973	ACC	2.041214	-9.812271	-1.1688385
147242971	GYR	0.29408264	0.93873596	0.43966675
147242980	MAG	-0.82244873	36.791992	-26.19629
147242983	ACC	2.2462158	-9.924225	-0.4281006
147242981	GYR	0.16485596	0.90934753	0.4343872
147242993	ACC	2.453949	-10.203064	0.048110962
147242991	GYR	0.08555603	0.86354065	0.39874268
147242999	MAG	-0.10986328	36.85608	-26.382446
147243003	ACC	2.4957886	-10.563889	0.06838989
147243001	GYR	0.07621765	0.823761	0.32717896
147243013	ACC	2.3187103	-10.825653	0.011657715
147243011	GYR	0.10681152	0.7852783	0.23954773
147243019	MAG	0.7507324	36.91864	-26.530457
147243023	ACC	1.9854889	-10.831116	-0.050704956
147243021	GYR	0.14389038	0.7648926	0.15216064
147243033	ACC	1.3885651	-10.839813	-0.14108276
147243031	GYR	0.17427063	0.7996521	0.0664978
147243038	MAG	1.3595581	36.83319	-26.838684
147243043	ACC	0.7911377	-11.086044	-0.578949
147243041	GYR	0.18878174	0.9166107	-0.014770508
147243053	ACC	0.19290161	-11.43425	-1.3356018
147243051	GYR	0.17189026	1.1043701	-0.08547974
147243057	MAG	1.8783569	36.698914	-27.044678
147243063	ACC	-0.117889404	-11.788406	-2.2766876
147243061	GYR	0.10676575	1.329956	-0.1418457
147243073	ACC	0.21299744	-12.343597	-2.7889404
147243071	GYR	-0.016525269	1.5198212	-0.1822815
147243076	MAG	2.4368286	36.575317	-27.394104
147243083	ACC	0.94296265	-13.147568	-2.4543762
147243081	GYR	-0.20700073	1.5825195	-0.23303223
147243093	ACC	1.6880951	-13.675354	-1.5028534
147243091	GYR	-0.449646	1.557251	-0.34881592
147243096	MAG	3.1906128	36.488342	-27.061462
147243103	ACC	1.9053192	-13.759262	-1.2437592
147243101	GYR	-0.66212463	1.4965973	-0.54759216
147243113	ACC	1.9642944	-13.638535	-1.9134521
147243111	GYR	-0.81710815	1.3543701	-0.7488251
147243115	MAG	3.6712646	36.88202	-26.377869
147243123	ACC	2.0392914	-13.576508	-2.768814
147243121	GYR	-1.0107117	1.1572571	-0.8759308
147243131	GYR	-1.3130951	0.93414307	-0.91148376
147243134	MAG	3.9916992	37.208557	-25.91095
147243133	ACC	2.0216217	-13.603134	-3.0814056
147243141	GYR	-1.6895905	0.67037964	-0.9044342
147243143	ACC	1.253128	-13.260727	-2.3263855
147243150	GYR	-2.0306396	0.41975403	-0.9105377
147243154	MAG	3.717041	37.8006	-24.27063
147243153	ACC	0.086380005	-12.533066	-1.7194214
147243160	GYR	-2.26622	0.26289368	-0.9582977
147243163	ACC	-1.5150757	-12.074387	-1.8774261
147243170	GYR	-2.44104	0.24424744	-0.99320984
147243173	MAG	3.2608032	38.4552	-22.43805
147243173	ACC	-3.1169434	-12.233627	-1.8693237
147243180	GYR	-2.5938568	0.34521484	-0.95932007
147243192	MAG	2.8457642	39.34784	-20.671082
147243183	ACC	-4.197403	-13.106033	-1.1533203
147243190	GYR	-2.7017212	0.446167	-0.87171936
147243193	ACC	-4.8731384	-14.244476	0.5173187
147243200	GYR	-2.6801453	0.42314148	-0.7554321
147243211	MAG	2.319336	40.28778	-18.43872
147243203	ACC	-5.2597046	-15.259933	1.8117371
147243210	GYR	-2.561325	0.35317993	-0.5923157
147243213	ACC	-4.363846	-15.345123	3.0072632
147243220	GYR	-2.3591003	0.301239	-0.455307
147243230	MAG	2.1316528	40.808105	-16.288757
147243223	ACC	-2.3354645	-14.454819	2.6485138
147243230	GYR	-2.1390991	0.3336792	-0.45480347
147243233	ACC	-0.43907166	-13.334991	0.78811646
147243249	MAG	2.0446777	41.13922	-14.779663
147243243	ACC	0.8386841	-12.653015	-1.444931
147243240	GYR	-2.0297546	0.4179535	-0.53952026
147243253	ACC	1.3379364	-12.320511	-3.2345734
147243250	GYR	-2.0708466	0.5646057	-0.62672424
147243269	MAG	1.8280029	41.375732	-13.070679
147243263	ACC	0.2541504	-12.163055	-4.8919373
147243260	GYR	-2.1367188	0.5646515	-0.69540405
147243273	ACC	-0.6555939	-11.674438	-4.6588593
147243270	GYR	-2.230957	0.2334137	-0.6418152
147243288	MAG	1.1932373	41.860962	-11.076355
147243283	ACC	-0.15148926	-10.811462	-2.2442627
147243280	GYR	-2.351822	-0.2627716	-0.425354
147243293	ACC	0.30662537	-9.940491	-0.20549011
147243290	GYR	-2.3205872	-0.79481506	-0.2403717
147243307	MAG	0.9979248	42.234802	-9.054565
147243303	ACC	0.7824402	-9.103287	0.72216797
147243300	GYR	-2.1791534	-1.0613861	-0.16030884
147243313	ACC	0.75593567	-8.404694	0.52848816
147243310	GYR	-2.0326538	-1.0236359	-0.13555908
147243326	MAG	0.93078613	42.433167	-7.305908
147243323	ACC	0.80200195	-8.014191	0.39460754
147243320	GYR	-1.9330597	-0.8664398	-0.14086914
147243333	ACC	1.3475952	-8.173676	1.099762
147243330	GYR	-1.8803406	-0.856781	-0.14929199
147243345	MAG	0.8743286	42.23633	-5.484009
147243343	ACC	0.9754944	-8.188965	0.92297363
147243340	GYR	-1.7544403	-1.1619568	-0.25260925
147243353	ACC	0.38064575	-7.8045197	0.35775757
147243350	GYR	-1.5960846	-1.3582764	-0.40452576
147243365	MAG	0.25024414	42.36908	-4.0664673
147243363	ACC	0.063186646	-7.3949127	0.3605957
147243360	GYR	-1.5298615	-1.5157318	-0.4928131
147243373	ACC	-0.21824646	-6.831833	0.16134644
147243370	GYR	-1.5118866	-1.6592102	-0.5535736
147243384	MAG	-0.01373291	42.105103	-2.458191
147243383	ACC	-0.6754303	-6.4082947	-0.20149231
147243380	GYR	-1.48703	-1.7388763	-0.5791931
147243393	ACC	-0.88661194	-5.9608917	-0.07522583
147243390	GYR	-1.4650574	-1.8412628	-0.5491028
147243403	MAG	-0.6790161	42.036438	-0.97961426
147243403	ACC	-1.0910797	-5.6393127	0.20188904
147243400	GYR	-1.4532013	-1.9104462	-0.48435974
147243413	ACC	-1.4751892	-5.4740753	0.30026245
147243410	GYR	-1.3946228	-1.9036407	-0.43284607
147243422	MAG	-0.6790161	41.799927	0.28686523
147243423	ACC	-1.6843567	-5.1853943	0.4935913
147243420	GYR	-1.2702332	-1.8693848	-0.39102173
147243433	ACC	-1.7603302	-4.8158875	0.7384491
147243430	GYR	-1.0937805	-1.822815	-0.35142517
147243442	MAG	-1.0787964	41.719055	1.4266968
147243442	ACC	-1.6915436	-4.4457703	0.77931213
147243440	GYR	-0.86428833	-1.7541656	-0.3144226
147243452	ACC	-1.4544067	-4.075882	0.55578613
147243450	GYR	-0.5959778	-1.6370697	-0.26983643
147243461	MAG	-1.0803223	41.601562	2.0370483
147243462	ACC	-1.5228119	-3.7763977	0.044128418
147243460	GYR	-0.3141327	-1.4535828	-0.22532654
147243472	ACC	-1.564621	-3.6336517	-0.596817
147243470	GYR	-0.041671753	-1.2228546	-0.18167114
147243480	MAG	-1.0192871	41.630554	2.217102
147243482	ACC	-1.5461731	-3.6877594	-1.2298584
147243480	GYR	0.2068634	-0.97291565	-0.12814331
147243492	ACC	-1.4574738	-3.9300232	-1.9000244
147243490	GYR	0.43745422	-0.71543884	-0.07347107
147243499	MAG	-1.1703491	41.633606	2.1331787
147243502	ACC	-1.0458832	-4.3309326	-2.5290985
147243500	GYR	0.6493225	-0.5006714	-0.024627686
147243512	ACC	-0.42733765	-4.9296417	-3.0962372
147243510	GYR	0.83244324	-0.35516357	0.02017212
147243519	MAG	-0.7369995	41.56952	1.4175415
147243522	ACC	0.32981873	-5.7030334	-3.949936
147243520	GYR	0.9825897	-0.24041748	0.061309814
147243530	GYR	1.0791779	-0.13304138	0.08522034
147243538	MAG	-0.86517334	41.63513	0.3555298
147243532	ACC	0.97805786	-6.8167114	-5.6284485
147243540	GYR	1.0610046	-0.03819275	0.0836792
147243542	ACC	1.5773621	-8.26239	-8.028229
147243550	GYR	0.8679657	0.016525269	0.06524658
147243557	MAG	-0.57525635	41.758728	-0.27160645
147243552	ACC	2.1752777	-10.043091	-10.53067
147243560	GYR	0.51420593	-0.03552246	0.031692505
147243562	ACC	3.037674	-11.837173	-11.742767
147243570	GYR	0.12704468	-0.24107361	-0.045181274
147243576	MAG	-0.4638672	41.59851	-0.77667236
147243572	ACC	3.0471802	-13.104904	-11.411591
147243580	GYR	-0.13978577	-0.5040283	-0.12808228
147243582	ACC	2.3980408	-13.340927	-10.9991455
147243590	GYR	-0.266037	-0.76216125	-0.1612091
147243595	MAG	-0.49743652	41.66107	-0.5477905
147243592	ACC	2.0367584	-12.3936	-10.767288
147243600	GYR	-0.32461548	-0.9442291	-0.15426636
147243602	ACC	1.7911682	-11.0486145	-10.307236
147243610	GYR	-0.35960388	-1.0169373	-0.13362122
147243615	MAG	-0.5996704	41.622925	0.016784668
147243612	ACC	1.3818817	-10.08931	-9.589172
147243620	GYR	-0.35769653	-0.9804535	-0.106277466
147243622	ACC	0.9098053	-9.651947	-8.411942
147243634	MAG	-0.63934326	41.731262	0.15106201
147243632	ACC	0.47904968	-9.752335	-6.8275757
147243630	GYR	-0.3163147	-0.87612915	-0.10482788
147243642	ACC	-0.0954895	-9.978119	-5.683548
147243639	GYR	-0.24879456	-0.752182	-0.14660645
147243653	MAG	-0.7965088	41.5802	0.63323975
147243652	ACC	-0.8438263	-9.789459	-5.4341736
147243649	GYR	-0.20159912	-0.6826935	-0.19944763
147243662	ACC	-1.7251282	-9.170639	-6.128525
147243659	GYR	-0.18965149	-0.73706055	-0.24990845
147243672	MAG	-0.92163086	41.638184	0.91400146
147243672	ACC	-2.4705048	-9.148956	-7.783615
147243669	GYR	-0.20063782	-0.8616028	-0.26420593
147243682	ACC	-3.5256653	-11.27652	-9.601105
147243679	GYR	-0.2574768	-0.9422455	-0.25804138
147243692	MAG	-1.0848999	41.532898	1.3015747
147243692	ACC	-5.1640015	-15.842072	-8.625702
147243689	GYR	-0.373703	-0.87641907	-0.23474121
147243702	ACC	-5.262909	-18.716629	-5.2192993
147243699	GYR	-0.44244385	-0.6146393	-0.102767944
147243711	MAG	-1.0421753	41.45813	1.8600464
147243712	ACC	-2.2362518	-16.26561	-4.5576477
147243709	GYR	-0.31855774	-0.085876465	0.16471863
147243722	ACC	0.95047	-12.020889	-4.9035645
147243719	GYR	-0.20507812	0.4295807	0.24667358
147243730	MAG	-0.41809082	41.39557	1.7807007
147243732	ACC	1.9008942	-8.700424	-2.2069244
147243729	GYR	-0.2766266	0.6936493	-4.272461E-4
147243742	ACC	0.13800049	-5.0789795	2.13385
147243739	GYR	-0.30384827	1.0508575	-0.3108368
147243749	MAG	-0.48217773	41.13617	2.1728516
147243752	ACC	-3.3247223	-1.7341766	5.728607
147243749	GYR	-0.05845642	1.6499481	-0.48420715
147243762	ACC	-6.608444	-0.5254059	6.2280426
147243759	GYR	0.4699707	2.0701904	-0.44673157
147243768	MAG	-1.2161255	41.322327	2.1118164
147243772	ACC	-8.920181	-1.6707764	1.1204987
147243769	GYR	1.0645142	2.0858154	-0.21899414
147243782	ACC	-9.083557	-4.1952972	-5.023636
147243779	GYR	1.2811279	1.8105927	0.15315247
147243788	MAG	-1.8447876	41.62445	0.8773804
147243792	ACC	-6.702942	-7.4280853	-5.9383698
147243789	GYR	0.96281433	1.3275757	0.5422363
147243802	ACC	-2.9292145	-10.233505	-1.730072
147243799	GYR	0.5846405	0.76934814	0.7717285
147243807	MAG	-0.8743286	41.72058	0.25787354
147243812	ACC	0.51763916	-11.827972	3.8882446
147243809	GYR	0.6174927	0.6545105	0.8187256
147243822	ACC	1.51268	-12.583923	5.9002075
147243819	GYR	1.0542908	1.2751923	0.7888336
147243826	MAG	-0.064086914	41.749573	-0.579834
147243832	ACC	0.82917786	-13.170471	3.960495
147243829	GYR	1.5478821	2.1894836	0.772171
147243842	ACC	0.16035461	-13.386185	0.5379486
147243839	GYR	1.81427	2.786087	0.78878784
147243845	MAG	0.5340576	41.908264	-2.29187
147243852	ACC	0.57522583	-12.74408	-1.0684052
147243849	GYR	1.8222046	2.9276886	0.80744934
147243862	ACC	1.1472015	-11.568115	-0.8982544
147243859	GYR	1.7081604	2.852234	0.7763214
147243865	MAG	1.2695312	42.077637	-4.107666
147243872	ACC	1.4020386	-10.419067	-0.5718384
147243869	GYR	1.6160126	2.7637787	0.69473267
147243882	ACC	1.4211273	-9.878815	-0.63056946
147243879	GYR	1.5827942	2.6472015	0.63339233
147243884	MAG	1.9821167	42.070007	-5.630493
147243892	ACC	1.5477905	-9.767868	-0.56803894
147243889	GYR	1.5715027	2.4514618	0.6398468
147243902	ACC	2.0641937	-9.979919	-0.1408844
147243899	GYR	1.5627899	2.2139282	0.6823578
147243903	MAG	2.7755737	42.189026	-6.6574097
147243912	ACC	2.734604	-10.175217	0.36671448
147243909	GYR	1.5904388	2.0270844	0.68037415
147243919	GYR	1.6676483	1.9117126	0.5843048
147243922	MAG	3.6834717	41.68396	-8.250427
147243921	ACC	2.7818146	-10.293961	0.8081665
147243929	GYR	1.7725067	1.8196106	0.45117188
147243931	ACC	2.1777344	-10.2391815	0.9391937
147243939	GYR	1.863327	1.7225342	0.34924316
147243942	MAG	4.5272827	41.80603	-9.928894
147243941	ACC	1.7568817	-9.838776	0.7628784
147243949	GYR	1.896637	1.5808105	0.28764343
147243951	ACC	1.4012909	-9.507507	0.13632202
147243959	GYR	1.8295593	1.2567596	0.2688141
147243961	MAG	4.9728394	41.46576	-11.181641
147243961	ACC	0.9456482	-9.30336	0.15875244
147243969	GYR	1.7000885	0.908432	0.26774597
147243980	MAG	5.5374146	41.18805	-12.768555
147243971	ACC	0.40174866	-9.040924	0.054016113
147243979	GYR	1.5697174	0.74876404	0.25889587
147243981	ACC	-0.19387817	-8.743759	-9.765625E-4
147243989	GYR	1.4707184	0.8632202	0.25689697
147243999	MAG	5.8914185	40.95764	-13.931274
147243991	ACC	-0.5470276	-8.559204	-0.045837402
147243999	GYR	1.415329	1.084198	0.27087402
147244001	ACC	-0.7047272	-8.713348	-0.29823303
147244009	GYR	1.3867645	1.2838287	0.29614258
147244018	MAG	6.526184	40.509033	-15.2786255
147244011	ACC	-0.72813416	-8.866989	-0.99624634
147244021	ACC	-0.4616394	-8.910477	-1.0802155
147244019	GYR	1.2964172	1.4802704	0.3297882
147244038	MAG	7.258606	40.403748	-15.8706665
147244031	ACC	-0.075653076	-8.972473	-0.96162415
147244029	GYR	1.1862183	1.4589233	0.35028076
147244041	ACC	0.115722656	-8.905243	-0.82707214
147244039	GYR	1.0934906	1.3468018	0.3336792
147244057	MAG	7.7697754	39.935303	-16.932678
147244051	ACC	0.41653442	-8.792816	-0.4283142
147244049	GYR	1.0113068	1.381012	0.3231659
147244061	ACC	0.7102661	-8.738052	-0.03692627
147244059	GYR	0.95088196	1.4401245	0.32720947
147244076	MAG	8.639526	39.916992	-17.63153
147244071	ACC	0.8889923	-8.678986	0.083602905
147244069	GYR	0.91973877	1.4457092	0.32862854
147244081	ACC	0.89320374	-8.615097	0.2639618
147244079	GYR	0.903244	1.4276428	0.33337402
147244095	MAG	9.243774	39.64081	-18.017578
147244091	ACC	0.70721436	-8.552811	0.5247803
147244089	GYR	0.92285156	1.4594421	0.35385132
147244101	ACC	0.5583801	-8.651749	0.24717712
147244099	GYR	0.9800415	1.4958038	0.39611816
147244115	MAG	9.8526	39.093018	-18.432617
147244111	ACC	0.5540619	-9.001495	-0.7206116
147244109	GYR	1.0483704	1.4723206	0.45417786
147244121	ACC	0.68434143	-9.492798	-2.1793823
147244118	GYR	1.0969391	1.3696289	0.5236511
147244134	MAG	10.775757	38.763428	-19.111633
147244131	ACC	0.92852783	-9.921112	-3.2559814
147244128	GYR	1.1049347	1.194397	0.59887695
147244141	ACC	1.1786957	-10.069534	-3.0489807
147244138	GYR	1.0601349	0.9849396	0.672348
147244153	MAG	11.69281	38.323975	-19.921875
147244151	ACC	1.2268372	-9.889099	-1.8510437
147244148	GYR	1.0084381	0.78053284	0.7266998
147244161	ACC	1.1779633	-9.570068	-0.7046051
147244158	GYR	0.9775696	0.6435089	0.74823
147244172	MAG	12.527466	38.101196	-20.465088
147244171	ACC	1.3817444	-9.386124	-0.45967102
147244168	GYR	0.9359741	0.608551	0.7497101
147244181	ACC	1.7349701	-9.520187	-0.8362274
147244178	GYR	0.8413391	0.6351013	0.72483826
147244191	MAG	13.212585	37.84027	-21.090698
147244191	ACC	2.012085	-9.962158	-1.2366333
147244188	GYR	0.6977997	0.6494751	0.6635742
147244201	ACC	2.372818	-10.526001	-1.2856293
147244198	GYR	0.55059814	0.6454468	0.59350586
147244211	MAG	14.123535	37.287903	-21.336365
147244211	ACC	2.8111115	-10.95845	-0.95277405
147244208	GYR	0.4213562	0.6551819	0.5357666
147244221	ACC	3.0993195	-11.110489	-0.71990967
147244218	GYR	0.31391907	0.67266846	0.47677612
147244230	MAG	14.776611	37.05139	-21.728516
147244231	ACC	3.1115112	-11.135376	-0.7636719
147244228	GYR	0.2281189	0.68769836	0.39988708
147244241	ACC	2.8268127	-11.344864	-1.0722198
147244238	GYR	0.16545105	0.67111206	0.30151367
147244249	MAG	15.084839	37.156677	-21.476746
147244251	ACC	2.4781647	-11.6371	-1.3050842
147244248	GYR	0.12495422	0.5863495	0.20265198
147244261	ACC	2.155182	-11.81662	-1.2252808
147244258	GYR	0.094451904	0.4607849	0.12466431
147244268	MAG	15.090942	36.843872	-21.455383
147244271	ACC	1.8516998	-11.877411	-1.2806702
147244268	GYR	0.07041931	0.39317322	0.06477356
147244281	ACC	1.5576324	-11.897064	-1.644577
147244278	GYR	0.044647217	0.44503784	0.010604858
147244288	MAG	15.713501	36.90033	-21.542358
147244291	ACC	1.2856445	-12.013947	-2.2465668
147244288	GYR	-0.007980347	0.61294556	-0.042007446
147244301	ACC	1.4842377	-12.704895	-2.9739532
147244298	GYR	-0.11810303	0.8263092	-0.09269714
147244307	MAG	15.692139	36.953735	-21.174622
147244308	GYR	-0.31558228	0.92518616	-0.1519928
147244311	ACC	2.3817291	-13.673691	-2.659256
147244318	GYR	-0.5630493	0.8579254	-0.27397156
147244326	MAG	16.288757	36.949158	-20.33081
147244321	ACC	3.2222443	-14.04715	-1.4900208
147244328	GYR	-0.74009705	0.69166565	-0.47024536
147244331	ACC	3.8030396	-13.810013	-1.5741882
147244338	GYR	-0.8701172	0.45118713	-0.66622925
147244345	MAG	16.075134	37.38098	-19.839478
147244341	ACC	4.0490417	-13.281647	-2.0706024
147244348	GYR	-1.0383148	0.2506256	-0.8009796
147244351	ACC	3.9904327	-12.816772	-2.5231018
147244358	GYR	-1.2693329	0.15290833	-0.87802124
147244364	MAG	15.570068	37.615967	-18.762207
147244361	ACC	3.1559296	-12.523758	-3.0292358
147244368	GYR	-1.5800018	0.10623169	-0.93203735
147244371	ACC	1.7480164	-12.216812	-2.848404
147244378	GYR	-1.9096527	-0.008529663	-0.9857178
147244384	MAG	14.99939	38.206482	-17.19513
147244381	ACC	0.08538818	-12.24791	-1.9617767
147244388	GYR	-2.1690216	-0.243927	-1.0535889
147244391	ACC	-1.672699	-12.680054	-1.2239075
147244398	GYR	-2.3638916	-0.49186707	-1.1226807
147244403	MAG	13.91449	38.772583	-15.365601
147244400	ACC	-3.0974884	-13.298386	-0.32040405
147244410	ACC	-4.0497894	-14.0768585	0.7810974
147244408	GYR	-2.4562683	-0.6434479	-1.1503754
147244422	MAG	12.835693	39.56299	-13.412476
147244420	ACC	-4.653015	-15.086243	1.8360748
147244418	GYR	-2.4153442	-0.7716217	-1.1214294
147244430	ACC	-4.632736	-15.788788	2.4104462
147244428	GYR	-2.3148499	-0.8830261	-1.012146
147244441	MAG	11.903381	40.086365	-11.497498
147244440	ACC	-3.6760101	-15.460312	2.1374817
147244438	GYR	-2.2304077	-0.7885437	-0.8368225
147244450	ACC	-2.1583405	-14.445969	0.4772339
147244448	GYR	-2.1578217	-0.43070984	-0.6730499
147244461	MAG	11.053467	40.237427	-9.837341
147244460	ACC	-1.0691986	-13.52536	-1.5003052
147244458	GYR	-2.119873	0.017715454	-0.61849976
147244470	ACC	-0.6379852	-12.969986	-2.811615
147244468	GYR	-2.0956726	0.2774353	-0.64593506
147244480	MAG	10.769653	40.563965	-7.713318
147244480	ACC	-0.06652832	-12.538254	-3.4887695
147244478	GYR	-2.038742	0.21218872	-0.6707001
147244490	ACC	0.9528656	-12.170105	-3.7853088
147244488	GYR	-1.9514313	-0.13890076	-0.6757202
147244499	MAG	9.924316	40.7135	-6.0073853
147244500	ACC	1.8289032	-11.92215	-3.283432
147244498	GYR	-1.8907471	-0.663208	-0.69633484
147244510	ACC	1.9902039	-11.475937	-1.9339447
147244508	GYR	-1.8870087	-1.2873383	-0.7207947
147244518	MAG	9.207153	40.84015	-4.5394897
147244520	ACC	1.6514893	-10.308441	0.072250366
147244518	GYR	-1.8964081	-1.7771606	-0.7299042
147244530	ACC	1.5375519	-8.661606	1.3069916
147244528	GYR	-1.8688202	-1.8087769	-0.68733215
147244537	MAG	8.547974	40.805054	-2.9693604
147244540	ACC	1.3541412	-7.4738464	0.9656067
147244538	GYR	-1.7494354	-1.5071564	-0.62908936
147244550	ACC	1.4350128	-7.4094086	0.6753998
147244548	GYR	-1.6133423	-1.2516022	-0.6044464
147244557	MAG	8.256531	40.67993	-1.6937256
147244560	ACC	1.2054138	-7.682678	0.7426758
147244558	GYR	-1.5088501	-1.3443146	-0.6194
147244570	ACC	0.72875977	-7.6197357	0.9830475
147244568	GYR	-1.4207306	-1.6928558	-0.69911194
147244576	MAG	7.470703	40.78369	-0.49743652
147244580	ACC	-0.016555786	-7.3157654	0.7133179
147244578	GYR	-1.3531342	-1.9835052	-0.7990875
147244590	ACC	-0.19291687	-7.1152496	0.7360687
147244588	GYR	-1.3166962	-2.2233887	-0.87423706
147244595	MAG	6.9335938	40.58075	0.70648193
147244600	ACC	-0.78086853	-6.835678	0.852478
147244597	GYR	-1.3118591	-2.4635162	-0.9365845
147244610	ACC	-1.2110748	-6.310089	0.8410797
147244607	GYR	-1.3046112	-2.575348	-0.97450256
147244614	MAG	6.199646	40.33661	1.8783569
147244620	ACC	-1.3883667	-5.825302	0.54600525
147244617	GYR	-1.2784729	-2.6005554	-0.95381165
147244630	ACC	-1.6068268	-5.545059	0.35902405
147244627	GYR	-1.2537537	-2.655548	-0.8975067
147244634	MAG	5.5664062	40.400696	2.5131226
147244640	ACC	-1.7742157	-5.473831	0.4243164
147244637	GYR	-1.2393494	-2.6949768	-0.8196564
147244650	ACC	-1.8714294	-5.249893	0.5871124
147244647	GYR	-1.1927185	-2.6607056	-0.7344971
147244653	MAG	5.0308228	40.426636	3.793335
147244660	ACC	-1.8134766	-4.942688	0.7173462
147244657	GYR	-1.07341	-2.567505	-0.6624298
147244670	ACC	-1.9442139	-4.526596	0.81803894
147244667	GYR	-0.874527	-2.4472198	-0.612381
147244672	MAG	5.0079346	40.130615	4.740906
147244680	ACC	-1.9760284	-4.0605774	0.6666565
147244677	GYR	-0.6172333	-2.2810974	-0.5627136
147244690	ACC	-1.9531555	-3.6679382	0.38845825
147244687	GYR	-0.33732605	-2.0269165	-0.49620056
147244691	MAG	4.51355	39.85901	5.206299
147244697	GYR	-0.06254578	-1.6537018	-0.4186859
147244700	ACC	-1.9754486	-3.4341278	-0.12286377
147244707	GYR	0.2068634	-1.2075958	-0.33822632
147244711	MAG	4.614258	39.971924	5.2841187
147244710	ACC	-2.0365906	-3.4067078	-0.69236755
147244717	GYR	0.47599792	-0.7739868	-0.2598877
147244720	ACC	-2.0126495	-3.5554047	-1.384613
147244727	GYR	0.72875977	-0.44599915	-0.18203735
147244730	MAG	4.3029785	39.715576	4.951477
147244730	ACC	-1.6481934	-3.862381	-2.002411
147244737	GYR	0.9367523	-0.24276733	-0.11425781
147244740	ACC	-1.000946	-4.5018616	-2.9082947
147244747	GYR	1.0694885	-0.12265015	-0.06297302
147244749	MAG	4.0039062	39.834595	4.219055
147244750	ACC	-0.28678894	-5.5338135	-4.2030487
147244757	GYR	1.105484	-0.025772095	-0.027938843
147244760	ACC	0.259964	-6.8872833	-5.9615784
147244767	GYR	1.0227661	0.05239868	-0.008911133
147244769	MAG	3.9627075	39.87274	3.0166626
147244770	ACC	0.6138153	-8.576996	-8.011871
147244777	GYR	0.8216858	0.06478882	-0.0012664795
147244787	MAG	4.1671753	40.023804	2.5299072
147244780	ACC	0.6199341	-10.550827	-9.898483
147244787	GYR	0.5466156	-0.05354309	0.021209717
147244790	ACC	0.846405	-12.67894	-11.274353
147244807	MAG	4.1748047	40.174866	2.0095825
147244800	ACC	1.2627869	-14.449234	-12.047653
147244797	GYR	0.24972534	-0.36172485	0.033798218
147244810	ACC	1.8353729	-15.143173	-12.731644
147244807	GYR	-0.014770508	-0.8393707	0.026016235
147244826	MAG	4.196167	40.003967	2.2521973
147244820	ACC	2.6112518	-14.322342	-13.055038
147244817	GYR	-0.26805115	-1.386795	0.029251099
147244830	ACC	3.3627014	-12.735519	-12.210571
147244827	GYR	-0.5358734	-1.8278961	0.030700684
147244845	MAG	4.5791626	39.933777	2.836609
147244840	ACC	3.3540497	-11.442825	-9.639755
147244837	GYR	-0.7710571	-2.1071777	-0.0138549805
147244850	ACC	2.8765411	-10.413834	-6.7803497
147244847	GYR	-0.8509979	-2.1169434	-0.10316467
147244864	MAG	4.5181274	39.863586	3.3081055
147244860	ACC	2.481842	-9.45137	-4.9776306
147244857	GYR	-0.77220154	-1.8188324	-0.21810913
147244870	ACC	1.832428	-8.389954	-4.6390533
147244867	GYR	-0.6083069	-1.422287	-0.35598755
147244884	MAG	4.588318	39.57367	4.2037964
147244880	ACC	0.66952515	-7.272583	-5.267685
147244877	GYR	-0.4432068	-1.187561	-0.48298645
147244889	ACC	-0.7876282	-6.420883	-6.22789
147244887	GYR	-0.33078003	-1.1122284	-0.5498657
147244903	MAG	3.8711548	39.552307	4.3395996
147244899	ACC	-2.2346954	-6.393341	-7.542206
147244897	GYR	-0.27944946	-1.0604553	-0.5493622
147244909	ACC	-3.7067108	-8.381195	-9.411926
147244907	GYR	-0.27589417	-0.9445648	-0.49465942
147244922	MAG	3.4957886	39.570618	5.1483154
147244919	ACC	-5.379242	-12.935593	-9.309708
147244917	GYR	-0.3265381	-0.7507019	-0.4108734
147244929	ACC	-6.1952667	-17.248993	-6.7241364
147244927	GYR	-0.362854	-0.51438904	-0.2571869
147244941	MAG	3.3416748	39.691162	5.0567627
147244939	ACC	-2.6860657	-16.9357	-5.5976715
147244937	GYR	-0.28604126	-0.105270386	0.03529358
147244949	ACC	1.913269	-14.292313	-4.943451
147244947	GYR	-0.23535156	0.44126892	0.23161316
147244960	MAG	3.9337158	39.4989	5.1727295
147244959	ACC	4.0577545	-11.832199	-1.6072083
147244957	GYR	-0.3134308	0.825943	0.042648315
147244969	ACC	1.9642487	-8.12735	2.7792816
147244967	GYR	-0.34509277	1.2816467	-0.35998535
147244980	MAG	3.5476685	39.334106	5.809021
147244979	ACC	-2.894928	-3.5988922	6.468231
147244977	GYR	-0.1360321	1.9546204	-0.6555023
147244989	ACC	-7.0962677	-1.0735779	7.632065
147244987	GYR	0.38816833	2.3613892	-0.66885376
147244999	MAG	2.1957397	39.53705	5.921936
147244999	ACC	-11.255966	-1.9759369	-0.58270264
147244997	GYR	1.0393219	2.1532593	-0.46658325
147245009	ACC	-12.582153	-4.2575073	-8.709793
147245007	GYR	1.1867523	1.4995728	-0.06806946
147245018	MAG	1.5136719	39.727783	4.6066284
147245019	ACC	-8.73967	-6.6733856	-7.1983337
147245017	GYR	0.6659241	0.63674927	0.46488953
147245029	ACC	-3.2352295	-9.072571	-1.4475403
147245027	GYR	0.25645447	-0.0826416	0.82766724
147245037	MAG	2.067566	39.99176	4.2770386
147245039	ACC	0.75079346	-10.853455	6.5267487
147245037	GYR	0.466568	-0.05697632	0.9211731
147245049	ACC	0.7814789	-12.582245	8.4717865
147245047	GYR	1.1538086	1.0335083	0.92604065
147245057	MAG	3.2226562	39.790344	3.4820557
147245059	ACC	0.14718628	-14.143723	5.806198
147245057	GYR	1.806488	2.5631714	1.0173035
147245069	ACC	0.2086029	-14.857712	3.2310333
147245067	GYR	2.1177216	3.5614166	1.1268158
147245076	MAG	3.6224365	40.220642	1.7623901
147245079	ACC	0.88124084	-14.484955	0.37077332
147245076	GYR	2.1800842	3.8768768	1.153656
147245086	GYR	2.066101	3.6808472	1.1023865
147245095	MAG	3.8146973	40.50293	-0.16784668
147245089	ACC	1.3855133	-13.492584	-2.080429
147245096	GYR	1.8399963	3.132248	1.0220337
147245099	ACC	2.4057922	-12.406433	-2.3444366
147245106	GYR	1.6602173	2.4660645	0.93304443
147245114	MAG	4.8812866	40.682983	-1.4465332
147245109	ACC	3.5518494	-11.687195	-0.8054657
147245116	GYR	1.644989	1.9313812	0.84181213
147245119	ACC	4.6560364	-11.499115	0.3190918
147245126	GYR	1.7667236	1.599823	0.7280731
147245134	MAG	5.773926	40.612793	-3.161621
147245129	ACC	5.2665405	-11.697891	0.6916809
147245136	GYR	1.9623871	1.4145813	0.53652954
147245139	ACC	4.6713104	-11.6082	0.9691467
147245146	GYR	2.157837	1.4107361	0.32911682
147245153	MAG	6.2408447	40.719604	-4.6783447
147245149	ACC	3.6165924	-10.852188	0.946228
147245156	GYR	2.2819061	1.4736938	0.19631958
147245159	ACC	2.4963226	-9.927933	0.47384644
147245166	GYR	2.293335	1.4380493	0.14772034
147245172	MAG	6.500244	40.756226	-6.4086914
147245169	ACC	1.4138336	-9.276199	-0.23719788
147245176	GYR	2.1946259	1.1917267	0.15516663
147245179	ACC	0.48535156	-8.808197	-0.74858093
147245186	GYR	2.0204315	0.798172	0.1835022
147245191	MAG	6.5856934	40.73944	-8.54187
147245189	ACC	-0.43426514	-8.545288	-1.086441
147245199	ACC	-1.1531067	-8.327194	-0.5657654
147245196	GYR	1.8076782	0.42337036	0.22431946
147245210	MAG	6.6467285	40.46631	-9.729004
147245209	ACC	-1.34729	-8.191986	-0.22206116
147245206	GYR	1.6556549	0.375412	0.2947998
147245219	ACC	-1.2890472	-8.127731	-0.66482544
147245216	GYR	1.5892639	0.63609314	0.3708954
147245230	MAG	6.993103	40.28015	-10.986328
147245229	ACC	-0.9313202	-8.21254	-0.8634491
147245226	GYR	1.4920502	1.0162964	0.42884827
147245239	ACC	-0.54312134	-8.2556	-0.8226013
147245236	GYR	1.3716583	1.2174377	0.4466858
147245249	MAG	7.487488	40.016174	-12.200928
147245249	ACC	-0.3926239	-8.194641	-0.7018585
147245246	GYR	1.2570953	1.2053986	0.43333435
147245259	ACC	-0.38078308	-8.151138	-0.55226135
147245256	GYR	1.161377	1.1471405	0.4091034
147245268	MAG	8.21991	39.834595	-12.832642
147245269	ACC	-0.13479614	-8.077179	-0.52737427
147245266	GYR	1.0896912	1.1116638	0.4091034
147245279	ACC	0.16323853	-7.8726196	-0.5487213
147245276	GYR	1.0348206	1.0798492	0.4151764
147245287	MAG	8.592224	39.857483	-13.690186
147245289	ACC	0.25074768	-7.4846954	-0.39105225
147245286	GYR	1.0076141	1.0382233	0.40797424
147245299	ACC	0.3403473	-7.051132	-0.35838318
147245296	GYR	1.0069122	1.0187225	0.40911865
147245307	MAG	9.216309	39.56909	-14.494324
147245309	ACC	0.60676575	-6.7856293	-0.4298401
147245306	GYR	0.9961548	1.0037079	0.42959595
147245319	ACC	0.8117981	-6.95665	-0.42192078
147245316	GYR	0.96728516	0.9897766	0.44578552
147245326	MAG	9.609985	39.189148	-15.138245
147245329	ACC	0.96035767	-7.482956	-0.7173004
147245326	GYR	0.9523926	0.9791107	0.457016
147245339	ACC	1.0986176	-8.208954	-1.1082458
147245336	GYR	0.9588928	0.9355316	0.48005676
147245345	MAG	10.594177	38.812256	-15.679932
147245349	ACC	1.2390442	-8.98909	-1.2497253
147245346	GYR	0.96702576	0.8477173	0.5210266
147245359	ACC	1.1810913	-9.676041	-1.0719452
147245356	GYR	0.9866333	0.7424011	0.5741577
147245364	MAG	10.906982	38.842773	-16.671753
147245368	ACC	0.89082336	-10.172195	-0.5653839
147245366	GYR	1.0222931	0.6647949	0.6260376
147245378	ACC	0.6489105	-10.403275	-0.17500305
147245376	GYR	1.0626831	0.64079285	0.67289734
147245383	MAG	11.639404	38.42926	-17.33551
147245388	ACC	0.66744995	-10.353058	-0.40805054
147245386	GYR	1.0843048	0.6627655	0.70674133
147245398	ACC	0.9061127	-10.0681305	-1.1751862
147245396	GYR	1.044342	0.67329407	0.71177673
147245403	MAG	12.39624	38.230896	-18.292236
147245408	ACC	1.2592773	-9.939758	-1.6872101
147245406	GYR	0.9184418	0.6240692	0.6867676
147245418	ACC	1.8226166	-10.110107	-1.6866608
147245416	GYR	0.73727417	0.539032	0.6572418
147245422	MAG	13.148499	37.686157	-18.714905
147245428	ACC	2.4589844	-10.5546875	-1.3056488
147245426	GYR	0.5597687	0.47291565	0.6318054
147245438	ACC	2.9346466	-11.107147	-0.8654022
147245436	GYR	0.43286133	0.45698547	0.59516907
147245441	MAG	13.774109	37.431335	-18.826294
147245448	ACC	3.0743103	-11.63765	-0.8249054
147245446	GYR	0.36669922	0.45567322	0.53652954
147245458	ACC	3.1204681	-11.924789	-0.6395874
147245456	GYR	0.32667542	0.4310608	0.45309448
147245460	MAG	14.43634	37.265015	-19.085693
147245468	ACC	2.7277985	-12.121826	-0.7320404
147245466	GYR	0.29541016	0.32894897	0.34202576
147245476	GYR	0.2616272	0.21418762	0.23417664
147245480	MAG	14.793396	37.028503	-19.552612
147245478	ACC	2.2937012	-12.339142	-0.7642212
147245486	GYR	0.229599	0.21995544	0.14186096
147245488	ACC	1.7985077	-12.461197	-1.0258942
147245496	GYR	0.20567322	0.34973145	0.05834961
147245499	MAG	15.174866	36.924744	-19.66095
147245498	ACC	1.2164612	-12.343185	-1.611908
147245506	GYR	0.16877747	0.55436707	-0.013183594
147245508	ACC	0.69836426	-12.24321	-2.4722595
147245516	GYR	0.087890625	0.7628937	-0.06556702
147245518	MAG	15.170288	37.121582	-19.674683
147245518	ACC	0.63664246	-12.445969	-3.2426147
147245526	GYR	-0.07803345	0.90005493	-0.10964966
147245528	ACC	1.0811005	-13.059082	-3.1717834
147245536	GYR	-0.33050537	0.89907837	-0.17759705
147245538	MAG	15.39917	36.90338	-19.256592
147245538	ACC	1.9508057	-13.481461	-2.0995026
147245546	GYR	-0.5828247	0.8171692	-0.31375122
147245548	ACC	2.9579163	-13.23378	-0.97198486
147245555	GYR	-0.73213196	0.6230011	-0.52134705
147245557	MAG	15.415955	37.042236	-18.989563
147245558	ACC	3.7294464	-12.685776	-0.5467529
147245565	GYR	-0.8219757	0.32513428	-0.72476196
147245576	MAG	15.458679	37.353516	-18.365479
147245568	ACC	4.0056763	-12.580917	-1.1037903
147245575	GYR	-0.9607849	0.1791687	-0.898407
147245578	ACC	3.3519135	-12.499908	-2.1226501
147245595	MAG	15.003967	37.58545	-17.243958
147245588	ACC	2.2238312	-12.370682	-2.315033
147245585	GYR	-1.2289886	0.21687317	-0.99209595
147245598	ACC	0.91851807	-12.250046	-1.6109772
147245595	GYR	-1.5790405	0.16174316	-1.0349884
147245614	MAG	13.835144	38.29651	-15.882874
147245608	ACC	-0.3724823	-12.504318	-1.0451965
147245605	GYR	-1.8784485	-0.10308838	-1.0699005
147245618	ACC	-1.4814911	-13.066315	-1.0939636
147245615	GYR	-2.1111755	-0.41352844	-1.1200256
147245633	MAG	13.336182	38.676453	-14.028931
147245628	ACC	-2.5097656	-13.837982	-1.336441
147245625	GYR	-2.2924194	-0.5409241	-1.181015
147245638	ACC	-3.7486725	-14.922012	-1.2008362
147245635	GYR	-2.3968048	-0.46951294	-1.2234802
147245653	MAG	12.0529175	39.356995	-12.240601
147245648	ACC	-4.7231903	-16.236618	-0.38867188
147245645	GYR	-2.4248657	-0.33596802	-1.1797485
147245658	ACC	-4.919159	-16.94017	0.7065277
147245655	GYR	-2.4014893	-0.24659729	-1.0274048
147245672	MAG	11.100769	39.97345	-10.562134
147245668	ACC	-4.1209564	-16.299683	1.5059662
147245665	GYR	-2.3560486	-0.1893158	-0.81736755
147245678	ACC	-2.654602	-14.826767	1.5984497
147245675	GYR	-2.3220215	-0.0927887	-0.6330719
147245691	MAG	10.958862	40.11383	-8.526611
147245688	ACC	-1.0956573	-13.649826	1.0010376
147245685	GYR	-2.3055115	0.014541626	-0.5433655
147245698	ACC	0.22999573	-13.092773	-0.26669312
147245695	GYR	-2.270874	0.048309326	-0.55052185
147245710	MAG	10.30426	40.38391	-6.840515
147245708	ACC	1.1635284	-12.788467	-1.9775085
147245705	GYR	-2.1852264	-0.0738678	-0.6349945
147245718	ACC	1.8466187	-12.5460205	-3.4502563
147245715	GYR	-2.0801544	-0.3343506	-0.745224
147245730	MAG	9.814453	40.29236	-4.953003
147245728	ACC	2.5888824	-12.209213	-3.8228607
147245725	GYR	-2.0095367	-0.6342163	-0.82003784
147245738	ACC	2.9617004	-11.777374	-3.5336761
147245735	GYR	-1.9747772	-1.0181885	-0.8651581
147245749	MAG	9.197998	40.379333	-3.440857
147245748	ACC	2.621048	-11.136215	-1.8043976
147245745	GYR	-1.9726715	-1.4785767	-0.9022827
147245758	ACC	2.0888214	-9.969269	0.62538147
147245755	GYR	-1.9799957	-1.785141	-0.9219208
147245768	MAG	8.349609	40.377808	-1.8173218
147245768	ACC	2.1344147	-8.9729	1.7212067
147245765	GYR	-1.89357	-1.8083191	-0.92871094
147245778	ACC	1.3828735	-8.651764	1.3130493
147245775	GYR	-1.7168732	-1.8062744	-0.9790497
147245787	MAG	7.4813843	40.467834	-0.42877197
147245788	ACC	0.7134857	-8.16658	1.113327
147245785	GYR	-1.5730591	-2.0274658	-1.0700989
147245798	ACC	0.2755432	-7.672058	1.5397034
147245795	GYR	-1.5308838	-2.3597717	-1.134079
147245806	MAG	6.7825317	40.35034	0.592041
147245808	ACC	-0.100494385	-7.3768616	1.2104187
147245805	GYR	-1.5265198	-2.6752167	-1.1742401
147245818	ACC	-0.35095215	-7.262024	1.2296295
147245815	GYR	-1.5489807	-3.0108337	-1.216217
147245826	MAG	5.5099487	40.333557	1.7333984
147245828	ACC	-0.7003479	-6.767288	1.2252045
147245825	GYR	-1.6100769	-3.286499	-1.2478485
147245838	ACC	-0.87931824	-6.133499	0.732666
147245835	GYR	-1.6461182	-3.408554	-1.2284241
147245845	MAG	4.8339844	40.274048	3.074646
147245847	ACC	-1.1915283	-5.5547028	0.31144714
147245845	GYR	-1.6661682	-3.4937897	-1.1592102
147245857	ACC	-1.4825287	-5.0696716	0.44232178
147245855	GYR	-1.7206879	-3.540329	-1.0449982
147245864	MAG	4.3670654	39.974976	4.5578003
147245865	GYR	-1.759491	-3.438324	-0.90460205
147245867	ACC	-1.6397858	-4.9178925	0.56640625
147245875	GYR	-1.7041931	-3.2249908	-0.77900696
147245883	MAG	4.046631	39.909363	6.109619
147245877	ACC	-1.6976624	-4.8605957	0.73513794
147245885	GYR	-1.5181274	-3.001892	-0.69766235
147245887	ACC	-1.9722595	-4.6032104	0.6488037
147245895	GYR	-1.2432098	-2.7711334	-0.64546204
147245903	MAG	4.133606	39.257812	7.168579
147245897	ACC	-2.460312	-4.064316	0.46798706
147245905	GYR	-0.9466095	-2.4759827	-0.57580566
147245907	ACC	-2.515503	-3.6796875	0.24554443
147245915	GYR	-0.66259766	-2.0577698	-0.49525452
147245922	MAG	4.1900635	39.172363	7.911682
147245917	ACC	-2.5176392	-3.601654	-0.15478516
147245925	GYR	-0.39341736	-1.578476	-0.41000366
147245927	ACC	-2.479004	-3.7193756	-0.5155182
147245935	GYR	-0.12828064	-1.164444	-0.3208313
147245941	MAG	4.095459	39.09149	7.923889
147245937	ACC	-2.2122345	-3.9170532	-0.8722229
147245945	GYR	0.11642456	-0.8814392	-0.2497406
147245947	ACC	-1.813797	-4.161484	-1.2832031
147245955	GYR	0.32861328	-0.717926	-0.2033081
147245960	MAG	4.1259766	39.300537	7.7209473
147245957	ACC	-1.2229614	-4.3549957	-1.7329865
147245965	GYR	0.5141144	-0.6348114	-0.17279053
147245967	ACC	-0.5324402	-4.5746	-2.1810913
147245979	MAG	4.060364	39.120483	7.460022
147245977	ACC	0.22509766	-4.843811	-2.8957977
147245975	GYR	0.6872864	-0.5657196	-0.16096497
147245987	ACC	0.8483124	-5.3290253	-3.7667236
147245985	GYR	0.8473358	-0.5279236	-0.15908813
147245999	MAG	3.9962769	39.44397	6.654358
147245997	ACC	1.3647461	-5.989456	-4.8690186
147245995	GYR	0.9864044	-0.48457336	-0.15881348
147246007	ACC	1.5210724	-6.9054565	-6.186142
147246005	GYR	1.0834198	-0.4306183	-0.18215942
147246018	MAG	3.970337	39.778137	5.706787
147246017	ACC	1.0448151	-8.028763	-7.599457
147246015	GYR	1.1187286	-0.39268494	-0.22157288
147246027	ACC	-0.05038452	-9.080215	-9.025513
147246025	GYR	1.1065216	-0.34046936	-0.2662201
147246037	MAG	3.6590576	39.830017	4.7958374
147246037	ACC	-0.61820984	-9.907944	-10.266342
147246035	GYR	1.0473785	-0.28292847	-0.2527008
147246047	ACC	-0.4862976	-10.630753	-11.346512
147246044	GYR	0.9434204	-0.28329468	-0.20695496
147246056	MAG	3.6224365	40.133667	3.7124634
147246057	ACC	0.47109985	-11.337555	-12.087128
147246054	GYR	0.8062439	-0.44636536	-0.1578064
147246067	ACC	1.4084473	-11.839691	-12.434906
147246064	GYR	0.6340637	-0.83865356	-0.14598083
147246076	MAG	3.3920288	40.122986	3.2180786
147246077	ACC	1.8546448	-12.052475	-11.86763
147246074	GYR	0.41534424	-1.3735352	-0.17982483
147246087	ACC	1.849411	-12.111084	-10.275055
147246084	GYR	0.15122986	-1.8164978	-0.2505188
147246095	MAG	3.7277222	40.286255	3.1860352
147246097	ACC	1.6037903	-11.994675	-8.43161
147246094	GYR	-0.10900879	-1.8997345	-0.34597778
147246107	ACC	1.0675049	-11.579727	-6.9170074
147246104	GYR	-0.3103943	-1.5960846	-0.44335938
147246114	MAG	3.5186768	40.371704	3.0075073
147246117	ACC	0.32296753	-10.625	-6.112793
147246114	GYR	-0.40628052	-1.1147461	-0.52163696
147246127	ACC	-0.6156006	-9.23172	-5.9527435
147246124	GYR	-0.39179993	-0.6914673	-0.5630951
147246133	MAG	3.225708	40.559387	3.6590576
147246137	ACC	-1.6072083	-7.884598	-6.6367035
147246134	GYR	-0.2987976	-0.42373657	-0.5472107
147246147	ACC	-2.8392181	-7.277771	-8.981644
147246144	GYR	-0.1892395	-0.29429626	-0.48416138
147246152	MAG	2.6947021	40.509033	3.6941528
147246157	ACC	-4.8521576	-9.525864	-12.332291
147246154	GYR	-0.17622375	-0.29101562	-0.43138123
147246167	ACC	-8.001862	-15.67244	-10.647278
147246164	GYR	-0.3164673	-0.4146576	-0.38708496
147246172	MAG	2.041626	40.59143	4.0512085
147246177	ACC	-7.3259125	-20.434525	-6.316574
147246174	GYR	-0.4202881	-0.5138397	-0.15525818
147246187	ACC	-0.21794128	-19.190613	-5.526581
147246184	GYR	-0.38237	-0.22277832	0.27500916
147246191	MAG	2.1194458	40.605164	4.463196
147246197	ACC	5.6029816	-17.23059	-4.0691833
147246194	GYR	-0.46321106	0.29960632	0.3802185
147246207	ACC	5.44339	-12.369736	2.89888
147246204	GYR	-0.73431396	0.8957825	-0.003753662
147246210	MAG	2.809143	40.4541	4.571533
147246217	ACC	-1.0436249	-3.9269257	8.000076
147246214	GYR	-0.7369995	1.6292267	-0.4376526
147246227	ACC	-6.069092	1.640976	11.139114
147246224	GYR	-0.17860413	2.0482483	-0.5891876
147246229	MAG	2.1469116	40.078735	5.3771973
147246237	ACC	-10.570496	0.92788696	3.813507
147246234	GYR	0.684906	1.9238434	-0.53764343
147246247	ACC	-13.686722	-2.146408	-6.205124
147246244	GYR	1.1483307	1.4581299	-0.285614
147246249	MAG	1.0284424	40.567017	4.762268
147246254	GYR	0.88990784	0.7707367	0.20996094
147246257	ACC	-10.262314	-4.949417	-11.01149
147246264	GYR	0.3887024	0.0015411377	0.6342163
147246268	MAG	0.9246826	40.919495	4.095459
147246267	ACC	-2.9754028	-8.098434	-3.887909
147246274	GYR	0.43008423	-0.096069336	0.7606201
147246277	ACC	1.7532959	-10.344406	8.983246
147246284	GYR	1.1911163	1.111084	0.7642517
147246287	MAG	2.2201538	41.033936	3.2684326
147246287	ACC	1.1768341	-12.200363	10.4362335
147246294	GYR	1.9425812	2.7554169	0.8954773
147246297	ACC	-0.1081543	-13.814804	5.3826447
147246304	GYR	2.1960144	3.7627563	1.0467834
147246306	MAG	2.5802612	41.300964	1.6555786
147246307	ACC	-0.20614624	-15.015839	1.6618195
147246314	GYR	2.172287	4.1229095	1.1156006
147246317	ACC	0.6609497	-14.85141	-0.3325653
147246324	GYR	2.0822906	3.9302063	1.1117859
147246326	MAG	3.1066895	41.479492	-0.37841797
147246326	ACC	1.5253296	-13.803375	-1.6691437
147246334	GYR	1.9367676	3.329834	1.0684509
147246336	ACC	2.6969604	-12.502899	-2.2642822
147246344	GYR	1.7730713	2.5975952	0.9777374
147246345	MAG	4.0374756	41.882324	-2.128601
147246346	ACC	3.828354	-11.494278	-1.4300537
147246354	GYR	1.6834259	2.0269165	0.8517456
147246364	MAG	4.937744	41.767883	-3.7490845
147246356	ACC	4.379883	-11.040268	-0.2604065
147246366	ACC	4.5008545	-11.016037	0.38742065
147246364	GYR	1.6876526	1.795227	0.74617004
147246383	MAG	5.7495117	41.874695	-5.192566
147246376	ACC	4.255966	-11.029404	0.5005188
147246374	GYR	1.7787476	1.7642212	0.626709
147246386	ACC	3.5173492	-10.558243	0.5310211
147246384	GYR	1.9217834	1.754242	0.4644165
147246402	MAG	6.2530518	41.760254	-6.92749
147246396	ACC	2.4342346	-9.58078	0.3966217
147246394	GYR	2.0448303	1.7210541	0.29626465
147246406	ACC	1.3968658	-8.6931305	-0.01689148
147246404	GYR	2.1034393	1.6153717	0.18492126
147246422	MAG	6.274414	41.944885	-8.561707
147246416	ACC	0.46972656	-8.248932	-0.46432495
147246414	GYR	2.075531	1.3767853	0.1476593
147246426	ACC	-0.3738556	-8.120163	-0.8154907
147246424	GYR	1.9655457	0.99705505	0.16838074
147246441	MAG	6.539917	41.708374	-10.273743
147246436	ACC	-0.99861145	-8.049561	-0.7123718
147246434	GYR	1.797226	0.60513306	0.22288513
147246446	ACC	-1.1422119	-8.069778	-0.12113953
147246444	GYR	1.6359253	0.3678894	0.28631592
147246460	MAG	6.57959	41.4917	-11.741638
147246456	ACC	-0.83406067	-8.166901	0.24180603
147246454	GYR	1.5604553	0.38890076	0.34597778
147246466	ACC	-0.48703003	-8.172791	0.274765
147246464	GYR	1.5477905	0.68136597	0.37394714
147246479	MAG	7.3135376	41.23535	-13.017273
147246476	ACC	-0.3164215	-8.277634	0.3620758
147246474	GYR	1.500885	1.1259918	0.3704071
147246486	ACC	-0.28373718	-8.39447	0.19238281
147246484	GYR	1.4428558	1.3833008	0.3652954
147246499	MAG	7.725525	40.99579	-14.042664
147246496	ACC	-0.22247314	-8.280334	0.22731018
147246494	GYR	1.3819122	1.3493347	0.37493896
147246506	ACC	-0.10507202	-8.09079	0.16816711
147246504	GYR	1.3059082	1.3205109	0.3883667
147246518	MAG	8.572388	40.92102	-15.060425
147246516	ACC	-0.053833008	-8.074326	-0.067977905
147246514	GYR	1.2506409	1.3855133	0.40245056
147246526	ACC	-0.04234314	-8.124039	-0.1265564
147246523	GYR	1.2157898	1.4453735	0.4333496
147246537	MAG	9.292603	40.634155	-15.869141
147246536	ACC	0.098739624	-8.133118	-0.32582092
147246533	GYR	1.1994476	1.4311218	0.48059082
147246546	ACC	0.2576294	-8.245544	-0.92526245
147246543	GYR	1.1817932	1.3536987	0.5115814
147246556	MAG	10.102844	40.2771	-16.77246
147246556	ACC	0.23143005	-8.571594	-1.5863495
147246553	GYR	1.1367188	1.214798	0.50816345
147246566	ACC	0.11956787	-8.965622	-2.414978
147246563	GYR	1.0724335	1.0339966	0.49519348
147246575	MAG	10.824585	40.06653	-17.541504
147246576	ACC	0.23628235	-9.176987	-2.8927307
147246573	GYR	1.00177	0.8264923	0.50616455
147246586	ACC	0.9778595	-9.240448	-2.4346771
147246583	GYR	0.9337921	0.57922363	0.5514984
147246595	MAG	11.44104	39.6698	-18.475342
147246596	ACC	1.7332001	-9.350708	-1.3356781
147246593	GYR	0.9000702	0.3546753	0.6027832
147246606	ACC	2.225357	-9.597336	-0.13417053
147246603	GYR	0.9151306	0.26184082	0.63560486
147246614	MAG	11.889648	39.323425	-19.032288
147246616	ACC	2.3518982	-9.923782	0.65260315
147246613	GYR	0.9516754	0.36157227	0.64671326
147246626	ACC	2.2638092	-10.285522	0.37608337
147246623	GYR	0.97232056	0.60343933	0.6361542
147246633	MAG	12.507629	39.076233	-19.885254
147246636	ACC	1.8724365	-10.583481	-0.54737854
147246633	GYR	0.94610596	0.8149872	0.6013794
147246646	ACC	1.4676361	-10.753784	-1.4729309
147246643	GYR	0.87524414	0.86138916	0.55656433
147246652	MAG	13.497925	38.887024	-20.301819
147246653	GYR	0.76782227	0.7715454	0.5256195
147246656	ACC	0.9361267	-10.824692	-2.5340729
147246663	GYR	0.6017761	0.6049042	0.53474426
147246672	MAG	13.938904	38.778687	-20.921326
147246666	ACC	0.89756775	-10.881897	-2.8599548
147246673	GYR	0.38861084	0.43322754	0.5731201
147246676	ACC	1.4937897	-11.159882	-2.2688904
147246683	GYR	0.19799805	0.32887268	0.60868835
147246691	MAG	14.46991	38.63678	-20.98999
147246686	ACC	2.2050781	-11.426971	-1.1699219
147246693	GYR	0.09060669	0.2749939	0.6089325
147246696	ACC	2.989624	-11.575317	-0.37579346
147246703	GYR	0.06329346	0.22154236	0.54704285
147246710	MAG	14.855957	38.45215	-21.046448
147246706	ACC	3.4118805	-11.536728	-0.0061950684
147246713	GYR	0.07191467	0.14653015	0.4346466
147246716	ACC	3.3451233	-11.4826355	0.26293945
147246723	GYR	0.09866333	0.10255432	0.30892944
147246729	MAG	15.579224	38.467407	-21.090698
147246726	ACC	3.0555725	-11.40506	0.3542328
147246733	GYR	0.14807129	0.15519714	0.17384338
147246736	ACC	2.4373627	-11.364136	-0.1806488
147246743	GYR	0.19277954	0.30332947	0.03855896
147246748	MAG	15.953064	38.25531	-21.328735
147246746	ACC	1.4051208	-11.512466	-1.2588348
147246756	ACC	0.4643402	-11.93782	-2.7321777
147246753	GYR	0.19154358	0.57492065	-0.06388855
147246768	MAG	15.9210205	38.124084	-21.131897
147246766	ACC	0.4100647	-12.527618	-3.5857086
147246763	GYR	0.09291077	0.89559937	-0.11418152
147246776	ACC	1.1308289	-13.114273	-3.4954987
147246773	GYR	-0.1010437	1.0220642	-0.13887024
147246787	MAG	16.342163	38.21869	-20.655823
147246786	ACC	2.1969452	-13.391022	-2.3322906
147246783	GYR	-0.36976624	0.9086914	-0.20402527
147246796	ACC	3.422287	-13.107285	-1.0377655
147246793	GYR	-0.6273041	0.68296814	-0.35551453
147246806	MAG	16.229248	38.342285	-20.195007
147246805	ACC	4.2184753	-12.306534	-0.4636078
147246803	GYR	-0.7803345	0.30903625	-0.54956055
147246815	ACC	4.3348236	-11.595718	-1.162262
147246813	GYR	-0.8709564	-0.04588318	-0.721405
147246825	MAG	15.689087	38.798523	-19.546509
147246825	ACC	3.6282654	-11.231308	-2.0594025
147246823	GYR	-1.0245819	-0.15513611	-0.8501587
147246835	ACC	2.357071	-11.029785	-1.9706268
147246833	GYR	-1.3124847	-0.18728638	-0.9205322
147246845	MAG	15.26947	39.196777	-18.577576
147246845	ACC	0.9250488	-11.124985	-1.4396667
147246843	GYR	-1.6208191	-0.31452942	-0.97636414
147246855	ACC	-0.5546112	-11.735809	-1.2606506
147246853	GYR	-1.8545227	-0.522583	-1.0569153
147246864	MAG	14.201355	39.82849	-17.16919
147246865	ACC	-1.784195	-12.665909	-1.4870605
147246863	GYR	-2.0481873	-0.6362152	-1.151947
147246875	ACC	-2.6420898	-13.644379	-0.8926239
147246873	GYR	-2.2372742	-0.6749573	-1.2188873
147246883	MAG	13.671875	40.423584	-15.05127
147246885	ACC	-3.447174	-14.786255	0.6242676
147246883	GYR	-2.3714905	-0.8327484	-1.2387238
147246895	ACC	-4.028595	-16.001526	2.0144806
147246893	GYR	-2.3740082	-1.0848999	-1.2028351
147246902	MAG	11.991882	41.067505	-13.3758545
147246905	ACC	-3.8300323	-16.55661	2.756256
147246903	GYR	-2.2797089	-1.2003479	-1.0894318
147246915	ACC	-2.934723	-16.092392	2.0074005
147246913	GYR	-2.1510315	-0.96484375	-0.9389801
147246922	MAG	10.998535	41.36963	-11.672974
147246925	ACC	-1.892746	-14.854233	0.08836365
147246923	GYR	-2.0403137	-0.4026184	-0.8236084
147246935	ACC	-1.2386932	-13.820145	-1.6650238
147246933	GYR	-2.0020294	0.24667358	-0.77163696
147246941	MAG	10.176086	41.729736	-9.613037
147246945	ACC	-1.077179	-13.488525	-2.6352997
147246943	GYR	-2.003067	0.7071228	-0.76026917
147246955	ACC	-0.49295044	-13.113663	-3.0353699
147246953	GYR	-1.9586487	0.70874023	-0.75064087
147246960	MAG	9.635925	41.793823	-7.7331543
147246965	ACC	0.9762573	-12.698944	-3.0059814
147246963	GYR	-1.8356171	0.07498169	-0.7446747
147246975	ACC	2.3544922	-12.482758	-2.941391
147246973	GYR	-1.6923218	-0.9397583	-0.8245392
147246979	MAG	9.25293	41.931152	-6.3308716
147246985	ACC	2.8125	-11.888336	-2.6265717
147246983	GYR	-1.6368408	-1.8525238	-0.96850586
147246995	ACC	2.5365753	-10.952103	-0.65730286
147246993	GYR	-1.7203064	-2.2711792	-1.0589905
147246998	MAG	8.091736	42.018127	-4.9728394
147247005	ACC	2.020935	-9.6171875	1.6250763
147247002	GYR	-1.7678375	-2.1914673	-1.0431366
147247015	ACC	2.1207123	-8.322281	1.1660004
147247012	GYR	-1.648468	-1.8400421	-0.96295166
147247018	MAG	6.929016	42.030334	-3.65448
147247025	ACC	1.4709473	-7.8295593	0.23065186
147247022	GYR	-1.5013123	-1.5271606	-0.914032
147247035	ACC	1.5162354	-8.025162	0.8911896
147247032	GYR	-1.4280853	-1.5182495	-0.9074402
147247037	MAG	6.388855	41.86554	-2.4536133
147247042	GYR	-1.3429413	-1.8532104	-0.9683075
147247045	ACC	0.6342926	-7.9290466	0.7229004
147247052	GYR	-1.2939453	-2.2279968	-1.0338593
147247056	MAG	5.403137	42.05017	-1.3427734
147247055	ACC	-0.23374939	-7.5654297	0.9580231
147247062	GYR	-1.2986298	-2.397583	-1.0659485
147247065	ACC	-0.80448914	-7.0257263	1.0311432
147247072	GYR	-1.2806549	-2.4777527	-1.0832825
147247075	MAG	4.6203613	41.804504	-0.16784668
147247075	ACC	-0.9759674	-6.716873	0.6447296
147247082	GYR	-1.2544708	-2.6045532	-1.0874176
147247085	ACC	-1.1296997	-6.4440155	0.5856018
147247092	GYR	-1.2351685	-2.7396088	-1.0774689
147247095	MAG	3.7002563	41.589355	1.1047363
147247095	ACC	-1.1946869	-6.07045	0.5829468
147247102	GYR	-1.2131348	-2.8814392	-1.0478668
147247105	ACC	-1.4255219	-5.69162	0.41471863
147247112	GYR	-1.2065125	-3.001236	-0.96961975
147247114	MAG	2.9006958	41.51306	2.0843506
147247115	ACC	-1.7032623	-5.461731	0.3993225
147247122	GYR	-1.1821442	-3.009369	-0.85647583
147247125	ACC	-1.8921051	-5.2377014	0.48820496
147247132	GYR	-1.1101837	-2.9426422	-0.7448578
147247133	MAG	2.5177002	41.11023	3.3843994
147247135	ACC	-1.9816589	-4.9092255	0.56951904
147247145	ACC	-2.0155945	-4.6101685	0.6551666
147247142	GYR	-0.99380493	-2.832367	-0.6473541
147247153	MAG	2.2827148	41.13617	4.1381836
147247155	ACC	-1.954361	-4.3833313	0.61294556
147247152	GYR	-0.8270416	-2.6504211	-0.5639496
147247171	MAG	2.116394	40.759277	5.0994873
147247165	ACC	-1.9546204	-4.2095337	0.33992004
147247162	GYR	-0.6125488	-2.3725433	-0.49661255
147247175	ACC	-2.0212555	-4.0969086	-0.05366516
147247172	GYR	-0.36961365	-1.9967346	-0.43444824
147247191	MAG	2.0706177	40.794373	5.1467896
147247185	ACC	-2.188736	-4.0337067	-0.54444885
147247182	GYR	-0.11582947	-1.5788727	-0.3710327
147247195	ACC	-2.1426086	-4.0602875	-1.1913757
147247192	GYR	0.12504578	-1.1838684	-0.29515076
147247210	MAG	1.9287109	40.82794	5.1986694
147247205	ACC	-1.7855072	-4.2435303	-1.8045197
147247202	GYR	0.33436584	-0.86683655	-0.21536255
147247215	ACC	-1.2540894	-4.573807	-2.3567963
147247212	GYR	0.5094147	-0.6673126	-0.1434021
147247229	MAG	1.8981934	40.81421	4.7851562
147247225	ACC	-0.47061157	-5.1644745	-3.0490875
147247222	GYR	0.65878296	-0.53260803	-0.0849762
147247235	ACC	0.5776062	-6.069046	-4.0850983
147247232	GYR	0.78248596	-0.4191742	-0.042648315
147247248	MAG	1.8798828	40.950012	3.8970947
147247245	ACC	1.4948273	-7.2238007	-5.657654
147247242	GYR	0.8588257	-0.3146515	-0.038970947
147247255	ACC	1.7642822	-8.62764	-7.4557953
147247252	GYR	0.8518982	-0.17927551	-0.06669617
147247268	MAG	1.927185	41.184998	3.276062
147247265	ACC	1.6045227	-10.177765	-9.019669
147247262	GYR	0.7608185	-0.04798889	-0.10658264
147247275	ACC	1.0807343	-11.720657	-10.223419
147247272	GYR	0.6331482	2.1362305E-4	-0.14251709
147247287	MAG	1.8493652	41.285706	2.9037476
147247285	ACC	0.610199	-12.8228	-11.653442
147247282	GYR	0.49752808	-0.1335907	-0.16810608
147247294	ACC	1.3598938	-13.188583	-12.948395
147247292	GYR	0.33569336	-0.5120697	-0.13970947
147247306	MAG	1.5228271	41.271973	2.4139404
147247304	ACC	2.2985077	-12.660416	-13.326111
147247302	GYR	0.12600708	-1.1160278	-0.08453369
147247314	ACC	2.493225	-11.605499	-12.274353
147247312	GYR	-0.102767944	-1.7719879	-0.07598877
147247325	MAG	1.8783569	41.226196	2.6275635
147247324	ACC	2.1581116	-10.753616	-10.057159
147247322	GYR	-0.2884674	-2.2660217	-0.11048889
147247334	ACC	1.9209595	-10.136917	-7.625778
147247332	GYR	-0.39889526	-2.4113617	-0.1737976
147247345	MAG	1.7715454	41.1911	3.1463623
147247344	ACC	1.9053497	-9.771362	-5.525284
147247342	GYR	-0.43338013	-2.1800842	-0.26042175
147247354	ACC	1.4801788	-9.424988	-4.7311554
147247352	GYR	-0.39323425	-1.7141266	-0.3766327
147247364	MAG	1.8936157	40.979004	3.4317017
147247364	ACC	0.5831604	-8.578201	-4.733963
147247362	GYR	-0.31054688	-1.210434	-0.48660278
147247374	ACC	-0.5168457	-7.5638275	-5.135208
147247372	GYR	-0.22947693	-0.7749634	-0.52023315
147247383	MAG	1.3031006	40.818787	3.9413452
147247384	ACC	-1.5495911	-6.395218	-6.041992
147247382	GYR	-0.13922119	-0.4107666	-0.48495483
147247394	ACC	-2.9026947	-5.923874	-8.667557
147247392	GYR	-0.060317993	-0.18051147	-0.42381287
147247402	MAG	0.9094238	40.971375	3.9077759
147247404	ACC	-5.0925446	-9.049286	-11.844101
147247402	GYR	-0.08656311	-0.1506195	-0.35455322
147247414	ACC	-7.076782	-15.013428	-9.022461
147247412	GYR	-0.2349701	-0.23484802	-0.2526245
147247421	MAG	0.59661865	41.096497	4.2877197
147247424	ACC	-3.941208	-18.272202	-2.849411
147247422	GYR	-0.286438	-0.19877625	-0.0054473877
147247432	GYR	-0.11917114	0.3124237	0.24897766
147247441	MAG	0.8117676	40.85083	4.522705
147247434	ACC	1.8596649	-16.99147	-1.7717743
147247442	GYR	-0.021621704	1.0096283	0.15934753
147247444	ACC	4.553879	-16.680832	-2.483139
147247452	GYR	-0.205307	1.6394501	-0.19277954
147247460	MAG	1.0147095	40.885925	4.647827
147247454	ACC	2.7044067	-13.842056	1.2485199
147247462	GYR	-0.33502197	2.0742188	-0.48339844
147247464	ACC	-2.5633392	-7.6066284	5.0107727
147247472	GYR	-0.08387756	2.0791779	-0.5469208
147247479	MAG	0.12512207	40.534973	5.003357
147247474	ACC	-6.548477	-2.6853027	7.603531
147247481	GYR	0.4813385	1.7214203	-0.47372437
147247484	ACC	-10.04454	-1.7431488	-0.23320007
147247491	GYR	0.6299896	1.1275635	-0.24665833
147247498	MAG	-1.0787964	40.934753	4.537964
147247494	ACC	-11.445587	-3.1314545	-6.297638
147247501	GYR	0.3466797	0.34776306	0.17344666
147247504	ACC	-8.011581	-4.545105	-5.55394
147247511	GYR	0.3048401	-0.31658936	0.5005951
147247518	MAG	-0.9048462	41.030884	4.2892456
147247514	ACC	-2.8296509	-6.2896576	-1.414856
147247521	GYR	0.65460205	-0.31254578	0.6150055
147247524	ACC	1.058258	-8.6197815	5.6804047
147247537	MAG	0.12817383	41.119385	3.2028198
147247534	ACC	1.5088501	-11.254715	9.102829
147247531	GYR	1.3291473	0.8492737	0.6495056
147247544	ACC	0.3229065	-13.307953	6.962082
147247541	GYR	1.9934998	2.7700195	0.81314087
147247556	MAG	0.47454834	41.436768	1.4007568
147247554	ACC	0.12944031	-14.105713	4.172882
147247551	GYR	2.2890625	4.120743	1.0453796
147247564	ACC	0.72927856	-14.283508	0.07142639
147247561	GYR	2.3342133	4.6134186	1.1790924
147247575	MAG	1.2741089	41.903687	-0.8087158
147247574	ACC	1.8360443	-14.178818	-2.986969
147247571	GYR	2.1426392	4.3042297	1.1952515
147247584	ACC	2.6117249	-13.663925	-2.8632965
147247581	GYR	1.7863007	3.3968048	1.0965424
147247594	MAG	2.1469116	42.274475	-2.6916504
147247594	ACC	3.2988281	-12.967987	-0.97335815
147247591	GYR	1.5080566	2.4674988	0.95703125
147247604	ACC	3.9487915	-12.432373	0.5539398
147247601	GYR	1.4203339	1.9121399	0.815567
147247614	MAG	2.937317	42.12799	-3.8406372
147247614	ACC	4.2790985	-11.948502	0.7857361
147247611	GYR	1.5384674	1.701355	0.65164185
147247624	ACC	3.947998	-11.21225	0.8435211
147247621	GYR	1.7604065	1.619461	0.44744873
147247633	MAG	3.251648	42.007446	-5.5160522
147247634	ACC	3.1284637	-10.080368	1.0214691
147247631	GYR	1.9467163	1.5840149	0.25552368
147247644	ACC	2.0645294	-8.874268	0.785141
147247641	GYR	2.0505066	1.6130371	0.11174011
147247652	MAG	3.6499023	42.28363	-7.272339
147247654	ACC	0.94236755	-8.171173	0.20173645
147247651	GYR	2.0641937	1.6554565	0.037353516
147247664	ACC	-0.17958069	-8.063217	-0.38946533
147247661	GYR	1.9894257	1.5507812	0.03857422
147247671	MAG	3.8284302	42.036438	-8.8394165
147247674	ACC	-1.2046051	-8.155289	-0.507843
147247671	GYR	1.841217	1.230484	0.102264404
147247684	ACC	-1.783783	-8.349915	-0.14376831
147247681	GYR	1.6714783	0.83270264	0.20629883
147247691	MAG	4.0008545	41.949463	-10.462952
147247694	ACC	-1.7651062	-8.491852	0.26708984
147247691	GYR	1.545105	0.57336426	0.31570435
147247704	ACC	-1.072876	-8.7344055	0.57748413
147247701	GYR	1.4800873	0.6568756	0.39379883
147247710	MAG	4.496765	41.877747	-11.645508
147247714	ACC	-0.71421814	-8.812775	-0.15322876
147247711	GYR	1.4574127	0.9731598	0.41175842
147247724	ACC	-0.46424866	-8.639008	-0.4154663
147247721	GYR	1.4072418	1.3332367	0.39530945
147247729	MAG	5.024719	41.35742	-13.121033
147247734	ACC	-0.53341675	-8.481277	-0.6951294
147247731	GYR	1.2966919	1.5553741	0.3950348
147247744	ACC	-0.5819092	-8.365646	-0.325943
147247741	GYR	1.1604614	1.5119324	0.42936707
147247748	MAG	5.671692	41.436768	-14.183044
147247754	ACC	-0.15289307	-8.259247	0.12080383
147247751	GYR	1.0413513	1.4258881	0.49136353
147247764	ACC	0.2718811	-8.081589	0.16090393
147247761	GYR	0.99005127	1.4276886	0.5396118
147247767	MAG	5.924988	41.204834	-14.736938
147247773	ACC	0.46914673	-7.8267365	0.20480347
147247771	GYR	0.9837036	1.4413147	0.5704498
147247783	ACC	0.7922821	-7.6205597	0.29385376
147247781	GYR	0.9891052	1.4416199	0.60946655
147247787	MAG	7.267761	41.012573	-15.637207
147247793	ACC	1.1245117	-7.59848	0.096466064
147247791	GYR	1.004776	1.427124	0.64556885
147247803	ACC	1.2238007	-7.8070374	-0.26460266
147247801	GYR	1.02565	1.3730469	0.66122437
147247806	MAG	7.9803467	40.579224	-16.574097
147247813	ACC	1.2790985	-8.163239	-0.8133087
147247811	GYR	1.041275	1.2593994	0.66542053
147247821	GYR	1.0435028	1.0906982	0.6752167
147247825	MAG	9.086609	40.41443	-17.36908
147247823	ACC	1.3559113	-8.526062	-1.520874
147247831	GYR	1.0227814	0.9221344	0.6882019
147247833	ACC	1.3207703	-8.876144	-1.8638153
147247841	GYR	0.98417664	0.79649353	0.7101135
147247844	MAG	9.733582	40.18402	-17.85431
147247843	ACC	1.2580414	-9.276215	-1.637085
147247851	GYR	0.96229553	0.7080078	0.73405457
147247853	ACC	1.1072235	-9.707855	-0.746521
147247861	GYR	0.9857178	0.6595764	0.7433624
147247864	MAG	10.505676	39.857483	-18.617249
147247863	ACC	1.0697479	-10.035278	0.13899231
147247871	GYR	1.0305634	0.6555176	0.7266693
147247873	ACC	1.2090607	-10.376617	0.20594788
147247881	GYR	1.0335693	0.6761627	0.67303467
147247883	MAG	11.314392	39.463806	-19.56482
147247883	ACC	1.3749847	-10.723465	-0.5532074
147247891	GYR	0.9620819	0.6750488	0.60575867
147247893	ACC	1.5720215	-10.934845	-1.5114746
147247901	GYR	0.82922363	0.6480713	0.5566406
147247902	MAG	12.136841	39.367676	-20.254517
147247903	ACC	1.9076233	-11.021194	-2.2509155
147247911	GYR	0.6504059	0.59246826	0.53764343
147247913	ACC	2.4346008	-11.069229	-2.4118347
147247921	GYR	0.4492798	0.5275421	0.5378113
147247921	MAG	12.791443	38.89923	-20.677185
147247923	ACC	3.0833435	-11.115021	-1.9980164
147247933	ACC	3.5391083	-11.1905365	-1.2382355
147247931	GYR	0.26731873	0.48513794	0.5228424
147247941	MAG	13.418579	38.719177	-20.747375
147247943	ACC	3.5894623	-11.27179	-0.7762146
147247941	GYR	0.16390991	0.45237732	0.46525574
147247960	MAG	14.060974	38.528442	-20.632935
147247953	ACC	3.292038	-11.361069	-0.61639404
147247951	GYR	0.14064026	0.389328	0.3732605
147247963	ACC	2.87471	-11.542816	-0.35498047
147247960	GYR	0.1391449	0.28533936	0.27653503
147247979	MAG	14.096069	38.500977	-20.819092
147247973	ACC	2.4724731	-11.7825775	-0.18733215
147247970	GYR	0.14331055	0.2068634	0.20106506
147247983	ACC	2.0281067	-11.8715515	-0.40299988
147247980	GYR	0.16435242	0.20285034	0.13648987
147247998	MAG	14.195251	38.500977	-20.777893
147247993	ACC	1.4455414	-11.84964	-1.0799713
147247990	GYR	0.1865387	0.27018738	0.07144165
147248003	ACC	0.7520447	-11.964539	-2.1552734
147248000	GYR	0.17771912	0.4293518	0.0023498535
147248017	MAG	14.181519	38.35907	-20.999146
147248013	ACC	0.61860657	-12.470032	-3.1177368
147248010	GYR	0.09780884	0.70884705	-0.054748535
147248023	ACC	1.1076813	-13.231613	-3.0278015
147248020	GYR	-0.086380005	0.9419861	-0.095718384
147248037	MAG	14.16626	38.446045	-20.541382
147248033	ACC	1.7639313	-13.579544	-1.9065552
147248030	GYR	-0.34571838	0.9610596	-0.16830444
147248043	ACC	2.4680634	-13.103577	-1.0460968
147248040	GYR	-0.5778961	0.8202362	-0.3014679
147248056	MAG	14.289856	38.578796	-20.141602
147248053	ACC	2.8812408	-12.200241	-1.1134186
147248050	GYR	-0.72125244	0.60112	-0.4827423
147248063	ACC	3.2879486	-11.618195	-2.1933746
147248060	GYR	-0.83496094	0.37330627	-0.65260315
147248075	MAG	14.305115	39.064026	-19.204712
147248073	ACC	3.5082703	-11.290985	-3.0443268
147248070	GYR	-1.0244446	0.25798035	-0.7727356
147248083	ACC	3.0275726	-10.943176	-2.5497131
147248080	GYR	-1.3147888	0.15899658	-0.86431885
147248094	MAG	13.845825	39.378357	-18.13507
147248093	ACC	1.9663239	-10.754532	-1.5520935
147248090	GYR	-1.5920868	-0.04425049	-0.9486084
147248103	ACC	0.74702454	-11.161728	-0.9025421
147248100	GYR	-1.78302	-0.28709412	-1.0474396
147248114	MAG	12.886047	39.730835	-16.621399
147248113	ACC	-0.4217682	-11.994064	-1.0447083
147248110	GYR	-1.9245453	-0.48428345	-1.1573639
147248123	ACC	-1.3278656	-13.073364	-1.3108368
147248120	GYR	-2.0744781	-0.60401917	-1.251648
147248133	MAG	11.689758	40.345764	-14.97345
147248133	ACC	-2.4334412	-14.26416	-0.61390686
147248130	GYR	-2.2234344	-0.6540985	-1.3177795
147248143	ACC	-3.6584167	-15.728287	0.51348877
147248140	GYR	-2.2908936	-0.71058655	-1.329361
147248152	MAG	10.331726	40.81421	-12.936401
147248153	ACC	-4.419403	-16.836197	1.3658905
147248150	GYR	-2.2552795	-0.7759857	-1.2374878
147248163	ACC	-4.260315	-16.750671	1.8943481
147248160	GYR	-2.178894	-0.6973572	-1.0548096
147248171	MAG	9.341431	41.307068	-11.152649
147248173	ACC	-3.0273285	-15.733246	0.9167328
147248170	GYR	-2.0924988	-0.39390564	-0.8493347
147248183	ACC	-1.5149841	-14.45459	-0.596344
147248180	GYR	-2.0238342	-0.002670288	-0.6972046
147248190	MAG	8.314514	41.7099	-9.222412
147248193	ACC	-0.10810852	-13.852692	-1.7803192
147248190	GYR	-1.9862366	0.2926178	-0.6450348
147248203	ACC	0.27441406	-13.381577	-2.8096466
147248200	GYR	-1.9260254	0.2965393	-0.6815338
147248210	MAG	7.9193115	41.54663	-7.382202
147248210	GYR	-1.8253021	-0.066848755	-0.7397156
147248213	ACC	1.4593964	-12.789581	-3.2360992
147248220	GYR	-1.706955	-0.6600189	-0.825943
147248229	MAG	7.5408936	41.68091	-5.934143
147248223	ACC	2.2488556	-12.418381	-3.1442108
147248230	GYR	-1.6384277	-1.3225403	-0.90722656
147248233	ACC	2.6110992	-11.998688	-2.75914
147248240	GYR	-1.670166	-1.8411102	-0.9557495
147248248	MAG	6.4834595	41.72516	-4.486084
147248243	ACC	1.908905	-11.122116	-1.43013
147248250	GYR	-1.7493591	-2.0151825	-0.9248352
147248252	ACC	1.140686	-9.609711	1.2999725
147248260	GYR	-1.6902008	-1.8626251	-0.8177948
147248267	MAG	5.5770874	41.612244	-2.9891968
147248262	ACC	1.3862915	-8.0286255	1.7709045
147248270	GYR	-1.548706	-1.6027832	-0.758667
147248272	ACC	1.2119446	-7.430954	1.1430664
147248280	GYR	-1.4533539	-1.5868988	-0.77937317
147248287	MAG	4.7286987	41.264343	-1.4328003
147248282	ACC	0.60427856	-7.114929	0.9062805
147248290	GYR	-1.4156952	-1.7682953	-0.8029785
147248292	ACC	-0.22979736	-6.710251	0.99902344
147248300	GYR	-1.425705	-1.9625397	-0.7740631
147248306	MAG	3.9047241	41.397095	-0.09613037
147248302	ACC	0.095321655	-6.859543	1.6868591
147248310	GYR	-1.3578949	-2.3557587	-0.81999207
147248312	ACC	-0.11576843	-7.063629	1.4566956
147248325	MAG	3.3538818	41.127014	0.9277344
147248322	ACC	-0.8132477	-6.7191467	0.82089233
147248320	GYR	-1.2861328	-2.702301	-0.9347534
147248332	ACC	-1.0674133	-6.3306274	0.83303833
147248330	GYR	-1.3112335	-2.8732758	-0.9793091
147248344	MAG	2.784729	40.907288	2.3651123
147248342	ACC	-1.0557861	-6.1275177	0.55378723
147248340	GYR	-1.3344879	-2.8694153	-0.97276306
147248352	ACC	-1.0747681	-6.013794	0.17608643
147248350	GYR	-1.3184814	-2.9585114	-0.95069885
147248363	MAG	2.2506714	40.66162	3.617859
147248362	ACC	-1.143219	-5.9272003	0.18182373
147248360	GYR	-1.3097839	-3.065277	-0.89553833
147248372	ACC	-1.467926	-5.796921	0.3779602
147248370	GYR	-1.2853394	-3.0536804	-0.82792664
147248383	MAG	1.5808105	40.52124	5.0094604
147248382	ACC	-1.826355	-5.4945984	0.6442108
147248380	GYR	-1.2036896	-2.9086456	-0.7583618
147248392	ACC	-1.9579468	-5.0599976	0.7786102
147248390	GYR	-1.0417175	-2.6450043	-0.68473816
147248402	MAG	1.4724731	39.982605	6.072998
147248402	ACC	-2.0813599	-4.6778717	0.7805786
147248400	GYR	-0.80566406	-2.3346405	-0.6364746
147248412	ACC	-2.1410828	-4.393387	0.63638306
147248410	GYR	-0.5292053	-2.0037994	-0.6013794
147248421	MAG	1.4755249	39.978027	6.767273
147248422	ACC	-2.1504517	-4.2399445	0.29493713
147248420	GYR	-0.24853516	-1.6390991	-0.56214905
147248432	ACC	-2.166565	-4.18602	-0.17289734
147248430	GYR	0.010635376	-1.2672882	-0.5070343
147248440	MAG	1.2435913	39.849854	6.881714
147248442	ACC	-2.1294098	-4.2029877	-0.79660034
147248440	GYR	0.23667908	-0.909317	-0.43722534
147248452	ACC	-2.026703	-4.280716	-1.3442993
147248449	GYR	0.42764282	-0.6376953	-0.3614502
147248460	MAG	0.88653564	39.97345	6.663513
147248462	ACC	-1.5544739	-4.5423584	-1.6438293
147248459	GYR	0.5864868	-0.50787354	-0.28474426
147248472	ACC	-0.9790802	-4.9889984	-2.130478
147248469	GYR	0.73280334	-0.46199036	-0.21157837
147248479	MAG	0.6515503	40.15808	6.1553955
147248482	ACC	-0.34558105	-5.702545	-2.9078064
147248479	GYR	0.8751373	-0.41670227	-0.1413269
147248492	ACC	0.38624573	-6.819092	-4.3285675
147248489	GYR	0.98979187	-0.31941223	-0.06404114
147248498	MAG	0.8239746	40.222168	5.215454
147248502	ACC	1.2891998	-8.425949	-6.3190155
147248499	GYR	1.045227	-0.162323	0.0077209473
147248512	ACC	1.9277191	-10.426834	-8.327133
147248509	GYR	1.0078278	-0.014602661	0.049575806
147248517	MAG	0.8178711	40.38391	4.508972
147248522	ACC	1.8555145	-12.455444	-9.861328
147248519	GYR	0.8714905	0.05001831	0.040985107
147248532	ACC	1.7788696	-13.89476	-11.287476
147248529	GYR	0.6673584	0.0113220215	0.005004883
147248537	MAG	0.9963989	40.59601	3.6972046
147248542	ACC	1.7012787	-14.4729	-12.972504
147248539	GYR	0.42330933	-0.16479492	-0.022460938
147248552	ACC	1.8695679	-13.856567	-14.165146
147248549	GYR	0.13618469	-0.5259094	-0.031036377
147248556	MAG	0.9750366	40.460205	3.3843994
147248562	ACC	2.2101135	-12.396774	-13.985413
147248559	GYR	-0.16870117	-1.0216064	-0.033843994
147248572	ACC	2.2285767	-11.065659	-11.922256
147248569	GYR	-0.4282837	-1.5134583	-0.060134888
147248575	MAG	0.80566406	40.51361	3.7139893
147248582	ACC	1.8032532	-10.276535	-8.791473
147248579	GYR	-0.57751465	-1.8186035	-0.123291016
147248592	ACC	1.3118591	-9.956711	-5.5717926
147248589	GYR	-0.60865784	-1.7827148	-0.2158966
147248594	MAG	0.8956909	40.325928	4.231262
147248599	GYR	-0.55233765	-1.419754	-0.31698608
147248602	ACC	0.98324585	-9.56749	-3.6728973
147248609	GYR	-0.438385	-1.0012054	-0.40586853
147248613	MAG	1.0055542	40.31372	5.0582886
147248612	ACC	0.2571106	-8.793518	-3.8697205
147248619	GYR	-0.32344055	-0.7711029	-0.44761658
147248622	ACC	-0.6743164	-7.899643	-4.7622986
147248629	GYR	-0.24104309	-0.6588745	-0.4441681
147248633	MAG	0.7369995	40.057373	5.3237915
147248632	ACC	-2.1282501	-7.390091	-6.9818115
147248639	GYR	-0.23320007	-0.6093292	-0.39839172
147248642	ACC	-3.5641785	-8.841644	-9.835083
147248649	GYR	-0.31565857	-0.56459045	-0.3065796
147248652	MAG	0.4837036	39.944458	5.810547
147248652	ACC	-4.877136	-13.680878	-9.765686
147248659	GYR	-0.3517456	-0.43946838	-0.12715149
147248662	ACC	-3.9536438	-17.405975	-6.6406097
147248669	GYR	-0.21369934	0.014144897	0.16287231
147248671	MAG	0.2166748	39.996338	6.14624
147248672	ACC	0.2782898	-16.049393	-6.337097
147248679	GYR	-0.17944336	0.57292175	0.24465942
147248682	ACC	3.6141357	-14.369263	-6.4487457
147248689	GYR	-0.3981781	0.7932892	-0.026855469
147248690	MAG	0.5645752	40.07263	6.2591553
147248692	ACC	5.4439545	-12.949295	-2.3609924
147248699	GYR	-0.60139465	1.2795563	-0.49772644
147248702	ACC	2.9209137	-8.858429	4.034958
147248710	MAG	0.7904053	39.779663	6.6360474
147248712	ACC	-2.8361511	-3.607254	8.007721
147248709	GYR	-0.39038086	2.1071167	-0.79693604
147248722	ACC	-7.8746185	-0.7558441	8.240829
147248719	GYR	0.19903564	2.4369812	-0.7565155
147248729	MAG	-1.2207031	39.839172	6.9839478
147248731	ACC	-11.322861	-1.1173553	-0.6231842
147248729	GYR	0.9211273	2.0944977	-0.53201294
147248741	ACC	-12.427551	-3.31456	-7.400543
147248739	GYR	1.0316162	1.3853302	-0.17202759
147248748	MAG	-1.8661499	40.074158	6.17218
147248751	ACC	-9.291016	-5.5352783	-5.9936523
147248749	GYR	0.5120392	0.47410583	0.35118103
147248767	MAG	-1.4144897	40.03296	5.731201
147248761	ACC	-4.551483	-7.793289	-1.6238861
147248759	GYR	0.251297	-0.3652649	0.72039795
147248771	ACC	-0.384552	-10.084747	4.392334
147248769	GYR	0.5228119	-0.5711365	0.84220886
147248786	MAG	-0.08544922	40.39154	4.748535
147248781	ACC	1.1843109	-12.649139	7.4593353
147248779	GYR	1.1184845	0.35603333	0.8623352
147248791	ACC	0.7947998	-14.56871	6.1123962
147248789	GYR	1.6865845	2.1258392	0.93281555
147248806	MAG	0.5065918	40.48004	2.947998
147248801	ACC	0.6838684	-15.199905	3.5230255
147248799	GYR	1.9520569	3.6022186	1.0482635
147248811	ACC	1.3157349	-14.71521	0.73794556
147248809	GYR	1.978714	4.202713	1.0984955
147248825	MAG	0.5996704	40.878296	1.0162354
147248821	ACC	2.2517853	-13.606216	-1.3393097
147248819	GYR	1.8462982	4.070389	1.0414429
147248831	ACC	2.9974976	-12.655869	-1.8722687
147248829	GYR	1.6164398	3.4816284	0.9132538
147248844	MAG	1.5579224	41.181946	-0.4043579
147248841	ACC	3.4446716	-12.03978	-1.0478973
147248839	GYR	1.4313812	2.718338	0.75819397
147248851	ACC	4.0381927	-11.716934	-0.04484558
147248849	GYR	1.3823547	2.1336517	0.6282501
147248863	MAG	2.0751953	41.4032	-1.8859863
147248861	ACC	4.402588	-11.566925	0.3525238
147248859	GYR	1.4797821	1.8765869	0.49952698
147248871	ACC	4.042816	-11.275192	0.5385437
147248869	GYR	1.6732483	1.8335876	0.34054565
147248883	MAG	2.734375	41.55121	-3.4164429
147248881	ACC	3.3552551	-10.534775	0.6898651
147248879	GYR	1.8666077	1.8819733	0.18266296
147248891	ACC	2.3634796	-9.65303	0.76831055
147248889	GYR	1.9920349	1.9247131	0.071762085
147248902	MAG	2.658081	41.618347	-5.0827026
147248901	ACC	1.2146912	-9.003906	0.54341125
147248899	GYR	2.030182	1.9187012	0.029266357
147248911	ACC	0.182724	-8.786377	-0.044311523
147248909	GYR	1.9892578	1.8078308	0.06362915
147248921	MAG	2.6245117	41.49933	-6.878662
147248921	ACC	-0.52178955	-8.728088	-0.40245056
147248919	GYR	1.8740692	1.5256195	0.15356445
147248931	ACC	-1.077652	-8.683945	-0.3240204
147248928	GYR	1.7049103	1.1204071	0.2604828
147248940	MAG	3.340149	41.490173	-8.354187
147248941	ACC	-1.2648773	-8.74614	0.22462463
147248938	GYR	1.5322723	0.75717163	0.35301208
147248951	ACC	-0.8751068	-8.719818	0.83200073
147248948	GYR	1.4114685	0.64512634	0.41012573
147248959	MAG	3.3996582	41.255188	-9.545898
147248961	ACC	-0.55841064	-8.888153	0.22947693
147248958	GYR	1.3782043	0.8245697	0.4236145
147248971	ACC	-0.5659332	-8.440872	-0.7429199
147248968	GYR	1.378418	1.1780243	0.42089844
147248979	MAG	3.9077759	41.25061	-10.546875
147248981	ACC	-0.2852173	-8.283539	-0.80540466
147248978	GYR	1.2974701	1.5489655	0.44328308
147248991	ACC	-0.01234436	-8.138931	-0.43247986
147248988	GYR	1.1799316	1.6251068	0.4699402
147248998	MAG	4.3899536	41.15143	-11.911011
147248998	GYR	1.0835266	1.5052032	0.47843933
147249001	ACC	0.016693115	-7.95755	0.045684814
147249008	GYR	1.0275269	1.4379425	0.49214172
147249017	MAG	5.253601	40.7547	-12.767029
147249011	ACC	0.22770691	-7.8790894	0.5059204
147249018	GYR	1.0065918	1.4351349	0.5125427
147249021	ACC	0.47018433	-7.8090515	0.7505951
147249028	GYR	0.99269104	1.408905	0.52667236
147249036	MAG	6.214905	40.6662	-13.55896
147249031	ACC	0.68115234	-7.7736664	1.0626984
147249038	GYR	0.99575806	1.3787842	0.5318146
147249041	ACC	0.89694214	-7.693741	1.1725464
147249048	GYR	1.009079	1.3769836	0.51553345
147249056	MAG	6.843567	40.29541	-14.311218
147249051	ACC	0.9426117	-7.8519135	0.70666504
147249058	GYR	1.0190125	1.3677826	0.4866333
147249061	ACC	0.6839752	-8.185394	0.011642456
147249068	GYR	1.0261383	1.3272552	0.48405457
147249075	MAG	7.411194	40.16571	-15.168762
147249071	ACC	0.38485718	-8.687225	-0.6587219
147249078	GYR	1.0501404	1.232132	0.5265198
147249081	ACC	0.39863586	-9.314774	-1.348999
147249088	GYR	1.0764008	1.0969086	0.58735657
147249094	MAG	8.18634	39.91394	-15.892029
147249091	ACC	0.76675415	-9.929077	-1.8980255
147249101	ACC	1.326004	-10.348648	-1.9493713
147249098	GYR	1.0818939	0.9643097	0.64953613
147249113	MAG	8.995056	39.674377	-16.802979
147249111	ACC	1.8338013	-10.514313	-1.6180878
147249108	GYR	1.0656433	0.88635254	0.68237305
147249121	ACC	2.104477	-10.371445	-1.1535187
147249118	GYR	1.0341339	0.8793793	0.6744385
147249133	MAG	9.628296	39.530945	-17.43164
147249131	ACC	2.0711365	-10.083786	-0.94563293
147249128	GYR	0.9885254	0.9090729	0.6300049
147249141	ACC	1.97258	-9.904114	-1.1803741
147249138	GYR	0.915802	0.9494171	0.5553436
147249152	MAG	10.554504	39.276123	-18.070984
147249151	ACC	1.9788208	-9.919998	-1.6150055
147249148	GYR	0.80392456	0.95513916	0.4788208
147249161	ACC	2.1924744	-10.051086	-1.8553314
147249158	GYR	0.65734863	0.9068146	0.43437195
147249171	MAG	11.206055	38.964844	-18.504333
147249171	ACC	2.7002563	-10.222824	-1.7122803
147249168	GYR	0.49569702	0.8356018	0.42819214
147249181	ACC	3.2691193	-10.378159	-1.1603241
147249178	GYR	0.3313446	0.750412	0.42797852
147249190	MAG	11.650085	38.812256	-18.426514
147249191	ACC	3.7060394	-10.439667	-0.6913147
147249188	GYR	0.20321655	0.6650696	0.39707947
147249201	ACC	3.9320068	-10.489578	-0.55101013
147249198	GYR	0.13565063	0.5930023	0.31939697
147249209	MAG	12.07428	38.63678	-18.624878
147249210	ACC	3.829712	-10.65126	-0.51316833
147249208	GYR	0.112075806	0.5234833	0.2099762
147249220	ACC	3.3923035	-10.883591	-0.34666443
147249218	GYR	0.10493469	0.45376587	0.09436035
147249229	MAG	12.515259	38.679504	-18.562317
147249230	ACC	2.6882782	-11.132736	-0.27262878
147249228	GYR	0.11613464	0.41488647	-0.010482788
147249240	ACC	1.8625793	-11.376511	-0.53440857
147249238	GYR	0.15290833	0.4348755	-0.09945679
147249248	MAG	12.654114	38.648987	-18.659973
147249250	ACC	1.0397491	-11.647827	-1.2243652
147249248	GYR	0.18948364	0.53471375	-0.17321777
147249260	ACC	0.4606018	-11.905899	-2.1885529
147249258	GYR	0.18240356	0.7259674	-0.24034119
147249267	MAG	12.705994	38.609314	-18.614197
147249270	ACC	0.52890015	-12.302658	-2.9233398
147249268	GYR	0.09288025	0.922287	-0.30096436
147249280	ACC	1.0490112	-13.02655	-3.1305847
147249278	GYR	-0.08732605	0.9953613	-0.36817932
147249286	MAG	12.580872	38.627625	-18.330383
147249290	ACC	1.445221	-13.387634	-2.1235962
147249288	GYR	-0.34223938	0.9718933	-0.48713684
147249300	ACC	1.7088165	-12.751053	-1.7149506
147249298	GYR	-0.56925964	0.8957672	-0.66171265
147249306	MAG	12.469482	38.86566	-17.83142
147249310	ACC	2.3065033	-12.296799	-2.3484802
147249308	GYR	-0.72052	0.7141571	-0.8310394
147249320	ACC	2.7249298	-12.142639	-2.7735443
147249318	GYR	-0.89801025	0.46546936	-0.9620209
147249325	MAG	12.324524	39.20746	-17.106628
147249330	ACC	2.4725494	-12.204346	-2.7920532
147249328	GYR	-1.1408081	0.22694397	-1.0472565
147249340	ACC	1.5788574	-12.317108	-2.480362
147249338	GYR	-1.4278564	0.0035705566	-1.0802612
147249344	MAG	11.793518	39.151	-15.774536
147249350	ACC	0.41340637	-12.319962	-1.7567902
147249348	GYR	-1.7423706	-0.19845581	-1.0840607
147249360	ACC	-0.7375183	-12.679382	-1.1795349
147249358	GYR	-2.0488586	-0.33314514	-1.0879822
147249363	MAG	10.905457	39.720154	-14.558411
147249370	ACC	-1.9226532	-13.555374	-0.34344482
147249368	GYR	-2.3165283	-0.33685303	-1.0970306
147249380	ACC	-3.5964355	-14.708481	0.33833313
147249378	GYR	-2.481781	-0.23358154	-1.0941162
147249382	MAG	9.52301	40.167236	-12.193298
147249388	GYR	-2.514038	-0.17782593	-1.0292053
147249390	ACC	-5.0133514	-15.958389	0.9266968
147249398	GYR	-2.4488525	-0.20510864	-0.8974304
147249402	MAG	8.735657	40.655518	-10.284424
147249400	ACC	-6.0841675	-17.131226	1.4922943
147249407	GYR	-2.339569	-0.16377258	-0.7094574
147249410	ACC	-6.149109	-17.3936	2.0762634
147249417	GYR	-2.235443	0.16355896	-0.5261078
147249421	MAG	8.006287	40.90576	-8.314514
147249420	ACC	-4.8441772	-16.549698	1.707428
147249427	GYR	-2.1609344	0.638031	-0.45147705
147249430	ACC	-3.3685913	-14.953445	0.7675934
147249437	GYR	-2.057022	0.9272156	-0.4922638
147249440	MAG	8.006287	40.9729	-6.32782
147249440	ACC	-2.2247772	-13.56131	-0.6532898
147249447	GYR	-1.9282684	0.9747467	-0.5804291
147249450	ACC	-1.5950317	-12.671204	-2.9026947
147249457	GYR	-1.8932343	0.90063477	-0.6331177
147249459	MAG	7.6065063	40.890503	-4.5394897
147249460	ACC	-0.9620056	-12.0776825	-4.19252
147249467	GYR	-1.9232025	0.6093292	-0.64738464
147249470	ACC	-0.35061646	-11.592056	-4.474228
147249477	GYR	-1.9828949	0.11073303	-0.6442566
147249479	MAG	7.3013306	40.927124	-2.7648926
147249480	ACC	0.3421936	-11.175644	-3.0853271
147249490	ACC	0.08682251	-10.512711	-1.1526337
147249487	GYR	-2.0077057	-0.5604553	-0.65849304
147249498	MAG	6.5963745	40.77301	-1.1856079
147249500	ACC	0.263031	-9.245972	0.63435364
147249497	GYR	-2.0129852	-0.8807831	-0.61468506
147249510	ACC	1.1307831	-7.997879	0.95428467
147249507	GYR	-1.9325409	-0.6524811	-0.50457764
147249517	MAG	6.097412	40.80658	0.6011963
147249520	ACC	0.9745636	-7.657181	0.6257477
147249517	GYR	-1.8069916	-0.43867493	-0.46951294
147249536	MAG	5.593872	40.57312	2.267456
147249530	ACC	0.79286194	-7.487274	0.7541199
147249527	GYR	-1.7232361	-0.549469	-0.4397583
147249540	ACC	0.48242188	-7.2992706	0.64741516
147249537	GYR	-1.6781769	-0.8296051	-0.40238953
147249555	MAG	5.3253174	40.351868	3.8269043
147249550	ACC	0.231781	-7.0050964	0.49667358
147249547	GYR	-1.6251984	-1.1286163	-0.39434814
147249560	ACC	0.4222107	-6.8950806	0.8154297
147249557	GYR	-1.6287842	-1.3017883	-0.37503052
147249575	MAG	5.227661	40.03601	5.0582886
147249570	ACC	0.01965332	-6.882126	0.5515442
147249567	GYR	-1.590805	-1.5997009	-0.4181366
147249580	ACC	-0.11216736	-6.641098	0.22166443
147249577	GYR	-1.5287781	-1.717392	-0.4941101
147249594	MAG	4.6417236	39.639282	6.2316895
147249590	ACC	-0.33268738	-6.3688354	-0.085510254
147249587	GYR	-1.4789124	-1.7559967	-0.51776123
147249600	ACC	-0.49676514	-6.2061157	-0.23477173
147249597	GYR	-1.4167328	-1.8135529	-0.5038605
147249613	MAG	4.7424316	39.361572	7.5408936
147249610	ACC	-0.8106079	-6.180252	-0.04840088
147249607	GYR	-1.3605652	-1.9167175	-0.45225525
147249620	ACC	-1.1291656	-5.9849396	0.24421692
147249617	GYR	-1.2787018	-2.0196075	-0.38482666
147249632	MAG	4.71344	39.031982	8.399963
147249630	ACC	-1.2155151	-5.5918884	0.6321106
147249627	GYR	-1.1525421	-2.0222168	-0.2993164
147249640	ACC	-1.451889	-5.139923	0.9730377
147249637	GYR	-0.96647644	-1.9212341	-0.22602844
147249652	MAG	4.9301147	38.705444	9.289551
147249650	ACC	-1.8938446	-4.699356	0.9988251
147249647	GYR	-0.7233124	-1.7041473	-0.17224121
147249660	ACC	-2.265213	-4.3798523	0.60975647
147249657	GYR	-0.44761658	-1.3747864	-0.11126709
147249671	MAG	5.1879883	38.5437	9.47113
147249670	ACC	-2.496399	-4.147629	0.114715576
147249667	GYR	-0.16941833	-1.0045319	-0.02420044
147249680	ACC	-2.5610046	-4.056076	-0.2871399
147249677	GYR	0.09062195	-0.6562042	0.07646179
147249690	MAG	5.418396	38.749695	9.34906
147249690	ACC	-2.340561	-4.1828003	-0.77149963
147249687	GYR	0.32583618	-0.36390686	0.17536926
147249699	ACC	-1.6274261	-4.352112	-1.1252289
147249697	GYR	0.532547	-0.16757202	0.26501465
147249709	MAG	5.534363	38.815308	8.96759
147249709	ACC	-0.6174469	-4.430298	-1.5220947
147249707	GYR	0.70957947	-0.08444214	0.3241272
147249719	ACC	0.63404846	-4.700363	-1.9855042
147249717	GYR	0.8714752	-0.097732544	0.34294128
147249729	MAG	5.758667	38.99231	8.1085205
147249729	ACC	1.6621094	-5.4292145	-2.7144165
147249727	GYR	1.0354462	-0.16531372	0.3293152
147249739	ACC	3.0163727	-6.27623	-3.7252655
147249737	GYR	1.2050018	-0.20361328	0.3096466
147249748	MAG	6.500244	39.190674	7.032776
147249749	ACC	4.5045166	-7.4471283	-5.0960693
147249747	GYR	1.3545532	-0.14431763	0.2841034
147249759	ACC	5.3607635	-8.94458	-7.372238
147249757	GYR	1.4369965	0.059265137	0.23098755
147249767	MAG	6.6726685	39.25476	6.0913086
147249769	ACC	5.4095764	-10.623993	-9.83754
147249767	GYR	1.3933868	0.31710815	0.1436615
147249777	GYR	1.1996765	0.4696808	0.023880005
147249786	MAG	6.57959	39.44702	4.8797607
147249779	ACC	4.2161407	-12.325226	-11.596283
147249787	GYR	0.8862915	0.5045929	-0.083999634
147249789	ACC	2.0240326	-13.543045	-12.959351
147249797	GYR	0.4970398	0.48716736	-0.12171936
147249805	MAG	6.3949585	39.55536	4.374695
147249799	ACC	0.0095825195	-14.215897	-14.0516815
147249807	GYR	0.067993164	0.40701294	-0.07350159
147249809	ACC	-0.43721008	-14.517883	-14.562454
147249817	GYR	-0.35992432	0.18141174	-0.012664795
147249825	MAG	6.2210083	39.689636	4.652405
147249819	ACC	-0.028579712	-14.345291	-14.028275
147249827	GYR	-0.7519989	-0.16789246	-0.0040283203
147249829	ACC	0.7321625	-13.65657	-11.566666
147249837	GYR	-1.0033264	-0.51142883	-0.06820679
147249844	MAG	5.9768677	39.567566	5.278015
147249839	ACC	0.9197693	-12.729782	-7.904129
147249847	GYR	-1.0247498	-0.68829346	-0.15847778
147249849	ACC	0.7341461	-11.261688	-5.0523987
147249857	GYR	-0.8501129	-0.7703247	-0.24060059
147249863	MAG	5.986023	39.248657	5.9936523
147249859	ACC	0.011367798	-9.474091	-4.2302246
147249867	GYR	-0.61312866	-0.9006653	-0.28424072
147249869	ACC	-0.6984558	-7.890503	-4.578369
147249882	MAG	5.6869507	39.05487	6.488037
147249879	ACC	-1.8972473	-7.2470093	-5.7323456
147249877	GYR	-0.4057312	-1.0743561	-0.2823944
147249889	ACC	-3.5410614	-9.223068	-7.3975067
147249886	GYR	-0.27560425	-1.0989838	-0.25428772
147249902	MAG	5.9020996	39.11743	6.794739
147249899	ACC	-5.3151703	-13.713638	-5.933029
147249896	GYR	-0.26741028	-0.8840637	-0.22497559
147249909	ACC	-5.844818	-16.960052	-3.340149
147249906	GYR	-0.2157135	-0.49960327	-0.08255005
147249921	MAG	5.57251	39.257812	6.944275
147249919	ACC	-3.6244202	-16.461258	-3.8184967
147249916	GYR	-0.044952393	0.17234802	0.19410706
147249929	ACC	-1.1513519	-14.288818	-5.3617554
147249926	GYR	-0.06689453	0.87506104	0.29852295
147249940	MAG	6.260681	38.954163	7.017517
147249939	ACC	-1.0284271	-11.622482	-3.0297089
147249936	GYR	-0.42204285	1.2328491	0.08589172
147249949	ACC	-2.8010864	-7.4522095	1.2089996
147249946	GYR	-0.7163086	1.4537201	-0.18429565
147249959	MAG	5.5007935	38.84735	7.8567505
147249959	ACC	-4.763565	-3.2009277	4.117935
147249956	GYR	-0.614624	1.6689148	-0.35473633
147249969	ACC	-5.828293	-1.0779419	5.3479156
147249966	GYR	-0.16841125	1.7121887	-0.4116211
147249978	MAG	5.041504	38.816833	8.210754
147249979	ACC	-6.733536	-1.6540527	3.0215912
147249976	GYR	0.4462433	1.6628265	-0.35112
147249989	ACC	-7.561157	-3.9756012	-0.45840454
147249986	GYR	0.8826752	1.5648499	-0.15118408
147249998	MAG	4.1778564	38.95111	7.696533
147249999	ACC	-6.7319336	-6.780411	-1.9044952
147249996	GYR	0.96121216	1.3534851	0.18528748
147250009	ACC	-4.4406586	-9.381729	-0.44172668
147250006	GYR	0.9201355	1.0680847	0.5312958
147250017	MAG	4.4311523	39.22119	6.5979004
147250019	ACC	-2.3651276	-11.390167	2.4216156
147250016	GYR	0.9714508	1.0305634	0.76579285
147250029	ACC	-0.88005066	-12.646347	3.7249298
147250026	GYR	1.2075806	1.5113983	0.9115906
147250036	MAG	5.1376343	39.678955	5.7373047
147250039	ACC	-0.5019531	-13.366257	2.896637
147250036	GYR	1.4845276	2.3250427	1.024643
147250049	ACC	-0.31628418	-13.439056	0.9538269
147250046	GYR	1.6317291	3.0135803	1.0933228
147250055	MAG	5.7540894	39.938354	4.2922974
147250059	ACC	0.17311096	-12.945999	-0.2745514
147250056	GYR	1.6226807	3.2801208	1.0983734
147250069	ACC	0.8678589	-12.373154	-0.3373413
147250066	GYR	1.5334625	3.181137	1.0182953
147250075	MAG	6.3079834	39.70642	3.211975
147250079	ACC	1.6148224	-11.790695	-0.016479492
147250076	GYR	1.4386902	3.0015717	0.88165283
147250089	ACC	2.1965027	-11.3311615	0.20899963
147250086	GYR	1.3812866	2.8394623	0.7197876
147250094	MAG	6.7001343	39.945984	2.0141602
147250099	ACC	2.6009521	-11.005814	0.45085144
147250096	GYR	1.3863525	2.6966705	0.539978
147250109	ACC	3.0812378	-10.724594	0.4932251
147250106	GYR	1.4776611	2.6306152	0.3500061
147250113	MAG	7.167053	40.08789	1.1428833
147250119	ACC	3.2823029	-10.277603	0.47019958
147250116	GYR	1.6343231	2.654831	0.16093445
147250129	ACC	2.4916687	-9.736542	0.5239868
147250126	GYR	1.7837067	2.7642975	-0.0063323975
147250132	MAG	7.10907	40.25421	-0.2532959
147250139	ACC	1.3194885	-9.202805	0.6505585
147250136	GYR	1.8804474	2.924881	-0.10160828
147250149	ACC	0.52319336	-8.82251	0.4513855
147250146	GYR	1.9122009	3.0399475	-0.09938049
147250152	MAG	6.845093	40.62195	-1.7913818
147250159	ACC	-0.36549377	-8.8207855	0.41249084
147250156	GYR	1.8645477	3.027008	-0.028564453
147250166	GYR	1.7476196	2.8925018	0.09315491
147250171	MAG	7.008362	40.38391	-2.8945923
147250169	ACC	-0.734375	-8.88652	0.58374023
147250176	GYR	1.5735626	2.687912	0.22921753
147250178	ACC	-1.1492767	-9.11499	1.0115814
147250186	GYR	1.3780365	2.474884	0.3413086
147250190	MAG	7.3883057	40.403748	-4.307556
147250188	ACC	-1.2266235	-9.468918	1.5394592
147250196	GYR	1.2199554	2.3130798	0.39361572
147250198	ACC	-1.3907776	-9.772171	1.4166718
147250206	GYR	1.0847015	2.273407	0.39778137
147250209	MAG	7.647705	40.438843	-5.3894043
147250208	ACC	-1.098999	-9.814835	1.1722565
147250216	GYR	0.978775	2.3267365	0.36460876
147250218	ACC	-0.45135498	-9.874924	1.1065826
147250226	GYR	0.9407501	2.3091278	0.29441833
147250228	MAG	8.467102	40.148926	-5.5114746
147250228	ACC	-0.08451843	-9.910522	0.646225
147250236	GYR	0.9073639	2.3126373	0.2278595
147250238	ACC	-0.16053772	-9.544067	0.18292236
147250246	GYR	0.7891388	2.5744934	0.22380066
147250248	MAG	8.773804	40.377808	-6.562805
147250248	ACC	0.09436035	-9.4674835	0.5716553
147250256	GYR	0.6979828	2.6985168	0.24653625
147250258	ACC	0.46250916	-9.457031	1.1080475
147250267	MAG	9.335327	40.211487	-6.8634033
147250268	ACC	0.83818054	-9.366241	1.642746
147250266	GYR	0.6674347	2.6928558	0.2770996
147250278	ACC	1.1049805	-9.199005	1.8515167
147250276	GYR	0.6807556	2.6557007	0.29608154
147250286	MAG	9.896851	40.04669	-7.1624756
147250288	ACC	1.4126129	-9.141327	1.8033142
147250286	GYR	0.6983185	2.5488281	0.32211304
147250298	ACC	1.8843231	-9.163483	1.6196442
147250296	GYR	0.6934509	2.3827515	0.36782837
147250306	MAG	10.385132	40.016174	-7.7911377
147250308	ACC	2.4561768	-9.23938	1.1260986
147250306	GYR	0.67485046	2.2183838	0.411911
147250318	ACC	2.808899	-9.359604	0.42836
147250316	GYR	0.6504669	2.0896149	0.44174194
147250325	MAG	11.04126	39.778137	-8.137512
147250328	ACC	2.9901123	-9.457764	-0.011932373
147250326	GYR	0.6156769	1.9985962	0.47395325
147250344	MAG	11.566162	39.60266	-8.294678
147250338	ACC	3.1804962	-9.630814	-0.33007812
147250336	GYR	0.5933838	1.9345398	0.5073395
147250348	ACC	3.3446198	-9.855148	-0.46118164
147250346	GYR	0.59999084	1.9004517	0.5351105
147250363	MAG	12.380981	39.508057	-8.428955
147250358	ACC	3.3806763	-10.062759	-0.6071472
147250356	GYR	0.6585541	1.833252	0.5430603
147250368	ACC	3.242813	-10.177124	-0.85772705
147250365	GYR	0.749176	1.7032623	0.5263672
147250382	MAG	13.250732	39.33716	-9.164429
147250378	ACC	2.9311523	-10.077377	-1.1382751
147250375	GYR	0.8040161	1.5774078	0.4941101
147250388	ACC	2.5707397	-9.83989	-1.522171
147250385	GYR	0.78881836	1.5046692	0.4608307
147250401	MAG	13.861084	39.170837	-9.466553
147250398	ACC	2.1062012	-9.613022	-1.9546204
147250395	GYR	0.71643066	1.4455261	0.43493652
147250408	ACC	1.5916901	-9.4409485	-2.1539154
147250405	GYR	0.60765076	1.3569489	0.41275024
147250421	MAG	14.361572	39.323425	-9.877014
147250418	ACC	1.3630066	-9.288864	-1.9263763
147250415	GYR	0.48280334	1.231842	0.40480042
147250428	ACC	1.5257263	-9.219376	-1.4250488
147250425	GYR	0.36494446	1.0958099	0.41371155
147250440	MAG	14.651489	39.097595	-9.924316
147250438	ACC	1.9590454	-9.173798	-0.8592682
147250435	GYR	0.2679596	0.99806213	0.42349243
147250448	ACC	2.5782776	-9.1827545	-0.3653717
147250445	GYR	0.19169617	0.95458984	0.42271423
147250459	MAG	15.327454	38.919067	-9.999084
147250458	ACC	3.1622925	-9.274948	-0.0030059814
147250455	GYR	0.13067627	0.9390869	0.3950653
147250468	ACC	3.346817	-9.412048	0.24290466
147250465	GYR	0.09190369	0.9265747	0.32048035
147250478	MAG	15.579224	38.95569	-9.877014
147250478	ACC	3.0443726	-9.725372	0.22827148
147250475	GYR	0.10206604	0.91934204	0.19874573
147250488	ACC	2.3046722	-10.193436	-0.035827637
147250485	GYR	0.16714478	0.92889404	0.060913086
147250498	MAG	15.835571	38.716125	-9.736633
147250498	ACC	1.2309723	-10.614502	-0.34036255
147250495	GYR	0.24723816	0.97047424	-0.05567932
147250508	ACC	0.11180115	-10.977264	-0.74183655
147250505	GYR	0.29647827	1.0653076	-0.123794556
147250517	MAG	15.92865	38.874817	-9.753418
147250518	ACC	-0.7674103	-11.272018	-1.3371735
147250515	GYR	0.29756165	1.198822	-0.1388855
147250528	ACC	-1.1913757	-11.467346	-1.626709
147250525	GYR	0.24598694	1.3352509	-0.11413574
147250536	MAG	15.977478	38.990784	-9.718323
147250538	ACC	-1.0225372	-11.52536	-1.8804016
147250535	GYR	0.16085815	1.490982	-0.07518005
147250548	ACC	-0.4502411	-11.770554	-2.232315
147250545	GYR	0.0594635	1.6632385	-0.050491333
147250555	MAG	16.044617	38.78479	-9.52301
147250555	GYR	-0.0730896	1.7828064	-0.058761597
147250558	ACC	0.3723755	-12.415695	-2.452942
147250565	GYR	-0.2681427	1.7729187	-0.10707092
147250574	MAG	16.474915	38.601685	-8.979797
147250568	ACC	1.113678	-13.240021	-2.1197662
147250575	GYR	-0.5196533	1.6977539	-0.21899414
147250578	ACC	1.840622	-13.456924	-1.4061432
147250585	GYR	-0.7251282	1.6628265	-0.4211731
147250594	MAG	16.737366	38.546753	-8.065796
147250588	ACC	2.0946045	-13.135208	-1.7112122
147250595	GYR	-0.8618164	1.5580597	-0.6386261
147250598	ACC	2.262085	-12.703369	-2.6192627
147250605	GYR	-1.0307007	1.388031	-0.78660583
147250613	MAG	16.377258	38.783264	-6.996155
147250608	ACC	2.5214844	-12.410873	-3.004013
147250615	GYR	-1.2784882	1.197525	-0.8480072
147250618	ACC	2.6029053	-12.292236	-2.6597443
147250625	GYR	-1.5871582	0.9410858	-0.86946106
147250632	MAG	15.843201	38.883972	-5.6762695
147250628	ACC	2.065796	-12.37236	-1.5057526
147250635	GYR	-1.8714142	0.641037	-0.88298035
147250638	ACC	0.9805145	-12.41127	-0.096588135
147250645	GYR	-2.0540009	0.3025055	-0.8914032
147250651	MAG	15.098572	39.108276	-3.8879395
147250648	ACC	-0.2782898	-12.179504	1.1668396
147250655	GYR	-2.0858307	-0.03567505	-0.9087219
147250657	ACC	-1.6094055	-12.290817	1.3292999
147250671	MAG	14.399719	39.027405	-2.2216797
147250667	ACC	-2.7128448	-13.135117	0.4061432
147250665	GYR	-2.0607605	-0.15174866	-0.9220581
147250677	ACC	-3.4520264	-14.263962	-0.34042358
147250675	GYR	-2.1394653	0.085494995	-0.8905792
147250690	MAG	13.327026	39.312744	-0.27923584
147250687	ACC	-3.8616486	-15.27533	-0.47123718
147250685	GYR	-2.3055115	0.5764618	-0.80578613
147250697	ACC	-4.107834	-15.540909	-0.5460205
147250695	GYR	-2.3803558	1.048111	-0.70124817
147250709	MAG	12.80365	38.822937	1.7303467
147250707	ACC	-3.7099152	-14.450912	-0.48573303
147250705	GYR	-2.3238373	1.389679	-0.593338
147250717	ACC	-2.9289246	-12.927582	-0.34432983
147250715	GYR	-2.211792	1.5435791	-0.50709534
147250728	MAG	12.391663	38.51776	3.9520264
147250727	ACC	-1.9516449	-11.862152	-0.39816284
147250725	GYR	-2.0917664	1.4327087	-0.46832275
147250737	ACC	-0.716629	-11.22464	-0.46913147
147250735	GYR	-2.0256958	1.0720673	-0.45265198
147250748	MAG	11.808777	38.267517	5.8547974
147250747	ACC	-0.04574585	-10.902954	-1.0339966
147250745	GYR	-2.0002136	0.69366455	-0.4659729
147250757	ACC	0.09362793	-10.626556	-1.7211761
147250755	GYR	-2.0110474	0.39752197	-0.49473572
147250767	MAG	11.795044	37.886047	7.550049
147250767	ACC	0.17842102	-10.489929	-2.0339355
147250765	GYR	-2.0583038	0.10369873	-0.4674225
147250777	ACC	-0.053359985	-10.235336	-2.2442932
147250775	GYR	-2.076477	-0.32002258	-0.40956116
147250786	MAG	10.862732	37.368774	9.262085
147250787	ACC	-0.16696167	-9.539291	-2.0907288
147250785	GYR	-2.0646515	-0.7658844	-0.33683777
147250797	ACC	-0.13442993	-8.739227	-1.3974915
147250795	GYR	-2.063614	-1.0936584	-0.23973083
147250805	MAG	10.826111	37.043762	10.675049
147250807	ACC	-0.22439575	-8.126144	-0.63534546
147250805	GYR	-2.046585	-1.235611	-0.1513977
147250817	ACC	0.08743286	-7.855942	-0.23210144
147250815	GYR	-1.9930115	-1.1460571	-0.08439636
147250824	MAG	11.218262	36.34796	11.904907
147250827	ACC	0.95170593	-8.194214	0.2288971
147250825	GYR	-1.9158936	-1.0065765	-0.04371643
147250837	ACC	0.99850464	-8.509827	0.12786865
147250835	GYR	-1.7994843	-1.1001587	-0.081954956
147250844	MAG	11.421204	35.836792	13.2247925
147250847	ACC	0.37721252	-8.291809	-0.22808838
147250844	GYR	-1.6644592	-1.2590637	-0.19859314
147250857	ACC	-0.11138916	-7.8458405	-0.38537598
147250854	GYR	-1.5742035	-1.3101807	-0.30168152
147250863	MAG	11.645508	35.42633	14.212036
147250867	ACC	-0.41070557	-7.429199	-0.38502502
147250864	GYR	-1.5179901	-1.3540192	-0.35003662
147250877	ACC	-0.44439697	-7.1437683	-0.4927063
147250874	GYR	-1.4640808	-1.4371338	-0.3534851
147250882	MAG	11.637878	34.887695	15.315247
147250887	ACC	-0.34274292	-7.0616913	-0.5774231
147250884	GYR	-1.4031525	-1.5492401	-0.32798767
147250897	ACC	-0.5085449	-7.008774	-0.6174164
147250894	GYR	-1.328064	-1.6486816	-0.29566956
147250901	MAG	11.753845	34.40857	16.12854
147250907	ACC	-0.88397217	-6.8727264	-0.6949463
147250904	GYR	-1.2369385	-1.6990204	-0.260849
147250917	ACC	-1.3203278	-6.676132	-0.69618225
147250914	GYR	-1.1263123	-1.7281036	-0.21450806
147250921	MAG	12.04071	34.143066	16.685486
147250927	ACC	-1.4483337	-6.28508	-0.5675659
147250924	GYR	-0.9920349	-1.740921	-0.1572113
147250937	ACC	-1.5678864	-5.842804	-0.44898987
147250934	GYR	-0.830246	-1.7219086	-0.10670471
147250940	MAG	12.564087	33.81195	17.140198
147250944	GYR	-0.6400299	-1.6599579	-0.0549469
147250947	ACC	-1.4093933	-5.433853	-0.43325806
147250954	GYR	-0.43000793	-1.5289001	-0.002960205
147250959	MAG	13.304138	33.58307	17.251587
147250957	ACC	-1.3549805	-5.237335	-0.5686035
147250964	GYR	-0.205719	-1.325058	0.0368042
147250967	ACC	-1.5112152	-5.035309	-0.95469666
147250974	GYR	0.015151978	-1.0907288	0.084198
147250978	MAG	13.885498	33.43811	17.227173
147250977	ACC	-1.5183105	-4.9030914	-1.4086609
147250984	GYR	0.22764587	-0.8336792	0.144104
147250987	ACC	-1.3963013	-4.786392	-1.9596558
147250994	GYR	0.42381287	-0.56884766	0.20982361
147250997	MAG	14.285278	33.670044	16.770935
147250997	ACC	-1.1259766	-4.766556	-2.5102692
147251004	GYR	0.59765625	-0.33610535	0.2614441
147251007	ACC	-0.7572632	-4.923538	-2.9404144
147251014	GYR	0.75120544	-0.16819763	0.2907257
147251017	MAG	14.624023	33.795166	16.139221
147251017	ACC	-0.24911499	-5.120117	-3.207901
147251024	GYR	0.88700867	-0.06462097	0.29634094
147251027	ACC	0.16555786	-5.5187836	-3.5245667
147251034	GYR	0.9871826	-0.0025177002	0.2858429
147251036	MAG	15.100098	34.121704	15.440369
147251037	ACC	0.66819763	-6.0401917	-4.015106
147251044	GYR	1.0428772	0.0393219	0.26239014
147251047	ACC	1.2568054	-6.7204895	-4.8782806
147251055	MAG	14.974976	34.223938	14.422607
147251057	ACC	1.8070831	-7.5238953	-6.1086884
147251054	GYR	1.032486	0.08047485	0.20933533
147251067	ACC	2.1925201	-8.405548	-7.350174
147251064	GYR	0.9363556	0.111816406	0.13076782
147251074	MAG	15.376282	34.683228	14.042664
147251077	ACC	2.2214966	-9.282257	-8.658966
147251074	GYR	0.77923584	0.099823	0.045944214
147251087	ACC	1.9427185	-10.138794	-9.844513
147251084	GYR	0.5862274	0.024398804	-0.040634155
147251094	MAG	15.452576	34.898376	13.142395
147251097	ACC	1.602951	-11.024841	-10.638336
147251094	GYR	0.3600006	-0.093444824	-0.10643005
147251107	ACC	1.1534424	-11.814087	-11.002823
147251104	GYR	0.114349365	-0.22210693	-0.14994812
147251113	MAG	15.049744	34.90448	12.9348755
147251117	ACC	0.7612457	-12.281448	-10.924438
147251114	GYR	-0.13162231	-0.35708618	-0.16366577
147251127	ACC	0.7172241	-12.407425	-10.19368
147251124	GYR	-0.3717804	-0.49349976	-0.1661377
147251132	MAG	15.092468	35.180664	12.913513
147251137	ACC	1.3804474	-12.413696	-8.850769
147251134	GYR	-0.5900574	-0.61517334	-0.18496704
147251151	MAG	15.078735	34.957886	13.345337
147251146	ACC	2.162384	-12.130249	-7.543869
147251144	GYR	-0.7387543	-0.72587585	-0.25868225
147251156	ACC	2.2976227	-11.131393	-6.7468567
147251154	GYR	-0.7873535	-0.8229828	-0.38719177
147251170	MAG	15.112305	34.8526	13.768005
147251166	ACC	1.7523651	-9.502502	-6.3049774
147251164	GYR	-0.7519226	-0.94317627	-0.5209656
147251176	ACC	0.8649292	-7.7399597	-5.98909
147251174	GYR	-0.645874	-1.0937195	-0.6032257
147251190	MAG	15.013123	34.814453	13.729858
147251186	ACC	-0.19160461	-6.2880554	-5.7911987
147251184	GYR	-0.47654724	-1.2324829	-0.6155548
147251196	ACC	-1.3001251	-5.4956512	-6.1155396
147251194	GYR	-0.2761383	-1.2692871	-0.5661926
147251209	MAG	14.768982	34.773254	13.700867
147251206	ACC	-2.665741	-6.4069366	-7.104599
147251204	GYR	-0.106552124	-1.1948242	-0.4777527
147251216	ACC	-4.3175964	-10.022461	-6.993408
147251214	GYR	-0.001739502	-1.0531464	-0.38468933
147251228	MAG	14.694214	35.217285	13.442993
147251226	ACC	-5.7503967	-14.497116	-4.034439
147251224	GYR	0.08769226	-0.87068176	-0.2719574
147251236	ACC	-5.6788635	-16.645844	-0.7923889
147251234	GYR	0.24235535	-0.53874207	-0.06967163
147251247	MAG	14.926147	35.34546	13.327026
147251246	ACC	-4.4622498	-16.292435	-1.4969177
147251244	GYR	0.46142578	0.005004883	0.15002441
147251256	ACC	-2.8431244	-15.867935	-5.337967
147251254	GYR	0.55867004	0.44483948	0.20175171
147251267	MAG	14.613342	35.513306	13.056946
147251266	ACC	-1.396698	-14.289337	-6.2618866
147251264	GYR	0.3265381	0.60035706	0.0690155
147251276	ACC	-1.7216034	-10.800415	-4.3202057
147251274	GYR	-0.07128906	0.71203613	-0.1109314
147251286	MAG	14.767456	35.39276	13.148499
147251286	ACC	-3.3637085	-6.726074	-0.8095856
147251284	GYR	-0.29216003	0.9295807	-0.2066803
147251296	ACC	-4.7639465	-3.7690277	2.7387238
147251294	GYR	-0.16223145	1.1098938	-0.17619324
147251305	MAG	14.204407	35.44464	13.409424
147251306	ACC	-5.6551056	-3.139923	2.879837
147251304	GYR	0.27230835	1.1520996	-0.07241821
147251316	ACC	-5.974411	-3.7250214	2.0120087
147251314	GYR	0.7331085	1.1078949	0.07318115
147251324	MAG	13.658142	35.676575	13.2873535
147251326	ACC	-5.610443	-4.8037567	1.2420807
147251324	GYR	1.0446167	1.0250397	0.26786804
147251333	GYR	1.2327728	0.93118286	0.4854889
147251344	MAG	13.494873	36.116028	12.478638
147251336	ACC	-3.7569275	-6.4086914	0.06071472
147251343	GYR	1.3363037	0.91619873	0.645874
147251346	ACC	-0.5685272	-8.674332	0.18943787
147251353	GYR	1.3938904	1.1563263	0.68989563
147251363	MAG	13.902283	36.45935	11.505127
147251356	ACC	1.9701233	-10.703125	1.786087
147251363	GYR	1.4289551	1.7748108	0.65016174
147251366	ACC	2.390152	-12.058243	2.4963074
147251373	GYR	1.4217834	2.4653168	0.6235199
147251382	MAG	14.123535	36.791992	10.635376
147251376	ACC	1.8993378	-12.626144	2.1792755
147251383	GYR	1.3780975	2.8026428	0.61024475
147251386	ACC	1.5897369	-12.591629	0.88430786
147251393	GYR	1.304245	2.684555	0.53253174
147251401	MAG	13.737488	37.364197	10.108948
147251396	ACC	1.4040833	-12.08078	-0.68829346
147251403	GYR	1.1736603	2.3200684	0.390213
147251406	ACC	1.3477783	-11.317947	-1.2598724
147251413	GYR	1.041153	2.0131989	0.23774719
147251420	MAG	13.4552	37.66327	9.642029
147251416	ACC	1.2196808	-10.516327	-1.1461182
147251423	GYR	1.0013275	1.8386993	0.13346863
147251426	ACC	1.1991272	-9.921402	-1.0710907
147251433	GYR	1.0523071	1.7294922	0.08256531
147251440	MAG	13.131714	37.686157	9.196472
147251436	ACC	0.94044495	-9.590286	-1.27742
147251446	ACC	0.42469788	-9.527939	-1.2362213
147251443	GYR	1.1316376	1.6358032	0.06700134
147251459	MAG	12.930298	38.154602	8.526611
147251456	ACC	-1.5258789E-5	-9.482758	-1.1428375
147251453	GYR	1.2123718	1.5664062	0.07807922
147251466	ACC	-0.29818726	-9.402893	-0.73646545
147251463	GYR	1.2753754	1.5489502	0.10081482
147251478	MAG	12.516785	38.3255	7.5683594
147251476	ACC	-0.38093567	-9.338058	-0.12542725
147251473	GYR	1.3143158	1.5838318	0.14334106
147251486	ACC	-0.33180237	-9.435104	0.17875671
147251483	GYR	1.3460236	1.5881195	0.18943787
147251497	MAG	12.426758	38.708496	6.4346313
147251496	ACC	-0.21943665	-9.623978	0.21586609
147251493	GYR	1.3569183	1.5127563	0.215271
147251506	ACC	-0.08508301	-9.757584	0.061035156
147251503	GYR	1.3354492	1.4256744	0.21113586
147251517	MAG	12.561035	38.95569	5.66864
147251516	ACC	-0.0021972656	-9.750168	-0.094451904
147251513	GYR	1.2943573	1.372818	0.18476868
147251526	ACC	0.043426514	-9.661713	-0.3015442
147251523	GYR	1.2407379	1.3755798	0.15519714
147251536	MAG	12.35199	39.23645	4.875183
147251536	ACC	0.28686523	-9.621399	-0.455719
147251533	GYR	1.1877747	1.4395599	0.1386261
147251546	ACC	0.6985779	-9.648102	-0.47702026
147251543	GYR	1.1437225	1.4824982	0.13388062
147251555	MAG	12.239075	39.405823	4.0359497
147251556	ACC	0.7949829	-9.653091	-0.82733154
147251553	GYR	1.1137085	1.4512024	0.12472534
147251566	ACC	0.5923004	-9.5327	-1.2848511
147251563	GYR	1.0714874	1.463623	0.12402344
147251574	MAG	12.281799	39.723206	3.363037
147251576	ACC	0.63734436	-9.447037	-1.4779968
147251573	GYR	0.9755554	1.5746155	0.16539001
147251586	ACC	0.8408203	-9.442169	-1.293457
147251583	GYR	0.85253906	1.5715942	0.22679138
147251594	MAG	12.193298	39.52484	2.7816772
147251596	ACC	0.93444824	-9.468597	-0.9026489
147251593	GYR	0.7377167	1.4435883	0.26087952
147251606	ACC	1.0506744	-9.476334	-0.5825348
147251603	GYR	0.65327454	1.3469543	0.27330017
147251613	MAG	12.171936	39.735413	2.5360107
147251616	ACC	1.2294922	-9.455231	-0.28475952
147251613	GYR	0.5958252	1.2813263	0.27931213
147251625	ACC	1.42482	-9.460297	0.124191284
147251623	GYR	0.5549927	1.2290497	0.27890015
147251632	MAG	12.30011	39.752197	2.2964478
147251635	ACC	1.517868	-9.45903	0.42149353
147251633	GYR	0.5446167	1.2222137	0.2658844
147251645	ACC	1.4490814	-9.457382	0.49775696
147251643	GYR	0.56985474	1.2598419	0.24560547
147251651	MAG	12.168884	39.779663	1.8386841
147251655	ACC	1.375061	-9.400391	0.30462646
147251653	GYR	0.6140442	1.2931519	0.23422241
147251665	ACC	1.2906036	-9.363693	-0.24891663
147251663	GYR	0.66755676	1.2915039	0.2314148
147251670	MAG	12.440491	39.761353	1.5930176
147251675	ACC	1.0640106	-9.315353	-0.7180786
147251673	GYR	0.7189789	1.2678528	0.23931885
147251685	ACC	0.852478	-9.337021	-1.1812897
147251683	GYR	0.76174927	1.2045288	0.2666626
147251690	MAG	12.312317	39.863586	1.1764526
147251695	ACC	0.87657166	-9.497253	-1.6539612
147251693	GYR	0.81307983	1.0865784	0.3132019
147251705	ACC	1.0369873	-9.710022	-2.2705536
147251703	GYR	0.8898926	0.94026184	0.36706543
147251709	MAG	12.736511	39.88495	0.36315918
147251715	ACC	1.2034149	-9.829895	-2.6640625
147251713	GYR	0.9532623	0.78819275	0.42141724
147251725	ACC	1.1984253	-9.678009	-2.0328827
147251723	GYR	0.945755	0.6573944	0.46559143
147251728	MAG	12.968445	40.016174	-0.40130615
147251733	GYR	0.8841095	0.58917236	0.4988098
147251735	ACC	1.2483368	-9.334061	-1.0687256
147251743	GYR	0.81204224	0.5752411	0.5175476
147251747	MAG	13.218689	39.979553	-0.9689331
147251745	ACC	1.1348572	-8.99794	-0.39678955
147251753	GYR	0.7326355	0.59187317	0.5202179
147251755	ACC	0.9565582	-8.876694	-0.19548035
147251763	GYR	0.6451111	0.61582947	0.5068512
147251767	MAG	13.807678	39.985657	-1.5136719
147251765	ACC	0.7401581	-9.092331	-0.5099182
147251773	GYR	0.5546112	0.63131714	0.4889984
147251775	ACC	0.67829895	-9.400681	-0.9900665
147251783	GYR	0.46165466	0.6315918	0.4746399
147251786	MAG	14.021301	40.20691	-1.8661499
147251785	ACC	0.81437683	-9.7108	-1.0999451
147251793	GYR	0.3725586	0.59684753	0.4669342
147251795	ACC	1.1274414	-9.839218	-0.78785706
147251803	GYR	0.29110718	0.5419769	0.44744873
147251805	MAG	14.425659	40.01007	-2.3391724
147251805	ACC	1.5840912	-9.888275	-0.35443115
147251812	GYR	0.23091125	0.5150299	0.40386963
147251815	ACC	2.0261078	-9.949936	-0.1078949
147251822	GYR	0.19618225	0.5231476	0.32862854
147251824	MAG	14.891052	40.1886	-2.5634766
147251825	ACC	2.1270905	-10.051758	0.055160522
147251835	ACC	1.8068237	-10.132538	0.24954224
147251832	GYR	0.18544006	0.5416565	0.2331543
147251843	MAG	15.0390625	40.03601	-2.5619507
147251845	ACC	1.2689819	-10.210876	0.4443512
147251842	GYR	0.19140625	0.5459595	0.14602661
147251855	ACC	0.7275543	-10.382355	0.49601746
147251852	GYR	0.20446777	0.5503082	0.09614563
147251863	MAG	15.266418	40.013123	-2.758789
147251865	ACC	0.29866028	-10.648895	0.32443237
147251862	GYR	0.2156372	0.58872986	0.078948975
147251875	ACC	0.050949097	-10.978973	-0.1025238
147251872	GYR	0.21876526	0.70814514	0.08387756
147251882	MAG	15.556335	40.17334	-2.7420044
147251885	ACC	-0.20318604	-11.40448	-0.71499634
147251882	GYR	0.21343994	0.8932648	0.08023071
147251895	ACC	-0.22763062	-12.060913	-1.161972
147251892	GYR	0.17713928	1.0862885	0.058288574
147251901	MAG	15.582275	40.26947	-3.0273438
147251905	ACC	0.14704895	-12.7821045	-0.9233093
147251902	GYR	0.08467102	1.1811066	0.032211304
147251915	ACC	0.527298	-13.142426	-0.5603943
147251912	GYR	-0.03186035	1.1677399	-0.04232788
147251921	MAG	15.763855	40.126038	-2.5650024
147251925	ACC	0.7701721	-13.292099	-1.0800476
147251922	GYR	-0.10862732	1.1239929	-0.18312073
147251940	MAG	15.577698	40.15503	-2.4642944
147251935	ACC	1.2508698	-13.49382	-1.9625092
147251932	GYR	-0.17507935	1.0008087	-0.3097229
147251945	ACC	1.958252	-13.664902	-2.3015747
147251942	GYR	-0.29779053	0.829895	-0.36087036
147251959	MAG	15.267944	40.238953	-2.0339966
147251955	ACC	2.328949	-13.467728	-2.340332
147251952	GYR	-0.47129822	0.7084198	-0.35627747
147251965	ACC	2.131073	-12.902756	-2.3570557
147251962	GYR	-0.6908264	0.62687683	-0.33517456
147251978	MAG	14.907837	40.322876	-1.0009766
147251975	ACC	1.5736389	-12.237122	-2.1816711
147251972	GYR	-0.96772766	0.5247803	-0.31680298
147251985	ACC	0.82040405	-11.570801	-1.5802307
147251982	GYR	-1.2720947	0.34651184	-0.3189392
147251997	MAG	14.680481	40.30304	-0.15258789
147251995	ACC	-0.21424866	-10.791428	-0.7672272
147251992	GYR	-1.5262909	0.1255188	-0.355484
147252005	ACC	-1.2922974	-10.061783	-0.55384827
147252002	GYR	-1.6803131	-0.055862427	-0.41453552
147252016	MAG	14.361572	40.312195	1.4389038
147252015	ACC	-2.0801086	-9.690781	-0.6626892
147252012	GYR	-1.7883606	-0.13250732	-0.46018982
147252025	ACC	-2.514328	-9.696823	-0.7414398
147252022	GYR	-1.9240112	-0.07954407	-0.47529602
147252036	MAG	14.128113	40.177917	2.8518677
147252035	ACC	-2.8399506	-10.186981	-0.906723
147252032	GYR	-2.082489	0.07713318	-0.47879028
147252045	ACC	-0.83799744	-11.511032	8.835602
147252042	GYR	-2.2213135	0.28788757	-0.47836304
147252055	MAG	13.70697	39.76288	4.942322
147252055	ACC	-3.959198	-11.097717	9.889511
147252052	GYR	-2.1884766	1.324295	-0.47628784
147252065	ACC	-3.6352386	-12.686829	-8.990143
147252062	GYR	-1.9631195	2.9489136	-0.4636078
147252074	MAG	12.554932	39.53247	7.017517
147252075	ACC	-4.065567	-13.042572	-7.541092
147252072	GYR	-2.0623474	3.0664368	-0.47206116
147252085	ACC	-3.792328	-13.440613	1.0474854
147252082	GYR	-2.286972	1.8152618	-0.42695618
147252093	MAG	11.967468	39.167786	9.484863
147252095	ACC	-1.8585815	-12.325714	-1.1168213
147252092	GYR	-2.0491638	1.1657715	-0.32543945
147252104	ACC	-0.17791748	-10.567276	-2.6937103
147252102	GYR	-1.7344666	0.9554291	-0.28382874
147252113	MAG	11.413574	38.511658	11.045837
147252114	ACC	0.600296	-9.634827	-2.1738281
147252112	GYR	-1.6867981	0.46549988	-0.3529358
147252122	GYR	-1.7447052	-0.14541626	-0.46739197
147252132	MAG	11.201477	38.05237	12.664795
147252124	ACC	0.22683716	-9.514679	-1.4917755
147252132	GYR	-1.7735901	-0.68118286	-0.528656
147252134	ACC	-0.38354492	-10.687225	-0.48439026
147252142	GYR	-1.7478027	-0.96443176	-0.448349
147252151	MAG	11.196899	37.51068	13.813782
147252144	ACC	0.3579712	-10.753342	-0.21835327
147252152	GYR	-1.6559296	-0.9718323	-0.3049469
147252154	ACC	1.3385162	-10.370041	-0.72283936
147252162	GYR	-1.5769958	-0.839859	-0.20118713
147252170	MAG	11.38916	36.85608	14.959717
147252164	ACC	2.090683	-10.3124695	-0.7242737
147252172	GYR	-1.4737549	-0.779953	-0.2062378
147252174	ACC	1.100647	-9.874924	-0.9784546
147252182	GYR	-1.3687744	-0.7042999	-0.25196838
147252189	MAG	11.340332	36.502075	16.191101
147252184	ACC	0.46684265	-9.146484	-0.87106323
147252192	GYR	-1.2653503	-0.6219177	-0.31280518
147252194	ACC	-0.20809937	-8.492874	-0.85549927
147252202	GYR	-1.1907501	-0.65000916	-0.3695221
147252209	MAG	11.180115	36.006165	17.207336
147252204	ACC	-0.082611084	-7.3741455	-0.803833
147252212	GYR	-1.1481628	-0.8396301	-0.5287018
147252214	ACC	-1.5719604	-8.58786	-0.8868866
147252228	MAG	10.990906	35.803223	17.880249
147252224	ACC	-1.0905609	-8.365723	-1.3355713
147252222	GYR	-1.0932922	-1.202301	-0.54437256
147252234	ACC	-1.168457	-8.160614	-1.2457733
147252232	GYR	-1.0530853	-1.5350342	-0.524353
147252247	MAG	11.248779	35.290527	18.641663
147252244	ACC	-0.9024811	-8.048981	-1.1097565
147252242	GYR	-0.9927063	-1.715683	-0.53512573
147252254	ACC	-0.5708771	-8.103058	-1.1659393
147252252	GYR	-0.9270325	-1.7333069	-0.51304626
147252266	MAG	11.717224	35.231018	19.081116
147252264	ACC	-0.53852844	-8.292236	-1.2217712
147252262	GYR	-0.84950256	-1.7119598	-0.5326996
147252274	ACC	-0.686203	-8.278503	-1.0851898
147252272	GYR	-0.7755585	-1.7458649	-0.57299805
147252286	MAG	12.211609	34.88617	19.122314
147252284	ACC	-0.6692047	-8.170792	-0.98599243
147252282	GYR	-0.68904114	-1.7661133	-0.56604004
147252294	ACC	-0.6020813	-7.7721863	-0.90864563
147252291	GYR	-0.6221466	-1.7028656	-0.5361786
147252305	MAG	12.72583	34.79309	19.514465
147252304	ACC	-0.5992737	-7.0124054	-1.0257568
147252301	GYR	-0.5443268	-1.6010742	-0.51130676
147252314	ACC	-0.8424835	-6.3745575	-0.8936615
147252311	GYR	-0.4359436	-1.5043182	-0.49710083
147252324	MAG	12.82959	34.596252	19.569397
147252324	ACC	-1.4169922	-6.562027	-1.0224609
147252321	GYR	-0.30392456	-1.3671722	-0.4586792
147252334	ACC	-1.7240906	-6.837677	-1.3135681
147252331	GYR	-0.1194458	-1.2043304	-0.39421082
147252343	MAG	13.102722	34.962463	19.387817
147252344	ACC	-1.3761902	-6.429184	-1.4587402
147252341	GYR	0.041763306	-0.99235535	-0.27294922
147252354	ACC	-1.2259979	-5.8382416	-1.7050171
147252351	GYR	0.16699219	-0.72184753	-0.14936829
147252362	MAG	13.525391	34.980774	19.223022
147252364	ACC	-1.7539978	-5.964752	-1.9972687
147252361	GYR	0.28866577	-0.5065918	-0.06326294
147252374	ACC	-1.4587097	-5.954895	-2.298111
147252371	GYR	0.41851807	-0.4130249	0.013671875
147252382	MAG	13.66272	34.87549	19.082642
147252384	ACC	-1.1242065	-5.7174225	-2.5635376
147252381	GYR	0.5669708	-0.43748474	0.0867157
147252394	ACC	-0.8041687	-5.710724	-2.7874908
147252391	GYR	0.7295685	-0.51213074	0.0750885
147252401	MAG	13.937378	35.16693	18.258667
147252404	ACC	-0.67819214	-6.5349426	-3.4056244
147252401	GYR	0.894104	-0.6251373	0.015701294
147252414	ACC	-0.7523041	-7.7889404	-4.0956726
147252411	GYR	1.0651855	-0.83621216	-0.041992188
147252420	MAG	14.353943	35.57892	17.417908
147252424	ACC	0.2937317	-8.36409	-4.567215
147252421	GYR	1.1424103	-0.9847107	-0.020309448
147252434	ACC	1.2420349	-8.729446	-5.1721344
147252431	GYR	1.0724182	-0.917923	0.039413452
147252439	MAG	14.657593	36.273193	16.426086
147252444	ACC	1.2559967	-9.5563965	-6.035675
147252441	GYR	0.925354	-0.78712463	0.036697388
147252454	ACC	1.4386139	-10.4943695	-6.8525543
147252451	GYR	0.7423706	-0.7036743	0.021026611
147252459	MAG	15.171814	36.64856	15.582275
147252464	ACC	1.8802032	-10.500748	-6.998184
147252461	GYR	0.5518036	-0.6930084	0.022476196
147252474	ACC	1.2341003	-10.046051	-6.5213165
147252471	GYR	0.37069702	-0.675354	-0.024673462
147252478	MAG	15.409851	36.81183	14.907837
147252484	ACC	0.20205688	-9.910828	-6.0559387
147252481	GYR	0.21736145	-0.5553894	-0.09593201
147252494	ACC	-0.24162292	-10.4935	-6.351425
147252491	GYR	0.099731445	-0.40097046	-0.10736084
147252497	MAG	15.586853	36.946106	14.703369
147252504	ACC	0.09312439	-10.082245	-7.032425
147252501	GYR	-0.021026611	-0.32011414	-0.07498169
147252511	GYR	-0.16819763	-0.31915283	-0.10676575
147252516	MAG	15.716553	37.039185	14.503479
147252514	ACC	-0.24615479	-9.873291	-7.3452606
147252521	GYR	-0.3342743	-0.33335876	-0.15629578
147252524	ACC	0.050582886	-10.369858	-7.068695
147252531	GYR	-0.5064087	-0.3063202	-0.22091675
147252536	MAG	15.843201	36.90033	14.875793
147252534	ACC	0.2800598	-10.821213	-6.523285
147252541	GYR	-0.65649414	-0.27923584	-0.326828
147252544	ACC	0.37213135	-11.028381	-5.865082
147252551	GYR	-0.72732544	-0.34358215	-0.424469
147252555	MAG	15.611267	36.886597	15.029907
147252554	ACC	0.56710815	-10.709457	-5.2810516
147252561	GYR	-0.70344543	-0.49345398	-0.4560089
147252564	ACC	0.48216248	-9.487839	-5.1234283
147252571	GYR	-0.66329956	-0.65226746	-0.49325562
147252574	MAG	15.202332	36.70349	15.344238
147252574	ACC	0.18890381	-8.344284	-4.946884
147252581	GYR	-0.5766907	-0.8662567	-0.46298218
147252583	ACC	0.30447388	-7.115509	-4.760376
147252591	GYR	-0.4561615	-1.0214386	-0.4225006
147252593	MAG	14.878845	36.801147	14.93988
147252593	ACC	0.49945068	-6.1393433	-4.51268
147252601	GYR	-0.3184967	-1.1095886	-0.36863708
147252603	ACC	0.7914429	-5.696945	-4.159683
147252612	MAG	14.624023	36.65161	15.382385
147252613	ACC	0.97979736	-5.9290466	-3.8194122
147252611	GYR	-0.1691742	-1.1032257	-0.36236572
147252623	ACC	0.7926178	-6.846176	-3.7608032
147252621	GYR	-0.011001587	-1.0633392	-0.42559814
147252632	MAG	14.637756	36.79657	14.955139
147252633	ACC	0.40168762	-8.265411	-4.75502
147252631	GYR	0.15786743	-1.0471039	-0.52812195
147252643	ACC	-0.58117676	-10.384262	-6.636902
147252641	GYR	0.29586792	-0.978775	-0.6292267
147252651	MAG	14.76593	37.121582	14.785767
147252653	ACC	-2.59021	-13.312698	-7.84639
147252651	GYR	0.34716797	-0.8076172	-0.7345276
147252663	ACC	-3.8657837	-16.642227	-7.453369
147252661	GYR	0.24378967	-0.7876892	-0.69059753
147252670	MAG	13.900757	37.83722	13.722229
147252673	ACC	-3.1113129	-18.464478	-6.7913055
147252671	GYR	0.08421326	-0.9449463	-0.4373474
147252683	ACC	-0.9384918	-17.79837	-6.324188
147252681	GYR	-0.09088135	-0.97514343	-0.21551514
147252690	MAG	13.964844	37.98523	12.643433
147252693	ACC	0.7734833	-14.789444	-4.953583
147252691	GYR	-0.3453827	-0.7579651	-0.22668457
147252703	ACC	0.6101532	-10.344986	-2.462738
147252701	GYR	-0.5809784	-0.36732483	-0.39112854
147252709	MAG	13.711548	38.064575	13.162231
147252713	ACC	-0.94841003	-6.266632	0.5066681
147252711	GYR	-0.5927887	0.105148315	-0.5560303
147252723	ACC	-2.6445618	-3.7519379	3.5801086
147252721	GYR	-0.2985382	0.52223206	-0.6027527
147252728	MAG	13.215637	37.982178	14.3081665
147252733	ACC	-3.8134918	-3.1534271	4.670044
147252731	GYR	0.2714386	0.8970642	-0.50930786
147252747	MAG	12.72583	38.090515	14.930725
147252743	ACC	-4.911438	-4.2444	3.0821686
147252741	GYR	0.89312744	1.212738	-0.3235321
147252753	ACC	-5.766159	-5.9530487	0.22979736
147252751	GYR	1.3099823	1.2498627	-0.062042236
147252766	MAG	12.590027	38.432312	13.804626
147252763	ACC	-6.092804	-7.822769	-2.7452698
147252761	GYR	1.4724884	0.99710083	0.26042175
147252773	ACC	-4.8174896	-9.72084	-4.479187
147252771	GYR	1.4377747	0.62838745	0.57180786
147252785	MAG	13.15155	39.198303	12.374878
147252783	ACC	-2.2906647	-11.077759	-2.9722137
147252780	GYR	1.2886505	0.31324768	0.7706909
147252793	ACC	-0.42713928	-11.327759	-0.12034607
147252790	GYR	1.1345825	0.29048157	0.76408386
147252805	MAG	13.088989	39.60266	10.313416
147252803	ACC	0.11437988	-10.686874	1.6518402
147252800	GYR	1.0811462	0.6373749	0.6215515
147252813	ACC	-0.08708191	-10.001633	1.6615295
147252810	GYR	1.1233978	1.1390228	0.48942566
147252824	MAG	13.568115	39.41803	11.500549
147252823	ACC	0.03239441	-9.600586	0.6180115
147252820	GYR	1.1890564	1.5596008	0.42059326
147252833	ACC	0.3625641	-9.5086975	-0.40567017
147252830	GYR	1.1916809	1.7891235	0.36665344
147252843	MAG	14.21051	39.73236	10.421753
147252843	ACC	0.36471558	-9.756561	-0.85253906
147252840	GYR	1.1034241	1.8756561	0.274765
147252853	ACC	0.20753479	-9.905426	-1.1007385
147252850	GYR	0.9972534	1.8988495	0.16496277
147252862	MAG	14.649963	40.00702	10.516357
147252863	ACC	0.25827026	-9.862625	-1.117691
147252860	GYR	0.9444885	1.9037476	0.07688904
147252873	ACC	0.51779175	-9.75415	-1.0654144
147252870	GYR	0.9528656	1.9009705	0.017303467
147252882	MAG	14.103699	40.12451	10.354614
147252883	ACC	-0.1966095	-9.069962	-1.5545197
147252880	GYR	0.98683167	1.8539429	-0.0042266846
147252893	ACC	-0.7900238	-8.641754	-1.6140137
147252890	GYR	0.97273254	1.6456909	0.08250427
147252901	MAG	14.103699	40.512085	9.7717285
147252900	GYR	0.93795776	1.3157043	0.26187134
147252903	ACC	-0.787796	-9.041107	-0.99946594
147252910	GYR	0.9882965	1.0322418	0.41012573
147252920	MAG	14.004517	40.670776	9.118652
147252913	ACC	-0.4367981	-9.999573	-0.61279297
147252920	GYR	1.0811615	0.95365906	0.45358276
147252923	ACC	-0.78370667	-10.273895	-0.5622101
147252930	GYR	1.1336823	1.0178986	0.48387146
147252939	MAG	14.222717	40.812683	8.169556
147252933	ACC	-1.028656	-10.16304	-0.39179993
147252940	GYR	1.1605072	1.1370392	0.5570221
147252943	ACC	-0.84132385	-10.028198	-0.36320496
147252950	GYR	1.1741333	1.2698517	0.6202698
147252958	MAG	14.546204	41.06598	7.345581
147252953	ACC	-0.7201996	-9.919647	-0.1274414
147252960	GYR	1.1997833	1.4137573	0.66773987
147252963	ACC	-0.55130005	-9.876083	-0.05429077
147252970	GYR	1.2137604	1.5957336	0.6897125
147252978	MAG	14.924622	41.122437	6.578064
147252973	ACC	-0.19070435	-9.978043	-0.3066101
147252980	GYR	1.2042542	1.781723	0.67549133
147252983	ACC	0.29774475	-10.178421	-0.57954407
147252990	GYR	1.1564941	1.8451843	0.59280396
147252997	MAG	15.481567	41.194153	5.6152344
147252993	ACC	0.38320923	-10.174149	-0.3627472
147253003	ACC	0.4711151	-9.804932	-0.02331543
147253000	GYR	1.1083679	1.7568054	0.49180603
147253016	MAG	15.293884	41.304016	5.062866
147253013	ACC	0.6062317	-9.529617	0.24575806
147253010	GYR	1.0942535	1.6188354	0.42481995
147253023	ACC	0.718338	-9.614792	0.43714905
147253020	GYR	1.0922241	1.5392151	0.35792542
147253035	MAG	15.686035	41.542053	4.51355
147253033	ACC	0.5517578	-9.657684	-0.011062622
147253030	GYR	1.1199188	1.4483337	0.28155518
147253043	ACC	0.33343506	-9.516418	-0.46395874
147253040	GYR	1.1194763	1.4019775	0.2074585
147253055	MAG	15.5807495	41.511536	3.7353516
147253053	ACC	0.21739197	-9.517029	-0.29916382
147253050	GYR	1.0592957	1.5500488	0.14929199
147253062	ACC	0.24653625	-9.662735	-0.14743042
147253060	GYR	1.0251923	1.6728058	0.08892822
147253074	MAG	15.5303955	41.630554	3.0822754
147253072	ACC	0.39169312	-9.821426	-0.025360107
147253070	GYR	0.99694824	1.7114563	0.03668213
147253082	ACC	0.5312958	-9.936905	-0.030853271
147253080	GYR	0.9686127	1.7225494	-0.02218628
147253093	MAG	15.061951	41.804504	2.6809692
147253092	ACC	0.6217499	-10.010117	0.016174316
147253090	GYR	0.9273529	1.6949158	-0.09324646
147253102	ACC	0.66934204	-9.924561	0.068237305
147253100	GYR	0.8834839	1.6130524	-0.17552185
147253112	MAG	14.987183	41.941833	2.3513794
147253112	ACC	0.49978638	-9.824722	-0.07397461
147253110	GYR	0.8605652	1.5054169	-0.2726593
147253122	ACC	0.28979492	-9.710495	-0.13015747
147253120	GYR	0.8451996	1.4111633	-0.37121582
147253132	MAG	15.002441	42.007446	1.9287109
147253132	ACC	0.14768982	-9.476013	0.03692627
147253130	GYR	0.829834	1.3601227	-0.44088745
147253142	ACC	-0.23698425	-9.040436	0.29315186
147253140	GYR	0.8391571	1.3311615	-0.4797058
147253151	MAG	14.099121	42.25006	1.550293
147253152	ACC	-0.14533997	-8.740463	0.034088135
147253150	GYR	0.88349915	1.2465668	-0.44174194
147253162	ACC	0.4288025	-8.7331085	-0.2682495
147253160	GYR	0.93807983	1.0935059	-0.2707367
147253170	MAG	13.902283	42.59796	0.93536377
147253172	ACC	1.1447449	-8.939423	-0.22592163
147253170	GYR	0.9521942	0.94374084	-0.05467224
147253182	ACC	1.4853363	-9.354721	-0.21038818
147253180	GYR	0.94163513	0.8913727	0.09411621
147253189	MAG	13.861084	42.59491	0.3829956
147253192	ACC	1.5562134	-9.531723	-0.39953613
147253190	GYR	0.9545746	0.9579773	0.16427612
147253202	ACC	1.8015137	-9.210541	-0.51104736
147253200	GYR	1.0087891	1.0554962	0.20379639
147253208	MAG	13.745117	42.80548	-0.5050659
147253212	ACC	2.1074371	-9.352325	-1.0231628
147253210	GYR	1.0996857	1.1837769	0.22872925
147253222	ACC	1.8987579	-9.304169	-1.9899292
147253220	GYR	1.1791382	1.3585205	0.21847534
147253228	MAG	14.065552	42.829895	-1.4053345
147253232	ACC	1.1564178	-9.421967	-2.3508759
147253230	GYR	1.120636	1.4757538	0.16314697
147253242	ACC	0.32383728	-9.262054	-1.4278107
147253240	GYR	0.8834076	1.4381714	0.10588074
147253247	MAG	13.973999	42.788696	-1.9989014
147253252	ACC	0.19006348	-9.462692	-0.33833313
147253250	GYR	0.6151123	1.3134308	0.09877014
147253262	ACC	0.5371094	-9.705109	0.12338257
147253259	GYR	0.4366455	1.2318726	0.105529785
147253266	MAG	14.234924	42.85736	-2.3895264
147253272	ACC	0.83735657	-9.839951	0.08470154
147253269	GYR	0.34214783	1.1898041	0.06404114
147253282	ACC	1.0634003	-10.0664215	-0.07817078
147253279	GYR	0.28178406	1.1432037	-0.019439697
147253285	MAG	14.334106	43.04962	-2.3162842
147253289	GYR	0.23484802	1.1047363	-0.10122681
147253292	ACC	1.3787079	-10.226852	-0.07316589
147253299	GYR	0.19476318	1.1056519	-0.17088318
147253305	MAG	14.508057	43.185425	-2.5680542
147253302	ACC	1.4741821	-10.6406555	0.22085571
147253309	GYR	0.16946411	1.1624146	-0.23028564
147253312	ACC	1.6710815	-11.17868	0.22854614
147253319	GYR	0.15167236	1.2590637	-0.30586243
147253324	MAG	14.149475	42.999268	-2.2094727
147253322	ACC	1.2527924	-11.767441	0.2887268
147253329	GYR	0.14665222	1.4120178	-0.38394165
147253332	ACC	-0.013092041	-12.203445	-0.026733398
147253339	GYR	0.16012573	1.6196442	-0.3625641
147253343	MAG	14.196777	43.000793	-2.2125244
147253342	ACC	-0.48754883	-12.369293	-0.9572449
147253349	GYR	0.18023682	1.7961731	-0.24707031
147253352	ACC	-0.27053833	-12.018951	-1.7789612
147253359	GYR	0.13728333	1.881546	-0.21122742
147253362	MAG	13.726807	43.096924	-2.005005
147253362	ACC	-0.3521881	-11.952286	-1.7179718
147253369	GYR	0.06266785	1.8769073	-0.20230103
147253372	ACC	0.1293335	-12.226761	-1.506897
147253379	GYR	-0.052444458	1.8185883	-0.20788574
147253381	MAG	13.511658	43.107605	-1.6235352
147253382	ACC	1.1073151	-12.759888	-1.0540314
147253389	GYR	-0.23487854	1.7321777	-0.27096558
147253392	ACC	2.0794373	-13.244827	-0.24899292
147253401	MAG	13.452148	43.151855	-1.1138916
147253402	ACC	2.9009094	-13.517609	0.110839844
147253399	GYR	-0.42333984	1.612854	-0.4050293
147253412	ACC	3.5251312	-13.548706	-0.5181732
147253409	GYR	-0.5335541	1.4560852	-0.5655365
147253420	MAG	13.095093	43.19458	-0.6790161
147253422	ACC	3.6031647	-13.677216	-1.6213531
147253419	GYR	-0.61235046	1.3237	-0.7159729
147253432	ACC	2.8944244	-13.706863	-2.3812103
147253429	GYR	-0.7633667	1.2506866	-0.8316498
147253439	MAG	12.641907	43.426514	0.44250488
147253442	ACC	1.5283813	-13.387558	-2.5433044
147253439	GYR	-1.0126495	1.1645508	-0.8991852
147253452	ACC	-0.11387634	-12.733154	-2.3191223
147253449	GYR	-1.3067322	1.020813	-0.933548
147253458	MAG	11.650085	43.307495	1.435852
147253462	ACC	-1.4598236	-11.843887	-1.6203461
147253459	GYR	-1.5903625	0.78596497	-0.9433136
147253472	ACC	-2.2546997	-10.952362	-0.71517944
147253469	GYR	-1.8570404	0.49934387	-0.9030304
147253478	MAG	10.832214	43.12439	3.440857
147253482	ACC	-2.7573853	-10.656631	-0.4235382
147253479	GYR	-2.0886688	0.38949585	-0.85240173
147253492	ACC	-3.1668243	-11.224396	-0.7392273
147253489	GYR	-2.311386	0.5815277	-0.81295776
147253497	MAG	10.084534	42.84668	5.7266235
147253502	ACC	-3.560257	-12.129944	-0.8868866
147253499	GYR	-2.545639	1.0191193	-0.76327515
147253512	ACC	-3.9939423	-12.801407	-0.45526123
147253509	GYR	-2.7442017	1.4303741	-0.68122864
147253516	MAG	9.356689	42.437744	8.251953
147253522	ACC	-4.107559	-13.262573	0.7346649
147253519	GYR	-2.8331451	1.5111237	-0.5699768
147253535	MAG	8.435059	41.83197	10.757446
147253532	ACC	-3.5955505	-13.491135	2.341568
147253529	GYR	-2.7710419	1.2094269	-0.46209717
147253541	ACC	-2.2882538	-13.258255	2.8263855
147253539	GYR	-2.5566254	0.7741394	-0.41067505
147253555	MAG	7.998657	41.15753	13.2369995
147253551	ACC	-0.5079651	-12.779007	1.4668732
147253549	GYR	-2.2799072	0.45095825	-0.4337921
147253561	ACC	1.0200806	-12.354019	-0.46495056
147253559	GYR	-2.1005554	0.3269043	-0.5000458
147253574	MAG	7.373047	40.286255	15.09552
147253571	ACC	2.5218964	-12.144943	-1.4521484
147253569	GYR	-2.08992	0.37968445	-0.56285095
147253581	ACC	2.1103516	-12.27536	-3.0092926
147253579	GYR	-2.116333	0.35769653	-0.63648987
147253593	MAG	6.491089	39.8468	16.845703
147253591	ACC	0.63186646	-12.017075	-3.591385
147253589	GYR	-2.1202545	0.046066284	-0.6779785
147253601	ACC	-0.076187134	-11.168274	-2.796875
147253599	GYR	-2.1712646	-0.33831787	-0.5960541
147253612	MAG	5.583191	39.15863	18.197632
147253611	ACC	-0.17738342	-10.005325	-1.2961121
147253609	GYR	-2.2161865	-0.58273315	-0.45414734
147253621	ACC	-0.23902893	-8.847107	-0.028213501
147253619	GYR	-2.1901245	-0.64894104	-0.3427887
147253631	MAG	6.440735	38.015747	21.051025
147253631	ACC	-0.44877625	-8.005814	0.25131226
147253629	GYR	-2.1001282	-0.50209045	-0.25784302
147253641	ACC	0.70014954	-7.8444366	0.95536804
147253639	GYR	-2.0060883	-0.37124634	-0.17160034
147253651	MAG	6.361389	36.99341	22.377014
147253651	ACC	1.415329	-8.59935	0.8890228
147253649	GYR	-1.899353	-0.5435028	-0.15403748
147253661	ACC	0.9536133	-8.644348	0.23362732
147253659	GYR	-1.7749023	-0.75852966	-0.27053833
147253670	MAG	6.715393	36.094666	23.71521
147253671	ACC	0.43267822	-8.070953	-0.19981384
147253669	GYR	-1.6757202	-0.88027954	-0.39668274
147253679	GYR	-1.5950165	-0.98435974	-0.44587708
147253689	MAG	6.5994263	35.250854	25.262451
147253681	ACC	0.06492615	-7.278366	-0.68096924
147253689	GYR	-1.539154	-1.1401978	-0.43043518
147253691	ACC	-0.20787048	-6.638626	-1.0097809
147253699	GYR	-1.5189056	-1.31633	-0.3718872
147253708	MAG	7.2250366	34.490967	26.3443
147253701	ACC	-0.49830627	-6.177429	-1.1692352
147253709	GYR	-1.5099945	-1.467041	-0.28234863
147253711	ACC	-0.7814331	-5.858246	-1.0473785
147253719	GYR	-1.4669647	-1.5829773	-0.16944885
147253728	MAG	7.661438	33.76007	27.526855
147253721	ACC	-0.9563751	-5.5481415	-0.9876404
147253729	GYR	-1.3649902	-1.6889038	-0.056625366
147253731	ACC	-1.0013885	-5.3589783	-0.9460602
147253738	GYR	-1.2192688	-1.7805023	0.039138794
147253747	MAG	8.708191	32.980347	28.399658
147253741	ACC	-0.80796814	-5.226303	-1.0249329
147253748	GYR	-1.0471191	-1.8409729	0.1251831
147253751	ACC	-0.61125183	-4.9257812	-0.78526306
147253758	GYR	-0.84251404	-1.7828674	0.19502258
147253766	MAG	9.907532	32.585144	28.817749
147253761	ACC	-0.30422974	-4.519348	-0.72740173
147253768	GYR	-0.60565186	-1.6157837	0.23074341
147253771	ACC	-0.18928528	-4.29158	-0.82696533
147253778	GYR	-0.35917664	-1.4059143	0.25787354
147253785	MAG	11.2854	32.128906	28.999329
147253781	ACC	-0.24516296	-4.225296	-1.042633
147253791	ACC	-0.39620972	-4.280655	-1.2701416
147253788	GYR	-0.11943054	-1.1622009	0.29275513
147253804	MAG	12.432861	32.162476	28.790283
147253801	ACC	-0.493515	-4.364044	-1.6974487
147253798	GYR	0.11294556	-0.8674164	0.31977844
147253811	ACC	-0.6222992	-4.4004364	-2.2388458
147253808	GYR	0.33119202	-0.5809784	0.33537292
147253824	MAG	12.915039	32.250977	28.755188
147253821	ACC	-0.47982788	-4.362854	-2.6055908
147253818	GYR	0.5179596	-0.36701965	0.35749817
147253831	ACC	-0.08874512	-4.375931	-2.8901215
147253828	GYR	0.68707275	-0.21255493	0.37319946
147253843	MAG	13.63678	32.540894	28.089905
147253841	ACC	0.31752014	-4.6504517	-3.3673096
147253838	GYR	0.8464813	-0.08883667	0.36709595
147253851	ACC	0.6793823	-5.199463	-4.2834015
147253848	GYR	0.99716187	0.026382446	0.3383789
147253862	MAG	13.803101	33.0719	27.163696
147253861	ACC	1.2615356	-5.969742	-5.7204285
147253858	GYR	1.1215668	0.1386261	0.3010254
147253871	ACC	1.9563141	-7.0726166	-7.61763
147253868	GYR	1.1862335	0.21739197	0.2442627
147253881	MAG	13.983154	33.5907	26.42212
147253881	ACC	2.5897064	-8.49646	-9.506897
147253878	GYR	1.154129	0.25050354	0.15838623
147253891	ACC	2.8477478	-9.972534	-10.888321
147253888	GYR	1.0138245	0.21032715	0.06121826
147253901	MAG	14.122009	34.25598	25.810242
147253901	ACC	2.789322	-11.292221	-11.774078
147253898	GYR	0.79766846	0.10272217	-0.029067993
147253911	ACC	2.3863068	-12.409302	-12.320038
147253908	GYR	0.5357208	-0.06951904	-0.10076904
147253920	MAG	13.887024	34.632874	25.335693
147253921	ACC	1.6263885	-13.2517395	-12.418625
147253918	GYR	0.23417664	-0.30444336	-0.14932251
147253931	ACC	0.8497009	-13.764542	-11.77861
147253928	GYR	-0.10897827	-0.511261	-0.17053223
147253939	MAG	13.970947	34.60846	25.146484
147253941	ACC	0.49427795	-14.00119	-10.433716
147253938	GYR	-0.4586792	-0.5873413	-0.17712402
147253951	ACC	0.9525604	-13.928375	-8.722107
147253948	GYR	-0.7470093	-0.56962585	-0.18379211
147253958	MAG	14.019775	34.375	25.76294
147253961	ACC	1.2124329	-13.134399	-7.3832703
147253958	GYR	-0.90911865	-0.6203308	-0.2340393
147253971	ACC	0.7722473	-11.3598175	-6.5382843
147253968	GYR	-0.94114685	-0.86798096	-0.32983398
147253978	MAG	14.639282	34.083557	26.208496
147253981	ACC	0.085754395	-9.023514	-6.038971
147253978	GYR	-0.88974	-1.2717896	-0.41966248
147253991	ACC	-0.9458313	-6.919815	-5.9321594
147253988	GYR	-0.7777252	-1.6490936	-0.4781952
147253997	MAG	14.880371	33.70056	26.776123
147254001	ACC	-2.3063202	-6.0266724	-6.3260345
147253998	GYR	-0.61154175	-1.8209381	-0.48910522
147254011	ACC	-3.5114899	-7.1173553	-7.4470367
147254008	GYR	-0.4172821	-1.7324371	-0.43556213
147254016	MAG	15.472412	33.547974	26.890564
147254021	ACC	-4.338028	-10.483734	-7.0676727
147254018	GYR	-0.23478699	-1.4526978	-0.3499298
147254030	ACC	-5.4694214	-14.464523	-4.7286987
147254028	GYR	-0.036102295	-1.021759	-0.25785828
147254035	MAG	16.227722	33.770752	26.644897
147254040	ACC	-4.3460846	-15.386841	-4.2063904
147254038	GYR	0.21333313	-0.3820343	-0.0900116
147254050	ACC	-1.4701691	-13.4184265	-6.1822205
147254048	GYR	0.3677826	0.3547821	0.071746826
147254054	MAG	16.375732	34.118652	26.750183
147254060	ACC	0.5542755	-12.222809	-6.7262726
147254058	GYR	0.25556946	0.74102783	0.034851074
147254070	ACC	1.9569397	-11.259171	-3.2368774
147254068	GYR	-0.039154053	0.7754669	-0.18475342
147254074	MAG	16.238403	34.069824	26.855469
147254078	GYR	-0.25975037	1.0723114	-0.47485352
147254080	ACC	0.8716583	-8.370529	1.1010437
147254088	GYR	-0.21653748	1.7226715	-0.6590271
147254093	MAG	15.505981	33.903503	27.420044
147254090	ACC	-3.1826782	-4.43808	3.271988
147254098	GYR	0.08885193	2.230774	-0.5823822
147254100	ACC	-7.217163	-2.2010193	5.5095673
147254108	GYR	0.6363678	2.3351898	-0.27011108
147254112	MAG	13.366699	33.984375	28.004456
147254110	ACC	-9.387451	-1.8345184	5.9785004
147254118	GYR	1.1726227	2.2093048	0.13446045
147254120	ACC	-10.825821	-3.2945404	-1.2524872
147254128	GYR	1.0824432	2.004242	0.60427856
147254131	MAG	11.92627	34.643555	27.67334
147254130	ACC	-10.05571	-6.1602173	-4.5832214
147254138	GYR	0.60191345	1.5827789	1.0309296
147254140	ACC	-7.1081543	-9.100861	-3.8096008
147254148	GYR	0.4558258	1.0006714	1.2057953
147254151	MAG	11.799622	35.168457	27.366638
147254150	ACC	-2.7150269	-11.29895	-0.2795105
147254158	GYR	0.7736664	1.0280762	1.1598206
147254160	ACC	1.5830688	-12.505096	4.1380005
147254168	GYR	1.3050537	1.9912415	1.0089874
147254170	MAG	12.174988	35.227966	26.551819
147254170	ACC	3.1186218	-13.386749	5.4163666
147254180	ACC	2.3305817	-13.913681	3.0899658
147254178	GYR	1.7458344	3.1936798	0.8720856
147254189	MAG	11.485291	36.073303	25.932312
147254190	ACC	1.8239288	-13.592468	0.20588684
147254188	GYR	1.915329	3.7449646	0.7986908
147254200	ACC	2.0943604	-12.445282	-0.5674896
147254198	GYR	1.8485565	3.6400146	0.70425415
147254208	MAG	9.924316	37.139893	24.700928
147254210	ACC	2.6547089	-11.054855	-0.19587708
147254208	GYR	1.7254944	3.3819122	0.5753479
147254220	ACC	3.1598358	-10.231598	-0.46376038
147254217	GYR	1.6786194	3.2462158	0.48280334
147254227	MAG	8.726501	37.960815	23.74115
147254230	ACC	3.3417358	-10.061142	-0.65625
147254227	GYR	1.670044	3.0427094	0.43074036
147254240	ACC	3.3561554	-10.135864	-0.38989258
147254237	GYR	1.6598053	2.7408905	0.41911316
147254247	MAG	7.4661255	38.598633	22.567749
147254250	ACC	3.1730194	-10.135437	0.12007141
147254247	GYR	1.6604462	2.482895	0.41860962
147254260	ACC	2.8271332	-10.035202	0.7350464
147254257	GYR	1.6968231	2.308731	0.40138245
147254266	MAG	6.7001343	39.741516	20.959473
147254270	ACC	2.3374329	-9.880539	1.0601807
147254267	GYR	1.7873993	2.1450043	0.36445618
147254280	ACC	1.5380554	-9.590378	0.8903656
147254277	GYR	1.8951569	1.9450989	0.3150177
147254285	MAG	6.010437	40.47699	19.65332
147254290	ACC	0.69247437	-9.278519	0.4913025
147254287	GYR	1.921936	1.7757568	0.2939453
147254300	ACC	0.06291199	-9.089478	-0.123672485
147254297	GYR	1.8391876	1.6104431	0.33494568
147254305	MAG	5.433655	41.358948	17.912292
147254310	ACC	-0.33824158	-9.071533	-0.5702667
147254307	GYR	1.6607056	1.3901062	0.4071045
147254324	MAG	5.2368164	41.90216	16.682434
147254320	ACC	-0.6163788	-9.125809	-0.22799683
147254317	GYR	1.4215546	1.1072693	0.46725464
147254330	ACC	-0.81999207	-9.003983	0.42131042
147254327	GYR	1.2263947	0.8282013	0.48701477
147254343	MAG	5.2246094	42.419434	15.304565
147254340	ACC	-0.9009247	-8.931702	0.39172363
147254337	GYR	1.1618958	0.80122375	0.4623108
147254350	ACC	-0.52775574	-9.1848755	0.34266663
147254347	GYR	1.1775818	1.0826569	0.42582703
147254362	MAG	5.532837	42.91687	14.324951
147254360	ACC	-0.20539856	-9.450439	-0.52098083
147254357	GYR	1.1929626	1.3455353	0.40176392
147254370	ACC	0.026397705	-9.459854	-0.97798157
147254367	GYR	1.1589661	1.4571075	0.38783264
147254381	MAG	5.404663	43.136597	13.298035
147254380	ACC	0.38980103	-9.380905	-0.7900696
147254377	GYR	1.0455017	1.5035706	0.3857727
147254390	ACC	0.6295624	-9.181992	-0.30827332
147254387	GYR	0.9197235	1.4617767	0.37783813
147254400	MAG	4.9453735	43.382263	12.382507
147254400	ACC	0.7939453	-8.907471	0.17471313
147254397	GYR	0.8331604	1.411377	0.35845947
147254410	ACC	0.8471222	-8.665955	0.45759583
147254407	GYR	0.80085754	1.3963928	0.34230042
147254420	MAG	4.9224854	43.673706	11.483765
147254420	ACC	0.8922119	-8.426407	0.29782104
147254417	GYR	0.8078613	1.3778381	0.3363037
147254430	ACC	1.0424652	-8.247787	0.024398804
147254427	GYR	0.83517456	1.3723297	0.35884094
147254439	MAG	4.774475	44.100952	10.861206
147254440	ACC	1.113739	-8.178009	-0.30732727
147254437	GYR	0.8629608	1.3794098	0.40097046
147254450	ACC	1.1193848	-8.351547	-0.8200836
147254447	GYR	0.8824005	1.3493958	0.4507904
147254458	MAG	4.547119	44.24286	9.80072
147254460	ACC	1.1910095	-8.635773	-1.6001587
147254457	GYR	0.91537476	1.2750397	0.51213074
147254467	GYR	0.9692688	1.1447754	0.5876007
147254477	MAG	4.975891	44.607544	9.100342
147254470	ACC	1.4333496	-9.008041	-2.676422
147254477	GYR	0.99897766	0.97099304	0.66130066
147254480	ACC	1.6407471	-9.208023	-2.8020782
147254487	GYR	0.997406	0.79273987	0.7189789
147254497	MAG	5.189514	44.83185	8.100891
147254490	ACC	1.7259064	-9.08876	-1.9418945
147254497	GYR	0.9898834	0.67359924	0.759079
147254500	ACC	1.72406	-8.826553	-0.5550995
147254507	GYR	0.99128723	0.6433258	0.778183
147254516	MAG	6.123352	45.188904	7.0480347
147254509	ACC	1.5721741	-8.614319	0.48995972
147254517	GYR	0.98739624	0.6482086	0.7705841
147254519	ACC	1.4750214	-8.788406	0.34153748
147254527	GYR	0.9511719	0.6262665	0.7436981
147254535	MAG	6.2438965	45.446777	6.095886
147254529	ACC	1.6108704	-9.252182	-0.60665894
147254537	GYR	0.87101746	0.565094	0.7028961
147254539	ACC	1.9177856	-9.9188385	-1.5163116
147254547	GYR	0.7588959	0.47943115	0.6620941
147254554	MAG	7.2036743	45.552063	5.3375244
147254549	ACC	2.3785706	-10.577988	-1.8784637
147254557	GYR	0.6220093	0.38513184	0.6232147
147254559	ACC	2.9972534	-11.106354	-1.6655579
147254574	MAG	7.597351	45.750427	4.79126
147254569	ACC	3.5490875	-11.409592	-1.0958405
147254567	GYR	0.47988892	0.2972412	0.56655884
147254579	ACC	3.7402496	-11.470566	-0.69018555
147254577	GYR	0.38764954	0.24879456	0.46739197
147254593	MAG	7.762146	45.62378	4.373169
147254589	ACC	3.4375763	-11.629562	-0.65652466
147254587	GYR	0.35775757	0.2441101	0.32914734
147254599	ACC	2.81073	-11.979797	-0.6566467
147254597	GYR	0.3487091	0.24511719	0.1965332
147254612	MAG	7.759094	45.62683	4.3273926
147254609	ACC	2.2017517	-12.330414	-0.6788635
147254607	GYR	0.32861328	0.2549591	0.10243225
147254619	ACC	1.5016022	-12.539185	-0.88513184
147254617	GYR	0.29571533	0.25616455	0.040237427
147254631	MAG	7.7316284	45.918274	4.029846
147254629	ACC	0.93974304	-12.649994	-1.2783203
147254627	GYR	0.24588013	0.32791138	8.69751E-4
147254639	ACC	0.7068634	-12.8320465	-1.7550049
147254637	GYR	0.17793274	0.49856567	-0.019317627
147254650	MAG	7.725525	45.73059	3.9047241
147254649	ACC	0.81770325	-13.401001	-2.1537476
147254647	GYR	0.08157349	0.6779175	-0.049316406
147254659	ACC	1.3983002	-14.245956	-2.0350342
147254657	GYR	-0.07495117	0.79725647	-0.102874756
147254670	MAG	7.3623657	45.62683	4.211426
147254669	ACC	1.9953766	-14.664795	-1.1477814
147254667	GYR	-0.29833984	0.8100128	-0.20773315
147254679	ACC	2.3222198	-14.388458	-0.6666565
147254677	GYR	-0.48591614	0.74263	-0.37576294
147254689	MAG	7.3532104	45.669556	4.76532
147254689	ACC	2.6481323	-14.078506	-1.3764954
147254687	GYR	-0.57466125	0.60687256	-0.5574188
147254699	ACC	2.7445526	-14.016647	-2.6477966
147254696	GYR	-0.6705322	0.4363556	-0.71739197
147254708	MAG	6.7276	45.420837	5.4214478
147254709	ACC	2.5255432	-13.566498	-3.4404755
147254706	GYR	-0.88139343	0.35191345	-0.83340454
147254719	ACC	1.9938049	-12.573868	-3.0988617
147254716	GYR	-1.2330017	0.3199005	-0.90356445
147254727	MAG	5.963135	45.121765	6.829834
147254729	ACC	0.8518677	-11.484222	-1.9270477
147254726	GYR	-1.6157837	0.19691467	-0.9616699
147254739	ACC	-0.57403564	-10.687256	-1.0548859
147254736	GYR	-1.8884277	-0.05319214	-1.0249634
147254747	MAG	4.9453735	44.709778	8.724976
147254749	ACC	-1.6829834	-10.561996	-1.2214813
147254746	GYR	-2.043869	-0.32389832	-1.0875397
147254759	ACC	-2.3194122	-11.193878	-1.8016968
147254756	GYR	-2.1909485	-0.48971558	-1.147171
147254766	MAG	3.7582397	44.04297	10.879517
147254769	ACC	-2.9622803	-12.479446	-0.98210144
147254766	GYR	-2.4024506	-0.50798035	-1.1850128
147254779	ACC	-3.628067	-14.021561	0.87828064
147254776	GYR	-2.6098633	-0.45846558	-1.1640472
147254785	MAG	2.7130127	43.069458	13.60321
147254789	ACC	-3.862503	-15.287323	2.6520996
147254786	GYR	-2.6945038	-0.4061737	-1.0547333
147254799	ACC	-3.320877	-15.273163	3.4324493
147254796	GYR	-2.5987701	-0.3757782	-0.8720398
147254804	MAG	2.0355225	42.19818	16.065979
147254809	ACC	-1.9100647	-14.420181	2.630127
147254806	GYR	-2.3802643	-0.2995758	-0.6851654
147254819	ACC	-0.3827057	-13.704407	0.71624756
147254816	GYR	-2.1598358	-0.15545654	-0.59490967
147254823	MAG	1.7990112	41.32843	18.59436
147254829	ACC	0.2716217	-13.055817	-1.7765503
147254826	GYR	-2.0098572	-0.05265808	-0.631546
147254839	ACC	0.49588013	-12.6819	-4.1875
147254836	GYR	-1.9574432	-0.11021423	-0.7278595
147254843	MAG	1.2649536	40.34729	20.361328
147254849	ACC	0.6141968	-12.554077	-4.9598846
147254846	GYR	-1.9844055	-0.45591736	-0.8132477
147254856	GYR	-2.047409	-1.0892181	-0.8552551
147254862	MAG	0.4989624	39.123535	22.206116
147254859	ACC	0.45736694	-12.906494	-3.5498505
147254866	GYR	-2.0719147	-1.831955	-0.84991455
147254869	ACC	0.04322815	-12.559982	-1.2865906
147254876	GYR	-2.0810852	-2.121933	-0.7797394
147254881	MAG	0.48217773	38.2782	24.441528
147254879	ACC	-0.31204224	-10.827148	1.018158
147254886	GYR	-2.0377808	-1.7581024	-0.6647339
147254889	ACC	0.407135	-8.703033	1.7649078
147254896	GYR	-1.9008026	-1.1633301	-0.59680176
147254900	MAG	1.1505127	37.017822	26.019287
147254899	ACC	0.82447815	-7.6609497	1.0210876
147254906	GYR	-1.7641754	-0.84939575	-0.60743713
147254909	ACC	0.29504395	-7.2476654	0.35401917
147254916	GYR	-1.7054596	-0.781723	-0.6088867
147254920	MAG	0.94299316	36.016846	27.583313
147254919	ACC	-0.4418335	-6.824692	0.23190308
147254926	GYR	-1.7004089	-0.80744934	-0.56326294
147254929	ACC	0.24734497	-7.1352386	1.113739
147254936	GYR	-1.5929108	-1.2763062	-0.6235657
147254939	MAG	1.020813	34.79309	29.052734
147254939	ACC	-0.0035858154	-7.3461304	0.5377197
147254946	GYR	-1.5741882	-1.7562408	-0.734375
147254949	ACC	-0.029403687	-7.3144684	0.63287354
147254958	MAG	1.3275146	34.007263	30.432129
147254959	ACC	-0.23712158	-6.9816437	0.55459595
147254956	GYR	-1.5810852	-1.9819183	-0.8513794
147254969	ACC	-0.50009155	-6.578293	0.17326355
147254966	GYR	-1.4968872	-2.0522919	-0.92697144
147254977	MAG	2.1148682	33.042908	31.703186
147254979	ACC	-0.8815918	-6.2558594	-0.11764526
147254976	GYR	-1.4077454	-2.1495514	-0.9399872
147254988	ACC	-1.2812042	-5.9604187	-0.10877991
147254986	GYR	-1.3764191	-2.2796936	-0.8955536
147254996	MAG	2.6641846	32.10907	33.032227
147254998	ACC	-1.53685	-5.7122345	0.021911621
147254996	GYR	-1.3463135	-2.396988	-0.80000305
147255008	ACC	-1.7321625	-5.288666	0.10430908
147255006	GYR	-1.2619324	-2.4642181	-0.6823273
147255016	MAG	3.6102295	31.291199	33.866882
147255018	ACC	-1.8699951	-4.7084656	0.26641846
147255016	GYR	-1.1246643	-2.4554749	-0.5787811
147255028	ACC	-1.9320526	-4.1355286	0.383255
147255026	GYR	-0.9320984	-2.370102	-0.48486328
147255035	MAG	4.9362183	30.45044	34.588623
147255038	ACC	-1.8329773	-3.6845856	0.26307678
147255036	GYR	-0.6868744	-2.1921387	-0.40429688
147255048	ACC	-1.6577606	-3.4146729	-0.027160645
147255046	GYR	-0.41534424	-1.9382782	-0.33181763
147255054	MAG	6.184387	29.74701	34.93347
147255058	ACC	-1.4903717	-3.287674	-0.41955566
147255056	GYR	-0.1415863	-1.6270294	-0.25802612
147255068	ACC	-1.2499237	-3.2541199	-0.981369
147255066	GYR	0.13075256	-1.2767792	-0.17782593
147255074	MAG	7.318115	29.753113	34.54132
147255078	ACC	-0.83403015	-3.3681946	-1.645462
147255076	GYR	0.40615845	-0.94947815	-0.095703125
147255088	ACC	-0.48605347	-3.7182312	-2.280243
147255086	GYR	0.66519165	-0.70422363	-0.021621704
147255093	MAG	8.355713	30.143738	34.220886
147255098	ACC	-0.27677917	-4.2386627	-3.0997314
147255096	GYR	0.88082886	-0.5145416	0.043777466
147255112	MAG	8.573914	30.285645	33.27179
147255108	ACC	0.089263916	-5.1222534	-4.4420624
147255106	GYR	1.0349884	-0.32258606	0.10606384
147255118	ACC	0.38165283	-6.434326	-6.4357605
147255116	GYR	1.0982666	-0.111831665	0.14729309
147255131	MAG	8.525085	31.059265	32.75757
147255128	ACC	0.6796417	-8.209763	-8.733536
147255126	GYR	1.0390778	0.0640564	0.16540527
147255138	ACC	1.0234222	-10.156403	-10.648041
147255136	GYR	0.8470764	0.123291016	0.16619873
147255150	MAG	8.984375	31.747437	31.895447
147255148	ACC	1.370285	-11.886902	-11.480667
147255146	GYR	0.5560303	0.041305542	0.13917542
147255158	ACC	1.2007599	-13.089996	-11.450272
147255156	GYR	0.25213623	-0.19306946	0.08906555
147255169	MAG	9.176636	31.829834	31.877136
147255168	ACC	1.4739532	-13.304932	-11.516724
147255166	GYR	0.02130127	-0.5640564	0.04776001
147255178	ACC	1.7771149	-12.570084	-11.836578
147255176	GYR	-0.14962769	-0.9712677	0.02760315
147255189	MAG	9.854126	31.687927	31.846619
147255188	ACC	1.8452911	-11.570816	-11.601181
147255185	GYR	-0.31892395	-1.2964325	0.019927979
147255198	ACC	2.2249908	-10.777924	-10.410126
147255195	GYR	-0.4794464	-1.5123138	0.018814087
147255208	MAG	10.655212	31.333923	32.10144
147255208	ACC	2.2967987	-10.672638	-8.092682
147255205	GYR	-0.5821686	-1.6163788	-0.013366699
147255218	ACC	2.310318	-10.811844	-5.744095
147255215	GYR	-0.5900879	-1.5353241	-0.10424805
147255227	MAG	11.767578	30.815125	31.97937
147255228	ACC	1.8067474	-10.374542	-4.7443237
147255225	GYR	-0.4996338	-1.2948151	-0.23588562
147255238	ACC	0.11364746	-9.115067	-5.149338
147255235	GYR	-0.35572815	-1.0750732	-0.3664856
147255246	MAG	12.460327	30.508423	32.09839
147255245	GYR	-0.21865845	-0.96380615	-0.42152405
147255248	ACC	-0.8667145	-7.783081	-6.4013214
147255255	GYR	-0.1317749	-0.8735657	-0.42289734
147255266	MAG	12.516785	30.578613	32.229614
147255258	ACC	-1.6912384	-7.1542053	-8.714767
147255265	GYR	-0.16168213	-0.7587738	-0.40805054
147255268	ACC	-3.40654	-9.415726	-11.829651
147255275	GYR	-0.33084106	-0.6021576	-0.38912964
147255285	MAG	12.446594	30.714417	31.298828
147255278	ACC	-5.8084564	-15.249344	-9.7034
147255285	GYR	-0.44561768	-0.25056458	-0.22494507
147255288	ACC	-6.755005	-19.909256	-4.2938995
147255295	GYR	-0.32028198	0.450531	0.16111755
147255304	MAG	12.4557495	30.589294	32.048035
147255298	ACC	-2.515747	-18.472275	-3.9172974
147255305	GYR	-0.25453186	0.9732971	0.30862427
147255308	ACC	1.4008179	-15.847656	-5.4968414
147255315	GYR	-0.5465698	1.1094513	0.012481689
147255323	MAG	12.187195	29.79126	32.859802
147255318	ACC	2.3959656	-12.074554	-0.71806335
147255325	GYR	-0.7402191	1.4983063	-0.3856659
147255328	ACC	-0.64024353	-5.2136993	5.23143
147255335	GYR	-0.41882324	1.9742279	-0.5576782
147255343	MAG	10.958862	29.162598	33.810425
147255338	ACC	-5.513916	0.282547	8.34819
147255348	ACC	-9.19165	1.21875	5.8909454
147255345	GYR	0.3508606	1.9719543	-0.4605255
147255362	MAG	8.877563	29.777527	33.984375
147255358	ACC	-10.888733	-0.8796692	-1.6685791
147255355	GYR	1.0189514	1.521347	-0.18727112
147255368	ACC	-9.118515	-3.6060944	-7.207016
147255365	GYR	0.98698425	0.99198914	0.23146057
147255381	MAG	8.184814	30.32074	33.247375
147255378	ACC	-4.0908203	-6.8840027	-6.2355957
147255375	GYR	0.5702362	0.35688782	0.60432434
147255388	ACC	0.71058655	-10.071091	1.2907104
147255385	GYR	0.36569214	0.006011963	0.71806335
147255400	MAG	9.176636	30.39856	32.904053
147255398	ACC	2.2526398	-12.330521	7.9713745
147255395	GYR	0.70910645	0.6428375	0.70762634
147255408	ACC	1.3302917	-14.000198	7.5505524
147255405	GYR	1.4412994	2.267273	0.80381775
147255419	MAG	8.457947	31.500244	31.942749
147255418	ACC	0.4806366	-15.09082	3.6328888
147255415	GYR	1.9808807	3.6477203	0.998703
147255428	ACC	0.7386322	-15.160019	-0.11172485
147255425	GYR	2.102539	4.1490936	1.1190186
147255439	MAG	6.602478	32.447815	30.644226
147255438	ACC	1.6804047	-14.247391	-2.434372
147255435	GYR	1.9658661	3.990631	1.1055145
147255448	ACC	2.5986633	-12.834381	-2.987381
147255445	GYR	1.7258606	3.4025574	0.9769745
147255458	MAG	4.9850464	33.40454	29.284668
147255458	ACC	3.5509644	-11.589386	-1.8302917
147255455	GYR	1.5232391	2.693634	0.8091278
147255467	ACC	4.083847	-10.989655	-0.31214905
147255465	GYR	1.4625397	2.1184387	0.6455841
147255477	MAG	3.9535522	34.521484	28.018188
147255477	ACC	3.9648285	-10.951248	0.21322632
147255475	GYR	1.554245	1.8564758	0.4943695
147255487	ACC	3.5379791	-10.995041	0.2414093
147255485	GYR	1.709671	1.8489532	0.35983276
147255496	MAG	3.2028198	35.266113	26.52893
147255497	ACC	3.0347137	-10.642426	0.5917969
147255495	GYR	1.862442	1.945816	0.24385071
147255507	ACC	2.4819489	-9.991119	0.7360382
147255505	GYR	1.993576	2.0348663	0.14807129
147255516	MAG	2.255249	36.357117	25.073242
147255517	ACC	1.4853516	-9.399551	0.4814911
147255515	GYR	2.0808563	2.0250397	0.07026672
147255527	ACC	0.35864258	-9.109848	-0.020248413
147255525	GYR	2.085312	1.914032	0.042877197
147255535	MAG	1.3122559	37.56256	23.054504
147255537	ACC	-0.59625244	-9.125259	-0.73147583
147255535	GYR	1.9998016	1.6736908	0.10777283
147255547	ACC	-1.2504883	-9.125778	-1.0871277
147255545	GYR	1.8394012	1.2714539	0.24217224
147255554	MAG	0.3112793	38.54065	21.517944
147255557	ACC	-1.4396362	-9.052307	-0.6795807
147255555	GYR	1.6366425	0.8029938	0.3877716
147255567	ACC	-1.4552307	-8.904556	0.31863403
147255565	GYR	1.4672546	0.4693756	0.48710632
147255573	MAG	0.37841797	39.189148	19.940186
147255577	ACC	-1.2435303	-8.533035	0.23080444
147255575	GYR	1.4130707	0.48023987	0.52041626
147255587	ACC	-0.8893585	-8.366333	-0.40078735
147255585	GYR	1.4048767	0.84376526	0.5125885
147255592	MAG	0.9262085	39.770508	18.940735
147255597	ACC	-0.76478577	-8.382355	-0.8803711
147255595	GYR	1.3408661	1.2687073	0.4934845
147255607	ACC	-0.49276733	-8.2825775	-0.6098938
147255605	GYR	1.2349396	1.4779663	0.49263
147255612	MAG	0.4119873	40.40985	17.352295
147255617	ACC	0.08073425	-8.263809	-0.12980652
147255615	GYR	1.1650848	1.4703674	0.49694824
147255627	ACC	-0.18814087	-7.8167877	-0.81121826
147255625	GYR	1.1562653	1.4040527	0.46580505
147255631	MAG	0.4119873	40.914917	16.160583
147255635	GYR	1.0814667	1.4441528	0.48861694
147255637	ACC	-0.18231201	-7.3936615	-0.4388733
147255645	GYR	0.9483185	1.530426	0.57876587
147255650	MAG	0.47607422	41.02478	15.083313
147255647	ACC	0.5776825	-7.3078613	0.59565735
147255655	GYR	0.88349915	1.5253296	0.62677
147255657	ACC	0.8530884	-7.3746643	1.3735046
147255664	GYR	0.9187012	1.4838715	0.6175537
147255669	MAG	0.2593994	41.42914	14.189148
147255667	ACC	0.759552	-7.808258	1.3799896
147255674	GYR	0.98109436	1.4523773	0.6105499
147255677	ACC	0.6376953	-8.442261	1.0950623
147255684	GYR	1.0310974	1.4208832	0.6179199
147255689	MAG	0.40893555	41.93573	13.034058
147255687	ACC	0.5093231	-9.03334	0.4329834
147255694	GYR	1.0589142	1.3636627	0.63830566
147255697	ACC	0.27890015	-9.473221	-0.34545898
147255704	GYR	1.0783081	1.2780609	0.6771698
147255708	MAG	0.37384033	42.352295	11.987305
147255707	ACC	0.061782837	-9.620895	-1.2426605
147255714	GYR	1.0866394	1.1729431	0.7306366
147255717	ACC	0.043914795	-9.437119	-1.9136963
147255724	GYR	1.0423584	1.0760193	0.7839203
147255727	MAG	0.6652832	42.671204	10.743713
147255727	ACC	0.22114563	-9.161423	-1.8521576
147255734	GYR	0.9721832	0.9911957	0.8163605
147255737	ACC	0.6368103	-9.064453	-1.4684906
147255746	MAG	1.0894775	43.03894	9.999084
147255747	ACC	1.0891876	-9.19075	-1.0693054
147255744	GYR	0.91659546	0.9020691	0.8093109
147255757	ACC	1.5494232	-9.456894	-0.8064728
147255754	GYR	0.86683655	0.8326721	0.76963806
147255766	MAG	1.6876221	43.310547	8.972168
147255767	ACC	2.0735016	-9.792923	-0.8260956
147255764	GYR	0.809845	0.81651306	0.713974
147255777	ACC	2.7173767	-10.200562	-0.91973877
147255774	GYR	0.7342529	0.8333435	0.6682739
147255785	MAG	2.192688	43.423462	7.962036
147255787	ACC	3.4393463	-10.683563	-0.7698364
147255784	GYR	0.6277313	0.84487915	0.63539124
147255797	ACC	4.078491	-11.134964	-0.33850098
147255794	GYR	0.5007019	0.81555176	0.6070862
147255804	MAG	2.432251	43.588257	7.2875977
147255807	ACC	4.349991	-11.531937	-0.10366821
147255804	GYR	0.41012573	0.73817444	0.5556946
147255817	ACC	3.978012	-11.845047	-0.48275757
147255814	GYR	0.3988037	0.62338257	0.458313
147255823	MAG	2.8457642	43.57605	6.9869995
147255827	ACC	3.0981903	-11.990082	-1.0751495
147255824	GYR	0.42018127	0.470932	0.33755493
147255837	ACC	2.2159882	-12.029678	-1.3818359
147255834	GYR	0.40553284	0.32499695	0.24864197
147255842	MAG	2.6306152	43.62793	6.718445
147255847	ACC	1.5142059	-12.097992	-1.4601593
147255844	GYR	0.3588562	0.2372284	0.20109558
147255857	ACC	0.9501953	-12.153152	-1.5519562
147255854	GYR	0.312088	0.24569702	0.16934204
147255862	MAG	3.1219482	43.75	6.1706543
147255867	ACC	0.660202	-12.210007	-1.8685913
147255864	GYR	0.26445007	0.38172913	0.14382935
147255877	ACC	0.5548248	-12.342331	-2.4852753
147255874	GYR	0.19667053	0.6099243	0.11540222
147255881	MAG	3.09906	43.692017	5.8517456
147255887	ACC	0.58192444	-12.607193	-3.1152954
147255884	GYR	0.09257507	0.84288025	0.071746826
147255897	ACC	0.9842529	-12.947754	-3.1411743
147255894	GYR	-0.07208252	1.01857	0.02545166
147255900	MAG	2.7954102	43.696594	5.685425
147255907	ACC	1.6749878	-13.250137	-2.839676
147255904	GYR	-0.29022217	1.0737	-0.022857666
147255919	MAG	2.8030396	43.652344	5.7800293
147255917	ACC	2.504898	-13.127747	-2.0711212
147255914	GYR	-0.5422516	0.9847717	-0.108566284
147255927	ACC	3.0550537	-12.414108	-1.3480682
147255924	GYR	-0.7752991	0.83543396	-0.25030518
147255939	MAG	2.722168	43.36548	6.591797
147255937	ACC	3.3874817	-11.715103	-1.5003357
147255934	GYR	-0.93852234	0.66516113	-0.4203186
147255946	ACC	3.5988464	-11.3246155	-2.1083221
147255944	GYR	-1.1033173	0.50772095	-0.5830078
147255958	MAG	1.9744873	42.825317	7.50885
147255956	ACC	3.3122864	-11.188431	-2.1965027
147255954	GYR	-1.3395538	0.40538025	-0.72169495
147255966	ACC	2.6528015	-11.289764	-1.4700317
147255964	GYR	-1.6146545	0.2805786	-0.8397217
147255977	MAG	1.4678955	42.362976	9.098816
147255976	ACC	1.4714661	-11.619263	-0.47209167
147255974	GYR	-1.8498993	0.04095459	-0.95957947
147255986	ACC	-0.04699707	-12.144592	-0.21911621
147255984	GYR	-2.0022278	-0.2559967	-1.0763702
147255996	MAG	0.2029419	41.757202	10.882568
147255996	ACC	-1.1095123	-12.889847	-0.7799225
147255994	GYR	-2.1084442	-0.46194458	-1.1738434
147256006	ACC	-2.0699158	-13.799271	-0.86598206
147256004	GYR	-2.2086334	-0.5847931	-1.2545471
147256016	MAG	-0.73394775	40.9729	13.122559
147256016	ACC	-3.2472076	-14.838806	-0.23405457
147256014	GYR	-2.2697296	-0.6752777	-1.2973175
147256024	GYR	-2.2633972	-0.69259644	-1.2486725
147256035	MAG	-1.4450073	40.013123	15.130615
147256026	ACC	-4.1987305	-15.906616	0.6324005
147256034	GYR	-2.2241669	-0.5695038	-1.0862885
147256036	ACC	-3.9845428	-15.969223	1.4109192
147256044	GYR	-2.1774445	-0.32383728	-0.8774414
147256054	MAG	-2.067566	39.17694	17.03186
147256046	ACC	-2.501236	-15.034119	1.6161499
147256054	GYR	-2.1273499	-0.08320618	-0.7409668
147256056	ACC	-1.0309296	-13.65773	0.82192993
147256064	GYR	-2.0811462	0.09474182	-0.72509766
147256073	MAG	-2.6443481	38.153076	18.852234
147256066	ACC	0.34399414	-12.692993	0.23368835
147256074	GYR	-1.9824524	0.10630798	-0.80085754
147256076	ACC	1.0732422	-12.174316	-1.0588837
147256084	GYR	-1.8424683	-0.081344604	-0.91589355
147256092	MAG	-3.100586	37.268066	20.376587
147256086	ACC	1.7658997	-12.067566	-2.399109
147256094	GYR	-1.7180176	-0.4872589	-1.0286865
147256096	ACC	1.7712097	-12.093231	-3.5321045
147256104	GYR	-1.6898651	-1.0423737	-1.0549011
147256112	MAG	-3.930664	36.09314	22.036743
147256106	ACC	1.9708862	-11.909088	-3.266632
147256114	GYR	-1.7101288	-1.6154785	-1.0363464
147256116	ACC	1.7271576	-11.397385	-2.2916718
147256124	GYR	-1.7631378	-1.9655762	-0.997406
147256131	MAG	-4.0008545	35.40802	23.570251
147256126	ACC	1.398407	-10.471497	-0.091934204
147256136	ACC	1.5708313	-9.353027	0.9721832
147256134	GYR	-1.7056885	-2.0046082	-0.92308044
147256150	MAG	-3.8208008	34.298706	25.119019
147256146	ACC	1.8117828	-8.610809	0.5751953
147256143	GYR	-1.5559235	-1.8711548	-0.8843384
147256156	ACC	1.4611664	-8.323166	0.3351593
147256153	GYR	-1.4489288	-1.834549	-0.9266815
147256169	MAG	-3.7017822	33.081055	26.493835
147256166	ACC	1.163147	-8.170654	0.79953
147256163	GYR	-1.4173279	-1.901886	-0.9803314
147256176	ACC	1.0250549	-8.192093	1.32547
147256173	GYR	-1.3727417	-2.0747528	-1.0212097
147256189	MAG	-3.1188965	32.46765	27.705383
147256186	ACC	0.32063293	-7.923874	1.2291107
147256183	GYR	-1.2588501	-2.4112854	-1.1099854
147256196	ACC	-0.22029114	-7.3829803	0.94989014
147256193	GYR	-1.1663513	-2.660492	-1.179184
147256208	MAG	-2.3483276	31.82373	28.816223
147256206	ACC	-0.483078	-6.800705	0.57289124
147256203	GYR	-1.1139221	-2.8581543	-1.2054749
147256216	ACC	-0.6878357	-6.4065704	0.38432312
147256213	GYR	-1.1105804	-3.0694275	-1.2025452
147256227	MAG	-1.3336182	30.87616	29.88739
147256226	ACC	-0.7165985	-6.0347595	0.24923706
147256223	GYR	-1.1530762	-3.1895294	-1.1596527
147256236	ACC	-0.68800354	-5.844223	0.23164368
147256233	GYR	-1.1950378	-3.278366	-1.0823517
147256246	MAG	-0.28686523	30.058289	30.761719
147256246	ACC	-0.973114	-5.8516846	0.31913757
147256243	GYR	-1.2006073	-3.2913208	-0.99520874
147256256	ACC	-1.471405	-5.8083496	0.49539185
147256253	GYR	-1.1463013	-3.1659088	-0.91316223
147256265	MAG	1.248169	29.284668	31.697083
147256266	ACC	-1.9072266	-5.526718	0.66500854
147256263	GYR	-1.0222626	-2.9065094	-0.81918335
147256276	ACC	-2.2745209	-5.1514435	0.7763977
147256273	GYR	-0.8284149	-2.592682	-0.72914124
147256285	MAG	2.1377563	28.938293	31.852722
147256286	ACC	-2.5972595	-4.806549	0.6666565
147256283	GYR	-0.5809784	-2.2756042	-0.65457153
147256296	ACC	-2.6137238	-4.4903564	0.2779541
147256293	GYR	-0.31072998	-1.9575958	-0.58703613
147256304	MAG	3.5995483	28.37677	32.499695
147256306	ACC	-2.4549713	-4.2661133	-0.16423035
147256303	GYR	-0.05519104	-1.6386414	-0.5214691
147256316	ACC	-2.2540436	-4.1504364	-0.6851959
147256313	GYR	0.1696167	-1.3217163	-0.46115112
147256323	MAG	4.6875	28.45459	32.800293
147256326	ACC	-2.0523224	-4.089813	-1.291214
147256323	GYR	0.36827087	-1.0354156	-0.40263367
147256336	ACC	-1.8072968	-4.183441	-1.8813324
147256333	GYR	0.5466919	-0.8334198	-0.3330078
147256342	MAG	5.128479	28.807068	32.28607
147256346	ACC	-1.0327301	-4.604477	-2.4960632
147256343	GYR	0.707489	-0.71772766	-0.24440002
147256356	ACC	-0.16911316	-5.4101257	-3.1821136
147256353	GYR	0.84773254	-0.6458435	-0.15873718
147256362	MAG	5.4626465	29.205322	31.636047
147256366	ACC	0.47135925	-6.389694	-4.172058
147256363	GYR	0.9519806	-0.5543823	-0.095077515
147256376	ACC	1.3417053	-7.8034973	-5.5522003
147256373	GYR	0.9977722	-0.43301392	-0.037902832
147256381	MAG	5.847168	29.873657	31.056213
147256386	ACC	1.6791229	-9.488022	-7.0348663
147256383	GYR	0.9599762	-0.34114075	-0.009994507
147256396	ACC	1.8079681	-11.297836	-8.528259
147256393	GYR	0.83483887	-0.30722046	-0.016952515
147256400	MAG	5.8151245	30.480957	30.090332
147256406	ACC	1.7033691	-12.998383	-9.78801
147256403	GYR	0.63920593	-0.39042664	-0.05215454
147256413	GYR	0.389328	-0.62132263	-0.09463501
147256419	MAG	5.9783936	30.97229	29.768372
147256416	ACC	1.8262024	-14.123688	-11.571487
147256423	GYR	0.06288147	-1.00383	-0.11286926
147256426	ACC	2.1122437	-14.186218	-13.228546
147256433	GYR	-0.3093109	-1.5510406	-0.119522095
147256438	MAG	6.706238	30.906677	29.776001
147256435	ACC	2.3581543	-12.96669	-12.9231415
147256443	GYR	-0.6031647	-2.1325226	-0.1395874
147256445	ACC	2.4595032	-11.340424	-10.696487
147256453	GYR	-0.72602844	-2.4856415	-0.1895752
147256458	MAG	7.8933716	30.523682	30.00946
147256455	ACC	2.310379	-10.336975	-8.207947
147256463	GYR	-0.69410706	-2.518631	-0.25587463
147256465	ACC	2.185196	-9.789139	-5.4381714
147256473	GYR	-0.55477905	-2.2036896	-0.33772278
147256477	MAG	9.164429	30.227661	30.093384
147256475	ACC	2.1434174	-9.3424835	-3.143158
147256483	GYR	-0.360672	-1.5987244	-0.440094
147256485	ACC	1.7820435	-8.901367	-2.749176
147256493	GYR	-0.19258118	-1.0057526	-0.53778076
147256496	MAG	10.13031	30.20935	30.036926
147256495	ACC	1.1844482	-8.272217	-3.6998138
147256503	GYR	-0.082977295	-0.6242218	-0.590744
147256505	ACC	0.43922424	-7.560547	-5.094284
147256513	GYR	-0.02267456	-0.3707428	-0.5813446
147256515	MAG	10.276794	30.249023	30.072021
147256515	ACC	-0.9708252	-6.98732	-6.5658264
147256525	ACC	-2.956314	-6.783264	-8.622787
147256523	GYR	-3.2043457E-4	-0.18011475	-0.5239868
147256535	MAG	10.084534	29.898071	30.015564
147256535	ACC	-3.681305	-8.425507	-11.214371
147256533	GYR	-0.037094116	-0.19976807	-0.33247375
147256545	ACC	-4.748825	-12.495178	-11.039383
147256543	GYR	-0.16819763	-0.31681824	-0.1859436
147256554	MAG	9.693909	30.125427	30.023193
147256555	ACC	-4.379608	-16.098663	-6.9440155
147256553	GYR	-0.2738037	-0.53730774	-0.035110474
147256565	ACC	-0.84002686	-16.705475	-3.602356
147256563	GYR	-0.17227173	-0.6053772	0.23423767
147256573	MAG	10.27832	30.171204	30.078125
147256575	ACC	3.0461884	-15.713928	-2.7774353
147256573	GYR	0.0042419434	-0.15309143	0.37158203
147256585	ACC	4.2029114	-14.576843	-1.4713135
147256583	GYR	0.02104187	0.4921875	0.16931152
147256592	MAG	11.048889	30.303955	30.021667
147256595	ACC	2.4173431	-11.046005	1.2520142
147256593	GYR	-0.13398743	1.1821442	-0.1655426
147256605	ACC	-1.1134949	-6.089493	4.7713165
147256603	GYR	-0.1672821	1.7099915	-0.44726562
147256611	MAG	10.0997925	30.194092	30.271912
147256615	ACC	-4.816635	-2.8095093	6.2007294
147256613	GYR	0.15603638	1.8881226	-0.5889282
147256625	ACC	-8.050842	-2.1959076	1.7892303
147256622	GYR	0.7261505	1.7260132	-0.5340271
147256631	MAG	7.914734	30.427551	30.293274
147256635	ACC	-9.193314	-2.914383	-3.3908234
147256632	GYR	1.0219879	1.2565155	-0.28129578
147256645	ACC	-7.1358643	-4.2321014	-4.595871
147256642	GYR	0.84576416	0.6156616	0.08428955
147256650	MAG	6.8862915	31.077576	29.614258
147256655	ACC	-3.3457184	-6.3302917	-1.703949
147256652	GYR	0.6437073	0.07778931	0.37445068
147256665	ACC	-0.35620117	-8.774078	3.8115387
147256662	GYR	0.7198944	0.054367065	0.5131073
147256669	MAG	7.130432	31.660461	29.095459
147256675	ACC	-0.18243408	-11.134705	6.4173126
147256672	GYR	1.0987854	0.840271	0.58140564
147256685	ACC	-1.1844025	-12.726746	5.2329254
147256682	GYR	1.5508575	2.1399078	0.6993103
147256689	MAG	7.432556	32.432556	28.097534
147256695	ACC	-1.7103119	-13.759537	2.245987
147256692	GYR	1.7955322	3.255844	0.88619995
147256708	MAG	6.262207	33.424377	26.893616
147256705	ACC	-0.958313	-14.252777	-0.963562
147256702	GYR	1.8040924	3.7831268	1.063858
147256715	ACC	0.31092834	-14.077698	-2.656662
147256712	GYR	1.6234894	3.6759186	1.1690063
147256727	MAG	4.954529	34.254456	25.75531
147256725	ACC	1.2865753	-13.290695	-2.5561829
147256722	GYR	1.3723145	3.0840454	1.165741
147256735	ACC	2.2654114	-12.354172	-1.2136383
147256732	GYR	1.2068176	2.40625	1.0861816
147256746	MAG	4.3304443	35.13031	24.713135
147256745	ACC	3.0640564	-11.712021	-0.2292633
147256742	GYR	1.1981964	1.9552155	0.96269226
147256755	ACC	3.5755615	-11.372955	-0.068603516
147256752	GYR	1.3181	1.6762543	0.79667664
147256765	MAG	4.1748047	35.758972	23.381042
147256765	ACC	3.5334778	-11.05043	0.08833313
147256762	GYR	1.4904938	1.4029236	0.5916443
147256775	ACC	2.7895966	-10.145874	0.35147095
147256772	GYR	1.6663666	1.1958771	0.37387085
147256785	MAG	3.9642334	36.660767	22.035217
147256785	ACC	1.9025116	-9.224701	0.28286743
147256782	GYR	1.8201752	1.1714935	0.20831299
147256795	ACC	1.2592926	-8.682922	-0.0064086914
147256792	GYR	1.9174652	1.1882935	0.14183044
147256804	MAG	3.5339355	37.542725	20.33081
147256805	ACC	0.77249146	-8.473923	-0.3965912
147256802	GYR	1.9176788	1.0736542	0.15415955
147256812	GYR	1.8181	0.85076904	0.20385742
147256823	MAG	2.8533936	38.542175	18.54248
147256815	ACC	0.20248413	-8.507431	-0.5626373
147256822	GYR	1.6744843	0.6654358	0.25828552
147256825	ACC	-0.10429382	-8.510925	-0.59695435
147256832	GYR	1.5522156	0.58903503	0.30036926
147256842	MAG	2.9388428	39.331055	17.23175
147256835	ACC	-0.26049805	-8.603821	-0.5474701
147256842	GYR	1.4697723	0.6418457	0.32644653
147256845	ACC	-0.27911377	-8.934509	-0.6815033
147256852	GYR	1.4056854	0.76615906	0.3438263
147256861	MAG	2.986145	39.64691	15.957642
147256855	ACC	-0.24295044	-9.065689	-1.1482697
147256862	GYR	1.3152161	0.91970825	0.35572815
147256865	ACC	-0.037017822	-9.165878	-1.506546
147256872	GYR	1.2123108	1.0024261	0.3564453
147256881	MAG	2.9937744	40.1474	14.857483
147256875	ACC	0.17576599	-9.000763	-1.5862427
147256882	GYR	1.111496	0.95166016	0.347229
147256885	ACC	0.34098816	-8.621857	-1.5750427
147256892	GYR	1.0024719	0.92137146	0.33721924
147256900	MAG	2.949524	40.534973	13.674927
147256895	ACC	0.4792633	-8.153	-1.4967651
147256902	GYR	0.9031372	0.9589386	0.34831238
147256905	ACC	0.5558624	-7.9050903	-1.2653961
147256919	MAG	2.632141	40.93933	12.739563
147256914	ACC	0.8935852	-7.9320374	-0.7197113
147256912	GYR	0.81726074	0.97587585	0.39286804
147256924	ACC	1.235321	-8.025192	-0.21975708
147256922	GYR	0.7908325	0.97491455	0.42674255
147256938	MAG	2.772522	41.18042	12.06665
147256934	ACC	1.3303986	-8.120697	0.37649536
147256932	GYR	0.82984924	1.0496979	0.42965698
147256944	ACC	1.4100037	-8.1392975	0.87112427
147256942	GYR	0.92225647	1.1513519	0.43870544
147256958	MAG	2.848816	41.51001	11.206055
147256954	ACC	1.2838898	-8.311035	0.7790985
147256952	GYR	1.0401611	1.1830292	0.44256592
147256964	ACC	0.9578552	-8.645645	0.20240784
147256962	GYR	1.1471558	1.1174622	0.43980408
147256977	MAG	3.012085	41.85028	10.198975
147256974	ACC	0.655777	-9.060623	-0.7366638
147256972	GYR	1.2360382	0.9610901	0.45573425
147256984	ACC	0.55570984	-9.329681	-1.6532288
147256982	GYR	1.3097992	0.7137146	0.4993286
147256996	MAG	2.9556274	42.170715	8.837891
147256994	ACC	0.641098	-9.400024	-2.1848145
147256992	GYR	1.3518982	0.4761963	0.5592804
147257004	ACC	0.7273407	-9.363327	-2.1933594
147257002	GYR	1.3471832	0.31669617	0.6206207
147257015	MAG	3.4347534	42.69104	7.5698853
147257014	ACC	0.688797	-9.331848	-1.7543945
147257012	GYR	1.2941284	0.23962402	0.67123413
147257024	ACC	0.69429016	-9.475281	-1.314621
147257022	GYR	1.2080231	0.22538757	0.7103882
147257034	MAG	4.1748047	43.006897	6.4849854
147257034	ACC	0.82818604	-9.86293	-1.3443146
147257032	GYR	1.0952911	0.22698975	0.7236786
147257044	ACC	1.1248932	-10.380783	-1.5114288
147257042	GYR	0.94844055	0.17892456	0.69992065
147257054	MAG	4.8294067	43.388367	5.5862427
147257054	ACC	1.7828064	-10.896561	-1.3761444
147257052	GYR	0.77412415	0.10105896	0.6479645
147257064	ACC	2.6442719	-11.346054	-1.066452
147257062	GYR	0.6171417	0.07008362	0.58947754
147257073	MAG	5.1589966	43.48297	4.8187256
147257074	ACC	3.2516937	-11.683792	-0.72291565
147257072	GYR	0.49684143	0.12696838	0.52519226
147257084	ACC	3.3231964	-11.9019165	-0.75354004
147257082	GYR	0.41081238	0.2374878	0.43785095
147257092	MAG	6.0058594	43.55774	4.484558
147257094	ACC	2.7457428	-11.97435	-1.2878723
147257092	GYR	0.35421753	0.31915283	0.31921387
147257104	ACC	1.8532257	-11.924896	-1.7999268
147257101	GYR	0.30143738	0.30336	0.20397949
147257111	MAG	5.8258057	43.623352	4.0283203
147257114	ACC	1.2406464	-11.8526	-1.8471375
147257111	GYR	0.23161316	0.21194458	0.14086914
147257124	ACC	0.99328613	-11.930252	-1.5993042
147257121	GYR	0.15733337	0.13096619	0.122665405
147257131	MAG	5.809021	43.751526	3.8345337
147257134	ACC	1.1007538	-12.069748	-1.4103241
147257131	GYR	0.09547424	0.1324768	0.11444092
147257144	ACC	1.2201233	-12.06694	-1.4471436
147257141	GYR	0.046142578	0.24562073	0.092437744
147257150	MAG	5.859375	43.71338	3.8345337
147257154	ACC	1.0936584	-11.9758	-1.7293854
147257151	GYR	0.003189087	0.45385742	0.047439575
147257164	ACC	1.1532745	-11.932114	-2.2792358
147257161	GYR	-0.05567932	0.69070435	-0.009231567
147257169	MAG	6.021118	43.663025	4.060364
147257174	ACC	1.4897766	-12.055603	-2.6571045
147257171	GYR	-0.1589508	0.837677	-0.07247925
147257184	ACC	2.063446	-12.366806	-2.4567413
147257181	GYR	-0.32870483	0.83317566	-0.15797424
147257188	MAG	5.793762	43.685913	4.257202
147257194	ACC	2.6567993	-12.419434	-1.5626984
147257191	GYR	-0.553833	0.725296	-0.2929535
147257201	GYR	-0.7630005	0.60009766	-0.48171997
147257207	MAG	5.6503296	43.60199	4.9194336
147257204	ACC	2.984085	-12.216492	-1.2453156
147257211	GYR	-0.9424286	0.4697876	-0.6820679
147257214	ACC	2.8885803	-11.830765	-1.7362823
147257221	GYR	-1.1448975	0.32920837	-0.82621765
147257227	MAG	5.130005	43.53943	5.7418823
147257224	ACC	2.7587585	-11.365616	-2.3619537
147257231	GYR	-1.386261	0.17120361	-0.9095459
147257234	ACC	2.0553284	-11.067184	-2.2911987
147257241	GYR	-1.666748	-0.03895569	-0.94506836
147257246	MAG	4.1900635	42.87567	7.3257446
147257244	ACC	1.4546204	-11.0590515	-1.4020691
147257251	GYR	-1.9341583	-0.29858398	-0.9748535
147257254	ACC	0.993454	-11.489151	-0.45783997
147257261	GYR	-2.1309052	-0.50161743	-1.0386658
147257265	MAG	3.5552979	42.474365	9.150696
147257264	ACC	0.11260986	-12.4748535	-0.33781433
147257271	GYR	-2.3044586	-0.61476135	-1.1185303
147257274	ACC	-1.021347	-13.781967	-0.12606812
147257281	GYR	-2.4174805	-0.7439575	-1.1600647
147257284	MAG	2.9129028	41.96167	11.494446
147257284	ACC	-2.18721	-15.007156	0.9086304
147257291	GYR	-2.3965607	-0.94036865	-1.1586151
147257294	ACC	-3.5292664	-16.075302	1.9818268
147257304	MAG	1.8493652	41.041565	13.983154
147257304	ACC	-4.0431976	-16.551453	2.430252
147257301	GYR	-2.257782	-1.0075989	-1.0741272
147257314	ACC	-3.4492035	-16.039642	1.8044128
147257311	GYR	-2.0926056	-0.80496216	-0.9279022
147257323	MAG	1.2786865	40.203857	15.927124
147257324	ACC	-2.4674683	-14.823837	0.3451233
147257321	GYR	-1.990982	-0.38949585	-0.8127899
147257334	ACC	-1.6899414	-13.670074	-0.9568634
147257331	GYR	-1.9788818	0.08288574	-0.77571106
147257342	MAG	0.8529663	39.331055	17.86499
147257344	ACC	-1.2510223	-12.628799	-2.095642
147257341	GYR	-1.9703827	0.41975403	-0.7919922
147257354	ACC	-0.5699768	-11.818268	-3.0635223
147257351	GYR	-1.8945007	0.36906433	-0.80937195
147257361	MAG	-0.033569336	38.432312	19.462585
147257364	ACC	0.29563904	-11.468292	-3.2924042
147257361	GYR	-1.7910919	-0.026184082	-0.8414612
147257374	ACC	0.9744873	-11.239929	-3.2876587
147257371	GYR	-1.6826935	-0.61831665	-0.90538025
147257381	MAG	-0.62713623	37.69226	21.124268
147257384	ACC	1.5654144	-10.740845	-2.7323914
147257381	GYR	-1.6416779	-1.2157135	-0.92930603
147257393	ACC	1.5808105	-9.927048	-0.9546814
147257391	GYR	-1.7099762	-1.491333	-0.93588257
147257400	MAG	-0.73547363	36.650085	22.732544
147257403	ACC	1.802475	-8.87175	0.32440186
147257401	GYR	-1.7473907	-1.3836517	-0.8903961
147257413	ACC	2.052246	-8.105347	0.4182434
147257411	GYR	-1.6645203	-1.2079468	-0.8314667
147257419	MAG	-0.79956055	35.845947	24.319458
147257423	ACC	1.8059082	-7.8139496	0.5729828
147257421	GYR	-1.5543976	-1.2110748	-0.8245239
147257433	ACC	1.6851196	-7.8594055	1.2999725
147257431	GYR	-1.4598389	-1.3834839	-0.8364258
147257438	MAG	-0.49591064	35.102844	25.650024
147257443	ACC	1.5698853	-7.9699097	1.6893158
147257441	GYR	-1.3412476	-1.6508331	-0.8579712
147257453	ACC	0.94039917	-8.00798	1.4193268
147257451	GYR	-1.2117004	-1.983963	-0.9526062
147257458	MAG	-0.4272461	34.309387	27.090454
147257463	ACC	0.14569092	-7.770874	1.0489502
147257461	GYR	-1.1307678	-2.246811	-1.0814056
147257473	ACC	-0.3056183	-7.4104767	0.6752472
147257471	GYR	-1.1098633	-2.4095612	-1.153244
147257477	MAG	0.045776367	33.39691	28.053284
147257483	ACC	-0.73158264	-7.071686	0.5471344
147257481	GYR	-1.1260071	-2.54216	-1.1782684
147257496	MAG	0.6286621	32.669067	29.226685
147257493	ACC	-1.1241302	-6.701523	0.2755432
147257491	GYR	-1.1559143	-2.6362915	-1.167038
147257503	ACC	-1.5213013	-6.3675537	-0.27864075
147257501	GYR	-1.1774902	-2.735077	-1.1027069
147257515	MAG	1.7379761	31.954956	30.322266
147257513	ACC	-1.5826569	-5.9845734	-0.268219
147257511	GYR	-1.2057343	-2.827896	-0.98783875
147257523	ACC	-1.8216095	-5.93927	-0.031982422
147257521	GYR	-1.2118683	-2.8495178	-0.8573303
147257534	MAG	3.0303955	31.214905	31.26831
147257533	ACC	-2.1868591	-5.7879486	0.11920166
147257531	GYR	-1.1269684	-2.7588043	-0.7524719
147257543	ACC	-2.3420258	-5.3816986	0.19877625
147257541	GYR	-0.94247437	-2.525406	-0.66516113
147257554	MAG	4.142761	30.578613	31.756592
147257553	ACC	-2.4994812	-4.8723907	0.14508057
147257551	GYR	-0.6921997	-2.2058105	-0.58425903
147257563	ACC	-2.6028748	-4.4808655	0.031402588
147257561	GYR	-0.41944885	-1.8514252	-0.49363708
147257573	MAG	4.9942017	30.41687	32.087708
147257573	ACC	-2.4953613	-4.2531586	-0.43289185
147257571	GYR	-0.15522766	-1.4833527	-0.38504028
147257583	ACC	-2.152359	-4.2410736	-0.9635925
147257581	GYR	0.07658386	-1.1513062	-0.2715149
147257592	MAG	5.769348	30.236816	32.05414
147257590	GYR	0.26405334	-0.86299133	-0.17100525
147257593	ACC	-1.7186432	-4.2801514	-1.3977509
147257600	GYR	0.42507935	-0.6426697	-0.08920288
147257611	MAG	6.149292	30.404663	31.973267
147257603	ACC	-1.4147034	-4.3374176	-1.7789917
147257610	GYR	0.5776825	-0.52241516	-0.018997192
147257613	ACC	-1.0355682	-4.4826202	-2.282959
147257620	GYR	0.72416687	-0.4763031	0.05126953
147257630	MAG	6.109619	31.292725	30.293274
147257623	ACC	-0.78460693	-4.9230347	-3.0506287
147257630	GYR	0.8480835	-0.44195557	0.12879944
147257633	ACC	-0.644104	-5.899521	-4.3151245
147257640	GYR	0.91459656	-0.37426758	0.2168274
147257650	MAG	6.2927246	31.808472	29.597473
147257643	ACC	-0.44044495	-7.221649	-6.120163
147257650	GYR	0.88342285	-0.3164673	0.3008423
147257653	ACC	0.098846436	-8.991119	-8.381165
147257660	GYR	0.7189789	-0.3287964	0.34230042
147257669	MAG	7.1914673	32.032776	29.99115
147257663	ACC	1.0872192	-10.981766	-10.159119
147257670	GYR	0.4436493	-0.4118805	0.31266785
147257673	ACC	1.8307648	-12.53064	-10.83461
147257680	GYR	0.1648407	-0.57806396	0.23086548
147257688	MAG	7.885742	32.34253	29.603577
147257683	ACC	2.1248016	-13.264572	-10.96225
147257693	ACC	2.3082428	-13.006592	-11.553879
147257690	GYR	-0.019500732	-0.84802246	0.13668823
147257707	MAG	8.9279175	32.304382	29.266357
147257703	ACC	2.6091766	-12.248444	-12.336166
147257700	GYR	-0.16107178	-1.1317291	0.070373535
147257713	ACC	2.713562	-11.469635	-12.037033
147257710	GYR	-0.36473083	-1.3990021	0.0062561035
147257727	MAG	9.783936	31.829834	29.618835
147257723	ACC	2.9622803	-10.948593	-9.933395
147257720	GYR	-0.571228	-1.70784	-0.051086426
147257733	ACC	3.1230164	-10.703857	-6.8400726
147257730	GYR	-0.65541077	-1.9385529	-0.14546204
147257746	MAG	11.061096	31.413269	29.75769
147257743	ACC	2.9042664	-10.342392	-4.4366302
147257740	GYR	-0.5847473	-1.862381	-0.285614
147257753	ACC	2.1047058	-9.526184	-3.7860413
147257750	GYR	-0.41377258	-1.4978485	-0.43078613
147257765	MAG	11.618042	31.326294	30.055237
147257763	ACC	0.8510895	-8.311615	-4.631897
147257760	GYR	-0.23086548	-1.1029663	-0.5318451
147257773	ACC	-0.34791565	-6.7682495	-5.985855
147257770	GYR	-0.08995056	-0.8421173	-0.5961304
147257784	MAG	11.761475	31.407166	30.039978
147257783	ACC	-1.4034882	-5.168503	-7.4642487
147257780	GYR	-0.024337769	-0.7033386	-0.6014099
147257793	ACC	-2.9436035	-5.4162292	-9.595612
147257790	GYR	-0.025177002	-0.57444763	-0.5483093
147257803	MAG	11.561584	31.602478	29.992676
147257803	ACC	-4.604767	-8.999619	-9.880493
147257800	GYR	-0.124435425	-0.4429474	-0.44311523
147257813	ACC	-5.535675	-14.136749	-4.842758
147257810	GYR	-0.25524902	-0.20639038	-0.27815247
147257823	MAG	11.734009	31.542969	30.35736
147257823	ACC	-4.9710083	-17.054733	0.2574768
147257820	GYR	-0.17610168	0.26057434	-0.021728516
147257833	ACC	-3.809616	-17.360367	-1.6495667
147257830	GYR	0.15138245	1.0115662	0.2707672
147257842	MAG	11.010742	31.681824	30.436707
147257843	ACC	-2.051712	-16.996597	-5.4102783
147257840	GYR	0.28816223	1.6191101	0.39266968
147257853	ACC	-0.5257416	-13.736984	-4.829895
147257850	GYR	-0.046905518	1.7298126	0.26202393
147257861	MAG	10.339355	31.663513	30.523682
147257863	ACC	-1.0772705	-8.196777	-0.57011414
147257860	GYR	-0.44430542	1.4896088	0.0016326904
147257872	ACC	-2.769867	-3.836029	4.246643
147257870	GYR	-0.43037415	1.2629089	-0.17793274
147257880	MAG	9.254456	31.192017	31.50177
147257882	ACC	-4.539337	-2.6291656	4.5751343
147257880	GYR	0.02935791	1.1722717	-0.17243958
147257892	ACC	-5.5268555	-2.9985352	1.3467712
147257890	GYR	0.5493164	1.0054932	-0.029556274
147257900	MAG	8.352661	31.5094	31.163025
147257902	ACC	-4.698761	-3.89917	-1.5500488
147257900	GYR	0.7982025	0.6401367	0.17810059
147257912	ACC	-1.2549896	-5.559616	-2.7810974
147257910	GYR	0.8654785	0.2645874	0.37524414
147257919	MAG	8.02002	31.964111	30.68695
147257922	ACC	2.6360931	-8.254349	0.81651306
147257920	GYR	0.8997345	0.25480652	0.47494507
147257932	ACC	2.7499542	-10.812988	6.1528473
147257930	GYR	1.0457611	0.9378967	0.47218323
147257938	MAG	8.737183	32.487488	30.006409
147257942	ACC	1.1923676	-12.209076	5.8322296
147257940	GYR	1.4034729	2.1192474	0.52589417
147257952	ACC	-0.19934082	-12.850586	2.8546753
147257950	GYR	1.7188721	3.0737762	0.6741333
147257957	MAG	7.662964	33.522034	28.793335
147257962	ACC	-0.7225952	-13.160339	-0.9470825
147257960	GYR	1.7810059	3.5160675	0.80596924
147257972	ACC	-0.09945679	-13.074173	-2.914566
147257970	GYR	1.6320801	3.4984741	0.8721771
147257976	MAG	5.8914185	34.67102	28.030396
147257980	GYR	1.4344482	3.0881195	0.8624573
147257982	ACC	1.1586151	-12.3628235	-3.2284088
147257990	GYR	1.3030396	2.4481812	0.79389954
147257996	MAG	4.3518066	35.372925	27.008057
147257992	ACC	2.1927643	-11.448044	-2.1191711
147258000	GYR	1.2505035	1.894989	0.71258545
147258002	ACC	2.8297882	-10.988388	-0.44500732
147258010	GYR	1.3051605	1.6141357	0.6248474
147258015	MAG	3.9077759	36.07025	25.735474
147258012	ACC	3.4386292	-10.924698	0.04145813
147258020	GYR	1.4824371	1.4314423	0.48365784
147258022	ACC	3.4243774	-10.983292	-0.1509552
147258030	GYR	1.7017059	1.2610931	0.30221558
147258034	MAG	3.5949707	36.976624	24.302673
147258032	ACC	2.9862366	-10.500107	-0.32328796
147258040	GYR	1.8631592	1.2403564	0.14091492
147258042	ACC	2.376709	-9.626877	-0.3751831
147258050	GYR	1.9289398	1.3302612	0.048095703
147258053	MAG	3.1234741	37.698364	22.659302
147258052	ACC	1.8942108	-8.926239	-0.085113525
147258060	GYR	1.9255371	1.3665771	0.021484375
147258062	ACC	1.3119202	-8.580124	0.25724792
147258069	GYR	1.8971558	1.2364807	0.0418396
147258073	MAG	2.4627686	38.87329	21.180725
147258072	ACC	0.57025146	-8.4804535	0.20574951
147258079	GYR	1.8738251	1.0089264	0.07293701
147258082	ACC	-0.32087708	-8.551926	-0.3588562
147258092	MAG	1.8920898	39.749146	19.532776
147258092	ACC	-1.0078583	-8.565689	-0.5980072
147258089	GYR	1.804306	0.76493835	0.122177124
147258102	ACC	-1.1117554	-8.567963	-0.38310242
147258099	GYR	1.6855621	0.666275	0.21174622
147258111	MAG	1.625061	40.386963	18.022156
147258112	ACC	-0.6443939	-8.74614	-0.35624695
147258109	GYR	1.5818329	0.76278687	0.3040161
147258122	ACC	-0.3966217	-8.831894	-1.101181
147258119	GYR	1.5185242	0.888916	0.34342957
147258130	MAG	1.4694214	41.01715	16.69159
147258132	ACC	-0.22476196	-8.875473	-1.4021301
147258129	GYR	1.3804321	1.1189117	0.36387634
147258142	ACC	0.08680725	-9.034622	-1.3196259
147258139	GYR	1.19664	1.1962433	0.40821838
147258150	MAG	1.3214111	41.56189	15.458679
147258152	ACC	0.28935242	-9.072815	-1.0113525
147258149	GYR	1.0470581	1.0296478	0.44776917
147258162	ACC	0.68356323	-8.9776	-0.7010193
147258159	GYR	0.94732666	0.9460144	0.47810364
147258169	MAG	1.335144	41.786194	14.376831
147258172	ACC	1.0150146	-8.83429	-0.5452423
147258169	GYR	0.9065552	1.0121307	0.4744873
147258182	ACC	1.0589752	-8.697189	-0.15621948
147258179	GYR	0.87742615	1.0999298	0.44537354
147258188	MAG	1.2420654	42.326355	13.233948
147258192	ACC	0.91734314	-8.636414	0.2618866
147258189	GYR	0.85720825	1.1706696	0.41996765
147258202	ACC	0.7729645	-8.617722	0.5163269
147258199	GYR	0.87916565	1.2492065	0.41264343
147258207	MAG	1.3824463	42.607117	12.557983
147258212	ACC	0.5912018	-8.689072	0.48262024
147258209	GYR	0.9332123	1.2894745	0.42610168
147258222	ACC	0.42677307	-8.867325	2.89917E-4
147258219	GYR	0.99765015	1.2558136	0.45933533
147258226	MAG	1.3946533	43.06488	11.506653
147258232	ACC	0.3215027	-9.116837	-0.80729675
147258229	GYR	1.0587006	1.158432	0.5087433
147258242	ACC	0.42114258	-9.462051	-1.7390594
147258239	GYR	1.111908	1.0110168	0.5757599
147258246	MAG	1.1550903	43.371582	10.295105
147258252	ACC	0.69129944	-9.795197	-2.327057
147258249	GYR	1.1355133	0.85328674	0.6473694
147258262	ACC	0.88964844	-9.985199	-2.266327
147258259	GYR	1.121582	0.70783997	0.70129395
147258265	MAG	1.5228271	43.59131	9.425354
147258272	ACC	0.8309784	-9.91362	-1.6434021
147258269	GYR	1.0922546	0.6007385	0.7327728
147258282	ACC	0.69047546	-9.67308	-0.8754425
147258279	GYR	1.0499573	0.55700684	0.74116516
147258284	MAG	2.0736694	44.015503	8.436584
147258292	ACC	0.6137543	-9.449524	-0.63679504
147258289	GYR	0.9775696	0.5704651	0.7210083
147258303	MAG	2.5634766	44.25659	7.232666
147258302	ACC	0.82650757	-9.466995	-0.9520111
147258299	GYR	0.8590851	0.6094818	0.6841583
147258312	ACC	1.4667053	-9.762512	-1.1333313
147258309	GYR	0.69770813	0.64538574	0.64476013
147258323	MAG	3.012085	44.410706	6.77948
147258322	ACC	2.313034	-10.243439	-0.7966461
147258319	GYR	0.5256653	0.6796112	0.606369
147258332	ACC	3.1857147	-10.640228	-0.07197571
147258329	GYR	0.38632202	0.70910645	0.5644531
147258342	MAG	3.3996582	44.5755	6.1431885
147258342	ACC	3.637848	-10.951569	0.22323608
147258339	GYR	0.31233215	0.71894836	0.48954773
147258351	ACC	3.569336	-11.205399	-0.22451782
147258349	GYR	0.300766	0.68818665	0.37031555
147258361	MAG	3.4729004	44.71283	5.8502197
147258361	ACC	3.1775208	-11.401581	-0.5980072
147258359	GYR	0.3079071	0.6003723	0.23451233
147258369	GYR	0.3113556	0.48750305	0.12155151
147258380	MAG	3.7872314	44.662476	5.5114746
147258371	ACC	2.48526	-11.58638	-0.7345581
147258379	GYR	0.31417847	0.40127563	0.04675293
147258381	ACC	1.6546936	-11.778351	-0.802948
147258389	GYR	0.3143921	0.39367676	0.011672974
147258400	MAG	3.5324097	44.628906	5.343628
147258391	ACC	1.0028381	-11.909882	-1.0067902
147258399	GYR	0.29727173	0.5091553	0.0013580322
147258401	ACC	0.536438	-11.9058075	-1.270935
147258409	GYR	0.2558899	0.7398071	-0.0012969971
147258419	MAG	3.2287598	44.82727	5.2093506
147258411	ACC	0.30407715	-11.894241	-1.7556763
147258419	GYR	0.18632507	0.97372437	-0.002105713
147258421	ACC	0.5084076	-11.994247	-2.4832153
147258429	GYR	0.06295776	1.1008606	-0.014785767
147258438	MAG	2.8640747	44.844055	4.8599243
147258431	ACC	0.9651947	-12.278229	-2.5991058
147258439	GYR	-0.09490967	1.1138306	-0.054519653
147258441	ACC	1.3656311	-12.684143	-2.1334076
147258449	GYR	-0.27783203	1.0549927	-0.11038208
147258457	MAG	2.6947021	44.857788	5.192566
147258451	ACC	2.1873932	-13.019287	-1.567215
147258459	GYR	-0.45838928	0.953125	-0.23684692
147258461	ACC	2.9822845	-13.209305	-1.4350433
147258469	GYR	-0.59184265	0.7797699	-0.41152954
147258476	MAG	2.4093628	44.421387	5.8425903
147258471	ACC	3.4128113	-12.943878	-2.063263
147258481	ACC	3.5403595	-12.370987	-2.966339
147258479	GYR	-0.7495117	0.6078491	-0.57032776
147258496	MAG	1.7059326	44.192505	6.77948
147258491	ACC	3.4050903	-11.831879	-3.4092865
147258489	GYR	-0.9949951	0.50431824	-0.6845093
147258501	ACC	2.831955	-11.256302	-2.6440125
147258499	GYR	-1.322525	0.34272766	-0.7697449
147258515	MAG	0.94451904	43.969727	8.229065
147258511	ACC	2.0175323	-10.762329	-1.3152161
147258509	GYR	-1.6323242	0.03164673	-0.8326721
147258521	ACC	1.1238556	-10.686554	-0.3921814
147258519	GYR	-1.839325	-0.33732605	-0.90026855
147258534	MAG	0.07476807	43.441772	10.124207
147258531	ACC	0.21977234	-11.07045	-0.2793579
147258529	GYR	-1.9792328	-0.6532135	-0.98062134
147258541	ACC	-0.75886536	-11.926422	-0.75935364
147258539	GYR	-2.1068115	-0.8031616	-1.0552979
147258553	MAG	-0.79803467	42.60559	12.5946045
147258551	ACC	-1.8361511	-12.975006	-0.86546326
147258548	GYR	-2.2345734	-0.78134155	-1.1054688
147258561	ACC	-2.9833221	-14.15332	-0.1262207
147258558	GYR	-2.3310547	-0.7068939	-1.1052551
147258573	MAG	-1.8203735	41.57715	14.950562
147258571	ACC	-4.0151825	-15.358673	0.9123688
147258568	GYR	-2.338791	-0.6715393	-1.0418701
147258581	ACC	-4.013077	-15.714478	1.7185211
147258578	GYR	-2.2680054	-0.5866089	-0.9044647
147258592	MAG	-2.3284912	40.5365	17.044067
147258591	ACC	-2.927765	-14.892136	1.950592
147258588	GYR	-2.177658	-0.38658142	-0.7416687
147258601	ACC	-1.6969452	-13.736145	1.2526855
147258598	GYR	-2.0699005	-0.1706543	-0.6605072
147258611	MAG	-3.0761719	39.219666	19.125366
147258611	ACC	-0.8909302	-12.711533	-0.5071564
147258608	GYR	-1.9276581	-0.085372925	-0.6727905
147258621	ACC	-0.3505249	-11.981003	-2.4214935
147258618	GYR	-1.802185	-0.1860199	-0.7217102
147258630	MAG	-3.4057617	38.349915	21.058655
147258631	ACC	-0.12049866	-11.494293	-3.635437
147258628	GYR	-1.7510834	-0.40681458	-0.77438354
147258641	ACC	0.037841797	-11.071808	-3.9873962
147258638	GYR	-1.7710114	-0.647995	-0.7869415
147258649	MAG	-3.7063599	37.304688	22.677612
147258651	ACC	0.36010742	-10.586395	-3.3216095
147258648	GYR	-1.8237457	-0.9541931	-0.7340088
147258661	ACC	0.36999512	-9.929916	-1.0566864
147258658	GYR	-1.8824615	-1.2731934	-0.653244
147258669	MAG	-3.8970947	36.05652	24.443054
147258671	ACC	0.9415283	-9.095062	0.7450104
147258668	GYR	-1.8730011	-1.4001465	-0.5736847
147258681	ACC	1.5072632	-8.519699	0.49543762
147258678	GYR	-1.7580109	-1.3042297	-0.5431671
147258688	MAG	-3.5629272	35.13336	26.15509
147258691	ACC	1.8340302	-8.512466	0.3282776
147258688	GYR	-1.6364136	-1.2082214	-0.59124756
147258701	ACC	1.9051971	-8.563995	0.43988037
147258698	GYR	-1.5444641	-1.25177	-0.6867218
147258707	MAG	-3.6224365	33.90045	27.726746
147258711	ACC	1.3713989	-8.510834	0.4747467
147258708	GYR	-1.4534302	-1.4109039	-0.7926941
147258721	ACC	0.74131775	-8.038193	0.9520569
147258718	GYR	-1.3841705	-1.499588	-0.87316895
147258726	MAG	-3.5079956	32.917786	29.084778
147258731	ACC	0.5838623	-8.121414	0.5591583
147258728	GYR	-1.3074341	-1.6450348	-0.93730164
147258741	ACC	0.056365967	-8.013184	0.33766174
147258738	GYR	-1.2451324	-1.9158325	-1.0055847
147258746	MAG	-2.836609	32.08313	30.122375
147258751	ACC	-0.47947693	-7.35907	0.24887085
147258748	GYR	-1.2304382	-2.0453796	-1.0319977
147258758	GYR	-1.2053375	-2.1067505	-1.0226593
147258765	MAG	-2.8396606	31.155396	31.20575
147258761	ACC	-0.5057068	-7.0706177	-0.07118225
147258768	GYR	-1.1692963	-2.249649	-1.0037231
147258771	ACC	-0.95536804	-6.8876343	-0.46054077
147258778	GYR	-1.1614532	-2.4178772	-0.94844055
147258784	MAG	-2.4612427	30.084229	32.185364
147258781	ACC	-1.0502625	-6.7308197	-0.65234375
147258788	GYR	-1.1501312	-2.5488586	-0.8652649
147258791	ACC	-1.3129272	-6.4819794	-0.45864868
147258798	GYR	-1.0823517	-2.557434	-0.7750397
147258803	MAG	-0.541687	29.240417	33.703613
147258801	ACC	-1.7152405	-6.095215	-0.110672
147258808	GYR	-0.9267273	-2.4079742	-0.68214417
147258811	ACC	-2.065216	-5.597046	0.08653259
147258818	GYR	-0.69873047	-2.1362915	-0.5973053
147258822	MAG	0.69122314	28.390503	35.125732
147258821	ACC	-2.3178864	-5.0290833	0.123046875
147258828	GYR	-0.43733215	-1.8091431	-0.5167999
147258831	ACC	-2.3849182	-4.5837097	0.038513184
147258838	GYR	-0.17654419	-1.453064	-0.42626953
147258842	MAG	1.6876221	27.999878	35.417175
147258840	ACC	-2.235855	-4.346878	-0.22192383
147258848	GYR	0.065597534	-1.1126404	-0.34194946
147258850	ACC	-2.0658722	-4.222473	-0.7068634
147258858	GYR	0.26844788	-0.82725525	-0.26107788
147258861	MAG	2.5650024	27.973938	35.4599
147258860	ACC	-1.7582397	-4.147751	-1.1598206
147258870	ACC	-1.3463898	-4.123413	-1.5299835
147258868	GYR	0.4414215	-0.61465454	-0.19094849
147258880	MAG	2.9281616	28.038025	35.15625
147258880	ACC	-0.93507385	-4.2691803	-1.78508
147258878	GYR	0.61346436	-0.51104736	-0.12519836
147258890	ACC	-0.693985	-4.6607666	-2.1597595
147258888	GYR	0.7957306	-0.48579407	-0.057937622
147258899	MAG	3.2958984	28.527832	34.31244
147258900	ACC	-0.40441895	-5.2973785	-2.9726868
147258898	GYR	0.975296	-0.46316528	0.031784058
147258910	ACC	0.02545166	-6.459549	-4.4511566
147258908	GYR	1.1132812	-0.40745544	0.13339233
147258919	MAG	3.62854	29.15802	33.692932
147258920	ACC	0.38874817	-8.196457	-6.4902344
147258918	GYR	1.164154	-0.3503418	0.21583557
147258930	ACC	1.0261841	-10.101364	-8.379395
147258928	GYR	1.0868988	-0.3526001	0.285614
147258938	MAG	4.0390015	29.884338	32.83081
147258940	ACC	2.0099487	-11.697464	-9.562317
147258938	GYR	0.8878937	-0.40644836	0.32260132
147258950	ACC	2.6491547	-12.683792	-10.309631
147258948	GYR	0.6379547	-0.46383667	0.27726746
147258957	MAG	4.621887	30.24292	32.261658
147258960	ACC	2.524765	-12.881271	-11.1657715
147258958	GYR	0.40292358	-0.5397339	0.15490723
147258970	ACC	2.2988129	-12.360962	-11.90004
147258968	GYR	0.17243958	-0.6528168	0.053237915
147258976	MAG	4.891968	30.342102	32.006836
147258980	ACC	2.0475006	-11.567139	-12.051758
147258978	GYR	-0.055892944	-0.8470154	-0.010131836
147258990	ACC	1.8434143	-10.853012	-11.108612
147258988	GYR	-0.25993347	-1.1099396	-0.053863525
147258996	MAG	5.543518	30.181885	32.25708
147259000	ACC	2.0108795	-10.325241	-8.836044
147258998	GYR	-0.399292	-1.3326416	-0.09347534
147259010	ACC	2.2250671	-10.218628	-5.710724
147259008	GYR	-0.43537903	-1.3677216	-0.16349792
147259015	MAG	6.4956665	29.786682	32.598877
147259020	ACC	1.8501892	-10.294144	-3.8131714
147259018	GYR	-0.3660736	-1.0960846	-0.2785797
147259030	ACC	0.93600464	-10.013763	-4.100235
147259027	GYR	-0.23806763	-0.68037415	-0.39671326
147259034	MAG	7.130432	29.754639	32.655334
147259040	ACC	-0.23609924	-9.492722	-5.064102
147259037	GYR	-0.14431763	-0.46800232	-0.4713745
147259050	ACC	-1.3625336	-9.269333	-6.2844696
147259047	GYR	-0.1164093	-0.5319519	-0.49401855
147259053	MAG	7.232666	29.63562	32.704163
147259060	ACC	-3.0586853	-10.281464	-8.072189
147259057	GYR	-0.14506531	-0.64378357	-0.47698975
147259070	ACC	-4.680359	-13.561386	-8.16481
147259067	GYR	-0.24371338	-0.6363678	-0.4035492
147259073	MAG	7.0358276	29.52118	32.63092
147259080	ACC	-5.527481	-17.136261	-5.760483
147259077	GYR	-0.34677124	-0.46032715	-0.20388794
147259092	MAG	7.3013306	29.27246	32.910156
147259090	ACC	-3.6052856	-16.933823	-4.9740143
147259087	GYR	-0.3320465	-0.04940796	0.12309265
147259100	ACC	-0.53253174	-14.662735	-7.0102997
147259097	GYR	-0.27886963	0.41545105	0.34835815
147259111	MAG	7.4691772	29.026794	33.14972
147259110	ACC	2.3941803	-12.762665	-5.8756866
147259107	GYR	-0.40319824	0.59521484	0.26364136
147259120	ACC	2.7988892	-9.484695	-0.04446411
147259117	GYR	-0.609375	0.75131226	-0.05470276
147259130	MAG	7.156372	28.378296	34.046936
147259130	ACC	0.17004395	-4.895935	5.59671
147259127	GYR	-0.5467529	1.2965088	-0.37573242
147259140	ACC	-3.3611755	-1.2984009	9.000824
147259137	GYR	-0.045333862	1.9382324	-0.52919006
147259149	MAG	5.7373047	28.366089	33.854675
147259147	GYR	0.7177124	2.2125397	-0.4925232
147259150	ACC	-6.768875	-1.1228027	5.349869
147259157	GYR	1.2320557	1.9811707	-0.2720337
147259169	MAG	3.3325195	28.96576	33.584595
147259160	ACC	-8.8151245	-2.5808258	-0.49639893
147259167	GYR	1.2288666	1.4110565	0.07940674
147259170	ACC	-9.167664	-4.795929	-6.444397
147259177	GYR	0.8603668	0.61701965	0.46391296
147259188	MAG	2.8167725	29.948425	32.713318
147259180	ACC	-5.184143	-7.9086	-6.294052
147259187	GYR	0.55307007	0.081466675	0.6984863
147259190	ACC	0.09315491	-10.771179	1.5154724
147259197	GYR	0.7293396	0.53318787	0.748703
147259207	MAG	3.503418	30.110168	32.19757
147259200	ACC	1.9695282	-12.578354	7.4450073
147259207	GYR	1.250534	1.7617188	0.79766846
147259210	ACC	0.5172577	-13.089066	5.533203
147259217	GYR	1.5838013	2.8113556	0.9300537
147259226	MAG	2.973938	31.336975	31.170654
147259220	ACC	-0.36042786	-13.327347	1.526474
147259227	GYR	1.6448517	3.2155304	1.0086365
147259230	ACC	-0.1458435	-13.231918	-1.8281555
147259237	GYR	1.5007935	3.0868378	0.99601746
147259245	MAG	1.486206	32.000732	29.54712
147259240	ACC	0.8448181	-12.239685	-2.1589508
147259247	GYR	1.3352356	2.7860107	0.90185547
147259250	ACC	1.5529327	-10.955307	-1.1906128
147259265	MAG	0.31280518	32.95746	28.29895
147259260	ACC	1.9153442	-10.107346	-0.35832214
147259257	GYR	1.2655182	2.5411377	0.8091736
147259270	ACC	2.0888977	-9.94725	-0.18638611
147259267	GYR	1.2756653	2.3926086	0.7789612
147259284	MAG	-0.6591797	33.872986	27.13623
147259280	ACC	2.649994	-10.264084	-0.41337585
147259277	GYR	1.320755	2.2490997	0.7878876
147259290	ACC	3.399582	-10.616394	-0.20367432
147259287	GYR	1.3969574	1.9902954	0.7531891
147259303	MAG	-1.2176514	34.622192	25.634766
147259300	ACC	3.653839	-10.604294	0.25126648
147259297	GYR	1.510437	1.7080536	0.6117401
147259310	ACC	3.231079	-10.24173	0.45777893
147259307	GYR	1.626648	1.5816345	0.4176941
147259322	MAG	-1.6967773	35.69641	23.96698
147259319	ACC	2.63591	-9.762634	0.33676147
147259317	GYR	1.7131805	1.5922089	0.2728119
147259329	ACC	1.946701	-9.409332	0.063430786
147259327	GYR	1.7463531	1.5738068	0.20553589
147259342	MAG	-2.2125244	36.528015	22.41211
147259339	ACC	1.1481628	-9.208237	-0.36058044
147259337	GYR	1.7211456	1.435791	0.18388367
147259349	ACC	0.3965454	-8.93634	-0.7558899
147259347	GYR	1.6429901	1.2315521	0.18354797
147259361	MAG	-3.163147	37.275696	20.84198
147259359	ACC	-0.146698	-8.772278	-0.6058655
147259357	GYR	1.5129852	0.96284485	0.20852661
147259369	ACC	-0.3448639	-8.692261	-0.47827148
147259367	GYR	1.4019165	0.77098083	0.2419281
147259380	MAG	-3.1555176	38.12256	19.810486
147259379	ACC	-0.48165894	-8.60524	-1.0312805
147259377	GYR	1.3561859	0.7753601	0.26950073
147259389	ACC	-0.4921112	-8.617477	-1.631958
147259387	GYR	1.2958679	1.0255127	0.31053162
147259399	MAG	-3.4103394	38.6734	18.443298
147259399	ACC	-0.17366028	-8.7733	-1.8234558
147259397	GYR	1.1732941	1.3058777	0.36325073
147259409	ACC	0.19755554	-8.964111	-1.6279297
147259407	GYR	1.0202332	1.3560944	0.4052124
147259419	MAG	-3.6392212	39.012146	17.36908
147259419	ACC	0.5220032	-9.036041	-1.1726532
147259417	GYR	0.8775635	1.2289124	0.4207306
147259429	ACC	0.80830383	-8.959244	-0.52848816
147259427	GYR	0.7689514	1.1341095	0.4124298
147259438	MAG	-3.6209106	39.309692	16.375732
147259439	ACC	1.0509186	-8.890732	-0.04612732
147259437	GYR	0.71058655	1.1268463	0.3927307
147259449	ACC	1.1959076	-8.905777	0.3265381
147259447	GYR	0.69241333	1.170105	0.37138367
147259457	MAG	-3.9093018	39.45923	15.78064
147259459	ACC	1.1788635	-8.929337	0.4910736
147259457	GYR	0.7027283	1.2172852	0.3573761
147259469	ACC	1.1224518	-8.947006	0.34106445
147259467	GYR	0.7429352	1.2628479	0.35372925
147259476	MAG	-4.1046143	39.964294	14.552307
147259479	ACC	0.9126129	-8.905746	0.1508789
147259477	GYR	0.80488586	1.2992706	0.36264038
147259489	ACC	0.5450134	-8.889145	-0.30743408
147259487	GYR	0.86634827	1.2945099	0.3855133
147259495	MAG	-4.3518066	40.42816	13.9328
147259499	ACC	0.36878967	-9.005463	-1.0717163
147259497	GYR	0.9172058	1.228653	0.4300232
147259509	ACC	0.37791443	-9.362366	-1.9111481
147259506	GYR	0.95103455	1.1090088	0.49406433
147259515	MAG	-4.223633	40.641785	13.076782
147259519	ACC	0.5923004	-9.632111	-2.2830505
147259516	GYR	0.9562378	0.9286499	0.56233215
147259529	ACC	0.89097595	-9.620834	-1.7502136
147259526	GYR	0.93896484	0.7081146	0.62838745
147259534	MAG	-4.0237427	41.030884	11.92627
147259539	ACC	1.3358307	-9.5056	-0.72517395
147259536	GYR	0.91864014	0.5281677	0.6873169
147259546	GYR	0.8969269	0.4560089	0.72106934
147259553	MAG	-3.7612915	41.563416	10.9939575
147259549	ACC	1.5768127	-9.399536	0.17555237
147259556	GYR	0.8624573	0.50209045	0.72576904
147259559	ACC	1.7044678	-9.382065	0.37400818
147259566	GYR	0.8085022	0.5871582	0.70370483
147259572	MAG	-3.213501	41.952515	9.962463
147259569	ACC	1.8301544	-9.4383545	-0.20405579
147259576	GYR	0.72998047	0.62724304	0.6599121
147259579	ACC	1.8974609	-9.89505	-0.83888245
147259586	GYR	0.6365204	0.6157379	0.61428833
147259592	MAG	-2.871704	42.112732	9.375
147259589	ACC	1.9824829	-10.456863	-1.1473236
147259596	GYR	0.53967285	0.55096436	0.5897064
147259599	ACC	2.3146362	-10.874542	-1.1123657
147259606	GYR	0.4437256	0.46284485	0.581192
147259611	MAG	-2.4978638	42.289734	8.552551
147259609	ACC	2.7844849	-11.09996	-0.77767944
147259616	GYR	0.3490448	0.4154663	0.5486145
147259619	ACC	3.1150513	-11.126129	-0.46022034
147259626	GYR	0.275589	0.4103546	0.46258545
147259630	MAG	-2.2216797	42.42096	8.387756
147259629	ACC	2.9970856	-11.123642	-0.5242157
147259636	GYR	0.23364258	0.3855896	0.33935547
147259639	ACC	2.5039215	-11.143188	-0.8971405
147259649	MAG	-1.9195557	42.536926	7.899475
147259649	ACC	1.8812408	-11.18895	-1.1599274
147259646	GYR	0.21142578	0.3136902	0.21969604
147259659	ACC	1.3113098	-11.254059	-1.3146515
147259656	GYR	0.1928711	0.26228333	0.1320343
147259668	MAG	-1.9866943	42.588806	7.6690674
147259669	ACC	0.90423584	-11.314575	-1.5562744
147259666	GYR	0.16271973	0.2806244	0.07917786
147259679	ACC	0.6855316	-11.425995	-1.9094696
147259676	GYR	0.109176636	0.39431763	0.05206299
147259688	MAG	-1.8966675	42.55829	7.572937
147259689	ACC	0.6047058	-11.587006	-2.2466125
147259686	GYR	0.023223877	0.57250977	0.036819458
147259699	ACC	0.8635559	-11.897919	-2.6534882
147259696	GYR	-0.0836792	0.7450714	0.023773193
147259707	MAG	-2.041626	42.78717	7.611084
147259709	ACC	1.4449921	-12.436356	-2.767517
147259706	GYR	-0.22766113	0.8444824	6.866455E-4
147259719	ACC	2.1491394	-13.035339	-2.3861237
147259716	GYR	-0.4247284	0.81788635	-0.048171997
147259726	MAG	-2.4291992	42.50946	7.56073
147259729	ACC	2.6765594	-13.22319	-1.8024445
147259726	GYR	-0.6483612	0.7093048	-0.15383911
147259739	ACC	2.9725494	-12.857376	-1.7613983
147259736	GYR	-0.8276062	0.59498596	-0.31001282
147259745	MAG	-2.8076172	42.06848	8.262634
147259749	ACC	3.2403717	-12.437439	-2.4179382
147259746	GYR	-0.9633789	0.47610474	-0.46505737
147259759	ACC	3.331543	-12.09198	-2.888153
147259756	GYR	-1.125473	0.33265686	-0.5857239
147259765	MAG	-3.3554077	41.87317	9.327698
147259769	ACC	2.921997	-11.634979	-2.7852936
147259766	GYR	-1.3356171	0.13883972	-0.664917
147259779	ACC	2.2118073	-11.076401	-2.141632
147259776	GYR	-1.5731354	-0.10328674	-0.7054138
147259784	MAG	-3.578186	41.1911	10.777283
147259789	ACC	1.3970337	-10.726395	-1.3165436
147259786	GYR	-1.8208771	-0.33314514	-0.72380066
147259798	ACC	0.5567322	-10.725494	-0.9747925
147259796	GYR	-2.0392456	-0.505188	-0.76234436
147259803	MAG	-3.9459229	40.38849	12.8463745
147259808	ACC	-0.38478088	-11.032135	-0.83299255
147259806	GYR	-2.2172089	-0.6003113	-0.83247375
147259818	ACC	-1.4523468	-11.636459	-0.53834534
147259816	GYR	-2.3533325	-0.5838928	-0.9098511
147259822	MAG	-4.753113	39.579773	14.89563
147259828	ACC	-2.4983368	-12.324631	-0.23164368
147259826	GYR	-2.417923	-0.49978638	-0.9610138
147259838	ACC	-3.2410889	-13.2465515	0.4970703
147259836	GYR	-2.4012756	-0.45562744	-0.9628906
147259842	MAG	-5.770874	38.31787	17.266846
147259848	ACC	-3.138733	-14.010651	1.5470886
147259846	GYR	-2.3207245	-0.4568329	-0.906723
147259858	ACC	-2.1914368	-14.125259	2.1444397
147259856	GYR	-2.188034	-0.40046692	-0.8126831
147259861	MAG	-5.859375	37.298584	19.14978
147259868	ACC	-0.6664734	-13.752747	1.699646
147259866	GYR	-2.0346222	-0.20315552	-0.7444763
147259880	MAG	-6.5200806	36.106873	21.124268
147259878	ACC	0.703598	-13.0289	0.8185425
147259876	GYR	-1.8958893	0.056747437	-0.7561798
147259888	ACC	1.8555908	-12.285751	-0.4321289
147259886	GYR	-1.7453003	0.19515991	-0.84069824
147259899	MAG	-6.9625854	34.90143	22.763062
147259898	ACC	2.906952	-11.989899	-1.8898163
147259896	GYR	-1.5844269	0.16474915	-0.9624481
147259908	ACC	3.1483002	-12.228622	-3.2561646
147259906	GYR	-1.4521179	-0.12483215	-1.0935211
147259918	MAG	-7.688904	33.958435	23.892212
147259918	ACC	2.2913666	-12.143036	-3.8656921
147259916	GYR	-1.3832092	-0.7681732	-1.1948853
147259928	ACC	1.4785309	-11.331284	-2.311203
147259926	GYR	-1.4294128	-1.3937988	-1.1936035
147259938	MAG	-8.233643	32.87201	25.482178
147259936	GYR	-1.4935608	-1.6601715	-1.1004181
147259938	ACC	1.5059052	-10.188492	-0.5986481
147259946	GYR	-1.453659	-1.6769409	-1.0193634
147259957	MAG	-8.009338	31.726074	26.985168
147259948	ACC	1.6940308	-9.499023	-0.15187073
147259956	GYR	-1.3387909	-1.6949921	-0.99713135
147259958	ACC	1.7005768	-9.31308	-0.063568115
147259966	GYR	-1.2172394	-1.8338623	-1.0257874
147259976	MAG	-7.76062	30.795288	28.192139
147259968	ACC	1.6511841	-9.33783	0.2503357
147259976	GYR	-1.112381	-2.0569916	-1.0995178
147259978	ACC	1.1681671	-9.329498	0.43954468
147259985	GYR	-1.0480042	-2.2234802	-1.174408
147259995	MAG	-7.209778	29.896545	29.56543
147259988	ACC	0.6684265	-9.063202	0.5918884
147259995	GYR	-1.0108032	-2.2896729	-1.2383423
147259998	ACC	-0.22193909	-8.791519	0.61120605
147260005	GYR	-0.9638519	-2.2787476	-1.2657013
147260015	MAG	-6.6726685	29.164124	30.789185
147260008	ACC	-1.0005951	-8.379135	0.44415283
147260015	GYR	-0.91752625	-2.1512299	-1.2451782
147260018	ACC	-1.297699	-7.9565887	0.12181091
147260025	GYR	-0.8753662	-2.0302887	-1.2142029
147260034	MAG	-6.2026978	28.448486	31.736755
147260028	ACC	-1.3601532	-7.7414246	-0.24980164
147260038	ACC	-0.9679718	-7.7671814	-0.34220886
147260035	GYR	-0.8460541	-1.9882355	-1.1792755
147260053	MAG	-5.5236816	27.337646	32.839966
147260048	ACC	-1.0145264	-7.526474	-0.41584778
147260045	GYR	-0.79600525	-2.225647	-1.1707153
147260058	ACC	-1.162857	-6.9000244	-0.12927246
147260055	GYR	-0.76594543	-2.4763184	-1.1455231
147260072	MAG	-4.6691895	26.8219	33.79669
147260068	ACC	-1.1936798	-6.235626	0.12580872
147260065	GYR	-0.7218628	-2.5569916	-1.0618134
147260078	ACC	-1.216507	-5.677948	0.16856384
147260075	GYR	-0.6354675	-2.4883423	-0.9514618
147260091	MAG	-3.5568237	26.493835	34.355164
147260088	ACC	-1.2494354	-5.3275757	0.043151855
147260085	GYR	-0.52186584	-2.3223724	-0.8381195
147260098	ACC	-1.2045593	-5.162094	-0.04386902
147260095	GYR	-0.4013672	-2.0925293	-0.7142792
147260111	MAG	-2.3330688	25.924683	35.06317
147260108	ACC	-1.0879974	-5.0606384	-0.1933136
147260105	GYR	-0.2581787	-1.7876129	-0.5900421
147260118	ACC	-0.92852783	-5.043686	-0.43244934
147260115	GYR	-0.094314575	-1.4761505	-0.47953796
147260130	MAG	-1.7578125	25.785828	34.94568
147260128	ACC	-0.6170807	-5.1804657	-0.8016205
147260125	GYR	0.07627869	-1.2271118	-0.38536072
147260138	ACC	-0.25801086	-5.3880463	-1.2581787
147260135	GYR	0.2470398	-1.0785675	-0.30473328
147260149	MAG	-0.7888794	25.956726	34.968567
147260148	ACC	0.120788574	-5.597641	-1.6956177
147260145	GYR	0.41488647	-1.0272827	-0.23692322
147260158	ACC	0.6092682	-5.849182	-2.2470093
147260155	GYR	0.5852814	-1.036911	-0.17626953
147260168	MAG	-0.5844116	26.109314	34.483337
147260168	ACC	1.1011963	-6.263916	-2.9759827
147260165	GYR	0.7594147	-1.0549774	-0.13049316
147260178	ACC	1.4609528	-6.890747	-3.8818817
147260175	GYR	0.908371	-1.0169525	-0.100631714
147260188	MAG	0.07019043	26.87378	34.29718
147260188	ACC	1.6006775	-7.705017	-4.8213196
147260185	GYR	1.0057068	-0.8948364	-0.07467651
147260198	ACC	1.3644562	-8.624924	-5.616989
147260195	GYR	1.0376892	-0.7308502	-0.03855896
147260207	MAG	0.6515503	27.31018	33.72345
147260208	ACC	0.94451904	-9.681152	-6.2722473
147260205	GYR	1.0109863	-0.59809875	0.0155181885
147260218	ACC	1.018692	-10.732956	-6.839447
147260215	GYR	0.93255615	-0.56152344	0.09062195
147260226	MAG	0.95825195	28.001404	32.77588
147260228	ACC	1.7006531	-11.572556	-7.5316467
147260225	GYR	0.80322266	-0.65838623	0.15571594
147260238	ACC	2.4610443	-11.898895	-8.468018
147260235	GYR	0.6362152	-0.8941498	0.1521759
147260245	MAG	1.7501831	28.27301	32.38678
147260248	ACC	3.1687012	-11.542694	-8.843155
147260245	GYR	0.45025635	-1.2555542	0.06628418
147260258	ACC	3.4871826	-10.879822	-8.51503
147260255	GYR	0.28471375	-1.6657257	-0.08518982
147260264	MAG	2.7008057	28.652954	32.209778
147260268	ACC	3.9141083	-10.263275	-7.7567444
147260265	GYR	0.1652832	-1.9987793	-0.25813293
147260277	ACC	4.3967743	-9.9170685	-6.464447
147260275	GYR	0.08721924	-2.1855469	-0.41973877
147260284	MAG	3.8162231	28.788757	32.226562
147260287	ACC	4.6772614	-9.887665	-4.6638336
147260285	GYR	0.058685303	-2.2075043	-0.56500244
147260297	ACC	4.055191	-10.066956	-2.9154205
147260295	GYR	0.091812134	-2.0284271	-0.68904114
147260303	MAG	4.916382	28.742981	32.025146
147260307	ACC	2.8379822	-9.959778	-2.170578
147260305	GYR	0.16142273	-1.6365662	-0.76742554
147260317	ACC	1.669693	-9.272247	-2.833313
147260315	GYR	0.21057129	-1.1230774	-0.8011627
147260322	MAG	5.5648804	28.930664	32.296753
147260325	GYR	0.20075989	-0.6406708	-0.81277466
147260327	ACC	0.6342163	-8.061905	-3.773056
147260335	GYR	0.16378784	-0.2859497	-0.7934418
147260341	MAG	5.4992676	28.944397	32.069397
147260337	ACC	-0.69122314	-6.8692017	-4.3694305
147260345	GYR	0.12808228	-0.012817383	-0.7190552
147260347	ACC	-1.9750977	-6.2959137	-4.7725677
147260355	GYR	0.11419678	0.22102356	-0.58787537
147260361	MAG	4.9835205	29.03595	32.32422
147260357	ACC	-3.1700134	-7.801346	-4.9037933
147260365	GYR	0.16873169	0.43486023	-0.42292786
147260367	ACC	-3.606781	-11.593216	-3.44693
147260375	GYR	0.30101013	0.6282501	-0.18911743
147260380	MAG	4.371643	29.089355	31.941223
147260377	ACC	-3.4812927	-14.917282	-0.8944397
147260385	GYR	0.5158539	0.7779541	0.1354065
147260387	ACC	-2.8364716	-15.495392	-1.9905701
147260395	GYR	0.56214905	0.844574	0.41001892
147260399	MAG	3.855896	29.412842	32.226562
147260397	ACC	-0.9904938	-14.556564	-4.953247
147260405	GYR	0.26820374	0.68292236	0.45755005
147260407	ACC	0.5475464	-14.000244	-6.7440643
147260415	GYR	-0.2367096	0.37724304	0.34490967
147260418	MAG	4.034424	29.389954	32.032776
147260417	ACC	1.5596161	-13.734116	-6.9364624
147260427	ACC	2.0263214	-12.297638	-5.1865845
147260425	GYR	-0.6979065	0.07765198	0.17930603
147260437	MAG	4.1534424	29.180908	32.270813
147260437	ACC	1.072525	-8.945389	-2.003769
147260435	GYR	-0.88093567	-0.2124939	0.0028533936
147260447	ACC	-0.32278442	-5.776825	1.0282745
147260445	GYR	-0.67993164	-0.46044922	-0.07359314
147260457	MAG	4.2007446	28.639221	32.81555
147260457	ACC	-1.5563812	-4.416275	2.504013
147260455	GYR	-0.22364807	-0.58262634	-0.014984131
147260467	ACC	-1.9893341	-4.3959045	2.4239197
147260465	GYR	0.27604675	-0.55348206	0.17817688
147260476	MAG	4.524231	28.504944	32.574463
147260477	ACC	-1.1506348	-5.2033844	1.1853638
147260474	GYR	0.69703674	-0.372818	0.45195007
147260487	ACC	0.5931549	-6.8845367	-0.11265564
147260484	GYR	0.9701843	-0.11166382	0.7054291
147260495	MAG	5.383301	29.22821	31.871033
147260497	ACC	1.9154205	-9.157028	-0.18972778
147260494	GYR	1.0545807	0.27037048	0.8317108
147260507	ACC	2.2716675	-11.012451	0.73246765
147260504	GYR	1.0060272	0.7250366	0.8768616
147260514	MAG	5.680847	29.885864	31.436157
147260517	ACC	2.1761017	-11.8615265	1.4133148
147260514	GYR	0.916626	1.0581512	0.96536255
147260527	ACC	2.5023804	-12.204926	1.1920319
147260524	GYR	0.8232269	1.1870422	1.1060486
147260534	MAG	5.743408	30.380249	30.426025
147260537	ACC	3.2389984	-12.415909	0.62002563
147260534	GYR	0.7201843	1.0304565	1.198349
147260547	ACC	3.8231812	-12.3003845	0.16752625
147260544	GYR	0.6494446	0.6144409	1.1167908
147260553	MAG	5.6167603	30.905151	30.117798
147260557	ACC	3.8078156	-11.931793	-0.079589844
147260554	GYR	0.66651917	0.08451843	0.8349304
147260567	ACC	3.13945	-11.493378	-0.36558533
147260564	GYR	0.7832947	-0.48171997	0.44776917
147260572	MAG	6.6329956	31.352234	29.516602
147260577	ACC	2.489853	-11.004501	-1.0488281
147260574	GYR	0.9446411	-0.9287262	0.12828064
147260587	ACC	2.1926117	-10.563049	-1.587616
147260584	GYR	1.0587158	-1.0964966	-0.02027893
147260591	MAG	7.369995	31.785583	28.424072
147260597	ACC	1.980133	-10.156418	-1.3996582
147260594	GYR	1.0885925	-1.0442505	-0.0688324
147260607	ACC	1.2664948	-9.678604	-0.8488159
147260604	GYR	1.0992279	-0.94499207	-0.1169281
147260611	MAG	7.7438354	32.4234	27.708435
147260617	ACC	0.11820984	-9.170868	-0.80252075
147260614	GYR	1.142334	-0.8459778	-0.16905212
147260627	ACC	-0.80677795	-8.782196	-0.89320374
147260624	GYR	1.1877899	-0.72203064	-0.16447449
147260630	MAG	8.389282	33.120728	26.742554
147260637	ACC	-1.3059998	-8.692551	-0.7140808
147260634	GYR	1.1875153	-0.61065674	-0.092422485
147260647	ACC	-1.5504303	-8.84433	-0.5318146
147260644	GYR	1.1544952	-0.56243896	-0.0026855469
147260649	MAG	8.409119	33.7265	25.817871
147260657	ACC	-1.654068	-9.006989	-0.47764587
147260654	GYR	1.1107178	-0.59080505	0.06637573
147260667	ACC	-1.6784363	-9.014313	-0.6986847
147260664	GYR	1.0615082	-0.69007874	0.11721802
147260669	MAG	9.051514	34.194946	24.775696
147260677	ACC	-1.5544281	-8.912598	-1.0695343
147260674	GYR	1.0029755	-0.8267975	0.16238403
147260687	MAG	9.608459	34.53827	23.838806
147260687	ACC	-1.190506	-8.6653595	-1.2635193
147260684	GYR	0.93144226	-0.9499359	0.205307
147260697	ACC	-0.7020569	-8.5820465	-1.1760406
147260694	GYR	0.8572998	-1.0187683	0.23376465
147260707	MAG	10.255432	35.272217	22.914124
147260707	ACC	-0.015792847	-8.664017	-0.9504547
147260704	GYR	0.79981995	-1.0064697	0.25480652
147260714	GYR	0.7581787	-0.9328766	0.26185608
147260726	MAG	11.03363	35.36377	22.306824
147260717	ACC	0.47927856	-8.865463	-0.72265625
147260724	GYR	0.73124695	-0.85710144	0.25105286
147260727	ACC	0.59303284	-9.027084	-0.5319824
147260734	GYR	0.72550964	-0.82481384	0.23797607
147260745	MAG	11.39679	35.894775	21.414185
147260737	ACC	0.52130127	-9.10321	-0.37226868
147260744	GYR	0.7429352	-0.8166199	0.2319336
147260747	ACC	0.4376068	-9.063278	-0.39997864
147260754	GYR	0.7607269	-0.82144165	0.23426819
147260764	MAG	12.107849	36.193848	20.610046
147260756	ACC	0.33398438	-9.049332	-0.36878967
147260764	GYR	0.7696533	-0.8448181	0.25134277
147260766	ACC	0.29977417	-9.102005	-0.45655823
147260774	GYR	0.77005005	-0.89138794	0.2800598
147260784	MAG	12.440491	36.323547	19.88678
147260776	ACC	0.36383057	-9.306366	-0.6309509
147260784	GYR	0.7621002	-0.9487457	0.31236267
147260786	ACC	0.4216156	-9.599762	-0.7463684
147260794	GYR	0.75737	-0.9948425	0.34606934
147260803	MAG	13.252258	36.775208	19.158936
147260796	ACC	0.4020996	-9.839142	-0.72029114
147260804	GYR	0.7690582	-1.0174255	0.3794098
147260806	ACC	0.43782043	-9.961517	-0.71713257
147260814	GYR	0.780365	-1.0093842	0.41197205
147260822	MAG	14.025879	37.101746	18.533325
147260816	ACC	0.4677887	-10.026871	-0.6150055
147260826	ACC	0.47138977	-10.019897	-0.4378662
147260824	GYR	0.78671265	-0.9725189	0.43174744
147260841	MAG	14.732361	37.327576	17.642212
147260836	ACC	0.41854858	-10.003708	-0.44761658
147260834	GYR	0.79559326	-0.91342163	0.4398651
147260846	ACC	0.30654907	-9.999619	-0.6340332
147260844	GYR	0.7919464	-0.8501892	0.43469238
147260860	MAG	15.238953	37.59308	16.668701
147260856	ACC	0.10786438	-10.0273285	-0.89520264
147260854	GYR	0.74720764	-0.7938385	0.41880798
147260866	ACC	-0.05076599	-10.149475	-1.2352753
147260864	GYR	0.6748047	-0.7280884	0.39440918
147260880	MAG	15.968323	37.799072	16.101074
147260876	ACC	-0.18786621	-10.307877	-1.3413391
147260874	GYR	0.5879059	-0.67962646	0.36575317
147260886	ACC	-0.31359863	-10.497513	-1.3866119
147260884	GYR	0.5033417	-0.64482117	0.3325348
147260899	MAG	16.514587	37.954712	15.640259
147260896	ACC	-0.43067932	-10.703339	-1.616745
147260894	GYR	0.43432617	-0.5960388	0.29382324
147260906	ACC	-0.57839966	-10.933411	-1.8613281
147260904	GYR	0.36547852	-0.5318756	0.25976562
147260918	MAG	16.911316	37.80365	15.072632
147260916	ACC	-0.73168945	-11.141617	-2.1233826
147260914	GYR	0.2913971	-0.45903015	0.23150635
147260926	ACC	-0.72302246	-11.210663	-2.236023
147260924	GYR	0.21650696	-0.39578247	0.20657349
147260937	MAG	17.384338	37.9364	14.942932
147260936	ACC	-0.47753906	-11.127701	-1.9877777
147260934	GYR	0.12976074	-0.35983276	0.19233704
147260946	ACC	-0.044189453	-10.997467	-1.6380463
147260944	GYR	0.050048828	-0.36520386	0.18293762
147260957	MAG	17.611694	37.953186	14.743042
147260956	ACC	0.4343567	-10.856018	-1.2709503
147260953	GYR	-0.017288208	-0.40431213	0.17268372
147260966	ACC	0.86694336	-10.745499	-1.0707397
147260963	GYR	-0.0773468	-0.4549713	0.15774536
147260976	MAG	17.617798	37.83264	14.796448
147260976	ACC	1.3029022	-10.738586	-1.0846252
147260973	GYR	-0.12992859	-0.49591064	0.13343811
147260986	ACC	1.8630676	-11.04892	-1.2159729
147260983	GYR	-0.18310547	-0.5311432	0.0980072
147260995	MAG	18.196106	37.652588	14.729309
147260996	ACC	2.5403748	-11.635269	-1.2177277
147260993	GYR	-0.25364685	-0.5750122	0.047668457
147261006	ACC	3.1636658	-12.250534	-1.0410156
147261003	GYR	-0.3503418	-0.63442993	-0.023391724
147261014	MAG	18.147278	37.53662	14.694214
147261016	ACC	3.6293945	-12.616791	-0.9968872
147261013	GYR	-0.46116638	-0.7014313	-0.111328125
147261026	ACC	3.9914703	-12.722733	-1.2451782
147261023	GYR	-0.5691681	-0.7881012	-0.19595337
147261033	MAG	18.548584	37.45575	14.860535
147261036	ACC	4.2756653	-12.64801	-1.5791321
147261033	GYR	-0.6757202	-0.9220276	-0.2515564
147261046	ACC	4.34552	-12.418076	-1.552414
147261043	GYR	-0.79971313	-1.0525208	-0.2754364
147261053	MAG	18.659973	37.252808	15.007019
147261056	ACC	3.8834991	-12.11467	-1.2292175
147261053	GYR	-0.946167	-1.1008606	-0.29605103
147261066	ACC	2.770813	-11.638992	-0.91833496
147261063	GYR	-1.1006165	-1.097641	-0.33377075
147261072	MAG	19.108582	37.016296	15.783691
147261076	ACC	1.265976	-10.919144	-0.9451752
147261073	GYR	-1.2499237	-1.1101227	-0.37773132
147261086	ACC	0.14215088	-10.297195	-1.2238617
147261083	GYR	-1.4052277	-1.1446838	-0.41256714
147261091	MAG	19.062805	36.662292	16.41388
147261096	ACC	-0.51982117	-9.867126	-1.4806366
147261093	GYR	-1.5871887	-1.1653442	-0.44628906
147261103	GYR	-1.7901001	-1.1783295	-0.48406982
147261110	MAG	19.367981	36.03363	17.781067
147261106	ACC	-0.80000305	-9.605988	-1.666565
147261113	GYR	-1.9852142	-1.2124939	-0.5191498
147261116	ACC	-0.8512268	-9.266098	-1.5722198
147261123	GYR	-2.1443634	-1.2649231	-0.543808
147261130	MAG	19.50531	35.343933	18.840027
147261126	ACC	-0.42234802	-9.278061	-1.5729065
147261133	GYR	-2.2699127	-1.2663574	-0.56677246
147261136	ACC	0.10180664	-9.443497	-1.1331635
147261143	GYR	-2.3477478	-1.218811	-0.5884094
147261149	MAG	19.6167	34.365845	20.152283
147261146	ACC	0.8421936	-9.999985	-0.34135437
147261153	GYR	-2.3455505	-1.189682	-0.6102295
147261156	ACC	1.7920532	-10.789001	0.48960876
147261163	GYR	-2.2647247	-1.1707611	-0.6500397
147261168	MAG	20.17212	33.232117	21.542358
147261166	ACC	2.7455444	-11.473343	1.297226
147261173	GYR	-2.1415253	-1.1173859	-0.730072
147261176	ACC	3.3090973	-11.922852	1.845047
147261183	GYR	-2.0046387	-1.0861969	-0.82437134
147261187	MAG	20.123291	32.647705	22.743225
147261186	ACC	3.5373688	-12.071426	2.1031494
147261193	GYR	-1.8493195	-1.1490173	-0.88908386
147261196	ACC	4.2611694	-11.848267	2.3002472
147261203	GYR	-1.6581726	-1.3848267	-0.98083496
147261206	MAG	19.95697	32.00226	23.631287
147261206	ACC	3.9293365	-11.607193	2.3028412
147261216	ACC	3.886322	-11.227081	1.8560791
147261213	GYR	-1.4319	-1.5890808	-1.0921783
147261226	MAG	20.26062	31.454468	24.346924
147261226	ACC	3.7526245	-11.177322	1.199585
147261223	GYR	-1.2183533	-1.725235	-1.2366943
147261235	ACC	3.7355194	-11.159973	0.7408447
147261233	GYR	-1.0635681	-1.9890289	-1.3939667
147261245	MAG	20.121765	31.484985	24.446106
147261245	ACC	3.4813843	-10.903305	0.3138733
147261243	GYR	-0.9564667	-2.3813019	-1.570282
147261255	ACC	2.8365326	-10.31691	0.14273071
147261253	GYR	-0.91204834	-2.7147522	-1.7439575
147261264	MAG	20.300293	31.347656	24.212646
147261265	ACC	2.2569427	-9.737274	0.2709198
147261263	GYR	-0.90737915	-2.8855896	-1.8603058
147261275	ACC	1.7617798	-9.38533	0.55444336
147261273	GYR	-0.8816376	-2.9419403	-1.9212036
147261283	MAG	20.527649	31.517029	24.049377
147261285	ACC	1.4137573	-9.365616	0.7017975
147261283	GYR	-0.80644226	-2.9279938	-1.949585
147261295	ACC	1.2822876	-9.599594	0.5106964
147261293	GYR	-0.69114685	-2.900177	-1.9698944
147261303	MAG	20.55664	31.803894	23.841858
147261305	ACC	1.4173126	-9.831406	0.2541046
147261303	GYR	-0.5717163	-2.919342	-1.9999084
147261315	ACC	1.6812134	-9.993164	0.2406311
147261313	GYR	-0.4788208	-3.0117493	-2.0483398
147261322	MAG	20.599365	32.16095	23.165894
147261325	ACC	1.980545	-10.116684	0.23835754
147261323	GYR	-0.3948059	-3.1537018	-2.1126099
147261335	ACC	2.1953125	-10.253998	0.16264343
147261333	GYR	-0.31399536	-3.312439	-2.170105
147261341	MAG	20.579529	32.6416	22.346497
147261345	ACC	2.3120575	-10.282425	0.12413025
147261343	GYR	-0.24707031	-3.4898071	-2.1953278
147261355	ACC	2.4883575	-10.161118	0.19293213
147261353	GYR	-0.18533325	-3.6923523	-2.193863
147261360	MAG	20.800781	33.128357	21.51184
147261365	ACC	2.576767	-9.885925	0.2897339
147261363	GYR	-0.118515015	-3.8832092	-2.1722412
147261375	ACC	2.4889374	-9.519913	0.40213013
147261373	GYR	-0.048614502	-4.042053	-2.1379242
147261379	MAG	20.793152	33.911133	20.25299
147261385	ACC	2.2404327	-9.250137	0.4781952
147261383	GYR	0.019226074	-4.1482086	-2.0942993
147261395	ACC	1.8139954	-9.157257	0.2828827
147261393	GYR	0.10157776	-4.1616364	-2.048584
147261399	MAG	21.003723	34.13849	19.206238
147261405	ACC	1.3869934	-9.212952	0.07421875
147261403	GYR	0.20776367	-4.094406	-2.0028076
147261415	ACC	1.0115051	-9.333832	-0.10359192
147261413	GYR	0.31732178	-4.0086517	-1.9602661
147261418	MAG	21.118164	35.020447	17.655945
147261425	ACC	0.5750122	-9.434235	-0.26046753
147261422	GYR	0.40553284	-3.912613	-1.9208221
147261435	ACC	0.30825806	-9.462402	-0.2722931
147261432	GYR	0.46794128	-3.8143768	-1.8785248
147261437	MAG	21.002197	35.92682	16.256714
147261445	ACC	0.05781555	-9.429092	-0.19883728
147261442	GYR	0.5166321	-3.7098694	-1.836731
147261455	ACC	-0.008392334	-9.402435	-0.25920105
147261452	GYR	0.57421875	-3.5710602	-1.799408
147261457	MAG	20.658875	36.584473	15.028381
147261465	ACC	-0.20262146	-9.453049	-0.5107269
147261462	GYR	0.65231323	-3.3977356	-1.7648621
147261476	MAG	20.506287	37.40692	13.127136
147261475	ACC	-0.26132202	-9.557388	-0.8260498
147261472	GYR	0.73883057	-3.2111664	-1.722229
147261485	ACC	-0.261261	-9.693298	-1.1402435
147261482	GYR	0.8189392	-3.0252838	-1.6635895
147261495	MAG	19.935608	38.20343	11.485291
147261495	ACC	-0.117630005	-9.847412	-1.3321838
147261492	GYR	0.8838501	-2.8472748	-1.5889587
147261502	GYR	0.9356384	-2.669159	-1.4970856
147261514	MAG	19.0979	38.978577	10.137939
147261505	ACC	-0.021575928	-9.931229	-1.6415405
147261512	GYR	0.97346497	-2.4972382	-1.3915558
147261515	ACC	0.09068298	-10.028564	-1.9632721
147261522	GYR	0.99261475	-2.3707428	-1.2839355
147261533	MAG	18.515015	39.360046	8.895874
147261525	ACC	0.1746521	-10.05719	-2.294403
147261532	GYR	0.988739	-2.323059	-1.1783447
147261535	ACC	0.060409546	-10.000626	-2.6516113
147261542	GYR	0.9516449	-2.3389587	-1.0583954
147261553	MAG	17.823792	40.0589	7.545471
147261545	ACC	-0.023971558	-9.821625	-3.0915985
147261552	GYR	0.8759918	-2.372116	-0.9302368
147261555	ACC	-0.23875427	-9.704987	-3.5452576
147261562	GYR	0.7695923	-2.4243927	-0.8040314
147261572	MAG	17.539978	40.283203	6.388855
147261565	ACC	-0.28129578	-9.539658	-3.9199677
147261572	GYR	0.63768005	-2.5017853	-0.689621
147261575	ACC	-0.32255554	-9.2786255	-4.139557
147261582	GYR	0.4826355	-2.5685577	-0.5889282
147261591	MAG	17.230225	40.493774	4.866028
147261585	ACC	-0.3350067	-8.863022	-4.0822296
147261592	GYR	0.3345642	-2.5816803	-0.50024414
147261595	ACC	-0.3282776	-8.347855	-3.700714
147261610	MAG	16.893005	40.83557	4.3060303
147261605	ACC	-0.34147644	-7.8246613	-3.2206879
147261602	GYR	0.23480225	-2.523117	-0.423172
147261615	ACC	-0.31796265	-7.4878693	-2.814209
147261612	GYR	0.19273376	-2.4013977	-0.3497162
147261629	MAG	16.926575	40.92865	3.465271
147261625	ACC	-0.030715942	-7.2575836	-2.5644836
147261622	GYR	0.19529724	-2.2757568	-0.27149963
147261635	ACC	0.7062378	-7.186569	-2.4073486
147261632	GYR	0.22860718	-2.1744385	-0.19770813
147261649	MAG	17.100525	40.91339	2.5299072
147261645	ACC	1.5884094	-7.1344757	-2.3609772
147261642	GYR	0.29045105	-2.1065826	-0.16508484
147261655	ACC	2.3851624	-7.1949615	-2.6266632
147261652	GYR	0.38432312	-2.072998	-0.19023132
147261668	MAG	16.802979	41.148376	1.8371582
147261665	ACC	3.316681	-7.4833527	-3.1927795
147261662	GYR	0.5037384	-2.0610504	-0.25500488
147261675	ACC	4.43631	-7.943817	-3.8178406
147261672	GYR	0.6116028	-2.0765686	-0.3463745
147261687	MAG	16.648865	41.31317	0.44555664
147261685	ACC	5.8845673	-8.459503	-4.447647
147261682	GYR	0.6735077	-2.091507	-0.4562683
147261695	ACC	7.5341644	-8.8745575	-4.59317
147261692	GYR	0.66474915	-2.0298157	-0.5996399
147261706	MAG	16.42456	41.37726	-0.61035156
147261705	ACC	8.532349	-9.1293335	-4.0238953
147261702	GYR	0.59706116	-1.7785492	-0.79953
147261714	ACC	7.7105713	-9.514725	-3.5948486
147261712	GYR	0.5333252	-1.2754822	-1.0283508
147261726	MAG	15.847778	41.63513	-1.1489868
147261724	ACC	5.122238	-11.211304	-4.676758
147261722	GYR	0.51579285	-0.7133484	-1.209259
147261734	ACC	2.7598114	-15.231964	-5.8043213
147261732	GYR	0.4786682	-0.4187622	-1.2625885
147261745	MAG	14.552307	42.105103	-1.5213013
147261744	ACC	1.655899	-20.461319	-4.0285187
147261742	GYR	0.3012848	-0.37402344	-1.1412964
147261754	ACC	1.8089752	-22.351486	-1.7982483
147261752	GYR	-0.006378174	-0.19194031	-0.8516083
147261764	MAG	13.871765	42.32483	-1.4968872
147261764	ACC	1.5238342	-18.519608	-0.59106445
147261762	GYR	-0.39097595	0.19602966	-0.5450592
147261774	ACC	-0.05458069	-12.477142	1.4203186
147261772	GYR	-0.72317505	0.4054718	-0.43969727
147261783	MAG	13.168335	42.289734	-0.5264282
147261784	ACC	-3.1671906	-6.856247	2.554184
147261782	GYR	-0.7563019	0.32902527	-0.4998169
147261794	ACC	-6.7419434	-2.672577	1.0134125
147261792	GYR	-0.46487427	0.041900635	-0.53944397
147261802	MAG	12.47406	42.366028	-0.07476807
147261804	ACC	-8.965973	-0.75865173	-1.0160828
147261802	GYR	-0.037384033	-0.46302795	-0.4336548
147261814	ACC	-9.469879	-1.2258606	-1.767456
147261812	GYR	0.3722992	-1.1231537	-0.16896057
147261822	MAG	12.280273	42.24701	-0.10070801
147261824	ACC	-7.4780884	-3.2132416	0.45765686
147261822	GYR	0.66944885	-1.6732025	0.20126343
147261834	ACC	-4.2869263	-5.750168	2.0204315
147261832	GYR	0.91511536	-1.7682037	0.5569763
147261841	MAG	12.716675	42.529297	-1.3504028
147261844	ACC	-1.4763794	-9.294464	2.393402
147261842	GYR	1.1430206	-1.2833252	0.79304504
147261854	ACC	0.52986145	-12.631836	3.2992554
147261852	GYR	1.2607269	-0.3748169	0.9346466
147261860	MAG	13.6657715	42.684937	-2.89917
147261864	ACC	1.4651031	-14.687073	3.6984406
147261862	GYR	1.2982788	0.5395355	1.0315247
147261874	ACC	1.4629669	-14.928116	2.4331055
147261872	GYR	1.265213	1.1451111	1.0957642
147261879	MAG	14.659119	42.341614	-3.9520264
147261884	ACC	0.89630127	-14.576752	-0.26382446
147261882	GYR	1.0765228	1.2947235	1.1698761
147261892	GYR	0.6863556	0.9055786	1.2966766
147261899	MAG	15.817261	42.36908	-4.6707153
147261894	ACC	1.723526	-13.832809	-1.2830658
147261901	GYR	0.2954712	0.29130554	1.3145142
147261904	ACC	2.5559235	-12.776825	-1.9651031
147261911	GYR	0.084472656	-0.40899658	1.1292725
147261918	MAG	17.054749	42.063904	-5.0476074
147261914	ACC	3.335266	-11.724136	-1.7310181
147261921	GYR	0.08755493	-1.2298431	0.81489563
147261924	ACC	3.8214722	-11.060165	-0.8572235
147261931	GYR	0.25753784	-1.9245148	0.50001526
147261937	MAG	17.944336	41.952515	-5.508423
147261934	ACC	3.8634338	-10.48996	-0.22669983
147261941	GYR	0.52194214	-2.2645264	0.25468445
147261944	ACC	3.2121735	-9.958008	-0.17755127
147261951	GYR	0.74916077	-2.3765259	0.1109314
147261956	MAG	18.08014	41.89148	-6.9473267
147261954	ACC	3.0698853	-9.857483	0.34487915
147261961	GYR	0.9021454	-2.4497223	0.0013275146
147261964	ACC	2.5076447	-10.042892	1.0067596
147261971	GYR	1.0398407	-2.18544	-0.16513062
147261976	MAG	17.616272	42.025757	-7.948303
147261974	ACC	1.2910004	-10.198898	0.7262726
147261981	GYR	1.1124268	-1.8335266	-0.2715149
147261984	ACC	9.918213E-4	-10.22905	0.19044495
147261995	MAG	17.259216	42.234802	-9.468079
147261994	ACC	-1.287323	-10.176086	-0.3065338
147261991	GYR	1.0889435	-1.653717	-0.2936859
147262004	ACC	-2.2036438	-9.972733	-0.5212097
147262001	GYR	0.99505615	-1.5920258	-0.2531433
147262014	MAG	16.61377	42.279053	-10.960388
147262014	ACC	-2.4948425	-9.674332	-0.6498108
147262011	GYR	0.88816833	-1.5371704	-0.16723633
147262024	ACC	-2.3858337	-9.308914	-0.9550781
147262021	GYR	0.8141632	-1.4690247	-0.08157349
147262033	MAG	16.412354	42.097473	-12.416077
147262034	ACC	-2.103775	-9.019989	-1.141159
147262031	GYR	0.7525177	-1.4268951	-0.01852417
147262044	ACC	-1.5364532	-8.890442	-1.0873413
147262041	GYR	0.69810486	-1.4216461	0.029785156
147262052	MAG	15.924072	42.056274	-13.12561
147262054	ACC	-1.1119995	-8.911819	-1.060791
147262051	GYR	0.67811584	-1.3948975	0.05291748
147262064	ACC	-1.0839081	-8.854172	-1.1253052
147262061	GYR	0.68904114	-1.3213043	0.049713135
147262072	MAG	15.707397	42.2287	-14.050293
147262074	ACC	-0.9573517	-8.727432	-1.1514893
147262071	GYR	0.7023926	-1.2273407	0.06965637
147262084	ACC	-0.8003235	-8.582733	-0.86402893
147262081	GYR	0.7072296	-1.1370392	0.11326599
147262091	MAG	15.47699	42.027283	-15.22522
147262094	ACC	-0.70840454	-8.414658	-0.38974
147262091	GYR	0.7079468	-1.0440826	0.14909363
147262104	ACC	-0.6229248	-8.298828	-0.061294556
147262101	GYR	0.7182312	-0.92807007	0.18157959
147262110	MAG	15.522766	41.841125	-15.956116
147262114	ACC	-0.6027832	-8.27652	0.04966736
147262111	GYR	0.73020935	-0.8093872	0.20526123
147262124	ACC	-0.75175476	-8.304398	0.00894165
147262121	GYR	0.7287445	-0.7103729	0.21737671
147262129	MAG	15.396118	42.02118	-16.97998
147262134	ACC	-0.85723877	-8.3138275	-0.05441284
147262131	GYR	0.71229553	-0.6294098	0.22770691
147262144	ACC	-0.7819061	-8.344467	0.011917114
147262141	GYR	0.68836975	-0.54226685	0.24813843
147262149	MAG	15.330505	41.729736	-17.927551
147262154	ACC	-0.583725	-8.463318	0.126297
147262151	GYR	0.67622375	-0.45321655	0.27088928
147262164	ACC	-0.32685852	-8.644333	0.21302795
147262161	GYR	0.69085693	-0.35569763	0.28974915
147262168	MAG	15.574646	41.73584	-18.544006
147262174	ACC	-0.1317749	-8.883957	0.26507568
147262171	GYR	0.7185211	-0.24517822	0.30503845
147262184	ACC	0.009811401	-9.2079315	0.28128052
147262181	GYR	0.7400055	-0.12069702	0.3184662
147262187	MAG	15.330505	41.427612	-19.294739
147262193	ACC	0.042175293	-9.555908	0.30187988
147262191	GYR	0.7460785	0.01701355	0.32841492
147262203	ACC	0.042678833	-9.810593	0.26791382
147262201	GYR	0.7396393	0.1452179	0.33041382
147262206	MAG	15.718079	41.360474	-19.960022
147262213	ACC	-0.0015563965	-9.918533	0.24699402
147262211	GYR	0.7329712	0.23071289	0.32696533
147262223	ACC	0.037643433	-9.757263	0.1204834
147262221	GYR	0.7327118	0.26449585	0.32206726
147262226	MAG	16.212463	40.979004	-20.56427
147262233	ACC	0.13879395	-9.374405	0.10751343
147262231	GYR	0.7415619	0.27571106	0.31845093
147262243	ACC	0.24923706	-8.92189	0.26649475
147262241	GYR	0.7545166	0.2924347	0.3137207
147262245	MAG	16.601562	40.872192	-21.228027
147262253	ACC	0.38897705	-8.801956	0.3731537
147262251	GYR	0.76353455	0.31498718	0.31097412
147262263	ACC	0.028274536	-9.114502	0.313797
147262261	GYR	0.7648468	0.30856323	0.30029297
147262264	MAG	17.175293	40.62195	-22.032166
147262273	ACC	-0.5566864	-9.69545	-0.29940796
147262271	GYR	0.7609253	0.29519653	0.2843628
147262283	MAG	17.471313	40.51056	-22.642517
147262281	GYR	0.7407532	0.28822327	0.27774048
147262283	ACC	-0.87283325	-10.286575	-1.0441895
147262291	GYR	0.7035675	0.25494385	0.27363586
147262302	MAG	17.625427	40.04669	-23.268127
147262293	ACC	-1.0847168	-10.866501	-1.3782349
147262301	GYR	0.6766968	0.16743469	0.26387024
147262303	ACC	-1.328659	-11.216278	-1.490509
147262311	GYR	0.654541	0.07185364	0.2617035
147262322	MAG	17.9245	40.126038	-23.80066
147262313	ACC	-1.1952515	-11.427841	-1.5198364
147262321	GYR	0.6237793	0.017410278	0.26275635
147262323	ACC	-0.74087524	-11.602509	-1.4095306
147262331	GYR	0.5847931	0.016647339	0.25434875
147262341	MAG	18.179321	39.775085	-24.345398
147262333	ACC	-0.17501831	-11.790054	-1.229538
147262341	GYR	0.54029846	0.08641052	0.23330688
147262343	ACC	0.13743591	-11.788528	-1.4083405
147262351	GYR	0.47346497	0.21549988	0.22091675
147262360	MAG	18.467712	39.74762	-25.054932
147262353	ACC	0.43624878	-11.739426	-1.6056824
147262361	GYR	0.40983582	0.3419342	0.20732117
147262363	ACC	0.5662384	-11.851593	-2.146515
147262371	GYR	0.34358215	0.43545532	0.20072937
147262379	MAG	18.539429	39.57672	-25.41809
147262373	ACC	0.8020172	-12.051743	-2.8721313
147262383	ACC	1.2893372	-12.33725	-3.5039825
147262381	GYR	0.24751282	0.4886322	0.21237183
147262399	MAG	19.255066	39.67743	-25.559998
147262393	ACC	1.9682465	-12.674683	-3.7709198
147262390	GYR	0.117248535	0.519516	0.23553467
147262403	ACC	2.8709412	-13.310654	-3.4390411
147262400	GYR	-0.056869507	0.55470276	0.25816345
147262418	MAG	19.848633	39.48517	-25.44403
147262413	ACC	4.0572357	-14.26944	-2.2207794
147262410	GYR	-0.30181885	0.5514374	0.26509094
147262423	ACC	4.7196045	-14.843796	-0.47129822
147262420	GYR	-0.6047058	0.44648743	0.18867493
147262437	MAG	19.921875	39.77356	-25.05188
147262433	ACC	4.1827087	-14.236069	-0.024017334
147262430	GYR	-0.85362244	0.25395203	-0.010925293
147262443	ACC	3.138794	-12.82962	-1.5619202
147262440	GYR	-0.98921204	0.025680542	-0.2524414
147262456	MAG	19.86084	40.548706	-24.407959
147262453	ACC	2.6175385	-11.706085	-3.4077454
147262450	GYR	-1.0958099	-0.17558289	-0.4258728
147262463	ACC	2.6746979	-11.149338	-3.9384308
147262460	GYR	-1.2760925	-0.34077454	-0.55773926
147262475	MAG	19.534302	41.184998	-23.461914
147262473	ACC	2.647049	-10.693192	-3.2750092
147262470	GYR	-1.4998322	-0.53585815	-0.69410706
147262483	ACC	2.1554413	-10.049698	-2.260254
147262480	GYR	-1.6847382	-0.7895508	-0.82614136
147262495	MAG	18.435669	42.15088	-22.399902
147262493	ACC	1.5330048	-9.452133	-1.4857483
147262490	GYR	-1.8073273	-0.9650879	-0.9429321
147262503	ACC	1.1275024	-9.399841	-1.0091705
147262500	GYR	-1.8815308	-0.96839905	-1.0424957
147262514	MAG	16.958618	43.330383	-21.14563
147262513	ACC	0.9637604	-9.977142	-0.62893677
147262510	GYR	-1.9250183	-0.87072754	-1.1190186
147262523	ACC	1.0886383	-10.825104	-0.04244995
147262520	GYR	-1.9797363	-0.7554016	-1.1686401
147262533	MAG	15.312195	44.258118	-19.631958
147262533	ACC	1.3722687	-11.792496	0.9011383
147262530	GYR	-2.0657654	-0.75375366	-1.1949005
147262543	ACC	1.2684174	-12.74173	1.6304474
147262540	GYR	-2.1351166	-0.92985535	-1.225708
147262552	MAG	14.21814	44.94629	-17.903137
147262553	ACC	0.9354553	-13.367523	2.0939941
147262550	GYR	-2.125824	-1.168747	-1.2444458
147262563	ACC	0.845871	-13.280258	2.312271
147262560	GYR	-2.008545	-1.3669434	-1.1997375
147262572	MAG	12.434387	45.977783	-16.249084
147262573	ACC	1.4099121	-12.399796	2.0839539
147262570	GYR	-1.7923431	-1.4525299	-1.1190033
147262583	ACC	1.7121887	-11.665436	1.2102661
147262580	GYR	-1.5373993	-1.4415894	-1.073349
147262591	MAG	11.224365	46.29669	-14.857483
147262593	ACC	2.4087067	-11.317459	-0.014907837
147262590	GYR	-1.3261414	-1.458786	-1.0709686
147262603	ACC	2.832077	-11.23642	-1.0531158
147262600	GYR	-1.2142792	-1.5823059	-1.1265106
147262610	MAG	9.80072	46.78192	-13.696289
147262613	ACC	2.3838654	-11.362015	-1.6749725
147262610	GYR	-1.1972656	-1.8025208	-1.25383
147262623	ACC	1.546341	-11.554947	-1.5436249
147262620	GYR	-1.242218	-2.0962524	-1.3735504
147262629	MAG	8.161926	47.12677	-12.835693
147262633	ACC	0.9322815	-11.529419	-0.80067444
147262630	GYR	-1.3062134	-2.432846	-1.4216614
147262643	ACC	0.25682068	-11.141266	0.25300598
147262640	GYR	-1.3570251	-2.6835938	-1.4181213
147262648	MAG	6.0317993	47.235107	-11.46698
147262653	ACC	-0.24560547	-10.500748	0.7794342
147262650	GYR	-1.3736572	-2.7381592	-1.3920288
147262663	ACC	0.24440002	-10.127029	1.5866241
147262660	GYR	-1.3562775	-2.6237793	-1.3677673
147262668	MAG	4.2282104	47.746277	-10.191345
147262670	GYR	-1.273468	-2.5866394	-1.4016266
147262672	ACC	0.82847595	-10.016586	1.2800751
147262680	GYR	-1.1598206	-2.7193909	-1.5086975
147262687	MAG	2.39563	47.776794	-8.74176
147262682	ACC	1.2894135	-9.963287	0.85343933
147262690	GYR	-1.0945435	-2.7503815	-1.6312866
147262692	ACC	1.4974365	-10.056549	0.9827118
147262700	GYR	-1.022171	-2.7168121	-1.7342529
147262706	MAG	0.5935669	48.016357	-7.495117
147262702	ACC	1.1385803	-10.218292	0.87008667
147262710	GYR	-0.9320526	-2.6835938	-1.7889862
147262712	ACC	0.22749329	-9.956329	0.5856018
147262720	GYR	-0.85487366	-2.6030273	-1.7593689
147262725	MAG	-1.9287109	47.88971	-6.22406
147262722	ACC	-0.18084717	-9.561127	0.30247498
147262730	GYR	-0.7847595	-2.6136017	-1.686554
147262732	ACC	-0.38165283	-9.27832	-0.07673645
147262740	GYR	-0.7439575	-2.7004242	-1.6081696
147262745	MAG	-3.9962769	47.602844	-4.73938
147262742	ACC	-0.50878906	-9.016006	-0.3447876
147262750	GYR	-0.724411	-2.8269348	-1.5281372
147262752	ACC	-0.6818695	-8.6763	-0.47450256
147262760	GYR	-0.7086487	-2.9935608	-1.4408112
147262764	MAG	-5.7632446	47.42737	-3.0944824
147262762	ACC	-0.9397278	-8.238724	-0.41758728
147262772	ACC	-1.1391754	-7.712387	-0.4666748
147262770	GYR	-0.69189453	-3.1600952	-1.3353271
147262783	MAG	-7.533264	46.907043	-1.5625
147262782	ACC	-1.33638	-7.218704	-0.34735107
147262780	GYR	-0.7146454	-3.300415	-1.2118835
147262792	ACC	-1.4804688	-6.811783	-0.20542908
147262790	GYR	-0.74176025	-3.3011627	-1.0628815
147262802	MAG	-8.467102	46.429443	0.14648438
147262802	ACC	-1.6022644	-6.5796356	-0.23660278
147262800	GYR	-0.7095642	-3.135498	-0.91726685
147262812	ACC	-1.7547455	-6.446762	-0.309021
147262810	GYR	-0.60595703	-2.8654938	-0.804245
147262821	MAG	-9.135437	46.40503	1.5762329
147262822	ACC	-1.8174744	-6.3750763	-0.3007965
147262820	GYR	-0.46450806	-2.5559845	-0.71224976
147262832	ACC	-1.9162445	-6.2881775	-0.4024048
147262830	GYR	-0.3014679	-2.2450256	-0.63508606
147262841	MAG	-9.973145	45.97168	2.6290894
147262842	ACC	-2.065979	-6.123535	-0.580307
147262840	GYR	-0.13813782	-1.9698944	-0.56629944
147262852	ACC	-2.0715332	-5.872055	-0.7090454
147262850	GYR	-5.0354004E-4	-1.776062	-0.490036
147262860	MAG	-10.3515625	45.721436	3.363037
147262862	ACC	-1.9598541	-5.6393433	-0.88031006
147262860	GYR	0.11553955	-1.6573944	-0.40509033
147262872	ACC	-1.7142029	-5.5424805	-1.3122559
147262869	GYR	0.22457886	-1.5434418	-0.32063293
147262879	MAG	-10.757446	45.689392	3.7597656
147262882	ACC	-1.3841553	-5.656082	-2.0182953
147262879	GYR	0.33543396	-1.4101562	-0.24261475
147262892	ACC	-1.1211548	-5.988022	-2.8761597
147262889	GYR	0.44058228	-1.2792816	-0.16621399
147262898	MAG	-10.656738	45.64972	3.804016
147262902	ACC	-0.8482208	-6.505966	-3.8069305
147262899	GYR	0.5262451	-1.1435852	-0.090545654
147262912	ACC	-0.7065277	-7.2414246	-4.758423
147262909	GYR	0.5835571	-1.010788	-0.017837524
147262918	MAG	-10.899353	45.568848	3.7765503
147262922	ACC	-0.34565735	-8.114166	-5.876404
147262919	GYR	0.60528564	-0.92137146	0.05088806
147262932	ACC	0.22891235	-9.045914	-6.945511
147262929	GYR	0.5948639	-0.9128113	0.10798645
147262937	MAG	-10.545349	45.64209	3.3340454
147262942	ACC	0.5933533	-9.6927185	-7.911133
147262939	GYR	0.5482483	-1.0195312	0.13095093
147262952	ACC	0.81925964	-9.8750305	-9.040344
147262949	GYR	0.45133972	-1.20224	0.11616516
147262956	MAG	-10.211182	45.65277	3.2669067
147262962	ACC	1.124588	-9.956726	-9.775467
147262959	GYR	0.2952118	-1.412674	0.07814026
147262972	ACC	1.4371948	-10.158325	-9.796524
147262969	GYR	0.10423279	-1.5963898	0.02293396
147262975	MAG	-10.147095	45.832825	3.527832
147262982	ACC	2.0420837	-10.461273	-9.101334
147262979	GYR	-0.06758118	-1.6646271	-0.034835815
147262992	ACC	2.46846	-10.832275	-7.712921
147262989	GYR	-0.19514465	-1.5539246	-0.103378296
147262995	MAG	-9.8098755	45.529175	4.084778
147263002	ACC	2.2503204	-11.075684	-6.3834076
147262999	GYR	-0.28108215	-1.2312012	-0.18902588
147263012	ACC	1.985611	-10.964371	-5.7956085
147263009	GYR	-0.34294128	-0.7375641	-0.272583
147263014	MAG	-9.777832	45.463562	4.5043945
147263022	ACC	1.7459259	-10.558517	-5.713867
147263019	GYR	-0.39912415	-0.265625	-0.34254456
147263032	ACC	1.4766998	-9.688263	-5.614914
147263029	GYR	-0.4432373	-8.8500977E-4	-0.40377808
147263033	MAG	-10.018921	45.26367	5.1345825
147263042	ACC	0.6696472	-8.199692	-5.5117493
147263039	GYR	-0.443573	0.043014526	-0.44888306
147263052	ACC	-0.4779663	-6.499634	-5.323929
147263049	GYR	-0.37954712	-0.060775757	-0.45288086
147263053	MAG	-10.646057	45.054626	5.7891846
147263059	GYR	-0.24662781	-0.23399353	-0.4072876
147263071	MAG	-10.682678	44.81201	5.9005737
147263062	ACC	-1.4359589	-5.2582397	-6.2673645
147263069	GYR	-0.1088562	-0.4434662	-0.34591675
147263072	ACC	-2.4695587	-6.6932373	-8.930756
147263079	GYR	-0.04360962	-0.70988464	-0.28582764
147263091	MAG	-10.887146	44.467163	6.35376
147263082	ACC	-3.519043	-10.843185	-9.378159
147263089	GYR	0.027679443	-0.91467285	-0.19023132
147263092	ACC	-2.349411	-15.490921	-5.9811554
147263099	GYR	0.19010925	-0.7180481	-0.049468994
147263110	MAG	-10.768127	44.680786	6.70166
147263102	ACC	2.930191	-16.420776	-1.7290344
147263109	GYR	0.43222046	0.17955017	-0.07939148
147263112	ACC	5.902527	-15.6345825	-2.152237
147263119	GYR	0.47981262	1.1891937	-0.3718872
147263129	MAG	-10.446167	44.7052	5.8013916
147263122	ACC	5.601364	-15.577393	-3.2063751
147263129	GYR	0.21395874	1.9344025	-0.7136688
147263132	ACC	1.8495178	-13.979095	-1.8769684
147263139	GYR	-0.064941406	2.2990723	-0.8740845
147263148	MAG	-11.509705	44.76471	5.2124023
147263142	ACC	-2.6907349	-10.266342	0.7623291
147263149	GYR	-0.13449097	2.2190704	-0.8466797
147263151	ACC	-6.862259	-5.995743	4.271347
147263159	GYR	0.18193054	1.8445282	-0.69111633
147263168	MAG	-13.023376	44.477844	4.9987793
147263161	ACC	-9.46283	-3.4754639	-1.2869263
147263171	ACC	-11.9600525	-3.685608	-5.6872406
147263169	GYR	0.24734497	1.0959167	-0.517746
147263187	MAG	-13.453674	44.61975	5.1071167
147263181	ACC	-11.858185	-4.1704254	-3.5529938
147263179	GYR	-0.0043029785	0.22987366	-0.16508484
147263191	ACC	-7.8396606	-4.6667175	-0.90885925
147263189	GYR	0.17488098	-0.48667908	0.36386108
147263206	MAG	-12.940979	44.64569	4.8431396
147263201	ACC	-3.3884735	-6.168686	1.9101715
147263199	GYR	0.651001	-0.6643219	0.7188721
147263211	ACC	-0.37625122	-8.741623	4.569107
147263209	GYR	1.1559296	-2.89917E-4	0.86680603
147263225	MAG	-11.8637085	45.16449	3.1219482
147263221	ACC	1.1428528	-11.406509	5.216797
147263219	GYR	1.6251526	1.2561035	0.94044495
147263231	ACC	1.8243561	-13.252838	3.3925629
147263229	GYR	1.928894	2.6324463	1.0177612
147263244	MAG	-10.816956	45.86792	0.37231445
147263241	ACC	1.988266	-14.080109	1.5077667
147263239	GYR	1.9104767	3.5039215	1.0815735
147263251	ACC	2.423767	-13.827515	0.31025696
147263249	GYR	1.622818	3.686203	1.1236877
147263264	MAG	-10.098267	46.40045	-2.2537231
147263261	ACC	3.131012	-13.167191	-0.3705902
147263259	GYR	1.2843323	3.4190369	1.0989227
147263271	ACC	3.4670258	-12.670288	-0.28759766
147263269	GYR	1.0534058	2.905426	0.95762634
147263283	MAG	-9.025574	46.76819	-4.055786
147263281	ACC	3.5726318	-12.224609	0.21688843
147263279	GYR	1.0063629	2.3614807	0.7569885
147263291	ACC	3.575714	-11.824234	0.4780426
147263289	GYR	1.1319885	1.8997345	0.5816498
147263302	MAG	-8.468628	47.07489	-5.6381226
147263301	ACC	3.4403534	-11.328064	0.29145813
147263299	GYR	1.3551636	1.5462799	0.43904114
147263311	ACC	3.124588	-10.605362	-0.12319946
147263309	GYR	1.5864716	1.312439	0.31027222
147263321	MAG	-7.8308105	47.20459	-7.4905396
147263321	ACC	2.5205994	-9.818695	-0.41241455
147263319	GYR	1.745285	1.2260437	0.1917572
147263331	ACC	1.7564087	-9.181778	-0.50971985
147263329	GYR	1.8062439	1.241684	0.10456848
147263341	MAG	-7.7789307	47.096252	-9.429932
147263341	ACC	1.0788727	-8.788757	-0.3374176
147263339	GYR	1.7843628	1.20607	0.06506348
147263351	ACC	0.034561157	-8.493011	-0.07475281
147263348	GYR	1.7071228	1.0272522	0.055877686
147263360	MAG	-7.675171	47.140503	-11.291504
147263361	ACC	-0.7507324	-8.293472	0.40908813
147263358	GYR	1.6069489	0.79707336	0.07926941
147263371	ACC	-0.99661255	-8.417496	0.8674011
147263368	GYR	1.5178528	0.6481323	0.1382904
147263379	MAG	-7.318115	46.90857	-13.05542
147263381	ACC	-1.1231232	-8.75621	0.8436279
147263378	GYR	1.476471	0.63423157	0.18455505
147263391	ACC	-1.3543091	-9.042938	0.197052
147263388	GYR	1.4421082	0.7724304	0.2106781
147263398	MAG	-7.0739746	46.647644	-14.393616
147263401	ACC	-1.3484802	-9.06485	-0.540802
147263398	GYR	1.3583221	0.9878082	0.25074768
147263411	ACC	-1.0978088	-9.017044	-0.76286316
147263408	GYR	1.2222137	1.1177063	0.3067627
147263417	MAG	-6.703186	46.636963	-15.942383
147263421	ACC	-0.68473816	-8.88089	-0.5453491
147263418	GYR	1.0789642	1.0558167	0.34635925
147263431	ACC	-0.32887268	-8.690399	-0.29940796
147263428	GYR	0.96647644	0.9389038	0.35113525
147263437	MAG	-5.9692383	46.64917	-17.14325
147263441	ACC	-0.18003845	-8.6046295	-0.124557495
147263438	GYR	0.89553833	0.9359741	0.33770752
147263448	GYR	0.85635376	1.0181122	0.3417511
147263456	MAG	-5.7373047	45.81909	-18.11676
147263451	ACC	0.11608887	-8.615402	0.044143677
147263458	GYR	0.83135986	1.1038055	0.35972595
147263461	ACC	0.64053345	-8.7144165	0.1918335
147263468	GYR	0.8179779	1.177536	0.3643341
147263475	MAG	-4.6066284	45.869446	-19.206238
147263471	ACC	0.9385834	-8.831207	0.33120728
147263478	GYR	0.8357086	1.2459412	0.3633423
147263481	ACC	1.1621704	-8.920868	0.28231812
147263488	GYR	0.8782196	1.2935486	0.36825562
147263494	MAG	-4.045105	45.74585	-20.15686
147263491	ACC	1.2431641	-8.877686	0.0750885
147263498	GYR	0.91555786	1.2876129	0.38031006
147263501	ACC	1.2571411	-8.786499	-0.306015
147263508	GYR	0.94044495	1.2299805	0.39950562
147263514	MAG	-3.1021118	45.47882	-21.212769
147263511	ACC	1.1272888	-8.795013	-0.81822205
147263518	GYR	0.9546356	1.1660919	0.4335785
147263521	ACC	1.1792297	-9.107056	-1.4073486
147263528	GYR	0.9602814	1.0739899	0.48945618
147263533	MAG	-2.4337769	45.387268	-22.032166
147263531	ACC	1.3688507	-9.48645	-1.6049652
147263538	GYR	0.97003174	0.9581146	0.5440979
147263541	ACC	1.4840088	-9.773499	-1.2472687
147263548	GYR	0.99705505	0.8665161	0.58825684
147263552	MAG	-1.6525269	45.132446	-23.310852
147263551	ACC	1.4039612	-9.878952	-0.70762634
147263561	ACC	1.134018	-9.861755	-0.35139465
147263558	GYR	1.0202637	0.8427429	0.6238098
147263571	MAG	-0.6164551	44.75708	-24.456787
147263571	ACC	0.8835907	-9.846054	-0.29345703
147263568	GYR	1.009201	0.8399811	0.64823914
147263581	ACC	0.7474823	-9.884827	-0.6681061
147263578	GYR	0.9626312	0.787735	0.6432648
147263591	MAG	0.25177002	44.664	-25.196838
147263591	ACC	0.90322876	-10.016647	-1.3424072
147263588	GYR	0.89323425	0.66355896	0.61312866
147263601	ACC	1.5427094	-10.162033	-1.7980957
147263598	GYR	0.78982544	0.52326965	0.5765381
147263610	MAG	0.9613037	44.34662	-26.141357
147263611	ACC	2.4031525	-10.363678	-1.642746
147263608	GYR	0.64442444	0.42242432	0.54255676
147263621	ACC	3.176361	-10.60582	-0.9086304
147263618	GYR	0.47773743	0.4022827	0.50123596
147263629	MAG	1.7440796	44.203186	-26.733398
147263631	ACC	3.5266724	-10.867798	-0.35090637
147263628	GYR	0.35443115	0.4382782	0.41874695
147263640	ACC	3.3791504	-11.075897	-0.38175964
147263638	GYR	0.30641174	0.49291992	0.28971863
147263648	MAG	2.2521973	44.15741	-27.08435
147263650	ACC	2.8372498	-11.186813	-0.43173218
147263648	GYR	0.28952026	0.49942017	0.14797974
147263660	ACC	2.1719666	-11.280701	-0.322937
147263658	GYR	0.272583	0.48147583	0.024002075
147263667	MAG	2.481079	43.94226	-27.314758
147263670	ACC	1.4811401	-11.481079	-0.39642334
147263668	GYR	0.2639923	0.49972534	-0.06661987
147263680	ACC	0.7090454	-11.7453	-0.76768494
147263678	GYR	0.26176453	0.55651855	-0.12672424
147263687	MAG	2.7130127	43.876648	-27.462769
147263690	ACC	-0.022109985	-12.000534	-1.3257446
147263688	GYR	0.25265503	0.66734314	-0.16026306
147263700	ACC	-0.4747467	-12.202286	-2.0861053
147263698	GYR	0.22589111	0.84765625	-0.1663971
147263706	MAG	2.8289795	43.94226	-27.844238
147263710	ACC	-0.52723694	-12.321945	-2.7943878
147263708	GYR	0.15966797	1.0577393	-0.15110779
147263720	ACC	-0.17671204	-12.475189	-3.189087
147263718	GYR	0.041534424	1.2069092	-0.11872864
147263725	MAG	3.0319214	43.823242	-27.755737
147263730	ACC	0.6313782	-12.685043	-3.2761993
147263728	GYR	-0.118881226	1.2475891	-0.08190918
147263740	ACC	1.8126984	-12.932571	-2.8633575
147263738	GYR	-0.31459045	1.1666718	-0.06414795
147263744	MAG	3.565979	44.1391	-27.671814
147263750	ACC	3.1546326	-12.867203	-1.9732361
147263748	GYR	-0.5343323	0.99765015	-0.10487366
147263760	ACC	4.195053	-12.541168	-1.541336
147263758	GYR	-0.7200165	0.8164215	-0.22546387
147263764	MAG	4.371643	44.204712	-27.261353
147263770	ACC	4.4147034	-11.984085	-1.876831
147263768	GYR	-0.86013794	0.6871033	-0.40223694
147263780	ACC	4.0387573	-11.544754	-2.6986847
147263778	GYR	-1.0249329	0.6378937	-0.5766754
147263783	MAG	4.533386	44.537354	-26.321411
147263790	ACC	3.3292084	-11.2916565	-3.0228271
147263788	GYR	-1.2568054	0.5752716	-0.70687866
147263800	ACC	2.1585388	-10.981949	-2.3677826
147263798	GYR	-1.5251007	0.36872864	-0.8028259
147263802	MAG	4.3762207	44.80896	-25.128174
147263810	ACC	1.0226135	-10.7956085	-1.3269196
147263808	GYR	-1.7631378	0.013412476	-0.88365173
147263820	ACC	0.03541565	-10.958023	-0.87568665
147263818	GYR	-1.9457703	-0.39924622	-0.95983887
147263822	MAG	3.7231445	45.655823	-23.298645
147263830	ACC	-1.0108032	-11.543457	-0.9889679
147263827	GYR	-2.1143646	-0.7238312	-1.0265045
147263837	GYR	-2.3043976	-0.81448364	-1.0659027
147263841	MAG	2.3269653	46.07544	-21.115112
147263840	ACC	-1.8317719	-12.293243	-0.94351196
147263847	GYR	-2.4683075	-0.71720886	-1.0773621
147263860	MAG	1.1291504	46.91925	-18.789673
147263850	ACC	-2.9036255	-13.2052765	0.17906189
147263857	GYR	-2.5084686	-0.63757324	-1.0429688
147263860	ACC	-4.118271	-14.430374	1.3402557
147263867	GYR	-2.4214935	-0.638443	-0.9326477
147263879	MAG	0.0015258789	47.36023	-16.253662
147263870	ACC	-4.7039795	-15.254349	2.1242523
147263877	GYR	-2.2844543	-0.5409241	-0.75645447
147263880	ACC	-4.0097656	-15.219955	2.329895
147263887	GYR	-2.1485443	-0.1774292	-0.61976624
147263898	MAG	-0.74157715	47.425842	-13.853455
147263890	ACC	-2.7908478	-14.413223	1.3787079
147263897	GYR	-2.0385437	0.30162048	-0.5673218
147263900	ACC	-1.5738373	-13.536743	-0.035064697
147263907	GYR	-1.9270935	0.65042114	-0.58644104
147263917	MAG	-1.1367798	47.76306	-11.909485
147263910	ACC	-0.48483276	-12.63353	-1.6256256
147263917	GYR	-1.792038	0.7812195	-0.66041565
147263920	ACC	-0.050476074	-12.128769	-3.179428
147263927	GYR	-1.6690521	0.58547974	-0.72631836
147263937	MAG	-1.9241333	47.981262	-10.073853
147263930	ACC	0.20115662	-11.676819	-4.8836823
147263937	GYR	-1.689148	0.09233093	-0.7351532
147263940	ACC	0.8009186	-11.416367	-4.933899
147263956	MAG	-2.4398804	48.18268	-8.482361
147263950	ACC	0.75613403	-11.138367	-3.431717
147263947	GYR	-1.793808	-0.75502014	-0.7362213
147263960	ACC	0.6061554	-10.222336	-1.25354
147263957	GYR	-1.9091187	-1.4347382	-0.7190857
147263975	MAG	-3.5461426	48.02704	-5.7678223
147263970	ACC	0.86112976	-8.928589	0.517395
147263967	GYR	-1.9533691	-1.5810852	-0.64186096
147263980	ACC	1.1997223	-7.990631	1.1705933
147263977	GYR	-1.8631134	-1.316925	-0.5670624
147263994	MAG	-3.8375854	47.898865	-3.843689
147263990	ACC	1.1098022	-7.692642	0.6439209
147263987	GYR	-1.6760254	-0.99183655	-0.54885864
147264000	ACC	0.8373413	-7.683716	-0.02520752
147263997	GYR	-1.5292664	-0.888916	-0.5534973
147264013	MAG	-4.7210693	47.843933	-2.027893
147264010	ACC	1.313736	-7.9142	0.24765015
147264007	GYR	-1.4766235	-1.0174408	-0.5334015
147264020	ACC	1.4852295	-8.265167	0.40211487
147264017	GYR	-1.4064941	-1.3433075	-0.585495
147264033	MAG	-5.5740356	47.691345	-0.4852295
147264030	ACC	0.64149475	-7.958069	-0.032684326
147264027	GYR	-1.2844849	-1.7221375	-0.7609558
147264040	ACC	-0.0075531006	-7.3021393	0.035476685
147264037	GYR	-1.2455292	-1.8659668	-0.8787842
147264052	MAG	-5.8776855	47.2641	1.2283325
147264050	ACC	-0.32063293	-6.6552734	0.011734009
147264047	GYR	-1.2147522	-1.8957977	-0.8936157
147264060	ACC	-0.6759033	-6.271332	-0.44406128
147264057	GYR	-1.1465454	-1.9537048	-0.8696289
147264071	MAG	-7.5302124	47.312927	1.8325806
147264070	ACC	-1.0918884	-6.030487	-0.76535034
147264067	GYR	-1.0791321	-2.09198	-0.82637024
147264080	ACC	-1.4169922	-5.778015	-0.63079834
147264077	GYR	-1.0437775	-2.2121582	-0.7415619
147264090	MAG	-8.023071	46.722412	4.219055
147264090	ACC	-1.6027832	-5.4176483	-0.38635254
147264087	GYR	-0.99076843	-2.2665558	-0.6411896
147264100	ACC	-1.6585541	-5.0067596	-0.20866394
147264097	GYR	-0.885849	-2.2457886	-0.5462494
147264110	MAG	-7.4661255	46.203613	5.7495117
147264110	ACC	-1.7200928	-4.616043	-0.08139038
147264107	GYR	-0.7240906	-2.1500397	-0.47348022
147264119	ACC	-1.7234955	-4.269562	-0.124435425
147264117	GYR	-0.5112915	-1.9686584	-0.40873718
147264129	MAG	-7.434082	46.29059	6.852722
147264129	ACC	-1.5791626	-4.052597	-0.39134216
147264127	GYR	-0.2634735	-1.718216	-0.33828735
147264139	ACC	-1.5538483	-3.87294	-0.74513245
147264137	GYR	-0.0023651123	-1.433197	-0.27087402
147264148	MAG	-7.409668	45.88318	7.1105957
147264149	ACC	-1.467514	-3.7331848	-1.1575012
147264147	GYR	0.26130676	-1.1244354	-0.20535278
147264159	ACC	-1.339508	-3.7505035	-1.625412
147264157	GYR	0.52682495	-0.810318	-0.13439941
147264167	MAG	-7.5561523	45.99762	7.1121216
147264169	ACC	-1.0601959	-4.0324707	-2.1642456
147264167	GYR	0.77963257	-0.539505	-0.060791016
147264179	ACC	-0.8562317	-4.549988	-2.7988892
147264177	GYR	0.9972229	-0.33433533	0.011383057
147264187	MAG	-7.6553345	46.194458	6.4559937
147264189	ACC	-0.2667389	-5.2476654	-3.6569214
147264187	GYR	1.1573334	-0.184906	0.08569336
147264199	ACC	0.67411804	-6.158203	-4.937393
147264197	GYR	1.2493591	-0.07446289	0.14167786
147264206	MAG	-7.6141357	46.246338	5.0613403
147264209	ACC	1.0271759	-7.3145447	-6.585846
147264207	GYR	1.2604828	0.0028686523	0.15124512
147264219	ACC	1.3335266	-8.808014	-8.386719
147264217	GYR	1.1744385	0.03779602	0.13146973
147264225	MAG	-7.5790405	46.611023	3.6453247
147264229	ACC	1.5924377	-10.571823	-9.858124
147264227	GYR	0.9881897	0.004470825	0.09347534
147264237	GYR	0.72862244	-0.15724182	0.048309326
147264244	MAG	-7.5317383	46.499634	2.9556274
147264239	ACC	1.5044403	-12.310486	-10.939133
147264247	GYR	0.42622375	-0.46853638	0.023635864
147264249	ACC	2.0893707	-13.969666	-11.907532
147264257	GYR	0.08155823	-0.8631134	0.009918213
147264263	MAG	-7.53479	46.6568	2.9449463
147264259	ACC	2.878662	-14.805466	-12.839767
147264267	GYR	-0.32113647	-1.2447815	-0.016357422
147264269	ACC	4.0951233	-14.522659	-13.2439575
147264277	GYR	-0.7439728	-1.5958252	-0.1129303
147264283	MAG	-7.3776245	46.53015	3.730774
147264279	ACC	4.6246796	-13.39888	-11.664246
147264287	GYR	-1.0624237	-1.8319855	-0.26940918
147264289	ACC	4.211914	-12.156555	-8.4097595
147264297	GYR	-1.1390686	-1.831543	-0.43400574
147264302	MAG	-7.4554443	46.19751	5.239868
147264299	ACC	3.3456726	-11.015762	-5.5990906
147264306	GYR	-0.98573303	-1.6967621	-0.5713959
147264309	ACC	2.482483	-9.681488	-4.272812
147264316	GYR	-0.71214294	-1.5984039	-0.6755829
147264321	MAG	-7.672119	45.742798	6.8130493
147264319	ACC	1.7387543	-8.270462	-4.17334
147264326	GYR	-0.43762207	-1.535675	-0.7475891
147264329	ACC	0.6621704	-6.7321014	-4.6545258
147264340	MAG	-8.103943	45.6131	7.495117
147264339	ACC	-0.5489502	-5.4373016	-5.3159943
147264336	GYR	-0.23535156	-1.3879547	-0.733963
147264349	ACC	-2.0188293	-4.6986847	-5.860443
147264346	GYR	-0.08773804	-1.0987549	-0.66185
147264360	MAG	-8.735657	45.13855	8.029175
147264359	ACC	-3.3377533	-5.3752136	-6.6392365
147264356	GYR	0.025878906	-0.7736969	-0.54167175
147264369	ACC	-4.5236053	-8.343369	-8.1302185
147264366	GYR	0.118927	-0.49980164	-0.3938446
147264379	MAG	-9.313965	45.04547	8.718872
147264379	ACC	-6.0697327	-13.32605	-7.6600647
147264376	GYR	0.14297485	-0.2770996	-0.24812317
147264389	ACC	-6.307953	-17.664734	-3.9168396
147264386	GYR	0.13676453	-0.0960083	-0.046417236
147264398	MAG	-9.339905	45.143127	8.389282
147264399	ACC	-2.8141174	-18.243164	-2.2429047
147264396	GYR	0.2607422	0.2243805	0.27262878
147264409	ACC	1.0253754	-17.33751	-4.1318054
147264406	GYR	0.38845825	0.72068787	0.38327026
147264417	MAG	-8.988953	45.181274	7.902527
147264419	ACC	2.0342407	-15.615112	-3.3431396
147264416	GYR	0.16795349	1.1063538	0.11412048
147264429	ACC	0.30914307	-10.658707	0.62120056
147264426	GYR	-0.20632935	1.4910583	-0.22540283
147264436	MAG	-8.732605	45.095825	8.078003
147264439	ACC	-2.6899261	-4.9846954	4.321533
147264436	GYR	-0.2015686	1.824234	-0.42182922
147264449	ACC	-6.090317	-2.1559753	3.8699036
147264446	GYR	0.24772644	1.8866577	-0.44244385
147264456	MAG	-9.606934	45.046997	7.3928833
147264459	ACC	-8.759613	-2.2956696	-0.008148193
147264456	GYR	0.74905396	1.6559448	-0.29037476
147264469	ACC	-8.955368	-3.2256927	-2.4433289
147264466	GYR	0.87364197	1.2119293	0.03288269
147264475	MAG	-10.386658	45.15686	6.692505
147264479	ACC	-6.539749	-4.621277	-3.3860931
147264476	GYR	0.77723694	0.6718445	0.4164276
147264489	ACC	-2.1237946	-6.9710083	-0.5605316
147264486	GYR	0.74642944	0.25331116	0.70462036
147264494	MAG	-10.023499	45.495605	5.7662964
147264499	ACC	1.4128876	-9.688843	4.9864044
147264496	GYR	0.8987274	0.34928894	0.8293457
147264509	ACC	1.3917542	-11.992844	7.061676
147264506	GYR	1.2946625	1.2614594	0.8422241
147264513	MAG	-9.150696	45.82367	4.534912
147264519	ACC	0.49879456	-13.16127	5.0251465
147264516	GYR	1.7279358	2.554947	0.87779236
147264529	ACC	0.035568237	-13.805954	0.94807434
147264526	GYR	1.9451752	3.4424133	0.9454956
147264533	MAG	-8.920288	46.466064	1.8829346
147264539	ACC	0.63601685	-13.839462	-2.41745
147264536	GYR	1.8843231	3.648178	0.9648285
147264549	ACC	1.7306824	-13.151184	-3.003601
147264546	GYR	1.6342773	3.3104553	0.9007416
147264552	MAG	-8.331299	46.94519	-0.54626465
147264559	ACC	2.1408234	-11.95784	-1.7970734
147264556	GYR	1.398941	2.711029	0.76646423
147264569	ACC	2.7962646	-10.884949	-0.18800354
147264566	GYR	1.2753601	2.1858978	0.6581116
147264571	MAG	-7.5149536	47.206116	-2.557373
147264579	ACC	3.3732758	-10.467575	0.30862427
147264576	GYR	1.2691345	1.915268	0.59513855
147264589	ACC	3.538269	-10.4730835	0.19381714
147264586	GYR	1.3706818	1.8051453	0.52227783
147264590	MAG	-6.8359375	47.457886	-4.4662476
147264598	ACC	3.0058289	-10.323715	0.3668518
147264596	GYR	1.5266113	1.7071686	0.41601562
147264608	ACC	2.1975403	-9.791885	0.44569397
147264606	GYR	1.6737518	1.6537018	0.29638672
147264610	MAG	-6.4437866	47.470093	-6.388855
147264618	ACC	1.54216	-9.119354	0.4837494
147264616	GYR	1.7698517	1.6529694	0.20829773
147264626	GYR	1.7976379	1.6135406	0.17185974
147264629	MAG	-6.2423706	47.43805	-8.250427
147264628	ACC	0.9246521	-8.780716	0.56192017
147264636	GYR	1.7723541	1.4542999	0.164505
147264648	MAG	-5.7403564	47.36328	-9.986877
147264638	ACC	0.4598999	-8.814316	0.23815918
147264646	GYR	1.6938934	1.1661072	0.15661621
147264648	ACC	-0.4685669	-8.977661	-0.20474243
147264656	GYR	1.570343	0.8663025	0.17855835
147264667	MAG	-5.5358887	47.251892	-11.842346
147264658	ACC	-1.3115387	-8.883026	-0.008087158
147264666	GYR	1.4709015	0.8170166	0.24256897
147264668	ACC	-1.4085541	-8.765671	0.22576904
147264676	GYR	1.4438324	0.94677734	0.31011963
147264686	MAG	-5.101013	46.920776	-13.233948
147264678	ACC	-1.1042175	-8.916885	-0.30859375
147264686	GYR	1.4242249	1.1414185	0.35443115
147264688	ACC	-0.93022156	-8.919083	-1.3312683
147264696	GYR	1.3040924	1.4458771	0.39178467
147264706	MAG	-4.675293	46.71173	-14.726257
147264698	ACC	-0.56503296	-8.998795	-1.3090668
147264706	GYR	1.1662598	1.5202179	0.4415741
147264708	ACC	-0.0382843	-9.03038	-0.9390564
147264716	GYR	1.0674286	1.4183655	0.47731018
147264725	MAG	-3.6193848	46.7453	-16.178894
147264718	ACC	0.3274994	-8.976578	-0.51538086
147264728	ACC	0.59443665	-8.903259	-0.30490112
147264726	GYR	1.0072632	1.4275513	0.4817047
147264744	MAG	-3.1646729	46.435547	-17.295837
147264738	ACC	0.91407776	-8.793457	0.14837646
147264736	GYR	0.95188904	1.4564819	0.4940796
147264748	ACC	1.0779724	-8.665665	0.7266083
147264746	GYR	0.8958435	1.4504547	0.5007324
147264763	MAG	-2.2232056	46.479797	-18.327332
147264758	ACC	1.2068481	-8.668579	1.0257721
147264756	GYR	0.877655	1.4369354	0.5041809
147264768	ACC	1.3522797	-8.757278	0.890213
147264766	GYR	0.88952637	1.4138031	0.51026917
147264783	MAG	-1.3076782	46.040344	-19.137573
147264778	ACC	1.285553	-8.840149	0.44230652
147264776	GYR	0.9228363	1.3990479	0.50756836
147264788	ACC	0.9157257	-9.028427	-0.16371155
147264785	GYR	0.9590912	1.3591309	0.4920807
147264802	MAG	-0.47912598	46.018982	-20.388794
147264798	ACC	0.72483826	-9.433014	-1.1442261
147264795	GYR	0.98161316	1.2553253	0.48754883
147264808	ACC	0.83187866	-9.918167	-2.2414398
147264805	GYR	0.9874115	1.1229248	0.5151825
147264821	MAG	0.33721924	45.581055	-21.238708
147264818	ACC	1.0296936	-10.23819	-3.1154633
147264815	GYR	0.9807892	1.0020294	0.5490875
147264828	ACC	1.4052124	-10.235275	-3.2213745
147264825	GYR	0.9568329	0.8801575	0.57785034
147264840	MAG	1.2054443	45.48645	-21.97876
147264838	ACC	1.8262329	-9.991455	-2.6139374
147264835	GYR	0.9157562	0.76252747	0.5951538
147264848	ACC	2.1492767	-9.696945	-1.6937561
147264845	GYR	0.86790466	0.704834	0.5870209
147264859	MAG	1.663208	45.059204	-23.086548
147264858	ACC	2.310196	-9.509979	-0.76979065
147264855	GYR	0.8021393	0.7273712	0.55926514
147264868	ACC	2.28891	-9.468231	-0.34898376
147264865	GYR	0.73197937	0.7862396	0.5144043
147264879	MAG	2.645874	44.914246	-23.597717
147264878	ACC	2.1540375	-9.481155	-0.6595764
147264875	GYR	0.67144775	0.83810425	0.4693756
147264888	ACC	2.119278	-9.474701	-1.3151245
147264885	GYR	0.59098816	0.8716583	0.4499359
147264898	MAG	3.37677	44.73419	-24.230957
147264898	ACC	2.20372	-9.66066	-1.5755005
147264895	GYR	0.45178223	0.87442017	0.4683075
147264908	ACC	2.4855042	-10.043396	-1.1278687
147264905	GYR	0.26724243	0.81855774	0.50138855
147264917	MAG	4.2388916	44.526672	-24.406433
147264918	ACC	2.8943481	-10.531265	-0.45970154
147264915	GYR	0.12046814	0.7048187	0.51374817
147264928	ACC	3.2223206	-11.107086	-0.229599
147264925	GYR	0.07304382	0.57398987	0.47021484
147264936	MAG	4.7714233	44.459534	-24.432373
147264938	ACC	3.0894928	-11.708939	-0.45184326
147264935	GYR	0.1085968	0.447464	0.36909485
147264948	ACC	2.5883636	-12.042969	-0.6467285
147264945	GYR	0.16693115	0.35847473	0.24691772
147264956	MAG	5.302429	44.277954	-24.497986
147264958	ACC	1.8276367	-12.064407	-0.81848145
147264955	GYR	0.20925903	0.343338	0.13522339
147264968	ACC	1.0853271	-12.0607605	-1.3956909
147264965	GYR	0.2290802	0.40551758	0.046173096
147264975	MAG	5.418396	44.148254	-24.264526
147264978	ACC	0.6771698	-12.115341	-1.9944153
147264975	GYR	0.20225525	0.5721283	-0.009292603
147264988	ACC	0.6860504	-12.358322	-2.68219
147264985	GYR	0.12553406	0.7882538	-0.03955078
147264994	MAG	5.5099487	44.078064	-24.357605
147264998	ACC	1.1746368	-12.896988	-3.240631
147264995	GYR	0.002243042	0.92836	-0.061416626
147265008	ACC	2.0255737	-13.6332245	-3.0403595
147265005	GYR	-0.19299316	0.8978424	-0.09007263
147265013	MAG	6.0577393	44.075012	-24.15924
147265015	GYR	-0.45336914	0.74316406	-0.16139221
147265018	ACC	3.1447754	-13.869965	-2.0795746
147265025	GYR	-0.6825409	0.56817627	-0.3096161
147265032	MAG	6.135559	43.777466	-23.170471
147265028	ACC	3.8199005	-13.557739	-1.7023926
147265035	GYR	-0.84835815	0.3829956	-0.49467468
147265038	ACC	4.0995026	-12.908493	-2.2408447
147265045	GYR	-1.028717	0.25143433	-0.64009094
147265052	MAG	6.225586	44.284058	-22.517395
147265048	ACC	4.3865204	-11.935257	-2.9358063
147265055	GYR	-1.2579803	0.17366028	-0.75239563
147265058	ACC	3.9243622	-11.213181	-3.1109467
147265065	GYR	-1.519104	0.036972046	-0.85717773
147265071	MAG	5.8792114	44.50836	-21.263123
147265068	ACC	2.6806793	-10.679764	-2.5014343
147265075	GYR	-1.7459412	-0.14448547	-0.9512329
147265077	ACC	1.1231842	-10.440277	-1.8697968
147265085	GYR	-1.9268036	-0.338974	-1.0337067
147265090	MAG	5.004883	44.717407	-19.281006
147265087	ACC	-0.6055145	-10.428253	-1.2905426
147265095	GYR	-2.0888367	-0.52560425	-1.0784302
147265097	ACC	-1.8600769	-10.75032	-0.8332825
147265105	GYR	-2.2479706	-0.65782166	-1.1102448
147265109	MAG	3.767395	45.129395	-16.921997
147265107	ACC	-2.6775208	-11.670517	-0.23855591
147265117	ACC	-3.1715393	-13.169617	0.54626465
147265115	GYR	-2.3498077	-0.8104553	-1.1138153
147265129	MAG	2.760315	45.747375	-14.683533
147265127	ACC	-3.4016724	-14.928497	1.4788513
147265125	GYR	-2.3765106	-1.0772552	-1.0653076
147265137	ACC	-2.9326477	-16.095993	2.2641602
147265135	GYR	-2.3493042	-1.2433319	-0.92959595
147265148	MAG	1.4205933	45.93048	-12.442017
147265147	ACC	-1.6102295	-15.851273	1.6578827
147265145	GYR	-2.2491302	-1.1218872	-0.74632263
147265157	ACC	0.076553345	-14.715988	-0.11907959
147265155	GYR	-2.1109009	-0.7432709	-0.61372375
147265167	MAG	0.7019043	45.941162	-10.36377
147265167	ACC	1.2342987	-13.673676	-1.6811218
147265165	GYR	-2.0221558	-0.2796631	-0.5964966
147265177	ACC	1.5743866	-12.828415	-2.5780487
147265175	GYR	-1.964386	0.061706543	-0.660141
147265186	MAG	0.42877197	46.06476	-8.13446
147265187	ACC	1.7087402	-12.33992	-3.0236511
147265185	GYR	-1.8821259	0.041778564	-0.72795105
147265197	ACC	1.7852173	-12.153137	-3.0471497
147265195	GYR	-1.7727203	-0.39720154	-0.78852844
147265206	MAG	-0.30517578	45.81909	-6.314087
147265207	ACC	1.8863678	-12.0238495	-2.316925
147265205	GYR	-1.6928253	-1.083374	-0.8199463
147265217	ACC	1.5458984	-11.60907	-1.2653046
147265215	GYR	-1.6426086	-1.7481995	-0.8193207
147265225	MAG	-0.81481934	45.86029	-4.6661377
147265227	ACC	0.9307251	-10.574905	0.13424683
147265225	GYR	-1.6220093	-2.0715027	-0.8023529
147265237	ACC	0.82307434	-9.2487335	0.52030945
147265235	GYR	-1.5967407	-1.8873596	-0.7551727
147265244	MAG	-1.5350342	45.755005	-2.6260376
147265247	ACC	0.81951904	-8.435303	-0.101638794
147265245	GYR	-1.5179749	-1.5426025	-0.71733093
147265257	ACC	1.2277222	-8.322479	0.1860199
147265255	GYR	-1.4653473	-1.4061432	-0.74165344
147265263	MAG	-2.2827148	45.480347	-0.98876953
147265267	ACC	1.4658966	-8.57283	0.7632599
147265265	GYR	-1.4204102	-1.5715027	-0.807312
147265277	ACC	0.8227844	-8.554047	0.6663208
147265274	GYR	-1.3202057	-1.9390869	-0.927063
147265282	MAG	-2.7404785	45.09735	0.5935669
147265287	ACC	0.053100586	-8.219315	0.8564911
147265284	GYR	-1.2563782	-2.223404	-1.0284576
147265297	ACC	-0.7353363	-7.761139	1.193161
147265294	GYR	-1.264328	-2.322998	-1.0551453
147265302	MAG	-3.4988403	45.025635	2.1255493
147265307	ACC	-0.9635773	-7.1242676	1.2133636
147265304	GYR	-1.2583923	-2.33844	-1.0553741
147265317	ACC	-1.064209	-6.7575684	0.7482605
147265314	GYR	-1.2132568	-2.3937225	-1.0487976
147265321	MAG	-4.194641	44.595337	3.7704468
147265327	ACC	-1.1609192	-6.525421	0.453125
147265324	GYR	-1.1677704	-2.5045013	-1.0317535
147265337	ACC	-1.2295074	-6.333557	0.2287445
147265334	GYR	-1.1525269	-2.642868	-0.996994
147265340	MAG	-4.8980713	43.977356	5.290222
147265347	ACC	-1.4577484	-6.1762085	0.21054077
147265344	GYR	-1.1439667	-2.7999725	-0.9449463
147265357	ACC	-1.5612183	-5.8845215	0.4335785
147265354	GYR	-1.1087952	-2.8544464	-0.875885
147265359	MAG	-5.2078247	43.748474	6.945801
147265367	ACC	-1.7528076	-5.4095917	0.43850708
147265364	GYR	-1.0076752	-2.755783	-0.80366516
147265377	ACC	-2.0549774	-4.887314	0.38246155
147265374	GYR	-0.8292694	-2.561203	-0.7351532
147265379	MAG	-5.4748535	43.370056	8.51593
147265387	ACC	-2.2700653	-4.3578033	0.51182556
147265384	GYR	-0.6029053	-2.3007355	-0.65948486
147265397	ACC	-2.2263794	-4.1193695	0.24812317
147265394	GYR	-0.34921265	-1.963089	-0.5723114
147265398	MAG	-5.3741455	43.02063	9.135437
147265404	GYR	-0.09869385	-1.5920715	-0.49299622
147265407	ACC	-2.1524353	-4.029175	-0.18450928
147265414	GYR	0.13058472	-1.243515	-0.4272766
147265417	MAG	-5.393982	42.764282	9.47876
147265417	ACC	-2.0249329	-3.9241486	-0.651062
147265424	GYR	0.34440613	-0.93608093	-0.3690338
147265427	ACC	-1.7783813	-3.8369446	-1.1940918
147265434	GYR	0.5499115	-0.70072937	-0.31956482
147265437	MAG	-5.4397583	42.41333	9.460449
147265437	ACC	-1.6519775	-3.8706207	-1.7082062
147265444	GYR	0.76283264	-0.556427	-0.253891
147265456	MAG	-5.682373	42.681885	8.854675
147265447	ACC	-1.4104767	-4.2507324	-2.2151642
147265454	GYR	0.9674988	-0.40942383	-0.16894531
147265457	ACC	-1.1708221	-4.997818	-3.2133484
147265464	GYR	1.1189117	-0.22299194	-0.06484985
147265475	MAG	-5.6991577	42.738342	7.9711914
147265467	ACC	-0.77456665	-6.132889	-4.5160675
147265474	GYR	1.1891785	-0.0690918	0.043289185
147265477	ACC	-0.49801636	-7.649414	-6.0732574
147265484	GYR	1.1534424	-0.011398315	0.15335083
147265494	MAG	-5.747986	43.167114	6.741333
147265487	ACC	-0.025970459	-9.369049	-7.7510376
147265494	GYR	0.9985962	-0.03907776	0.2415924
147265497	ACC	0.77949524	-11.02504	-8.747726
147265504	GYR	0.79563904	-0.1136322	0.2592163
147265513	MAG	-5.2368164	43.3136	5.821228
147265507	ACC	1.532135	-12.510529	-9.501175
147265517	ACC	1.5196991	-13.756851	-11.202179
147265514	GYR	0.6086273	-0.29768372	0.19389343
147265532	MAG	-5.180359	43.466187	5.2978516
147265527	ACC	1.861206	-14.5164795	-13.320251
147265524	GYR	0.34895325	-0.59921265	0.17015076
147265537	ACC	2.4335175	-14.432266	-14.477982
147265534	GYR	-0.04626465	-0.98657227	0.1690979
147265552	MAG	-4.988098	43.3136	5.899048
147265547	ACC	3.2832794	-13.725067	-13.171799
147265544	GYR	-0.49957275	-1.447113	0.13204956
147265556	ACC	3.9969025	-12.849075	-8.87854
147265554	GYR	-0.8640442	-1.8422241	0.020584106
147265571	MAG	-4.38385	42.83905	6.7749023
147265566	ACC	4.01799	-11.641083	-4.503128
147265564	GYR	-0.9630432	-1.8364716	-0.16810608
147265576	ACC	3.1602478	-10.022995	-3.271469
147265574	GYR	-0.7834778	-1.3725739	-0.3806305
147265590	MAG	-4.309082	42.738342	7.749939
147265586	ACC	2.0191193	-8.47496	-4.3052826
147265584	GYR	-0.51664734	-0.88423157	-0.55340576
147265596	ACC	0.50286865	-7.3963776	-5.772766
147265594	GYR	-0.30101013	-0.7072754	-0.67240906
147265609	MAG	-4.7714233	42.556763	8.021545
147265606	ACC	-1.2609253	-6.43602	-7.0384216
147265604	GYR	-0.15032959	-0.6711273	-0.7297058
147265616	ACC	-2.9361115	-6.561157	-8.193436
147265614	GYR	-0.10235596	-0.5982971	-0.65682983
147265628	MAG	-5.467224	42.32483	8.403015
147265626	ACC	-4.398636	-9.214859	-8.387985
147265624	GYR	-0.11871338	-0.43634033	-0.4985199
147265636	ACC	-4.5847473	-12.797882	-5.823456
147265634	GYR	-0.119903564	-0.26776123	-0.29179382
147265648	MAG	-5.6137085	42.399597	8.407593
147265646	ACC	-2.1951294	-13.824554	-2.8561707
147265644	GYR	-0.004333496	-0.016998291	-0.016082764
147265656	ACC	0.8471985	-12.883881	-2.499115
147265654	GYR	0.2340393	0.45280457	0.20794678
147265667	MAG	-5.201721	42.35077	8.061218
147265666	ACC	3.1159668	-13.0295105	-3.72406
147265664	GYR	0.40151978	0.91282654	0.20141602
147265676	ACC	3.386917	-12.906891	-2.5922394
147265674	GYR	0.31362915	1.2714081	-0.008544922
147265686	MAG	-5.1467896	42.349243	7.5027466
147265686	ACC	0.8538208	-10.161285	0.5951538
147265684	GYR	0.08529663	1.7072144	-0.28111267
147265696	ACC	-2.5692291	-6.097763	4.7034454
147265694	GYR	0.052337646	2.0401154	-0.4600525
147265705	MAG	-5.89447	42.507935	7.258606
147265706	ACC	-5.9589996	-3.902832	4.0752716
147265704	GYR	0.36398315	2.0484467	-0.46655273
147265716	ACC	-8.445847	-3.8466187	-2.4651947
147265714	GYR	0.7425232	1.7304993	-0.3131256
147265725	MAG	-6.892395	42.633057	6.2454224
147265726	ACC	-9.682297	-4.7519073	-6.152176
147265724	GYR	0.7206116	1.1209869	-0.02748108
147265736	ACC	-7.578903	-5.6027527	-4.8272247
147265734	GYR	0.4321289	0.33796692	0.3282776
147265744	MAG	-7.2250366	42.893982	5.7373047
147265746	ACC	-3.4772186	-6.9904785	0.24375916
147265744	GYR	0.3766632	-0.25926208	0.6071625
147265756	ACC	-0.6660919	-8.977768	5.7400513
147265753	GYR	0.71217346	-0.113357544	0.7390747
147265763	MAG	-6.025696	42.967224	4.9194336
147265766	ACC	-0.37695312	-10.917801	6.6954346
147265763	GYR	1.2850037	0.89183044	0.81640625
147265776	ACC	-0.9232178	-12.588028	4.339493
147265773	GYR	1.7889404	2.2151642	0.91397095
147265782	MAG	-5.5374146	43.444824	3.09906
147265786	ACC	-0.88694763	-13.670914	1.8598175
147265783	GYR	2.0204468	3.1868286	1.0404205
147265793	GYR	1.9807281	3.5691833	1.1564636
147265802	MAG	-4.7180176	43.937683	0.5157471
147265796	ACC	0.60842896	-13.677155	-0.65649414
147265803	GYR	1.7495117	3.427475	1.175705
147265806	ACC	1.9329834	-13.092682	-2.020691
147265813	GYR	1.4562378	2.8553467	1.1210022
147265821	MAG	-3.9093018	44.128418	-1.6296387
147265816	ACC	2.5919495	-12.410782	-1.6870117
147265823	GYR	1.2315979	2.171173	1.064331
147265826	ACC	3.815567	-11.802582	-0.047088623
147265833	GYR	1.1965942	1.6598206	0.9422302
147265840	MAG	-2.9067993	44.3573	-3.0929565
147265836	ACC	4.8449097	-11.587341	0.964447
147265843	GYR	1.386261	1.2802582	0.72361755
147265846	ACC	5.0801086	-11.509933	0.8140564
147265853	GYR	1.6633759	1.0017548	0.46383667
147265859	MAG	-2.156067	44.628906	-4.6844482
147265856	ACC	4.378784	-10.995392	0.60795593
147265863	GYR	1.8731079	1.0111084	0.25125122
147265866	ACC	3.347168	-10.178162	0.39660645
147265873	GYR	1.9778748	1.1850281	0.12301636
147265878	MAG	-1.411438	44.404602	-6.4727783
147265876	ACC	2.5145721	-9.3689575	0.3104248
147265883	GYR	1.9949951	1.2437592	0.051239014
147265886	ACC	1.6161346	-8.667984	0.26290894
147265893	GYR	1.9510651	1.0559235	0.001159668
147265898	MAG	-1.3305664	44.351196	-8.648682
147265896	ACC	0.2519226	-8.262192	-0.004714966
147265906	ACC	-1.0249023	-8.069931	-0.16964722
147265903	GYR	1.8447418	0.7769165	0.016723633
147265917	MAG	-1.4221191	44.354248	-10.5407715
147265916	ACC	-1.6956329	-7.9942017	-0.16067505
147265913	GYR	1.7149658	0.6739807	0.10241699
147265926	ACC	-1.9487762	-8.042984	-0.558197
147265923	GYR	1.6213074	0.68000793	0.21105957
147265936	MAG	-1.1428833	44.221497	-12.030029
147265936	ACC	-1.7151794	-8.142197	-1.0348206
147265933	GYR	1.5269165	0.8261261	0.30537415
147265946	ACC	-1.0400543	-8.351669	-1.0769958
147265943	GYR	1.394104	1.0550079	0.3746338
147265955	MAG	-0.45013428	43.959045	-13.209534
147265956	ACC	-0.47790527	-8.670197	-1.0431976
147265953	GYR	1.276825	1.099884	0.40475464
147265966	ACC	-0.22076416	-8.756897	-0.8739624
147265963	GYR	1.1746368	0.9928589	0.40708923
147265975	MAG	0.08544922	43.740845	-14.52179
147265976	ACC	0.2816162	-8.6892395	-0.47000122
147265973	GYR	1.0865936	0.9940491	0.4203186
147265986	ACC	0.8106842	-8.525879	0.25907898
147265983	GYR	1.0027161	1.0897522	0.43611145
147265994	MAG	0.55236816	43.382263	-15.496826
147265996	ACC	0.9785156	-8.302643	0.84233093
147265993	GYR	0.9524689	1.228775	0.41912842
147266006	ACC	0.9099579	-8.118271	1.0427704
147266003	GYR	0.9580231	1.3570709	0.39079285
147266013	MAG	1.3427734	43.389893	-16.609192
147266016	ACC	0.5445404	-8.041916	1.0789948
147266013	GYR	1.0076904	1.4329987	0.3757019
147266026	ACC	0.29844666	-8.229294	0.6839905
147266023	GYR	1.077301	1.4057007	0.3876953
147266032	MAG	2.0217896	43.095398	-17.323303
147266035	ACC	0.3222046	-8.898788	-0.33566284
147266033	GYR	1.145752	1.2897491	0.42062378
147266045	ACC	0.5517578	-9.737503	-1.7570953
147266043	GYR	1.1823273	1.1379852	0.4521942
147266051	MAG	2.8930664	42.616272	-18.728638
147266055	ACC	0.86372375	-10.360001	-3.107315
147266053	GYR	1.174942	0.95736694	0.49267578
147266065	ACC	1.2176056	-10.612518	-3.6550446
147266063	GYR	1.1208649	0.76272583	0.5417938
147266071	MAG	3.8284302	42.434692	-19.883728
147266075	ACC	1.4835663	-10.540329	-3.0363464
147266073	GYR	1.030716	0.5788574	0.58969116
147266085	ACC	1.7357788	-10.228683	-1.6443939
147266083	GYR	0.93927	0.46115112	0.62757874
147266090	MAG	4.6447754	42.189026	-20.7016
147266095	ACC	2.0191345	-10.059448	-0.4521637
147266093	GYR	0.86805725	0.42892456	0.64533997
147266105	ACC	2.3695374	-10.112656	-0.25616455
147266103	GYR	0.7982788	0.4797821	0.63134766
147266109	MAG	5.0323486	41.775513	-21.435547
147266115	ACC	2.5097198	-10.195251	-0.6458893
147266113	GYR	0.69703674	0.5703888	0.5937042
147266125	ACC	2.517929	-10.340866	-1.0682983
147266123	GYR	0.56211853	0.65249634	0.55844116
147266128	MAG	6.134033	41.539	-22.317505
147266135	ACC	2.4687195	-10.657257	-1.2815552
147266133	GYR	0.4172058	0.6966858	0.54364014
147266145	ACC	2.3434143	-11.002808	-1.1915131
147266143	GYR	0.28416443	0.67282104	0.5376129
147266148	MAG	6.7977905	41.48712	-22.538757
147266155	ACC	2.3501282	-11.308823	-1.2653351
147266153	GYR	0.18041992	0.59207153	0.5293579
147266165	ACC	2.4744873	-11.476425	-1.038269
147266163	GYR	0.11029053	0.46432495	0.50701904
147266167	MAG	7.495117	41.293335	-22.982788
147266175	ACC	2.654129	-11.67366	-0.65615845
147266173	GYR	0.08366394	0.32408142	0.45121765
147266183	GYR	0.09425354	0.20132446	0.3610382
147266186	MAG	8.001709	41.090393	-22.721863
147266185	ACC	2.6980896	-11.845474	-0.20648193
147266193	GYR	0.12437439	0.13418579	0.25045776
147266195	ACC	2.484848	-11.862747	0.13371277
147266203	GYR	0.16636658	0.17684937	0.13154602
147266206	MAG	8.491516	40.98358	-23.344421
147266205	ACC	1.9155884	-11.797546	-0.025512695
147266213	GYR	0.19543457	0.35075378	0.012817383
147266215	ACC	1.0704956	-11.755432	-0.92204285
147266223	GYR	0.1733551	0.59742737	-0.08326721
147266225	MAG	8.583069	40.87372	-23.434448
147266225	ACC	0.25376892	-11.814911	-2.1109009
147266232	GYR	0.075790405	0.83200073	-0.1387024
147266244	MAG	8.714294	40.849304	-23.626709
147266235	ACC	0.17018127	-12.319077	-3.0549927
147266242	GYR	-0.10231018	0.9482269	-0.17448425
147266245	ACC	0.79133606	-13.063904	-3.3205872
147266252	GYR	-0.37298584	0.9017792	-0.22172546
147266263	MAG	9.0271	40.91339	-23.32611
147266255	ACC	1.7609558	-13.627213	-2.6821594
147266262	GYR	-0.6730652	0.7885132	-0.33491516
147266265	ACC	2.779892	-13.692856	-1.7791443
147266272	GYR	-0.8669586	0.6530762	-0.5252533
147266282	MAG	9.268188	41.030884	-22.653198
147266275	ACC	3.3145142	-13.207321	-1.9831848
147266282	GYR	-1.0178833	0.48994446	-0.72302246
147266285	ACC	3.5198212	-12.42543	-2.7939453
147266301	MAG	9.037781	41.514587	-21.748352
147266295	ACC	3.3553467	-11.714355	-3.087265
147266292	GYR	-1.249939	0.32476807	-0.855011
147266305	ACC	2.5240784	-11.330719	-2.7153778
147266302	GYR	-1.5379791	0.12643433	-0.9228058
147266321	MAG	8.270264	41.911316	-20.249939
147266315	ACC	1.362442	-11.1698	-2.0421143
147266312	GYR	-1.8238373	-0.09701538	-0.9519348
147266325	ACC	0.11079407	-11.393295	-1.2947998
147266322	GYR	-2.0784454	-0.33338928	-0.9795685
147266340	MAG	7.3120117	42.533875	-18.663025
147266335	ACC	-0.8683319	-12.012222	-0.56726074
147266332	GYR	-2.2949066	-0.61109924	-1.0195618
147266345	ACC	-1.6212769	-12.774521	0.7449188
147266342	GYR	-2.4709778	-0.8773804	-1.0455475
147266359	MAG	6.286621	43.244934	-16.661072
147266355	ACC	-2.3373566	-13.696487	2.0694885
147266352	GYR	-2.5339355	-1.0640106	-1.0416718
147266365	ACC	-2.719818	-14.753082	2.5502014
147266362	GYR	-2.4555817	-1.0757599	-0.9895325
147266378	MAG	4.876709	43.83087	-14.628601
147266375	ACC	-2.6140442	-15.459671	2.2946167
147266372	GYR	-2.333435	-0.8562317	-0.9077301
147266385	ACC	-1.9770508	-15.277359	1.292511
147266382	GYR	-2.210907	-0.48532104	-0.8242798
147266398	MAG	4.1870117	44.166565	-12.759399
147266395	ACC	-1.1695404	-14.393036	0.09248352
147266392	GYR	-2.0999146	-0.095947266	-0.77941895
147266405	ACC	-0.48039246	-13.42189	-1.4667358
147266402	GYR	-1.9882812	0.11805725	-0.79693604
147266417	MAG	3.4179688	44.599915	-10.61554
147266415	ACC	0.16470337	-12.643478	-3.2776642
147266412	GYR	-1.8630676	-0.046310425	-0.85032654
147266425	ACC	0.50546265	-12.090485	-3.5989227
147266422	GYR	-1.8292236	-0.43704224	-0.8937378
147266436	MAG	2.6504517	44.844055	-9.152222
147266435	ACC	0.68566895	-11.624741	-2.8477173
147266432	GYR	-1.877594	-0.86665344	-0.8925171
147266445	ACC	0.746994	-11.052292	-1.5514679
147266442	GYR	-1.9001312	-1.1651001	-0.8358002
147266455	MAG	1.6540527	44.955444	-7.5271606
147266455	ACC	0.9218292	-10.143341	-0.24787903
147266452	GYR	-1.865097	-1.2961426	-0.7429657
147266465	ACC	0.9558258	-8.901367	-0.03427124
147266462	GYR	-1.7522583	-1.3778534	-0.654129
147266474	MAG	0.9994507	45.187378	-5.8380127
147266475	ACC	1.3109283	-7.9565887	-0.2111969
147266472	GYR	-1.6316986	-1.4095306	-0.60250854
147266485	ACC	1.7543335	-7.8038635	-0.22177124
147266482	GYR	-1.561615	-1.3829193	-0.60517883
147266494	MAG	0.20751953	45.062256	-4.1152954
147266495	ACC	1.8986053	-8.076401	0.121658325
147266492	GYR	-1.5014343	-1.4595032	-0.66937256
147266505	ACC	1.4656525	-8.010178	0.54463196
147266502	GYR	-1.4363403	-1.65625	-0.7538605
147266513	MAG	-0.5661011	45.233154	-2.7389526
147266515	ACC	0.019470215	-7.3977356	0.74354553
147266512	GYR	-1.3678284	-1.8020325	-0.8260803
147266524	ACC	0.18965149	-7.3731995	0.99154663
147266522	GYR	-1.2916718	-1.9039154	-0.8650818
147266532	MAG	-1.7974854	45.02716	-1.0772705
147266534	ACC	0.014877319	-7.3144073	0.9732666
147266532	GYR	-1.2112732	-2.1884918	-0.9098511
147266544	ACC	-0.7996521	-6.955597	0.8482361
147266542	GYR	-1.1751404	-2.4419403	-0.96173096
147266551	MAG	-2.3223877	45.043945	0.340271
147266554	ACC	-0.9571991	-6.481781	0.3624115
147266552	GYR	-1.1804962	-2.5227509	-0.9661102
147266564	ACC	-1.1559143	-6.1931915	0.05570984
147266562	GYR	-1.1986237	-2.5977478	-0.91999817
147266571	MAG	-3.2821655	44.89746	1.7501831
147266574	ACC	-1.1800537	-6.107422	0.029327393
147266572	GYR	-1.2146454	-2.7002716	-0.83062744
147266582	GYR	-1.1938324	-2.737976	-0.7268524
147266590	MAG	-3.9794922	44.467163	3.3966064
147266584	ACC	-1.4102325	-6.078476	0.08969116
147266592	GYR	-1.1063232	-2.6615143	-0.63923645
147266594	ACC	-1.6216278	-5.769043	0.3040924
147266602	GYR	-0.94818115	-2.4871368	-0.57681274
147266609	MAG	-4.031372	44.462585	4.649353
147266604	ACC	-1.7451019	-5.33638	0.43763733
147266612	GYR	-0.72561646	-2.2459412	-0.5330353
147266614	ACC	-1.7346191	-4.997528	0.37654114
147266622	GYR	-0.4640503	-1.9645996	-0.49221802
147266628	MAG	-4.4677734	43.988037	5.8654785
147266624	ACC	-1.5745087	-4.7479095	0.16021729
147266632	GYR	-0.19563293	-1.6539917	-0.4487915
147266634	ACC	-1.412735	-4.505127	-0.19952393
147266642	GYR	0.055755615	-1.3157806	-0.40274048
147266647	MAG	-4.840088	43.9682	6.074524
147266644	ACC	-1.3425903	-4.360321	-0.696167
147266652	GYR	0.2884369	-0.9807739	-0.350708
147266654	ACC	-1.2287903	-4.2816772	-1.243454
147266662	GYR	0.497818	-0.7096863	-0.3010254
147266667	MAG	-4.7668457	44.143677	5.7800293
147266664	ACC	-1.102417	-4.268265	-1.7807312
147266672	GYR	0.6990967	-0.5301056	-0.25636292
147266674	ACC	-0.9128113	-4.4750977	-2.47995
147266686	MAG	-5.053711	44.329834	5.229187
147266684	ACC	-0.5078888	-5.065155	-3.2113647
147266682	GYR	0.87797546	-0.4419098	-0.2055664
147266694	ACC	0.13867188	-5.97316	-4.2473297
147266692	GYR	1.0145111	-0.34162903	-0.15261841
147266705	MAG	-5.1101685	44.454956	4.483032
147266704	ACC	0.53323364	-7.122223	-5.600708
147266702	GYR	1.0804901	-0.20561218	-0.10787964
147266714	ACC	0.651001	-8.484497	-6.9552917
147266711	GYR	1.0557556	-0.07070923	-0.068115234
147266724	MAG	-5.5740356	44.396973	3.4500122
147266724	ACC	0.6095886	-9.945007	-8.14473
147266721	GYR	0.94018555	0.02407837	-0.024215698
147266734	ACC	0.6590729	-11.222412	-8.9457245
147266731	GYR	0.7630768	0.012374878	0.020996094
147266744	MAG	-5.630493	44.48242	2.7069092
147266744	ACC	0.8687439	-12.016693	-9.323196
147266741	GYR	0.5729675	-0.20082092	0.032440186
147266754	ACC	1.1649017	-12.310532	-10.153656
147266751	GYR	0.41629028	-0.58680725	0.011703491
147266763	MAG	-5.999756	44.500732	2.3101807
147266764	ACC	1.649826	-12.1249695	-11.34903
147266761	GYR	0.24736023	-1.0616302	-0.0110321045
147266774	ACC	2.1232452	-11.646149	-12.170364
147266771	GYR	0.022506714	-1.545517	-0.02746582
147266782	MAG	-5.7006836	44.577026	2.4261475
147266784	ACC	2.542511	-11.217651	-11.702499
147266781	GYR	-0.24082947	-1.9615021	-0.04309082
147266794	ACC	3.1309357	-10.961853	-9.438202
147266791	GYR	-0.48156738	-2.2191315	-0.093170166
147266801	MAG	-5.6915283	44.644165	3.2089233
147266804	ACC	3.409134	-10.849106	-6.0281067
147266801	GYR	-0.6205139	-2.1585236	-0.20188904
147266814	ACC	2.8966522	-10.439789	-3.754013
147266811	GYR	-0.5959778	-1.7472687	-0.36076355
147266821	MAG	-5.5664062	44.348145	4.193115
147266824	ACC	1.8457794	-9.365799	-3.753067
147266821	GYR	-0.43215942	-1.1877899	-0.5117645
147266834	ACC	0.690506	-8.091049	-4.8804626
147266831	GYR	-0.2397461	-0.8125	-0.613739
147266840	MAG	-5.9677124	44.42749	4.675293
147266844	ACC	-0.7779846	-7.247772	-6.55394
147266841	GYR	-0.09660339	-0.6318054	-0.64564514
147266854	ACC	-2.1165314	-7.724716	-8.60524
147266851	GYR	-0.033477783	-0.48413086	-0.5998688
147266859	MAG	-6.9625854	44.31305	4.9728394
147266864	ACC	-3.8231964	-11.225403	-10.11676
147266861	GYR	-0.059936523	-0.30252075	-0.4953766
147266874	ACC	-5.8809357	-17.14473	-8.056274
147266871	GYR	-0.13549805	-0.13664246	-0.3436432
147266878	MAG	-7.585144	44.37256	5.0994873
147266884	ACC	-4.428177	-19.543716	-5.3358
147266881	GYR	-0.13320923	0.06338501	-0.03755188
147266894	ACC	0.0526886	-17.377762	-5.7952423
147266891	GYR	-0.06036377	0.45188904	0.31100464
147266897	MAG	-7.6065063	44.38629	5.46875
147266904	ACC	4.385849	-15.271332	-5.0029144
147266901	GYR	-0.17602539	0.78912354	0.33416748
147266914	ACC	4.5068207	-12.10376	1.1534576
147266911	GYR	-0.49284363	1.0628815	-0.025894165
147266917	MAG	-6.9396973	44.33136	5.2948
147266924	ACC	0.24215698	-6.4648438	6.9991302
147266921	GYR	-0.5899658	1.5791016	-0.44592285
147266934	ACC	-4.835556	-0.916626	10.610092
147266931	GYR	-0.1695404	2.0083313	-0.63212585
147266936	MAG	-7.5805664	44.326782	5.796814
147266944	ACC	-9.479019	0.23033142	3.243637
147266941	GYR	0.61634827	1.8725281	-0.58477783
147266954	ACC	-12.863495	-1.7073059	-5.331085
147266951	GYR	1.063446	1.2956696	-0.35289
147266955	MAG	-8.891296	44.34662	5.1330566
147266964	ACC	-11.640259	-3.419464	-8.397247
147266961	GYR	0.89953613	0.54618835	0.08938599
147266971	GYR	0.59306335	-0.2683258	0.562088
147266974	MAG	-9.498596	44.631958	4.1763306
147266974	ACC	-5.869629	-5.791565	-5.2784576
147266981	GYR	0.58499146	-0.66334534	0.8216095
147266984	ACC	-0.12631226	-8.674545	2.8689728
147266991	GYR	1.0331421	0.06364441	0.90275574
147266994	MAG	-8.230591	44.84253	3.6697388
147266994	ACC	2.1711273	-11.847992	9.553177
147267001	GYR	1.7299347	1.8220062	0.970932
147267003	ACC	1.13591	-14.080185	7.371216
147267011	GYR	2.1184998	3.4580994	1.1142883
147267013	MAG	-7.472229	45.765686	1.6616821
147267013	ACC	0.030715942	-15.011047	2.925171
147267021	GYR	2.0735168	4.05954	1.265625
147267032	MAG	-6.6101074	46.26465	-1.0177612
147267023	ACC	0.33285522	-14.778854	-0.9623871
147267031	GYR	1.7669373	3.8137207	1.3096619
147267033	ACC	2.3222961	-13.599869	-2.5693512
147267041	GYR	1.4161682	3.043518	1.1742096
147267051	MAG	-5.227661	46.470642	-3.2440186
147267043	ACC	3.5925446	-12.254196	-2.2041473
147267051	GYR	1.1926727	2.1602936	0.9524536
147267053	ACC	4.074112	-11.326904	-1.022583
147267061	GYR	1.1372375	1.5988312	0.7438202
147267070	MAG	-4.2877197	46.635437	-4.9316406
147267063	ACC	4.206375	-11.094727	0.34327698
147267073	ACC	4.3183136	-11.175674	0.7288666
147267071	GYR	1.2880859	1.4176178	0.5754242
147267090	MAG	-3.968811	46.77887	-6.488037
147267083	ACC	3.9234009	-11.066513	0.3633728
147267081	GYR	1.5627289	1.3573761	0.41270447
147267093	ACC	3.184082	-10.352478	-0.0320282
147267091	GYR	1.7863312	1.3690491	0.25454712
147267109	MAG	-3.2546997	46.81244	-8.615112
147267103	ACC	2.448944	-9.406296	-0.004425049
147267101	GYR	1.881897	1.4331207	0.13459778
147267113	ACC	1.6940308	-8.741486	0.06956482
147267111	GYR	1.8943481	1.4256134	0.0544281
147267128	MAG	-3.3447266	46.736145	-10.5026245
147267123	ACC	0.7796173	-8.358887	-0.15472412
147267121	GYR	1.8646088	1.2387848	-0.005203247
147267133	ACC	-0.32608032	-8.16243	0.0072021484
147267131	GYR	1.7606201	0.8826294	-0.023864746
147267147	MAG	-2.89917	46.7453	-12.335205
147267143	ACC	-1.2296448	-8.143723	0.3865204
147267141	GYR	1.6221924	0.6206207	0.013015747
147267153	ACC	-1.5723114	-8.373856	0.5406189
147267151	GYR	1.5376129	0.580246	0.10751343
147267167	MAG	-2.8442383	46.284485	-13.647461
147267163	ACC	-1.4414215	-8.6622925	0.0970459
147267161	GYR	1.5147095	0.702713	0.2124939
147267173	ACC	-1.2280121	-8.687302	-0.5591583
147267171	GYR	1.4842682	0.8627777	0.28269958
147267186	MAG	-2.5344849	46.20514	-15.37323
147267183	ACC	-0.82444763	-8.571854	-0.790802
147267181	GYR	1.3757782	1.0636902	0.32513428
147267193	ACC	-0.6807556	-8.510696	-0.84695435
147267190	GYR	1.2458801	1.1123352	0.34275818
147267205	MAG	-1.9378662	45.941162	-16.54663
147267203	ACC	-0.6122589	-8.42157	-0.6113434
147267200	GYR	1.1302338	1.0063324	0.35702515
147267213	ACC	-0.2572937	-8.293274	-0.4290161
147267210	GYR	1.0403137	0.9924164	0.4019165
147267224	MAG	-1.5411377	45.75348	-17.76123
147267223	ACC	0.16009521	-8.278793	-0.40318298
147267220	GYR	0.99694824	1.0769653	0.43766785
147267233	ACC	0.37382507	-8.287949	-0.13369751
147267230	GYR	0.9694061	1.1355896	0.449234
147267244	MAG	-0.7965088	45.680237	-18.86444
147267243	ACC	0.3731842	-8.259476	0.31243896
147267240	GYR	0.96284485	1.1526184	0.44950867
147267253	ACC	0.42170715	-8.31395	0.3491516
147267250	GYR	0.9863281	1.153717	0.45498657
147267263	MAG	0.19226074	45.532227	-19.93103
147267263	ACC	0.459198	-8.535416	-0.0925293
147267260	GYR	1.0165863	1.0985107	0.46446228
147267273	ACC	0.50131226	-8.930283	-0.9251251
147267270	GYR	1.0391083	0.9988861	0.48335266
147267282	MAG	0.8544922	45.254517	-20.877075
147267283	ACC	0.6669769	-9.258743	-1.7618103
147267280	GYR	1.0558472	0.8922119	0.5294037
147267293	ACC	0.94143677	-9.403931	-2.137558
147267290	GYR	1.0686035	0.7574463	0.5962219
147267301	MAG	1.713562	44.859314	-21.780396
147267303	ACC	1.239502	-9.456558	-1.7628784
147267300	GYR	1.0786743	0.6096344	0.6656952
147267313	ACC	1.447464	-9.627747	-0.93592834
147267310	GYR	1.0847931	0.5393982	0.72384644
147267320	MAG	2.2598267	44.517517	-22.991943
147267323	ACC	1.4840698	-9.843094	-0.24116516
147267320	GYR	1.082077	0.57714844	0.7568817
147267333	ACC	1.4070587	-10.086044	-0.27783203
147267330	GYR	1.0600128	0.6633301	0.7542114
147267340	MAG	3.5140991	44.354248	-23.74878
147267343	ACC	1.1938934	-10.429077	-0.9863739
147267340	GYR	0.99705505	0.7028961	0.71250916
147267353	ACC	0.93281555	-10.713425	-1.6136017
147267350	GYR	0.88023376	0.64212036	0.64886475
147267359	MAG	4.119873	44.31305	-24.754333
147267360	GYR	0.7245941	0.5171051	0.6036682
147267363	ACC	1.2393494	-10.843918	-1.8675385
147267370	GYR	0.55722046	0.4036255	0.59085083
147267378	MAG	4.853821	43.86139	-25.413513
147267373	ACC	2.0429688	-10.919434	-1.8088684
147267380	GYR	0.3887787	0.34809875	0.58096313
147267383	ACC	2.9212646	-11.097946	-1.3329773
147267390	GYR	0.25256348	0.3500824	0.5480194
147267397	MAG	5.793762	43.940735	-25.79956
147267393	ACC	3.437683	-11.2287445	-0.80140686
147267400	GYR	0.17591858	0.38450623	0.47224426
147267403	ACC	3.4449463	-11.310165	-0.8339844
147267410	GYR	0.13963318	0.39170837	0.36909485
147267417	MAG	6.27594	43.759155	-25.862122
147267413	ACC	2.9060059	-11.339218	-1.0543671
147267420	GYR	0.11273193	0.33512878	0.28303528
147267423	ACC	2.2683868	-11.382141	-1.0972595
147267430	GYR	0.087005615	0.25645447	0.22810364
147267436	MAG	6.52771	43.60199	-25.77362
147267433	ACC	1.8115997	-11.424225	-0.91212463
147267440	GYR	0.072387695	0.235672	0.18659973
147267443	ACC	1.4762268	-11.467468	-0.7746277
147267450	GYR	0.07354736	0.323349	0.14291382
147267455	MAG	6.713867	43.725586	-25.839233
147267453	ACC	1.31427	-11.653702	-1.2640533
147267463	ACC	1.2846832	-11.972031	-1.980835
147267460	GYR	0.05316162	0.49824524	0.09599304
147267474	MAG	7.1899414	43.782043	-25.964355
147267473	ACC	1.5727997	-12.482727	-2.2939148
147267470	GYR	-0.03727722	0.7036743	0.04499817
147267482	ACC	2.3089905	-13.119537	-1.675705
147267480	GYR	-0.20536804	0.81217957	-0.019836426
147267493	MAG	7.61261	43.797302	-25.480652
147267492	ACC	2.8710785	-13.415695	-0.6384125
147267490	GYR	-0.39587402	0.73550415	-0.15440369
147267502	ACC	3.0674133	-13.379166	-0.52989197
147267500	GYR	-0.51286316	0.57995605	-0.37158203
147267513	MAG	7.749939	43.841553	-24.937439
147267512	ACC	3.0944366	-13.219467	-1.4131317
147267510	GYR	-0.5782471	0.37077332	-0.57896423
147267522	ACC	3.0879974	-12.861221	-2.1753387
147267520	GYR	-0.7352295	0.25094604	-0.71606445
147267532	MAG	7.409668	44.06433	-24.238586
147267532	ACC	2.7465668	-12.379105	-2.2204132
147267530	GYR	-1.0070953	0.2411499	-0.7895813
147267542	ACC	1.7441559	-11.884216	-1.6490173
147267540	GYR	-1.3278809	0.1640625	-0.8617554
147267551	MAG	7.1105957	44.522095	-22.956848
147267552	ACC	0.37861633	-11.439331	-0.9384155
147267550	GYR	-1.601654	-0.08760071	-0.94792175
147267562	ACC	-0.8811798	-11.133179	-0.49943542
147267560	GYR	-1.7856293	-0.44685364	-1.0389557
147267570	MAG	6.1309814	45.159912	-20.999146
147267572	ACC	-2.1997375	-11.215286	-1.0620422
147267570	GYR	-1.8991241	-0.7681122	-1.1334686
147267582	ACC	-3.2443237	-11.716965	-2.0208435
147267580	GYR	-2.0042877	-0.8903198	-1.2046661
147267590	MAG	4.9468994	45.880127	-19.174194
147267592	ACC	-3.8322296	-12.682678	-1.500885
147267590	GYR	-2.181778	-0.83151245	-1.2028351
147267602	ACC	-4.1460266	-14.049042	0.14881897
147267600	GYR	-2.356598	-0.79956055	-1.1269226
147267609	MAG	3.1646729	46.444702	-16.932678
147267612	ACC	-4.136978	-14.9800415	1.6697083
147267610	GYR	-2.394928	-0.82554626	-0.9880066
147267622	ACC	-3.1274567	-14.853378	2.324417
147267620	GYR	-2.2967377	-0.7994232	-0.80236816
147267628	MAG	2.3666382	46.824646	-14.552307
147267632	ACC	-1.4674377	-13.790665	1.8664856
147267630	GYR	-2.1315918	-0.6307678	-0.6305847
147267642	ACC	0.106658936	-12.774796	0.6917877
147267640	GYR	-1.9704285	-0.3260193	-0.55332947
147267647	MAG	1.638794	46.917725	-12.571716
147267652	ACC	1.1022797	-12.242874	-1.1341553
147267650	GYR	-1.8489838	0.012588501	-0.57543945
147267662	ACC	1.5486603	-12.040451	-2.559082
147267660	GYR	-1.774231	0.22894287	-0.6531372
147267666	MAG	1.4404297	47.294617	-10.595703
147267672	ACC	1.7935944	-11.809402	-3.6433105
147267670	GYR	-1.7322388	0.15974426	-0.7386017
147267682	ACC	2.0663452	-11.64595	-3.781601
147267679	GYR	-1.7145233	-0.27742004	-0.8049927
147267686	MAG	0.74768066	47.361755	-8.799744
147267692	ACC	1.9007721	-11.38858	-2.6955566
147267689	GYR	-1.7294922	-1.0345154	-0.84884644
147267702	ACC	1.0960388	-10.527267	-0.5454407
147267699	GYR	-1.753891	-1.8158569	-0.8690796
147267705	MAG	0.15716553	47.34955	-6.9595337
147267712	ACC	0.7122345	-9.007538	1.6842957
147267709	GYR	-1.7597046	-2.1410522	-0.84461975
147267722	ACC	0.70854187	-7.9275208	1.7852631
147267719	GYR	-1.687027	-1.931427	-0.8005371
147267724	MAG	-1.1871338	47.306824	-4.838562
147267732	ACC	0.27279663	-7.4469147	0.8367615
147267729	GYR	-1.557251	-1.5839233	-0.78907776
147267742	ACC	0.32629395	-7.5955505	0.5737152
147267739	GYR	-1.4649506	-1.4322357	-0.7801056
147267743	MAG	-1.5930176	46.958923	-3.1707764
147267749	GYR	-1.399643	-1.567627	-0.79022217
147267752	ACC	0.8088379	-8.310669	1.0607452
147267759	GYR	-1.304184	-1.9142456	-0.8856354
147267763	MAG	-2.8244019	46.94519	-1.4755249
147267762	ACC	0.07600403	-8.496628	0.81954956
147267769	GYR	-1.2403717	-2.145111	-0.9837189
147267772	ACC	-0.61953735	-8.234467	0.8317261
147267779	GYR	-1.1955261	-2.1852722	-1.0326538
147267782	MAG	-3.4606934	46.621704	0.34332275
147267782	ACC	-0.97410583	-7.801895	0.73783875
147267789	GYR	-1.1511688	-2.2081451	-1.0595856
147267792	ACC	-1.2232819	-7.622452	0.36720276
147267799	GYR	-1.1173248	-2.214859	-1.0584717
147267801	MAG	-4.1381836	46.333313	1.6082764
147267802	ACC	-1.1413574	-7.382721	0.035690308
147267809	GYR	-1.0799255	-2.2497559	-1.028183
147267812	ACC	-0.99650574	-7.2588043	-0.19950867
147267819	GYR	-1.0422821	-2.3550873	-0.98197937
147267821	MAG	-4.8797607	45.899963	3.302002
147267822	ACC	-1.1394653	-7.122162	-0.2935028
147267829	GYR	-0.9989319	-2.3978271	-0.9147339
147267839	MAG	-5.6488037	45.56732	4.621887
147267832	ACC	-1.3052521	-6.8567505	-0.19039917
147267839	GYR	-0.9180298	-2.3586426	-0.838501
147267842	ACC	-1.5084534	-6.4071045	0.053024292
147267849	GYR	-0.77978516	-2.2030334	-0.7779999
147267859	MAG	-5.9295654	45.20111	6.0058594
147267852	ACC	-1.6924133	-5.8880463	0.20594788
147267862	ACC	-1.794693	-5.37088	0.09385681
147267859	GYR	-0.5713959	-1.9587097	-0.71580505
147267878	MAG	-6.2164307	44.84253	6.6497803
147267872	ACC	-1.8387299	-5.078247	-0.09863281
147267869	GYR	-0.34335327	-1.708435	-0.64549255
147267882	ACC	-1.6858368	-4.912277	-0.4346466
147267879	GYR	-0.12658691	-1.4381409	-0.5595398
147267897	MAG	-6.6116333	44.761658	7.1884155
147267892	ACC	-1.5016632	-4.7714233	-0.814621
147267889	GYR	0.07388306	-1.172226	-0.4723816
147267902	ACC	-1.2181091	-4.631729	-1.2494354
147267899	GYR	0.2564392	-0.9263916	-0.3968811
147267916	MAG	-6.829834	44.509888	6.802368
147267912	ACC	-0.8218384	-4.534012	-1.6698761
147267909	GYR	0.42892456	-0.73965454	-0.32989502
147267922	ACC	-0.46087646	-4.6315155	-2.0290222
147267919	GYR	0.6050873	-0.6359558	-0.2644806
147267936	MAG	-6.8725586	44.776917	6.277466
147267932	ACC	-0.12069702	-5.026108	-2.540741
147267929	GYR	0.79019165	-0.59262085	-0.18547058
147267942	ACC	0.15266418	-5.7371674	-3.3081512
147267939	GYR	0.9594879	-0.5353699	-0.09089661
147267955	MAG	-6.842041	44.795227	5.395508
147267952	ACC	0.52397156	-6.8035583	-4.421051
147267949	GYR	1.0688019	-0.41236877	0.008590698
147267961	ACC	0.6838684	-8.242447	-5.9063263
147267959	GYR	1.1042023	-0.24108887	0.0892334
147267974	MAG	-6.918335	44.859314	4.3762207
147267971	ACC	0.65634155	-9.762695	-7.518051
147267969	GYR	1.0502014	-0.107940674	0.14703369
147267981	ACC	0.72546387	-11.058624	-8.700989
147267979	GYR	0.8996887	-0.035476685	0.1859436
147267993	MAG	-6.7749023	45.28961	3.7826538
147267991	ACC	0.9435425	-12.061569	-9.663132
147267989	GYR	0.70758057	-0.0867157	0.18450928
147268001	ACC	1.2651672	-12.699005	-11.036362
147267999	GYR	0.52323914	-0.32156372	0.14508057
147268012	MAG	-6.526184	45.292664	3.211975
147268011	ACC	1.6779327	-12.998978	-12.676712
147268009	GYR	0.31645203	-0.7366028	0.107299805
147268021	ACC	2.4402924	-12.779572	-13.651855
147268019	GYR	0.03152466	-1.2339172	0.07763672
147268032	MAG	-6.411743	45.27893	3.4378052
147268031	ACC	3.5462646	-12.340149	-12.653854
147268029	GYR	-0.32077026	-1.6968842	0.021377563
147268041	ACC	4.2877045	-11.910339	-9.305084
147268039	GYR	-0.64889526	-1.9999695	-0.09164429
147268051	MAG	-6.0195923	45.124817	4.119873
147268051	ACC	4.2693787	-11.127167	-5.175186
147268049	GYR	-0.8357544	-1.9257507	-0.25151062
147268061	ACC	3.3786926	-9.823761	-3.0469055
147268059	GYR	-0.80755615	-1.4785767	-0.42070007
147268070	MAG	-6.0821533	44.784546	5.1651
147268071	ACC	2.1264954	-8.364517	-3.1784515
147268069	GYR	-0.6064148	-1.0381317	-0.5626068
147268081	ACC	1.2806702	-7.0829926	-4.0922394
147268079	GYR	-0.3604126	-0.8535156	-0.6410217
147268089	MAG	-6.8344116	44.439697	6.0684204
147268091	ACC	0.4159851	-5.9213104	-5.3625336
147268089	GYR	-0.15718079	-0.7781372	-0.6516266
147268101	ACC	-0.51672363	-5.1341553	-6.74881
147268099	GYR	-0.035476685	-0.6500397	-0.5988312
147268109	MAG	-7.5286865	44.244385	6.4926147
147268111	ACC	-2.0045776	-6.5983887	-8.468658
147268109	GYR	-0.0017700195	-0.50813293	-0.49191284
147268121	ACC	-3.1472015	-10.81221	-7.754776
147268119	GYR	-0.0121154785	-0.39761353	-0.3556671
147268128	MAG	-7.8079224	44.30847	6.6436768
147268131	ACC	-2.779251	-15.299576	-2.252884
147268129	GYR	0.027542114	-0.29925537	-0.16622925
147268139	GYR	0.27461243	0.05239868	0.099121094
147268147	MAG	-7.888794	44.137573	6.8466187
147268141	ACC	0.18441772	-15.498199	0.30456543
147268149	GYR	0.5677948	0.6959076	0.2373352
147268151	ACC	2.5732422	-15.753998	-3.107895
147268158	GYR	0.45170593	1.2789612	0.13342285
147268166	MAG	-7.759094	44.233704	5.99823
147268161	ACC	3.2088013	-17.005798	-3.3276825
147268168	GYR	0.0031738281	1.7581482	-0.096710205
147268171	ACC	0.5189972	-14.693329	-1.6208038
147268178	GYR	-0.31933594	1.847702	-0.2861328
147268186	MAG	-8.102417	44.34662	5.9646606
147268181	ACC	-2.6515656	-9.478943	2.0014038
147268188	GYR	-0.22358704	1.491333	-0.3953247
147268191	ACC	-5.3591003	-4.805893	3.0285034
147268198	GYR	0.15058899	0.94976807	-0.40670776
147268205	MAG	-8.69751	44.155884	5.735779
147268201	ACC	-7.517227	-3.1108398	-1.1402588
147268208	GYR	0.3296051	0.3333435	-0.28033447
147268211	ACC	-8.612579	-3.2000122	-3.038147
147268218	GYR	0.4189911	-0.3144989	0.00869751
147268224	MAG	-9.288025	44.19098	5.630493
147268221	ACC	-7.34552	-3.5550537	-1.9575043
147268228	GYR	0.631958	-0.60194397	0.35414124
147268231	ACC	-3.529953	-4.6490326	-0.11730957
147268238	GYR	0.91571045	-0.28652954	0.5908661
147268243	MAG	-8.914185	44.32831	4.811096
147268241	ACC	-0.022613525	-7.0484924	3.5626984
147268251	ACC	0.45796204	-10.295837	5.843521
147268248	GYR	1.3182678	0.72273254	0.67144775
147268262	MAG	-8.06427	44.94629	3.327942
147268261	ACC	-0.7373657	-12.477921	4.6732483
147268258	GYR	1.7225647	2.1234741	0.7542572
147268271	ACC	-0.8232422	-13.256592	1.9397125
147268268	GYR	1.8820953	3.2187805	0.9303131
147268282	MAG	-7.7651978	45.26367	0.8804321
147268281	ACC	-0.04347229	-13.487991	-1.1080322
147268278	GYR	1.7694702	3.670166	1.0789185
147268291	ACC	0.53012085	-13.284988	-2.46167
147268288	GYR	1.4412537	3.4379425	1.106247
147268301	MAG	-7.0358276	45.82367	-0.9613037
147268301	ACC	1.4912109	-12.629257	-2.0054016
147268298	GYR	1.080368	2.7888184	1.1091156
147268311	ACC	2.535553	-11.993149	-0.5816345
147268308	GYR	0.8599243	2.045868	1.1027832
147268320	MAG	-5.986023	45.939636	-2.4658203
147268321	ACC	3.4048615	-11.781403	0.41513062
147268318	GYR	0.8169708	1.4995117	1.0195007
147268331	ACC	3.9244537	-11.744751	0.42378235
147268328	GYR	0.9598999	1.1407623	0.8326721
147268339	MAG	-5.0109863	46.035767	-3.6880493
147268341	ACC	3.8799744	-11.410767	0.22824097
147268338	GYR	1.1919098	0.87828064	0.6088562
147268351	ACC	3.3243713	-10.643631	0.2154541
147268348	GYR	1.392746	0.77633667	0.4031067
147268359	MAG	-4.38385	46.40045	-4.954529
147268361	ACC	2.5956116	-9.780487	0.08685303
147268358	GYR	1.5208588	0.8747864	0.24333191
147268371	ACC	1.8845215	-9.08577	0.0072784424
147268368	GYR	1.568634	0.9760895	0.14239502
147268378	MAG	-4.2800903	46.328735	-6.854248
147268381	ACC	0.994339	-8.727722	-0.09915161
147268378	GYR	1.552948	0.9031372	0.08909607
147268391	ACC	-0.10202026	-8.645889	-0.3360138
147268388	GYR	1.5146484	0.7065582	0.061340332
147268397	MAG	-3.6346436	46.18225	-8.641052
147268401	ACC	-1.0245972	-8.579742	-0.41244507
147268398	GYR	1.4533386	0.50141907	0.083969116
147268411	ACC	-1.5194092	-8.618774	-0.37545776
147268408	GYR	1.3728333	0.44155884	0.1621399
147268416	MAG	-3.7277222	46.029663	-9.919739
147268421	ACC	-1.274231	-8.850464	-0.5321655
147268418	GYR	1.2992096	0.5460968	0.2730255
147268431	ACC	-0.6573639	-9.187439	-0.7439728
147268428	GYR	1.2342682	0.68530273	0.3651886
147268436	MAG	-3.440857	45.851135	-11.312866
147268440	ACC	-0.09289551	-9.286606	-1.0853424
147268438	GYR	1.1753387	0.7539673	0.39886475
147268450	ACC	0.12339783	-9.026138	-1.4776611
147268448	GYR	1.1091156	0.7593994	0.3913269
147268455	MAG	-3.100586	45.785522	-12.625122
147268460	ACC	0.22094727	-8.636139	-1.6553192
147268458	GYR	1.0158997	0.74993896	0.38832092
147268470	ACC	0.24055481	-8.343643	-1.5425873
147268468	GYR	0.8988495	0.7239075	0.40715027
147268474	MAG	-2.708435	45.67566	-13.243103
147268480	ACC	0.47566223	-8.191025	-0.9558563
147268478	GYR	0.7838898	0.7332611	0.44224548
147268490	ACC	1.0517731	-8.243713	-0.3304901
147268488	GYR	0.71076965	0.80267334	0.47792053
147268493	MAG	-2.218628	45.5719	-14.51416
147268500	ACC	1.2184753	-8.362045	0.10862732
147268498	GYR	0.7008362	0.8713989	0.478714
147268510	ACC	1.1678467	-8.560287	0.23060608
147268508	GYR	0.73454285	0.92578125	0.45506287
147268512	MAG	-1.473999	45.5719	-14.929199
147268520	ACC	1.0853271	-8.829422	0.0970459
147268518	GYR	0.7875519	0.9851837	0.44288635
147268528	GYR	0.8467865	1.0113373	0.4390564
147268532	MAG	-0.7247925	45.225525	-16.0141
147268530	ACC	0.5848236	-9.010559	0.20950317
147268538	GYR	0.9115448	0.96461487	0.45361328
147268540	ACC	0.24993896	-9.2164	-0.35253906
147268548	GYR	0.9683075	0.8437805	0.48677063
147268551	MAG	-0.24414062	45.317078	-16.696167
147268550	ACC	-0.025283813	-9.408569	-1.1829376
147268558	GYR	1.0181885	0.6778717	0.5445404
147268560	ACC	0.07408142	-9.483292	-1.9277039
147268568	GYR	1.0522919	0.528595	0.6089783
147268570	MAG	0.34942627	45.169067	-17.878723
147268570	ACC	0.4971161	-9.570068	-2.371521
147268578	GYR	1.0576172	0.43798828	0.6629486
147268580	ACC	0.9942322	-9.645294	-2.306076
147268588	GYR	1.0315857	0.40179443	0.693161
147268590	MAG	1.449585	44.665527	-18.833923
147268590	ACC	1.2523193	-9.731812	-1.8917999
147268598	GYR	0.9843445	0.3941803	0.7016144
147268600	ACC	1.2817993	-9.731201	-1.4830627
147268608	GYR	0.9136963	0.39204407	0.6878357
147268609	MAG	1.902771	44.665527	-19.926453
147268610	ACC	1.1065826	-9.760605	-1.27034
147268618	GYR	0.82022095	0.35772705	0.6632843
147268628	MAG	2.6000977	44.319153	-20.405579
147268620	ACC	0.9736328	-9.864426	-1.2892914
147268628	GYR	0.69659424	0.27905273	0.64186096
147268630	ACC	1.2235718	-10.135605	-1.3835297
147268647	MAG	3.2363892	44.018555	-21.02356
147268640	ACC	1.9060822	-10.572418	-1.1898041
147268637	GYR	0.54089355	0.21792603	0.6329193
147268650	ACC	2.6579742	-11.059067	-0.7279663
147268647	GYR	0.38252258	0.22688293	0.6178436
147268666	MAG	3.9291382	44.059753	-21.484375
147268660	ACC	3.0463104	-11.453537	-0.3559723
147268657	GYR	0.2751007	0.28683472	0.5682373
147268670	ACC	2.9988098	-11.64592	-0.49076843
147268667	GYR	0.22979736	0.35850525	0.46725464
147268685	MAG	4.2007446	43.77289	-21.80481
147268680	ACC	2.508728	-11.707016	-1.0502167
147268677	GYR	0.22027588	0.37667847	0.32720947
147268690	ACC	1.8237915	-11.723206	-1.5936584
147268687	GYR	0.20297241	0.30322266	0.20214844
147268705	MAG	4.533386	43.901062	-21.879578
147268700	ACC	1.1514282	-11.767242	-1.949234
147268697	GYR	0.16958618	0.20639038	0.115982056
147268710	ACC	0.66770935	-11.8255005	-2.1489563
147268707	GYR	0.12408447	0.17066956	0.06980896
147268724	MAG	4.823303	43.675232	-21.928406
147268720	ACC	0.32450867	-11.856079	-2.4408264
147268717	GYR	0.070007324	0.2448883	0.04386902
147268730	ACC	0.2444458	-11.868362	-2.9223022
147268727	GYR	0.0013427734	0.4379425	0.03489685
147268743	MAG	4.789734	43.623352	-21.736145
147268740	ACC	0.5753937	-11.965546	-3.2108002
147268737	GYR	-0.10922241	0.63905334	0.040130615
147268750	ACC	1.3494415	-12.345428	-3.0237732
147268747	GYR	-0.26667786	0.73350525	0.040725708
147268762	MAG	5.003357	43.649292	-21.473694
147268760	ACC	2.359375	-12.935379	-2.2521667
147268757	GYR	-0.46574402	0.67510986	0.0045318604
147268770	ACC	3.0024414	-13.460876	-1.7218475
147268767	GYR	-0.6786499	0.51426697	-0.10601807
147268782	MAG	5.404663	43.717957	-20.62378
147268780	ACC	3.1527557	-13.292496	-2.0030365
147268777	GYR	-0.8594971	0.35316467	-0.27583313
147268790	ACC	3.347168	-12.50264	-2.4839325
147268787	GYR	-1.0472107	0.22120667	-0.40994263
147268801	MAG	5.282593	43.92395	-19.612122
147268800	ACC	3.3907623	-11.653976	-2.3806152
147268797	GYR	-1.2941437	0.10002136	-0.4749756
147268810	ACC	3.1024475	-11.054367	-1.5476685
147268807	GYR	-1.5810089	-0.039505005	-0.51509094
147268820	MAG	5.029297	44.30847	-18.374634
147268820	ACC	2.5693665	-10.800842	-0.51612854
147268817	GYR	-1.8570251	-0.20704651	-0.563385
147268830	ACC	1.6897278	-11.02243	-0.096084595
147268827	GYR	-2.0744934	-0.40222168	-0.6400604
147268839	MAG	4.144287	44.718933	-16.499329
147268840	ACC	0.65211487	-11.508652	0.16027832
147268837	GYR	-2.2277374	-0.6591644	-0.72610474
147268850	ACC	-0.3477478	-11.986725	0.2725525
147268847	GYR	-2.3213806	-0.9192352	-0.7949066
147268858	MAG	3.529358	45.03174	-14.26239
147268860	ACC	-1.4107513	-12.40213	0.25498962
147268857	GYR	-2.3399048	-1.0554657	-0.84625244
147268870	ACC	-2.2084808	-12.969498	0.8646393
147268867	GYR	-2.2896118	-1.0638733	-0.8769226
147268878	MAG	2.355957	45.3537	-11.715698
147268880	ACC	-2.6444702	-13.709335	1.4258575
147268877	GYR	-2.1656036	-1.0151672	-0.87683105
147268890	ACC	-2.1708527	-13.805969	1.7169495
147268887	GYR	-2.0034943	-0.87620544	-0.83421326
147268897	MAG	1.524353	45.259094	-9.855652
147268900	ACC	-1.1694336	-13.429291	1.780838
147268897	GYR	-1.8608551	-0.6251221	-0.7795868
147268910	ACC	-0.06904602	-12.747543	0.82292175
147268907	GYR	-1.7554779	-0.28607178	-0.7749481
147268916	MAG	0.7873535	45.51544	-7.977295
147268920	ACC	0.7985687	-11.736084	-0.011199951
147268917	GYR	-1.6713562	0.018218994	-0.83781433
147268927	GYR	-1.5505981	0.043533325	-0.92430115
147268935	MAG	0.09460449	45.236206	-6.25
147268929	ACC	1.4232178	-10.81398	-1.4653168
147268937	GYR	-1.4325104	-0.26158142	-0.98254395
147268939	ACC	2.8210907	-10.367294	-2.6466217
147268947	GYR	-1.4024811	-0.7622528	-1.0382996
147268955	MAG	-0.7736206	45.173645	-4.8980713
147268949	ACC	3.1405334	-10.0767975	-3.5381317
147268957	GYR	-1.4957275	-1.2375488	-1.0639648
147268959	ACC	2.7341766	-9.892075	-2.7704315
147268967	GYR	-1.6064911	-1.655014	-1.0097351
147268974	MAG	-1.7868042	44.911194	-2.922058
147268969	ACC	2.186554	-9.563599	-0.93492126
147268977	GYR	-1.6031952	-1.9942474	-0.9090729
147268979	ACC	1.9762878	-8.845749	0.6317749
147268987	GYR	-1.4830627	-2.1896515	-0.84935
147268993	MAG	-2.6062012	44.807434	-0.92163086
147268989	ACC	2.0645752	-8.16153	1.3523865
147268997	GYR	-1.306366	-2.2785187	-0.88108826
147268999	ACC	2.774475	-8.3263855	1.1502686
147269007	GYR	-1.134201	-2.4196167	-1.0254822
147269012	MAG	-3.3432007	44.1391	0.7888794
147269009	ACC	2.9261627	-8.812134	0.7037964
147269017	GYR	-1.0163879	-2.4827118	-1.2058105
147269019	ACC	2.6198883	-9.076584	0.7650299
147269032	MAG	-4.4281006	44.052124	1.8325806
147269029	ACC	1.8633423	-9.050674	0.9280548
147269027	GYR	-0.9029999	-2.5880585	-1.3626099
147269039	ACC	1.1278229	-8.744217	0.8090973
147269037	GYR	-0.7888489	-2.701065	-1.4621735
147269051	MAG	-5.328369	43.473816	3.3157349
147269049	ACC	0.6024933	-8.429932	0.80374146
147269047	GYR	-0.7208252	-2.772644	-1.5109863
147269059	ACC	0.31739807	-8.260956	0.66012573
147269057	GYR	-0.6759491	-2.851059	-1.5300903
147269070	MAG	-6.036377	43.016052	4.7790527
147269069	ACC	0.28718567	-8.1592865	0.33328247
147269067	GYR	-0.63835144	-2.9720612	-1.5434418
147269079	ACC	0.40019226	-8.167816	0.19361877
147269077	GYR	-0.6413727	-3.0913239	-1.5381775
147269089	MAG	-7.0007324	42.526245	6.074524
147269089	ACC	0.34155273	-8.149948	0.018051147
147269087	GYR	-0.6439972	-3.138794	-1.5312958
147269099	ACC	0.014343262	-8.136185	-0.046569824
147269097	GYR	-0.6217499	-3.1161804	-1.5204315
147269108	MAG	-7.9971313	41.983032	7.56073
147269109	ACC	-0.47813416	-8.018967	0.104263306
147269107	GYR	-0.56018066	-3.0135956	-1.4861908
147269119	ACC	-1.0381622	-7.703003	0.22433472
147269116	GYR	-0.43222046	-2.8373718	-1.4248657
147269128	MAG	-8.679199	41.39099	8.706665
147269129	ACC	-1.4809723	-7.169647	0.119262695
147269126	GYR	-0.24621582	-2.621231	-1.3457489
147269139	ACC	-1.7147827	-6.6777344	-0.08479309
147269136	GYR	-0.055999756	-2.3995209	-1.2562103
147269147	MAG	-9.182739	41.160583	9.725952
147269149	ACC	-1.7577972	-6.375763	-0.41531372
147269146	GYR	0.10548401	-2.2008057	-1.1654968
147269159	ACC	-1.6141815	-6.243149	-0.8284149
147269156	GYR	0.24108887	-2.018402	-1.0709229
147269166	MAG	-9.8220825	40.652466	10.169983
147269169	ACC	-1.409729	-6.2016907	-1.2196198
147269166	GYR	0.35960388	-1.8399963	-0.973526
147269179	ACC	-1.21315	-6.1990814	-1.6926727
147269176	GYR	0.47392273	-1.6444702	-0.8743286
147269185	MAG	-9.907532	40.449524	10.281372
147269189	ACC	-1.173584	-6.2803497	-2.107254
147269186	GYR	0.5821228	-1.4303589	-0.7702484
147269199	ACC	-0.98902893	-6.5556946	-2.7147064
147269196	GYR	0.67793274	-1.2201996	-0.6594696
147269205	MAG	-10.2508545	40.408325	10.2127075
147269209	ACC	-0.7615967	-7.056656	-3.58255
147269206	GYR	0.74664307	-1.0257416	-0.55267334
147269219	ACC	-0.65945435	-7.8006287	-4.5570984
147269216	GYR	0.7621155	-0.87709045	-0.45890808
147269224	MAG	-10.58197	40.283203	9.638977
147269229	ACC	-0.55340576	-8.673782	-5.335129
147269226	GYR	0.7120209	-0.7857208	-0.3695221
147269239	ACC	-0.059188843	-9.699295	-5.801178
147269236	GYR	0.61073303	-0.7762146	-0.2768402
147269243	MAG	-10.60791	40.382385	9.309387
147269249	ACC	0.4193573	-10.7187195	-6.0808105
147269246	GYR	0.48187256	-0.88900757	-0.19952393
147269259	ACC	0.6536865	-11.265549	-6.5404816
147269256	GYR	0.33961487	-1.118042	-0.14909363
147269262	MAG	-10.569763	40.19928	9.135437
147269269	ACC	0.77716064	-11.140839	-7.330261
147269266	GYR	0.18685913	-1.4259338	-0.11689758
147269279	ACC	1.0235901	-10.393021	-7.7852936
147269276	GYR	0.027313232	-1.8145599	-0.09535217
147269281	MAG	-10.316467	40.231323	9.303284
147269289	ACC	1.4561157	-9.199554	-7.3699036
147269286	GYR	-0.10998535	-2.2370605	-0.094696045
147269299	ACC	1.7264557	-7.9174194	-6.5224304
147269296	GYR	-0.17425537	-2.5784607	-0.13522339
147269301	MAG	-9.881592	40.00702	9.895325
147269309	ACC	1.9864502	-7.224228	-5.789688
147269306	GYR	-0.13903809	-2.7359924	-0.19654846
147269316	GYR	-0.016647339	-2.6944275	-0.2590332
147269320	MAG	-9.25293	39.978027	10.507202
147269319	ACC	2.1704254	-7.1576233	-5.540207
147269326	GYR	0.13531494	-2.4974213	-0.31010437
147269329	ACC	2.4655151	-7.684265	-5.4746246
147269336	GYR	0.24389648	-2.1890411	-0.35083008
147269339	MAG	-8.869934	39.601135	11.019897
147269339	ACC	2.869629	-8.62941	-5.0907135
147269346	GYR	0.29075623	-1.7917633	-0.3958435
147269349	ACC	3.038681	-9.475311	-4.6543884
147269356	GYR	0.30021667	-1.3183441	-0.44429016
147269358	MAG	-8.415222	39.593506	11.2716675
147269359	ACC	3.297821	-9.866211	-4.31575
147269366	GYR	0.29814148	-0.8185272	-0.50982666
147269369	ACC	3.380371	-9.831207	-4.834137
147269376	GYR	0.27676392	-0.3782959	-0.59910583
147269378	MAG	-8.378601	39.642334	11.126709
147269379	ACC	3.204422	-9.437088	-5.8048553
147269386	GYR	0.24613953	-0.117996216	-0.68774414
147269389	ACC	2.4937744	-8.870712	-6.7728577
147269396	GYR	0.22233582	-0.0096588135	-0.7259064
147269397	MAG	-8.96759	39.483643	10.987854
147269399	ACC	1.4743195	-9.199265	-8.40712
147269406	GYR	0.17451477	-0.045425415	-0.7212677
147269416	MAG	-9.361267	39.28833	10.887146
147269408	ACC	-0.6296387	-12.426819	-10.03215
147269418	ACC	-1.9512787	-17.161789	-7.4497986
147269416	GYR	0.04534912	-0.22116089	-0.61346436
147269435	MAG	-9.54895	39.242554	10.948181
147269428	ACC	-0.36190796	-18.43924	-2.771103
147269426	GYR	-0.030303955	-0.38375854	-0.2580719
147269438	ACC	2.1417236	-16.0896	-2.394699
147269436	GYR	0.08720398	-0.10067749	0.10772705
147269455	MAG	-9.176636	39.26239	10.739136
147269448	ACC	3.893341	-13.93895	-2.358429
147269446	GYR	0.055541992	0.29977417	0.16360474
147269458	ACC	2.8190918	-11.4453125	-0.7437134
147269456	GYR	-0.24305725	0.64378357	-0.089538574
147269474	MAG	-9.483337	39.22882	11.175537
147269468	ACC	-0.64585876	-8.171326	2.078949
147269466	GYR	-0.50001526	0.98553467	-0.36210632
147269478	ACC	-5.3911285	-4.8822937	3.1699524
147269476	GYR	-0.48962402	1.100708	-0.48316956
147269493	MAG	-10.205078	38.90381	11.195374
147269488	ACC	-9.504425	-3.004303	-0.747406
147269486	GYR	-0.1356659	0.8163147	-0.41567993
147269498	ACC	-11.4639435	-2.7950592	-3.2240753
147269496	GYR	0.10871887	0.14788818	-0.16896057
147269512	MAG	-10.523987	38.842773	11.450195
147269508	ACC	-9.948669	-3.4989624	-2.266693
147269506	GYR	0.20297241	-0.69918823	0.19390869
147269518	ACC	-5.5384216	-4.9767303	0.6448517
147269516	GYR	0.42651367	-1.3420563	0.5555115
147269531	MAG	-9.385681	39.11438	11.178589
147269528	ACC	-1.0510101	-7.328003	3.4060516
147269526	GYR	0.8173523	-1.1946716	0.721405
147269538	ACC	1.7998047	-10.1670685	5.498947
147269536	GYR	1.2752075	-0.17433167	0.7150421
147269551	MAG	-8.19397	39.775085	9.718323
147269548	ACC	2.155014	-12.650131	5.1934967
147269546	GYR	1.6878052	1.2999268	0.63864136
147269558	ACC	1.0809174	-13.939117	2.5465546
147269556	GYR	1.9004822	2.616211	0.6194
147269570	MAG	-8.418274	40.26947	7.4295044
147269568	ACC	0.52246094	-13.944382	-0.42156982
147269566	GYR	1.7526703	3.22583	0.76086426
147269578	ACC	1.156784	-13.083023	-1.7081909
147269576	GYR	1.300827	3.0765839	0.9957886
147269589	MAG	-8.181763	40.90271	5.519104
147269588	ACC	1.9797668	-12.34166	-1.4724884
147269586	GYR	0.7759552	2.5340118	1.1522675
147269598	ACC	2.8700562	-11.6754	-1.161438
147269595	GYR	0.47096252	1.8760223	1.1418915
147269608	MAG	-7.333374	41.134644	4.571533
147269608	ACC	3.6674652	-11.270401	-0.7986603
147269605	GYR	0.47505188	1.18927	0.9824066
147269618	ACC	3.7201996	-11.080841	-0.15493774
147269615	GYR	0.69033813	0.50105286	0.73565674
147269627	MAG	-6.57959	41.514587	3.7139893
147269628	ACC	2.9739685	-10.873764	-0.03375244
147269625	GYR	1.0002747	-0.035339355	0.49006653
147269638	ACC	2.4222412	-10.452728	0.012023926
147269635	GYR	1.2887421	-0.26675415	0.31802368
147269647	MAG	-6.214905	41.467285	2.7236938
147269648	ACC	2.124176	-10.042389	-0.12843323
147269645	GYR	1.4901123	-0.24429321	0.20909119
147269658	ACC	1.7998352	-9.619232	-0.2607727
147269655	GYR	1.5930023	-0.18682861	0.11830139
147269666	MAG	-5.860901	41.93268	1.0498047
147269668	ACC	1.1650238	-9.216446	0.009216309
147269665	GYR	1.6020508	-0.2546692	0.035064697
147269678	ACC	-0.019683838	-8.858231	0.1917572
147269675	GYR	1.5628052	-0.3848877	-0.028167725
147269685	MAG	-5.809021	42.129517	-0.17089844
147269688	ACC	-0.9807892	-8.606613	0.27323914
147269685	GYR	1.5155792	-0.39735413	-0.048553467
147269698	ACC	-1.5340271	-8.655243	0.12409973
147269695	GYR	1.4708252	-0.27964783	-0.012237549
147269704	MAG	-5.8517456	42.051697	-1.4129639
147269705	GYR	1.4256287	-0.11979675	0.058380127
147269708	ACC	-1.8136292	-9.021515	-0.34477234
147269715	GYR	1.3624268	0.002166748	0.13729858
147269724	MAG	-5.7418823	42.126465	-2.5360107
147269718	ACC	-1.618103	-9.294189	-0.72080994
147269725	GYR	1.2891388	0.028945923	0.19532776
147269728	ACC	-1.3321533	-9.160141	-1.2759857
147269735	GYR	1.1967468	-0.05014038	0.23176575
147269743	MAG	-5.7495117	42.21649	-3.930664
147269738	ACC	-1.2092133	-9.007904	-1.5813293
147269745	GYR	1.1046753	-0.1748352	0.25804138
147269748	ACC	-1.0892029	-8.896805	-1.724762
147269755	GYR	1.0213013	-0.21794128	0.29536438
147269762	MAG	-5.2871704	42.24701	-4.8858643
147269758	ACC	-0.6140137	-8.700577	-1.5095673
147269765	GYR	0.94862366	-0.17082214	0.3364563
147269768	ACC	-0.23143005	-8.51268	-1.1214294
147269775	GYR	0.8953247	-0.065200806	0.3664856
147269781	MAG	-5.038452	42.248535	-5.456543
147269778	ACC	0.022384644	-8.402283	-0.7182617
147269785	GYR	0.86253357	0.11236572	0.385437
147269788	ACC	0.28379822	-8.435333	-0.4312439
147269795	GYR	0.8496399	0.31188965	0.40246582
147269801	MAG	-4.6676636	42.349243	-6.3186646
147269798	ACC	0.4295349	-8.451019	-0.15867615
147269808	ACC	0.57806396	-8.460846	0.14222717
147269805	GYR	0.8721771	0.49987793	0.4174652
147269820	MAG	-4.2175293	42.312622	-7.4539185
147269818	ACC	0.36961365	-8.454849	0.3521881
147269815	GYR	0.92807007	0.6413574	0.4161377
147269828	ACC	-0.02458191	-8.625092	-0.14205933
147269825	GYR	0.9894104	0.6856384	0.41259766
147269839	MAG	-3.930664	42.13257	-8.198547
147269838	ACC	-0.42756653	-8.953964	-1.0901489
147269835	GYR	1.0242462	0.59536743	0.4268036
147269848	ACC	-0.52149963	-9.353287	-1.9910889
147269845	GYR	1.0245667	0.43293762	0.470047
147269858	MAG	-3.4378052	42.33246	-9.352112
147269858	ACC	-0.33187866	-9.652161	-2.2068787
147269855	GYR	1.0137634	0.24876404	0.52279663
147269868	ACC	0.15696716	-9.871918	-1.8176575
147269865	GYR	1.0222168	0.095947266	0.5690155
147269877	MAG	-2.911377	42.234802	-10.118103
147269878	ACC	0.74394226	-10.004684	-1.1751556
147269875	GYR	1.0502014	0.016693115	0.5931854
147269887	ACC	1.2722015	-10.065033	-0.72184753
147269885	GYR	1.0726776	0.013885498	0.59199524
147269897	MAG	-2.243042	42.103577	-10.934448
147269897	ACC	1.5178528	-10.036453	-0.6131439
147269895	GYR	1.04953	0.050704956	0.5542755
147269907	ACC	1.3892365	-10.050705	-0.79048157
147269905	GYR	0.95751953	0.11210632	0.47746277
147269916	MAG	-1.8173218	42.045593	-11.743164
147269917	ACC	1.0411377	-10.231415	-1.0154266
147269915	GYR	0.8193512	0.16947937	0.38235474
147269927	ACC	0.880249	-10.56871	-1.2478485
147269925	GYR	0.6900177	0.17106628	0.29795837
147269935	MAG	-1.4678955	41.893005	-12.309265
147269937	ACC	1.0702515	-11.020798	-1.4540253
147269935	GYR	0.59202576	0.12771606	0.24208069
147269947	ACC	1.491272	-11.526367	-1.5965424
147269945	GYR	0.49493408	0.09509277	0.20835876
147269954	MAG	-1.5655518	41.740417	-12.986755
147269957	ACC	1.8763885	-11.986145	-1.5642548
147269955	GYR	0.37225342	0.10430908	0.18492126
147269967	ACC	1.9579773	-12.205048	-1.4561005
147269965	GYR	0.23902893	0.12588501	0.15905762
147269974	MAG	-1.1413574	41.95099	-13.119507
147269977	ACC	1.8420105	-12.162598	-1.3360596
147269975	GYR	0.12789917	0.13305664	0.13427734
147269987	ACC	1.5350952	-11.990356	-1.169342
147269985	GYR	0.057739258	0.09870911	0.11685181
147269993	MAG	-0.6530762	41.648865	-13.127136
147269997	ACC	1.1068726	-11.898972	-1.2138062
147269995	GYR	0.032104492	0.04902649	0.100631714
147270007	ACC	0.79745483	-12.0603485	-1.5209503
147270005	GYR	0.02645874	0.046051025	0.08433533
147270012	MAG	-0.5996704	41.567993	-13.078308
147270017	ACC	0.70848083	-12.398926	-1.8222656
147270015	GYR	0.0016326904	0.107543945	0.07026672
147270027	ACC	1.2397308	-12.85939	-2.0901642
147270025	GYR	-0.06690979	0.19880676	0.06266785
147270031	MAG	-0.5950928	41.48712	-13.026428
147270037	ACC	2.3157196	-13.395599	-1.7487946
147270035	GYR	-0.19647217	0.23788452	0.04838562
147270047	ACC	3.5345612	-13.649582	-0.9946747
147270045	GYR	-0.3624115	0.18934631	-0.0056915283
147270050	MAG	-0.06713867	41.500854	-13.105774
147270057	ACC	4.3884125	-13.144592	-0.44189453
147270055	GYR	-0.4923401	0.08065796	-0.112472534
147270067	ACC	4.56279	-12.104141	-0.55285645
147270065	GYR	-0.54603577	-0.041793823	-0.25161743
147270070	MAG	0.016784668	41.58783	-12.606812
147270077	ACC	4.0511627	-11.527191	-1.6015625
147270075	GYR	-0.56622314	-0.08595276	-0.39767456
147270087	ACC	3.31781	-11.31958	-2.656067
147270084	GYR	-0.6477814	-0.07635498	-0.51330566
147270089	MAG	-0.15411377	41.48712	-12.312317
147270094	GYR	-0.8343506	-0.13796997	-0.5801544
147270097	ACC	2.6504211	-10.696991	-3.132492
147270104	GYR	-1.0827637	-0.3373108	-0.6291504
147270108	MAG	-0.7019043	41.253662	-11.244202
147270107	ACC	1.560379	-9.929855	-2.9564972
147270114	GYR	-1.3328094	-0.6628723	-0.6588135
147270117	ACC	0.5315552	-9.270874	-2.3656158
147270124	GYR	-1.5672302	-0.9419708	-0.6797943
147270127	MAG	-1.0498047	41.210938	-10.063171
147270127	ACC	-0.16673279	-9.003143	-1.6685944
147270134	GYR	-1.7828064	-1.0101624	-0.7184448
147270137	ACC	-0.5450134	-9.411575	-1.530304
147270144	GYR	-1.9870911	-0.861496	-0.7807312
147270147	MAG	-1.8051147	41.32843	-8.453369
147270147	ACC	-0.9055481	-10.1718445	-1.6747589
147270154	GYR	-2.186676	-0.6511078	-0.83444214
147270157	ACC	-1.1238403	-11.104797	-1.3578644
147270164	GYR	-2.3469696	-0.56411743	-0.87065125
147270166	MAG	-2.5238037	41.030884	-6.4453125
147270167	ACC	-1.2939911	-12.190491	-0.13444519
147270174	GYR	-2.3664093	-0.7442169	-0.88079834
147270177	ACC	-1.2441864	-13.548584	1.3275452
147270184	GYR	-2.2435608	-1.0744629	-0.8717041
147270185	MAG	-3.1265259	40.91034	-4.133606
147270187	ACC	-1.1012573	-14.499222	2.5439606
147270194	GYR	-2.0400085	-1.2348022	-0.8403015
147270197	ACC	-0.61502075	-14.396164	3.041504
147270205	MAG	-3.5552979	40.693665	-2.1011353
147270207	ACC	0.20866394	-13.536804	2.35466
147270204	GYR	-1.8040161	-1.1113434	-0.8023987
147270224	MAG	-4.196167	40.25879	-0.36621094
147270217	ACC	0.9079895	-12.432236	0.7575226
147270214	GYR	-1.600235	-0.832077	-0.804245
147270227	ACC	1.0057678	-11.652725	-1.0984344
147270224	GYR	-1.4837341	-0.5375519	-0.8544922
147270243	MAG	-4.924011	39.66217	0.8300781
147270237	ACC	0.9072418	-11.358292	-2.2070007
147270234	GYR	-1.4649811	-0.38056946	-0.90219116
147270247	ACC	1.4080658	-11.250839	-2.4480133
147270244	GYR	-1.4690247	-0.5272064	-0.91285706
147270262	MAG	-5.5389404	39.517212	2.3117065
147270257	ACC	1.7324677	-11.370544	-2.625702
147270254	GYR	-1.4300385	-0.97247314	-0.9511566
147270267	ACC	1.1236877	-11.248276	-2.4818878
147270264	GYR	-1.3990173	-1.4997253	-1.0355072
147270281	MAG	-6.1523438	39.100647	3.7658691
147270277	ACC	0.56300354	-10.656067	-1.1716461
147270274	GYR	-1.4510651	-1.8781128	-1.0471497
147270287	ACC	0.5027466	-9.896194	0.36029053
147270284	GYR	-1.5070038	-2.0382996	-0.9858856
147270300	MAG	-6.642151	38.201904	5.4779053
147270297	ACC	0.45533752	-9.187195	0.90802
147270294	GYR	-1.4522247	-2.0815887	-0.9435425
147270307	ACC	0.3860321	-8.55928	0.8311157
147270304	GYR	-1.3533173	-1.9965668	-0.944046
147270320	MAG	-7.130432	37.72583	7.2998047
147270317	ACC	0.22232056	-8.197983	0.56385803
147270314	GYR	-1.2796783	-1.8460999	-0.9545288
147270327	ACC	0.24617004	-8.240372	0.3854828
147270324	GYR	-1.2093353	-1.7978363	-0.9883728
147270339	MAG	-7.4432373	37.309265	8.227539
147270337	ACC	0.18540955	-8.452148	0.22183228
147270334	GYR	-1.1339264	-1.8857727	-1.0390167
147270347	ACC	0.005584717	-8.473862	0.2793274
147270344	GYR	-1.0639191	-2.0180817	-1.1030273
147270358	MAG	-8.045959	36.845398	9.823608
147270357	ACC	-0.255661	-8.4210205	0.26371765
147270354	GYR	-1.0026093	-2.081253	-1.1493988
147270366	ACC	-0.2921753	-8.330704	-0.09968567
147270364	GYR	-0.92941284	-2.179947	-1.1784515
147270377	MAG	-8.389282	36.18164	10.955811
147270376	ACC	-0.17803955	-8.144379	-0.42578125
147270374	GYR	-0.876297	-2.3693848	-1.1886902
147270386	ACC	-0.29336548	-7.8299255	-0.4827423
147270384	GYR	-0.87176514	-2.5738373	-1.1789703
147270397	MAG	-8.428955	35.551453	12.252808
147270396	ACC	-0.57489014	-7.3779907	-0.41474915
147270394	GYR	-0.8821564	-2.72023	-1.1508484
147270406	ACC	-0.95851135	-6.8963776	-0.30249023
147270404	GYR	-0.87242126	-2.7857513	-1.1019287
147270416	MAG	-8.551025	35.061646	13.775635
147270416	ACC	-1.4147339	-6.4136353	-0.21994019
147270414	GYR	-0.82702637	-2.7405853	-1.0396729
147270426	ACC	-1.8362885	-5.920227	-0.34425354
147270424	GYR	-0.73727417	-2.5748749	-0.96810913
147270435	MAG	-8.358765	34.521484	14.959717
147270436	ACC	-2.1034393	-5.4457397	-0.31747437
147270434	GYR	-0.6075287	-2.3421783	-0.88313293
147270446	ACC	-2.2036896	-5.1454773	-0.37524414
147270444	GYR	-0.43536377	-2.0809174	-0.7883606
147270454	MAG	-8.250427	33.854675	15.647888
147270456	ACC	-2.177948	-4.98555	-0.6673279
147270454	GYR	-0.22457886	-1.8078308	-0.6921387
147270466	ACC	-1.9604034	-4.9207306	-1.0431213
147270464	GYR	-0.008163452	-1.5473785	-0.5996094
147270473	MAG	-8.163452	33.670044	16.117859
147270476	ACC	-1.5373383	-4.9463654	-1.3646088
147270474	GYR	0.193573	-1.3217163	-0.5105591
147270484	GYR	0.38749695	-1.1357574	-0.42271423
147270493	MAG	-7.965088	33.36029	16.12854
147270486	ACC	-1.2247162	-4.930435	-1.8164978
147270494	GYR	0.57429504	-0.9791107	-0.3229065
147270496	ACC	-1.0960083	-4.985901	-2.3702087
147270504	GYR	0.738739	-0.82159424	-0.20158386
147270512	MAG	-7.8598022	33.821106	15.672302
147270506	ACC	-1.0200195	-5.4217834	-3.0727081
147270514	GYR	0.85661316	-0.65252686	-0.058807373
147270516	ACC	-1.1170197	-6.2467957	-4.014099
147270524	GYR	0.89627075	-0.49847412	0.10067749
147270531	MAG	-7.710266	33.976746	15.097046
147270526	ACC	-0.7988434	-7.3394165	-5.081604
147270534	GYR	0.850235	-0.4245758	0.22627258
147270536	ACC	-0.5034485	-8.5457	-6.1057434
147270544	GYR	0.7231598	-0.46269226	0.30540466
147270550	MAG	-7.221985	34.370422	14.578247
147270546	ACC	0.23275757	-9.759796	-6.792816
147270554	GYR	0.5579529	-0.59046936	0.31022644
147270556	ACC	0.9983368	-10.884125	-7.4769287
147270563	GYR	0.3964386	-0.7869415	0.23272705
147270570	MAG	-6.8237305	34.526062	14.080811
147270566	ACC	1.6151276	-11.653961	-8.825165
147270573	GYR	0.21008301	-1.0271606	0.13670349
147270576	ACC	2.2646484	-12.036957	-10.584625
147270583	GYR	-0.035003662	-1.3206635	0.035995483
147270589	MAG	-6.385803	34.646606	14.138794
147270586	ACC	2.6071777	-11.887894	-11.696091
147270596	ACC	2.892807	-11.359879	-11.904892
147270593	GYR	-0.28208923	-1.6416931	-0.050842285
147270608	MAG	-5.8670044	34.588623	14.573669
147270606	ACC	3.3628387	-10.964447	-10.754776
147270603	GYR	-0.4859619	-1.9242249	-0.12800598
147270616	ACC	3.4667206	-10.748138	-8.151199
147270613	GYR	-0.60446167	-2.075592	-0.2294159
147270627	MAG	-5.180359	34.127808	15.260315
147270626	ACC	3.2012024	-10.485657	-5.2063904
147270623	GYR	-0.5734253	-2.0075684	-0.35702515
147270636	ACC	2.8402557	-10.056076	-3.7537231
147270633	GYR	-0.41575623	-1.6732941	-0.49194336
147270646	MAG	-4.9468994	33.86841	15.727234
147270646	ACC	2.052658	-9.632233	-4.179306
147270643	GYR	-0.23591614	-1.2124939	-0.62693787
147270656	ACC	0.8144989	-9.4053955	-5.628662
147270653	GYR	-0.12573242	-0.84632874	-0.73924255
147270666	MAG	-5.012512	33.647156	16.117859
147270666	ACC	-0.8143616	-9.728363	-7.7634125
147270663	GYR	-0.10562134	-0.6302948	-0.7869568
147270676	ACC	-2.8415833	-11.55513	-9.594467
147270673	GYR	-0.18475342	-0.49345398	-0.7524414
147270685	MAG	-5.479431	33.546448	16.337585
147270686	ACC	-4.507721	-15.154114	-8.674271
147270683	GYR	-0.3391571	-0.43598938	-0.639328
147270696	ACC	-4.427307	-17.481415	-6.009079
147270693	GYR	-0.44804382	-0.49601746	-0.4036255
147270704	MAG	-5.836487	33.322144	16.699219
147270706	ACC	-1.9206848	-15.58786	-5.861435
147270703	GYR	-0.4219513	-0.48550415	-0.07014465
147270716	ACC	1.9591675	-12.219818	-6.3355255
147270713	GYR	-0.42915344	-0.4012909	0.12669373
147270723	MAG	-5.7296753	33.276367	16.833496
147270726	ACC	4.206375	-9.659225	-3.245041
147270723	GYR	-0.58587646	-0.37956238	-0.0055236816
147270736	ACC	2.9811707	-6.420059	1.8001709
147270733	GYR	-0.6756134	0.007736206	-0.3476715
147270743	MAG	-5.291748	32.780457	17.398071
147270746	ACC	-0.82255554	-2.574173	5.60524
147270743	GYR	-0.45806885	0.8758087	-0.6202545
147270756	ACC	-5.054611	-0.5220642	6.8783264
147270753	GYR	0.10241699	1.5976105	-0.6747589
147270762	MAG	-6.272888	32.65686	17.234802
147270766	ACC	-8.363251	-1.3640442	2.0557556
147270763	GYR	0.8253937	1.7192993	-0.5189667
147270776	ACC	-9.851654	-3.7225952	-5.576294
147270773	GYR	1.2427063	1.3539276	-0.17196655
147270781	MAG	-7.58667	32.910156	16.55426
147270786	ACC	-7.4321136	-6.602463	-8.02063
147270783	GYR	1.0262756	0.7020569	0.29048157
147270796	ACC	-3.3082428	-9.505524	-4.7530975
147270793	GYR	0.5350342	-0.0234375	0.6488037
147270800	MAG	-7.6675415	33.325195	15.557861
147270806	ACC	0.34773254	-11.602783	1.1084442
147270803	GYR	0.34851074	-0.30732727	0.78752136
147270816	ACC	2.0733337	-12.238159	5.289551
147270813	GYR	0.6156616	0.2212677	0.80075073
147270820	MAG	-6.590271	33.491516	15.065002
147270826	ACC	1.2975616	-12.288696	5.1362305
147270823	GYR	1.0811157	1.2692719	0.79364014
147270836	ACC	0.59155273	-12.339767	2.0319672
147270833	GYR	1.4186401	2.1012573	0.83802795
147270839	MAG	-6.210327	34.318542	13.827515
147270845	ACC	0.5550537	-12.276703	-1.1508179
147270843	GYR	1.4707947	2.3120422	0.9144592
147270855	ACC	0.93110657	-11.906494	-1.8631134
147270853	GYR	1.2912903	2.0749664	0.9340973
147270858	MAG	-6.0699463	34.98993	11.920166
147270865	ACC	0.9869995	-11.364258	-1.0143738
147270863	GYR	1.0786438	1.748291	0.8873291
147270873	GYR	0.9853668	1.5129089	0.8429718
147270877	MAG	-5.9051514	35.212708	10.922241
147270875	ACC	1.014389	-10.993195	-0.3260498
147270883	GYR	1.0134583	1.4094696	0.8293152
147270885	ACC	1.8661804	-10.883835	0.032684326
147270893	GYR	1.1251678	1.3802185	0.78393555
147270896	MAG	-5.6274414	35.73761	9.526062
147270895	ACC	2.5330658	-11.198425	-0.054840088
147270903	GYR	1.2896576	1.2834778	0.68852234
147270905	ACC	2.7117462	-11.638458	-0.68865967
147270913	GYR	1.4519653	1.0593414	0.5602417
147270916	MAG	-5.2490234	36.488342	8.2473755
147270915	ACC	2.77536	-11.659515	-1.1469421
147270923	GYR	1.5721588	0.8129425	0.39527893
147270925	ACC	2.3993378	-11.1449585	-1.1387482
147270933	GYR	1.6528931	0.6855316	0.23408508
147270935	MAG	-4.9713135	36.627197	6.7855835
147270935	ACC	1.6990509	-10.4987335	-0.6655731
147270943	GYR	1.724762	0.6395569	0.13069153
147270945	ACC	1.0136108	-10.073166	-0.33750916
147270953	GYR	1.7709656	0.58244324	0.11442566
147270954	MAG	-4.862976	37.127686	5.078125
147270955	ACC	0.7595978	-9.739349	-0.17303467
147270963	GYR	1.767746	0.5045471	0.12921143
147270965	ACC	0.69758606	-9.446823	-0.083724976
147270973	GYR	1.7245636	0.41897583	0.13883972
147270974	MAG	-4.6875	37.384033	3.5690308
147270975	ACC	0.45062256	-9.2426605	-0.1186676
147270985	ACC	0.28492737	-9.0828705	-0.26887512
147270983	GYR	1.6528931	0.38723755	0.14370728
147270993	MAG	-4.9362183	37.62207	2.2247314
147270995	ACC	-0.15893555	-8.936203	-0.7324524
147270993	GYR	1.5858917	0.3204193	0.13790894
147271012	MAG	-4.800415	37.947083	0.8514404
147271005	ACC	-0.7517395	-8.742737	-1.2165222
147271003	GYR	1.5019531	0.2768402	0.14601135
147271015	ACC	-1.123352	-8.526489	-1.5815125
147271013	GYR	1.3891907	0.28323364	0.2027893
147271031	MAG	-4.789734	37.983704	-0.30975342
147271025	ACC	-1.1156158	-8.406189	-1.6058044
147271023	GYR	1.2680359	0.292511	0.29187012
147271035	ACC	-0.8201752	-8.400314	-1.3389435
147271033	GYR	1.1579437	0.27018738	0.36761475
147271050	MAG	-4.4311523	38.056946	-1.3549805
147271045	ACC	-0.42858887	-8.408722	-1.0764313
147271042	GYR	1.0757599	0.2765503	0.4074402
147271055	ACC	-0.043762207	-8.419632	-0.7818756
147271052	GYR	1.0176392	0.35684204	0.41714478
147271069	MAG	-4.257202	38.002014	-2.2872925
147271065	ACC	0.35038757	-8.392258	-0.373703
147271062	GYR	0.97320557	0.49111938	0.41093445
147271075	ACC	0.5934143	-8.3111725	0.13363647
147271072	GYR	0.94229126	0.6022186	0.39964294
147271089	MAG	-3.6727905	38.131714	-3.5339355
147271085	ACC	0.6725769	-8.243637	0.45535278
147271082	GYR	0.9302521	0.6721039	0.38381958
147271095	ACC	0.5693054	-8.215942	0.45733643
147271092	GYR	0.93865967	0.75257874	0.3590088
147271108	MAG	-3.4851074	38.259888	-4.248047
147271105	ACC	0.29429626	-8.231873	0.24958801
147271102	GYR	0.95954895	0.87675476	0.33554077
147271115	ACC	-0.034866333	-8.376007	-0.056503296
147271112	GYR	0.970871	0.9785309	0.33024597
147271127	MAG	-3.5202026	38.33008	-5.3619385
147271125	ACC	-0.32121277	-8.708923	-0.49111938
147271122	GYR	0.96546936	0.95713806	0.34529114
147271135	ACC	-0.4590912	-9.193115	-1.1143341
147271132	GYR	0.9685364	0.82788086	0.37867737
147271146	MAG	-3.0059814	38.66577	-6.2026978
147271145	ACC	-0.29641724	-9.680695	-1.7298431
147271142	GYR	0.98861694	0.655426	0.42547607
147271155	ACC	0.04258728	-10.032379	-2.048355
147271152	GYR	1.0143585	0.48234558	0.48051453
147271166	MAG	-2.1438599	38.386536	-7.067871
147271165	ACC	0.47206116	-10.165192	-1.9503937
147271162	GYR	1.0295105	0.3456726	0.5278015
147271175	ACC	0.9119415	-10.088974	-1.5927734
147271172	GYR	1.0198364	0.29968262	0.5531006
147271185	MAG	-2.2766113	38.64746	-8.143616
147271185	ACC	1.0383148	-9.920059	-1.3062592
147271182	GYR	0.9729309	0.36997986	0.54637146
147271195	ACC	0.9630432	-9.758011	-1.2693176
147271192	GYR	0.88035583	0.5108185	0.5182495
147271204	MAG	-1.5274048	38.687134	-9.162903
147271205	ACC	0.83177185	-9.760437	-1.3934326
147271202	GYR	0.7507324	0.64105225	0.48545837
147271215	ACC	0.8440094	-10.029938	-1.7462921
147271212	GYR	0.6109009	0.71591187	0.4513855
147271223	MAG	-1.3168335	38.793945	-9.553528
147271225	ACC	1.030777	-10.525299	-2.0935364
147271222	GYR	0.48654175	0.72735596	0.42256165
147271235	ACC	1.5513458	-11.111496	-2.3663483
147271232	GYR	0.38105774	0.69873047	0.40403748
147271243	MAG	-0.74005127	38.772583	-10.279846
147271245	ACC	2.1301422	-11.593536	-2.335312
147271242	GYR	0.28793335	0.6417694	0.39375305
147271255	ACC	2.5858612	-11.811096	-2.0207825
147271252	GYR	0.20475769	0.5822296	0.37268066
147271262	MAG	-0.76293945	38.908386	-10.566711
147271265	ACC	2.512329	-11.85965	-1.770813
147271262	GYR	0.13708496	0.5401459	0.31854248
147271272	GYR	0.0892334	0.48075867	0.23910522
147271281	MAG	-0.2029419	38.85956	-10.873413
147271275	ACC	2.0036926	-11.732071	-1.6562805
147271282	GYR	0.07098389	0.38261414	0.15457153
147271285	ACC	1.3935089	-11.699738	-1.8325195
147271292	GYR	0.06278992	0.29241943	0.08216858
147271300	MAG	-0.22583008	39.14795	-11.123657
147271295	ACC	0.8214874	-11.863892	-2.3256683
147271302	GYR	0.026229858	0.25050354	0.039733887
147271305	ACC	0.61772156	-12.044067	-3.0381927
147271312	GYR	-0.06367493	0.28677368	0.027038574
147271319	MAG	-0.021362305	39.105225	-10.9939575
147271315	ACC	0.8531952	-12.162201	-3.6147614
147271322	GYR	-0.20744324	0.3907776	0.030227661
147271325	ACC	1.5477448	-12.292694	-3.8558807
147271332	GYR	-0.4038849	0.47406006	0.02357483
147271339	MAG	0.11138916	39.001465	-11.180115
147271334	ACC	2.5406647	-12.6688385	-3.399887
147271342	GYR	-0.677475	0.42118835	-0.021087646
147271344	ACC	3.4492645	-12.917404	-2.0244904
147271352	GYR	-0.9729309	0.29000854	-0.13116455
147271358	MAG	0.050354004	39.163208	-10.679626
147271354	ACC	4.2349854	-12.93219	-0.660553
147271362	GYR	-1.1943359	0.13664246	-0.32354736
147271364	ACC	4.4532166	-12.810684	-0.6282501
147271377	MAG	-0.2532959	39.47296	-10.127258
147271374	ACC	4.1785126	-12.090271	-1.2212219
147271372	GYR	-1.359375	-0.08192444	-0.49806213
147271384	ACC	3.4412994	-11.404419	-1.9919128
147271382	GYR	-1.4993134	-0.36680603	-0.583374
147271396	MAG	-0.6790161	39.335632	-8.703613
147271394	ACC	2.393692	-10.984894	-2.3558502
147271392	GYR	-1.6682281	-0.6140442	-0.6054077
147271404	ACC	1.606369	-10.722961	-1.9763336
147271402	GYR	-1.9145203	-0.800766	-0.6004486
147271416	MAG	-1.7089844	39.396667	-6.8878174
147271414	ACC	1.0050201	-10.889099	-1.2691803
147271412	GYR	-2.1862183	-0.96321106	-0.600235
147271424	ACC	0.32485962	-11.431274	-0.30784607
147271422	GYR	-2.4192657	-1.0062714	-0.6370239
147271435	MAG	-2.380371	39.79187	-4.7470093
147271434	ACC	-0.30203247	-12.298935	0.6460571
147271432	GYR	-2.5547638	-0.9020233	-0.69589233
147271444	ACC	-0.8167877	-13.35849	1.2717133
147271442	GYR	-2.5446014	-0.84332275	-0.72462463
147271454	MAG	-3.022766	39.779663	-2.3010254
147271454	ACC	-1.0763855	-14.264145	1.5122375
147271452	GYR	-2.421646	-0.92549133	-0.704834
147271464	ACC	-0.46232605	-14.472275	1.652359
147271462	GYR	-2.2710266	-1.0081177	-0.6235199
147271473	MAG	-3.8848877	39.6698	-0.20446777
147271474	ACC	0.5379486	-13.922882	1.7615356
147271472	GYR	-2.1396484	-0.9608917	-0.55558777
147271484	ACC	1.1176147	-12.9674835	1.5131836
147271482	GYR	-2.026596	-0.71147156	-0.58277893
147271492	MAG	-4.220581	39.11133	1.7059326
147271494	ACC	1.5747375	-11.926239	0.937973
147271492	GYR	-1.8963013	-0.33206177	-0.6645355
147271504	ACC	1.9004517	-11.260559	0.014968872
147271502	GYR	-1.7353668	-0.07637024	-0.75177
147271512	MAG	-4.963684	38.83362	3.390503
147271514	ACC	2.88089	-10.939911	-1.223938
147271512	GYR	-1.5685272	-0.18009949	-0.8239746
147271524	ACC	3.573944	-10.748718	-2.5053558
147271522	GYR	-1.4462738	-0.5860138	-0.895874
147271531	MAG	-5.621338	38.37433	4.8965454
147271534	ACC	3.543991	-10.627869	-2.846939
147271531	GYR	-1.4109192	-1.0894318	-0.99142456
147271544	ACC	2.998642	-10.444824	-2.0498352
147271541	GYR	-1.4366302	-1.6179504	-1.0567017
147271550	MAG	-6.378174	38.069153	6.3980103
147271554	ACC	2.3391266	-10.193024	-0.64668274
147271551	GYR	-1.4227753	-2.1235046	-1.0835876
147271564	ACC	1.8447723	-9.54718	0.17658997
147271561	GYR	-1.3338165	-2.4548645	-1.094986
147271569	MAG	-6.9595337	37.242126	8.203125
147271574	ACC	1.6433716	-8.8489685	0.60066223
147271571	GYR	-1.2150879	-2.5947723	-1.1041107
147271584	ACC	1.9369965	-8.533356	0.82795715
147271581	GYR	-1.1151581	-2.6154022	-1.1305237
147271589	MAG	-7.5531006	36.80725	9.936523
147271594	ACC	2.1342163	-8.71019	0.8459625
147271591	GYR	-1.0263824	-2.663391	-1.2014313
147271604	ACC	1.6651917	-8.761856	1.0726929
147271601	GYR	-0.93359375	-2.8051453	-1.3178253
147271608	MAG	-7.8201294	36.16028	11.431885
147271614	ACC	0.9685211	-8.693161	1.3641357
147271611	GYR	-0.8299408	-2.9451141	-1.4318085
147271624	ACC	0.29197693	-8.511475	1.5270538
147271621	GYR	-0.7188263	-3.013565	-1.508728
147271627	MAG	-8.224487	35.31189	12.997437
147271634	ACC	0.114593506	-8.348755	1.3179779
147271631	GYR	-0.6199188	-2.9897156	-1.5411072
147271644	ACC	0.23475647	-8.249542	0.70207214
147271641	GYR	-0.55241394	-2.938919	-1.5503235
147271646	MAG	-8.369446	34.87854	14.239502
147271654	ACC	0.27693176	-8.144379	0.085739136
147271651	GYR	-0.54093933	-2.919754	-1.5541687
147271661	GYR	-0.55747986	-2.9733734	-1.5591431
147271666	MAG	-8.659363	34.173584	15.41748
147271664	ACC	0.39398193	-8.205811	-0.05543518
147271671	GYR	-0.53430176	-3.064804	-1.5761719
147271674	ACC	0.220047	-8.190323	-0.22796631
147271681	GYR	-0.47512817	-3.1088562	-1.5826263
147271685	MAG	-8.602905	33.392334	16.673279
147271684	ACC	-0.38171387	-7.9909363	-0.11074829
147271691	GYR	-0.38562012	-3.073349	-1.5430298
147271694	ACC	-0.8818512	-7.742813	-0.23085022
147271701	GYR	-0.30455017	-2.9876099	-1.4522552
147271704	MAG	-8.74939	32.69043	17.842102
147271704	ACC	-1.1670685	-7.3471375	-0.063323975
147271711	GYR	-0.21121216	-2.8195953	-1.3522339
147271714	ACC	-1.4146576	-6.9520264	-0.22114563
147271721	GYR	-0.08995056	-2.6104736	-1.2631226
147271723	MAG	-8.670044	32.162476	18.800354
147271724	ACC	-1.4945831	-6.728653	-0.52827454
147271731	GYR	0.044891357	-2.3930206	-1.184555
147271734	ACC	-1.4710846	-6.65065	-0.9026642
147271741	GYR	0.18528748	-2.16568	-1.1060944
147271742	MAG	-8.349609	32.102966	19.20166
147271744	ACC	-1.4319	-6.6271515	-1.2481384
147271751	GYR	0.32034302	-1.9462128	-1.0124512
147271754	ACC	-1.3608704	-6.6046143	-1.4612885
147271762	MAG	-8.215332	31.80542	19.631958
147271764	ACC	-1.2892456	-6.6131897	-1.7855072
147271761	GYR	0.45544434	-1.7444153	-0.9080658
147271774	ACC	-1.1689606	-6.757599	-2.1754456
147271771	GYR	0.5630646	-1.5700073	-0.80093384
147271781	MAG	-8.206177	31.64215	19.735718
147271784	ACC	-1.0026398	-7.067032	-2.6380463
147271781	GYR	0.62675476	-1.4259796	-0.6930542
147271800	MAG	-8.119202	31.652832	19.59076
147271794	ACC	-0.88739014	-7.6631927	-3.1876373
147271791	GYR	0.6524353	-1.3064575	-0.59313965
147271804	ACC	-0.7641144	-8.411758	-3.7885284
147271801	GYR	0.6461487	-1.2276764	-0.49597168
147271819	MAG	-7.98645	31.8573	19.476318
147271813	ACC	-0.52445984	-9.242111	-4.368347
147271811	GYR	0.60824585	-1.1861115	-0.39457703
147271823	ACC	-0.05882263	-10.138916	-4.852417
147271821	GYR	0.5301819	-1.2106323	-0.29093933
147271839	MAG	-7.611084	32.107544	19.343567
147271833	ACC	0.6807709	-10.989273	-5.405472
147271831	GYR	0.42466736	-1.328949	-0.2002716
147271843	ACC	1.4600983	-11.404251	-6.221451
147271841	GYR	0.30770874	-1.5499115	-0.13925171
147271858	MAG	-7.218933	31.994629	19.374084
147271853	ACC	1.8520508	-11.21463	-7.0375214
147271851	GYR	0.17207336	-1.8606873	-0.11730957
147271863	ACC	1.9352722	-10.458054	-7.4687195
147271861	GYR	0.029937744	-2.247528	-0.10708618
147271877	MAG	-6.416321	32.177734	19.77539
147271873	ACC	1.8857727	-9.322891	-7.0676117
147271871	GYR	-0.09849548	-2.6118774	-0.09861755
147271883	ACC	1.9046631	-8.109192	-6.0256653
147271881	GYR	-0.16777039	-2.8383331	-0.105667114
147271896	MAG	-5.278015	32.2937	20.117188
147271893	ACC	2.0553741	-7.2939606	-5.283783
147271891	GYR	-0.12863159	-2.8493652	-0.13830566
147271903	ACC	2.151413	-7.141815	-5.230316
147271901	GYR	-0.0036468506	-2.698883	-0.20846558
147271915	MAG	-4.2266846	32.09076	20.5307
147271913	ACC	2.2470856	-7.562958	-5.605133
147271911	GYR	0.13327026	-2.476532	-0.29353333
147271923	ACC	2.4604797	-8.474579	-6.0621796
147271921	GYR	0.21858215	-2.2282715	-0.36805725
147271935	MAG	-3.1097412	32.30133	20.588684
147271933	ACC	2.8832245	-9.448334	-6.062561
147271931	GYR	0.23226929	-1.9448395	-0.43174744
147271943	ACC	3.2259827	-9.808197	-5.814041
147271941	GYR	0.20327759	-1.598526	-0.50749207
147271954	MAG	-2.8518677	32.17621	20.767212
147271953	ACC	3.1885834	-9.249039	-5.8189697
147271951	GYR	0.17605591	-1.1982574	-0.60131836
147271963	ACC	2.972763	-8.127121	-6.1323395
147271961	GYR	0.16200256	-0.80555725	-0.67729187
147271973	MAG	-2.7572632	32.102966	20.71991
147271973	ACC	3.1645355	-7.1234283	-6.6482697
147271971	GYR	0.15689087	-0.4893341	-0.711792
147271983	ACC	2.3010712	-7.5225067	-7.42247
147271981	GYR	0.14942932	-0.30900574	-0.72221375
147271992	MAG	-3.4362793	32.2464	20.750427
147271993	ACC	-0.47502136	-11.074799	-8.5354
147271991	GYR	0.114608765	-0.24302673	-0.6990051
147272003	ACC	-2.8371124	-16.819733	-5.429779
147272001	GYR	0.042785645	-0.25798035	-0.5495148
147272012	MAG	-3.7643433	32.229614	20.910645
147272013	ACC	-2.8642883	-20.237396	-0.9154053
147272010	GYR	0.035339355	-0.2313385	-0.18289185
147272023	ACC	-1.3739166	-19.64096	-1.2364655
147272020	GYR	0.09664917	0.07180786	0.24284363
147272031	MAG	-3.666687	32.385254	20.939636
147272033	ACC	1.250534	-17.746048	-3.3731232
147272030	GYR	-0.08175659	0.43774414	0.40797424
147272043	ACC	2.5069427	-13.622116	-3.7405243
147272040	GYR	-0.59983826	0.42825317	0.23490906
147272050	MAG	-3.4240723	32.159424	20.895386
147272050	GYR	-1.0799103	0.14198303	-0.073013306
147272053	ACC	0.5961609	-6.5814514	3.2956543
147272060	GYR	-0.90727234	0.026031494	-0.3042755
147272069	MAG	-3.8742065	31.69403	21.92688
147272063	ACC	-4.5507355	-1.0818176	5.148987
147272070	GYR	-0.11445618	-0.25357056	-0.3081665
147272073	ACC	-7.6852875	0.2983551	4.140457
147272080	GYR	0.6400757	-0.7954712	-0.12307739
147272088	MAG	-4.1793823	31.932068	21.78955
147272083	ACC	-8.959778	-0.37532043	3.8580627
147272090	GYR	1.1529083	-1.1890717	0.22497559
147272093	ACC	-6.4740906	-1.6264648	1.683075
147272100	GYR	1.4533691	-1.153305	0.52526855
147272108	MAG	-3.3355713	32.70569	20.896912
147272103	ACC	-2.8085175	-4.144928	-0.7910156
147272110	GYR	1.5904083	-0.6554413	0.644516
147272113	ACC	0.82476807	-8.2691345	0.5462036
147272120	GYR	1.6725922	0.35391235	0.6708374
147272127	MAG	-2.2323608	33.51288	19.570923
147272123	ACC	2.546112	-12.89502	5.026169
147272130	GYR	1.8587799	1.6871338	0.77175903
147272133	ACC	1.7704163	-15.096268	4.9914856
147272140	GYR	1.8808594	2.513443	0.999527
147272146	MAG	-2.0858765	34.67865	17.860413
147272143	ACC	0.44981384	-15.105423	2.1905823
147272153	ACC	0.3809204	-14.520782	-1.1414948
147272150	GYR	1.5915527	2.4770203	1.2806549
147272165	MAG	-2.3101807	35.284424	16.256714
147272163	ACC	1.1526794	-13.64238	-2.9929504
147272160	GYR	1.1759949	1.9343109	1.483963
147272173	ACC	1.7446747	-12.497223	-3.125351
147272170	GYR	0.8907471	1.2615814	1.4720612
147272185	MAG	-1.5045166	35.74066	15.435791
147272183	ACC	2.5631561	-11.482254	-2.2471466
147272180	GYR	0.817276	0.5001526	1.306778
147272193	ACC	3.5098267	-10.923447	-1.3604584
147272190	GYR	0.90057373	-0.30810547	1.0755463
147272204	MAG	-0.5722046	36.177063	14.378357
147272203	ACC	3.6689606	-10.634354	-1.1258698
147272200	GYR	1.0572662	-0.97299194	0.79371643
147272213	ACC	2.943222	-10.101044	-0.772522
147272210	GYR	1.2458191	-1.4137878	0.5121765
147272223	MAG	0.41046143	36.727905	13.354492
147272223	ACC	2.0942383	-9.412994	0.0844574
147272220	GYR	1.4166107	-1.636322	0.29258728
147272233	ACC	1.0628052	-8.9800415	0.8029022
147272230	GYR	1.5836792	-1.6251526	0.14039612
147272242	MAG	1.0559082	37.31079	12.348938
147272243	ACC	-0.11643982	-8.798157	0.98765564
147272240	GYR	1.7399902	-1.4020691	0.0438385
147272253	ACC	-0.99198914	-8.764969	0.4377594
147272250	GYR	1.8325195	-1.04422	0.0019989014
147272261	MAG	1.3275146	37.760925	10.86731
147272263	ACC	-1.6818085	-8.810242	-0.31472778
147272260	GYR	1.8051147	-0.76205444	0.018478394
147272273	ACC	-2.2831726	-8.849335	-0.8023224
147272270	GYR	1.6616211	-0.67240906	0.06321716
147272281	MAG	1.4175415	38.31482	9.571838
147272283	ACC	-2.53833	-8.69165	-1.030014
147272280	GYR	1.4575806	-0.722702	0.11192322
147272292	ACC	-2.3644562	-8.391373	-0.96798706
147272290	GYR	1.2478943	-0.8233185	0.1434021
147272300	MAG	1.7181396	38.816833	8.500671
147272302	ACC	-1.9556732	-8.124084	-0.56977844
147272300	GYR	1.0675354	-0.8827362	0.14595032
147272312	ACC	-1.6285706	-8.004288	-0.13772583
147272310	GYR	0.94577026	-0.80599976	0.12251282
147272319	MAG	1.8951416	38.99231	7.6446533
147272322	ACC	-1.4571075	-8.000916	0.06355286
147272320	GYR	0.88990784	-0.62376404	0.09710693
147272332	ACC	-1.3323212	-8.045624	0.18508911
147272330	GYR	0.88031006	-0.42745972	0.09643555
147272338	MAG	2.105713	39.37378	6.6329956
147272342	ACC	-1.283493	-8.15538	0.32998657
147272340	GYR	0.90704346	-0.23950195	0.12106323
147272352	ACC	-1.2501678	-8.283829	0.61491394
147272350	GYR	0.9860382	-0.07266235	0.15211487
147272358	MAG	2.1652222	39.135742	6.0913086
147272362	ACC	-1.6066132	-8.303513	0.59243774
147272360	GYR	1.1116486	0.061203003	0.17666626
147272372	ACC	-2.6844177	-8.703171	0.11691284
147272370	GYR	1.2242737	0.20681763	0.21559143
147272377	MAG	2.3712158	39.55841	5.0308228
147272382	ACC	-3.4841003	-9.5447235	-0.5774994
147272380	GYR	1.2457886	0.408844	0.3040161
147272392	ACC	-3.342453	-10.520065	-1.0709839
147272390	GYR	1.1708069	0.5063019	0.4371338
147272396	MAG	2.3391724	40.013123	4.0283203
147272402	ACC	-2.8891144	-11.328339	-0.67526245
147272400	GYR	1.0735779	0.34458923	0.5595856
147272412	ACC	-1.9671783	-11.9344635	-0.5996399
147272410	GYR	1.0485382	0.068573	0.6514435
147272415	MAG	2.7008057	40.083313	3.0303955
147272422	ACC	-1.0856628	-12.513931	-1.5248718
147272420	GYR	1.0991821	-0.092666626	0.693573
147272432	ACC	-0.5491638	-13.260025	-2.633606
147272430	GYR	1.1414948	-0.0622406	0.6810303
147272435	MAG	3.1600952	40.385437	2.1011353
147272440	GYR	1.1562958	0.10076904	0.6571045
147272442	ACC	0.8184967	-14.022339	-3.9043427
147272450	GYR	1.1730347	0.28157043	0.5970154
147272454	MAG	3.730774	40.56549	0.6668091
147272452	ACC	2.190277	-14.733231	-4.6835327
147272460	GYR	1.1633759	0.5513153	0.48562622
147272462	ACC	3.7708282	-15.034393	-5.7188416
147272470	GYR	1.0524292	0.8047638	0.34002686
147272473	MAG	4.3792725	40.72113	-0.3555298
147272472	ACC	4.932541	-14.559006	-6.679535
147272480	GYR	0.8195801	0.71777344	0.19937134
147272482	ACC	5.2506104	-13.535263	-7.264633
147272489	GYR	0.47920227	0.3285675	0.11740112
147272492	MAG	4.3380737	40.56244	-0.94299316
147272492	ACC	5.339554	-12.617889	-8.032074
147272499	GYR	0.026046753	0.05722046	0.08647156
147272502	ACC	5.7073517	-11.911926	-8.020798
147272509	GYR	-0.41856384	0.04170227	0.06199646
147272511	MAG	4.2877197	40.872192	-0.91552734
147272512	ACC	6.2162323	-11.15329	-6.8420715
147272519	GYR	-0.73573303	0.16453552	-0.01852417
147272522	ACC	5.9930267	-10.360199	-5.773178
147272529	GYR	-0.9773865	0.3095703	-0.14263916
147272531	MAG	4.4784546	40.644836	-0.3555298
147272532	ACC	5.282959	-9.462082	-4.879898
147272539	GYR	-1.1933441	0.34796143	-0.29785156
147272542	ACC	4.0453644	-8.428864	-4.521454
147272550	MAG	4.309082	40.61737	0.6286621
147272552	ACC	2.7820282	-7.187378	-4.677429
147272549	GYR	-1.4284668	0.20561218	-0.46955872
147272562	ACC	2.3012238	-5.737854	-4.7267303
147272559	GYR	-1.726654	-0.15515137	-0.62060547
147272569	MAG	3.7628174	40.60974	2.420044
147272572	ACC	2.1629944	-4.3507843	-4.034775
147272569	GYR	-2.0506134	-0.7427368	-0.7480011
147272588	MAG	3.1982422	40.309143	3.9108276
147272582	ACC	2.5153809	-3.4476166	-2.6580048
147272579	GYR	-2.3530579	-1.3774414	-0.8424835
147272592	ACC	3.7859344	-3.8623962	-1.7440948
147272589	GYR	-2.5799713	-1.7172089	-0.9028473
147272608	MAG	2.5680542	39.6698	6.399536
147272602	ACC	4.334488	-6.1729126	-0.27798462
147272599	GYR	-2.808792	-1.6074066	-1.0378723
147272612	ACC	2.4374542	-9.006317	1.1287384
147272609	GYR	-3.0267181	-1.2074585	-1.2528076
147272627	MAG	2.0706177	38.92517	9.352112
147272622	ACC	-0.019302368	-11.036591	2.3370361
147272619	GYR	-3.16568	-0.97317505	-1.3730316
147272632	ACC	-0.16603088	-12.0890045	3.864273
147272629	GYR	-3.191681	-1.0161896	-1.3045654
147272646	MAG	0.9841919	37.94403	12.17041
147272642	ACC	1.7397614	-12.987106	4.241226
147272639	GYR	-3.0273132	-0.99679565	-1.2181854
147272652	ACC	2.9693146	-14.750305	2.0525818
147272649	GYR	-2.627472	-0.83747864	-1.333847
147272665	MAG	0.24261475	37.046814	14.407349
147272662	ACC	3.5040588	-17.372696	-2.7970276
147272659	GYR	-2.1532288	-0.8421173	-1.5940247
147272672	ACC	4.3687897	-19.677185	-7.7383575
147272669	GYR	-1.822113	-1.1921387	-1.8030396
147272685	MAG	-0.6439209	36.302185	16.04004
147272682	ACC	4.0063477	-20.630722	-8.593735
147272679	GYR	-1.8797607	-1.7078552	-1.9532471
147272692	ACC	2.9564514	-20.408371	-5.8173676
147272689	GYR	-2.2477112	-2.267044	-2.0876007
147272704	MAG	-1.9454956	35.220337	18.554688
147272702	ACC	3.0155945	-19.977615	-1.7612
147272699	GYR	-2.571289	-2.9439392	-2.162033
147272712	ACC	4.7575684	-19.413086	0.005340576
147272709	GYR	-2.671463	-3.5026245	-2.2218018
147272723	MAG	-2.078247	33.462524	21.000671
147272722	ACC	6.058975	-18.849289	-2.5847015
147272719	GYR	-2.596695	-3.5856934	-2.3520508
147272732	ACC	5.8087006	-18.439117	-4.8131104
147272729	GYR	-2.6016388	-3.2185974	-2.5284424
147272742	MAG	-2.331543	32.258606	23.878479
147272742	ACC	4.6016083	-18.363983	-6.1410217
147272739	GYR	-2.7557526	-2.9740143	-2.6495056
147272752	ACC	2.7196045	-17.988052	-6.8936462
147272749	GYR	-2.9257202	-3.1352234	-2.664688
147272761	MAG	-2.7435303	30.445862	26.483154
147272762	ACC	1.5856323	-16.906326	-6.701828
147272759	GYR	-3.050766	-3.490326	-2.5223541
147272772	ACC	2.3057861	-15.131485	-6.0311127
147272769	GYR	-3.0584717	-3.86792	-2.2438354
147272781	MAG	-2.4536133	28.088379	29.270935
147272781	ACC	4.1855774	-13.887939	-5.0337677
147272779	GYR	-2.9069061	-4.203598	-1.9624481
147272791	ACC	5.610153	-13.216751	-4.194397
147272789	GYR	-2.5929108	-4.4674225	-1.7770844
147272800	MAG	-0.9460449	26.249695	31.57959
147272801	ACC	5.4725494	-12.488663	-3.8412476
147272799	GYR	-2.104416	-4.5599213	-1.6362762
147272811	ACC	4.3135223	-12.091095	-3.8550262
147272809	GYR	-1.4967651	-4.4207764	-1.4362488
147272819	MAG	1.0620117	24.874878	32.89795
147272821	ACC	2.5144653	-10.952881	-3.3729553
147272819	GYR	-0.9002228	-4.1811066	-1.2411194
147272829	GYR	-0.35925293	-3.9789886	-1.126297
147272838	MAG	3.3355713	24.299622	33.358765
147272831	ACC	-0.2054596	-9.018494	-2.96904
147272839	GYR	0.07237244	-3.8758698	-1.057312
147272841	ACC	-1.6354523	-6.521942	-1.8399353
147272849	GYR	0.38694763	-3.7880402	-1.0262146
147272858	MAG	5.1879883	24.55597	32.907104
147272851	ACC	-2.509964	-4.448517	-1.2224121
147272859	GYR	0.6365204	-3.6369476	-1.0262146
147272861	ACC	-3.1671143	-2.7974548	-0.52319336
147272869	GYR	0.89016724	-3.273117	-1.0431824
147272877	MAG	7.0373535	25.048828	32.437134
147272871	ACC	-3.5019226	-1.8436737	-0.24255371
147272879	GYR	1.1490173	-2.6996307	-1.0763855
147272881	ACC	-3.832199	-1.4905243	-0.27633667
147272889	GYR	1.3754578	-2.06987	-1.0684509
147272896	MAG	8.425903	25.628662	31.666565
147272891	ACC	-3.925171	-1.2565918	-0.18885803
147272899	GYR	1.5534973	-1.4758911	-0.9819336
147272901	ACC	-4.0492706	-0.7592468	-0.38658142
147272909	GYR	1.629242	-0.93258667	-0.808609
147272915	MAG	8.712769	26.683044	30.509949
147272911	ACC	-4.2994385	-0.23002625	-0.73776245
147272919	GYR	1.5792999	-0.449234	-0.55851746
147272921	ACC	-3.8335876	-0.05921936	-0.9383545
147272929	GYR	1.4555359	-0.02178955	-0.3085327
147272934	MAG	8.813477	27.728271	29.458618
147272931	ACC	-2.9346313	-0.065093994	-0.88145447
147272941	ACC	-2.1858215	-0.17280579	-0.53970337
147272939	GYR	1.2936707	0.35362244	-0.1179657
147272954	MAG	8.810425	28.465271	28.897095
147272951	ACC	-1.1864014	-0.4380951	0.13908386
147272949	GYR	1.1052856	0.6947479	0.02722168
147272961	ACC	-0.41923523	-0.846756	1.0452118
147272959	GYR	0.95358276	0.9884186	0.09339905
147272973	MAG	8.502197	28.941345	28.094482
147272971	ACC	-0.45414734	-1.157547	1.5853271
147272968	GYR	0.90153503	1.2540436	0.056030273
147272981	ACC	-1.2536163	-1.3516693	1.5739899
147272978	GYR	0.90797424	1.4938965	-0.028305054
147272992	MAG	7.507324	29.328918	27.848816
147272991	ACC	-2.2830658	-1.5572815	0.7717743
147272988	GYR	0.887619	1.668869	-0.07142639
147273001	ACC	-2.705902	-1.9054413	-0.7018585
147272998	GYR	0.7952423	1.7323914	-0.038619995
147273011	MAG	6.655884	29.876709	27.583313
147273011	ACC	-3.0255737	-2.5990906	-2.466278
147273008	GYR	0.61351013	1.6398926	0.015182495
147273021	ACC	-3.7538757	-3.4277496	-4.9308167
147273018	GYR	0.3269348	1.4620819	0.07359314
147273031	MAG	5.7174683	30.067444	27.394104
147273031	ACC	-3.310318	-4.3614197	-11.81926
147273028	GYR	-0.11260986	1.3057098	0.19311523
147273041	ACC	-0.89649963	-5.7943573	-9.996368
147273038	GYR	-0.93130493	1.1900635	0.320755
147273050	MAG	5.1864624	29.74701	28.004456
147273051	ACC	-1.2707367	-5.765106	6.2651215
147273048	GYR	-1.9336395	1.392807	0.28530884
147273061	ACC	-6.072647	-5.0851746	15.626053
147273058	GYR	-1.7691803	2.4092407	0.14671326
147273069	MAG	4.6707153	28.71399	29.35791
147273071	ACC	-10.611603	-6.991913	8.689163
147273068	GYR	-0.38272095	3.2300873	0.13795471
147273081	ACC	-10.931595	-11.051071	-0.570343
147273078	GYR	0.74705505	2.6055908	0.25149536
147273088	MAG	2.531433	28.605652	29.26178
147273091	ACC	-1.1351471	-16.29506	-0.7727661
147273088	GYR	1.1438293	1.248642	0.38563538
147273101	ACC	12.357025	-23.699661	16.705582
147273098	GYR	1.5259247	1.4966278	0.40830994
147273107	MAG	2.6290894	29.537964	28.125
147273111	ACC	7.1891174	-26.116272	13.701508
147273108	GYR	2.5726624	3.4139557	0.27809143
147273121	ACC	1.4273682	-21.10202	-0.4719696
147273118	GYR	3.378296	4.337219	0.45661926
147273127	MAG	1.0482788	31.434631	25.492859
147273131	ACC	1.4743347	-15.011536	-8.014832
147273128	GYR	2.6433563	3.711197	0.86213684
147273141	ACC	0.8150635	-12.115463	-6.8145905
147273138	GYR	1.4184113	2.8261108	0.94955444
147273146	MAG	-0.4058838	32.496643	23.745728
147273151	ACC	-0.7492981	-12.104431	-0.90400696
147273148	GYR	0.94003296	2.160965	0.9944763
147273161	ACC	-2.2659607	-14.738739	0.22554016
147273158	GYR	1.3990631	1.9299622	1.2009125
147273165	MAG	-0.79345703	33.14972	22.566223
147273171	ACC	-1.7893372	-19.290314	-4.1002197
147273168	GYR	2.3237762	1.78508	1.4414215
147273181	ACC	0.6967163	-23.558655	-5.8835907
147273178	GYR	3.0505066	1.3009949	1.6056061
147273184	MAG	-0.7598877	34.484863	20.01648
147273191	ACC	5.3557434	-25.895401	-5.243042
147273188	GYR	3.4813995	0.82699585	1.6562347
147273201	ACC	8.327393	-26.431168	-5.3980255
147273198	GYR	3.7752533	1.077713	1.554184
147273204	MAG	0.36773682	35.81848	17.170715
147273211	ACC	9.998062	-25.329147	-4.5650787
147273208	GYR	3.9145203	1.8740234	1.4535065
147273221	ACC	11.547379	-23.512817	-4.2729645
147273218	GYR	3.9511108	2.4423523	1.5437012
147273223	MAG	1.0437012	37.545776	13.537598
147273228	GYR	3.8843079	2.388794	1.6806335
147273231	ACC	11.602783	-21.448105	-4.7775726
147273238	GYR	3.6609955	1.8493195	1.6911926
147273242	MAG	1.4846802	38.916016	9.942627
147273241	ACC	8.963913	-18.442215	-5.940506
147273248	GYR	3.290924	1.0826721	1.6529388
147273251	ACC	6.2071075	-15.735733	-6.9719086
147273258	GYR	2.8184052	0.27809143	1.680603
147273261	MAG	2.1240234	39.627075	6.9381714
147273260	ACC	5.353821	-13.57196	-6.488556
147273268	GYR	2.4631195	-0.4223938	1.660614
147273270	ACC	4.0026855	-12.127167	-7.276779
147273278	GYR	2.1580505	-0.541626	1.6042938
147273280	MAG	3.3111572	40.33203	4.7805786
147273280	ACC	2.2727203	-9.757233	-7.828537
147273288	GYR	1.8145142	-0.12719727	1.64505
147273290	ACC	2.22789	-7.5168457	-7.328964
147273298	GYR	1.4577026	0.36132812	1.709137
147273300	MAG	4.722595	40.66925	2.960205
147273300	ACC	4.0915833	-6.3481293	-4.9919586
147273308	GYR	1.1380157	0.36065674	1.6476746
147273310	ACC	4.415329	-4.978058	-1.8817749
147273318	GYR	0.96395874	0.35108948	1.3863373
147273319	MAG	6.2454224	40.800476	1.9348145
147273320	ACC	2.3308868	-3.266388	-0.60910034
147273330	ACC	0.052124023	-2.5013275	-6.7292023
147273328	GYR	1.1428375	0.70144653	1.0036316
147273338	MAG	7.0755005	40.701294	0.68969727
147273340	ACC	0.2361145	-3.1981964	-11.88942
147273338	GYR	1.2201538	0.8125305	0.6232147
147273350	ACC	3.0584106	-3.469757	-10.901886
147273348	GYR	0.8487854	0.03955078	0.20191956
147273358	MAG	7.2235107	40.93628	0.1083374
147273360	ACC	6.5152283	-2.6929169	-5.8211365
147273358	GYR	0.21748352	-0.8403015	-0.25575256
147273370	ACC	8.994492	-1.4150391	2.7850952
147273368	GYR	-0.50819397	-0.876709	-0.6396942
147273377	MAG	7.460022	40.98358	0.04425049
147273380	ACC	10.463165	0.37782288	8.866531
147273378	GYR	-0.8668976	-0.49588013	-1.0216064
147273396	MAG	6.6879272	40.80963	0.70495605
147273390	ACC	11.258347	2.7765808	7.2056274
147273388	GYR	-0.65045166	-0.3075409	-1.5578156
147273400	ACC	9.814301	3.651703	-0.25224304
147273398	GYR	-0.41049194	-0.24125671	-2.2051544
147273415	MAG	4.8858643	41.012573	1.3061523
147273410	ACC	4.7372437	1.9331665	-9.379623
147273408	GYR	-0.7052765	0.25213623	-2.692093
147273420	ACC	-1.5321503	-0.18945312	-16.01764
147273418	GYR	-1.4687195	0.7801666	-2.6891174
147273434	MAG	2.0355225	40.907288	3.3813477
147273430	ACC	-6.306595	-1.5872955	-15.698517
147273428	GYR	-2.1792908	0.0072631836	-2.3214417
147273440	ACC	-7.5827484	-3.0449219	-4.332123
147273438	GYR	-2.7190552	-1.9884338	-1.8930206
147273454	MAG	0.21362305	40.38391	6.1660767
147273450	ACC	-5.005661	-4.0043335	7.46698
147273447	GYR	-3.1342163	-3.2464752	-1.4667969
147273460	ACC	-1.9160614	-5.2020874	7.1122894
147273457	GYR	-2.917862	-3.378479	-1.1413574
147273473	MAG	0.035095215	39.54773	8.827209
147273470	ACC	-0.2983551	-8.060059	-1.0353699
147273467	GYR	-2.5871582	-3.107544	-0.97961426
147273480	ACC	0.7187195	-12.68515	-8.068176
147273477	GYR	-2.956253	-3.1341095	-0.86227417
147273492	MAG	0.16174316	38.6261	11.6622925
147273490	ACC	2.0070953	-17.64775	-8.567917
147273487	GYR	-4.004425	-3.252304	-0.7715454
147273500	ACC	3.2854767	-22.876999	-3.492813
147273497	GYR	-4.9975586	-3.1215973	-0.8335266
147273511	MAG	0.680542	37.123108	15.763855
147273510	ACC	2.7330627	-29.4749	1.5256348
147273507	GYR	-5.0881195	-2.79924	-1.1165771
147273520	ACC	-0.16682434	-37.89897	1.2569275
147273517	GYR	-4.261322	-2.2579193	-1.4589691
147273530	MAG	0.37994385	35.06317	19.815063
147273530	ACC	-2.1019287	-43.54181	-1.9351959
147273527	GYR	-3.4575806	-1.6513519	-1.6037445
147273540	ACC	1.975174	-38.55197	-3.3978424
147273537	GYR	-3.3036194	-1.4513397	-1.5567169
147273550	MAG	-0.41809082	33.514404	22.471619
147273550	ACC	5.316437	-30.826828	-5.7939453
147273547	GYR	-3.5072937	-1.4121857	-1.6846924
147273560	ACC	3.6124878	-27.452332	-8.845444
147273557	GYR	-3.7731934	-1.4426117	-2.0949402
147273569	MAG	-0.4776001	31.307983	25.823975
147273570	ACC	2.6417236	-25.695297	-7.8749237
147273567	GYR	-4.150482	-2.0924988	-2.3418427
147273580	ACC	3.694397	-24.738373	-4.6762695
147273577	GYR	-4.5143433	-2.9652405	-2.2939606
147273588	MAG	-1.2969971	28.49884	29.264832
147273590	ACC	5.568054	-23.194092	-4.2846527
147273587	GYR	-4.5901947	-3.3191376	-2.2290192
147273600	ACC	6.1844177	-19.592636	-4.5009766
147273597	GYR	-4.3453064	-3.4821777	-2.3362274
147273607	MAG	-0.47607422	25.456238	32.533264
147273610	ACC	5.5100403	-12.81871	-2.6945953
147273607	GYR	-3.901062	-3.918457	-2.3856354
147273617	GYR	-3.1101685	-4.3065186	-1.9450531
147273627	MAG	0.62561035	22.621155	35.073853
147273620	ACC	4.3922424	-4.857254	-0.76979065
147273627	GYR	-1.8782959	-4.0758667	-1.1977997
147273630	ACC	5.656708	-2.442154	-1.904068
147273637	GYR	-0.6838379	-3.8276672	-1.0673218
147273646	MAG	2.9937744	21.585083	36.07025
147273640	ACC	1.2321777	-2.0216675	-1.0645294
147273647	GYR	0.24539185	-3.6341095	-1.3217163
147273650	ACC	-2.8497925	-1.4751587	0.47024536
147273657	GYR	0.9920349	-3.2059631	-1.3432465
147273665	MAG	4.501343	21.879578	35.543823
147273660	ACC	-3.6672516	-1.2952576	1.7337036
147273667	GYR	1.5665131	-2.573166	-1.1994324
147273670	ACC	-4.212158	0.06272888	2.5635529
147273677	GYR	1.9043121	-1.8200836	-1.0623169
147273684	MAG	5.831909	23.161316	34.77173
147273680	ACC	-5.4865875	1.6287994	2.4314728
147273687	GYR	2.0039825	-1.1425476	-0.86839294
147273690	ACC	-5.877014	2.8124847	2.082779
147273697	GYR	1.9288635	-0.56607056	-0.52931213
147273703	MAG	5.986023	24.317932	33.80127
147273700	ACC	-4.6499023	3.4039001	2.3141785
147273707	GYR	1.8171692	0.039367676	-0.13772583
147273710	ACC	-2.559204	3.3970184	3.1088104
147273723	MAG	6.0394287	25.436401	32.79419
147273720	ACC	-1.02742	3.336792	4.4927673
147273717	GYR	1.7120209	0.65715027	0.16281128
147273730	ACC	-0.77778625	2.9174194	5.996826
147273727	GYR	1.6231079	1.317688	0.36402893
147273742	MAG	5.505371	26.512146	31.684875
147273739	ACC	-1.9302521	2.2598114	6.172653
147273737	GYR	1.6366882	2.0354767	0.4514618
147273749	ACC	-3.030075	1.3253937	4.6459045
147273747	GYR	1.7099304	2.6319733	0.47427368
147273761	MAG	4.170227	27.478027	30.863953
147273759	ACC	-3.8062897	-0.020004272	2.8338165
147273757	GYR	1.7169952	2.8720856	0.45664978
147273769	ACC	-4.4362946	-0.96047974	2.029831
147273767	GYR	1.6151581	2.704483	0.42485046
147273780	MAG	2.5848389	28.36914	29.922485
147273779	ACC	-4.4649506	-1.2942505	1.4059296
147273777	GYR	1.4967041	2.4226227	0.43605042
147273789	ACC	-4.350769	-1.5391083	0.30952454
147273787	GYR	1.411377	2.1479187	0.45750427
147273800	MAG	1.2084961	29.441833	29.234314
147273799	ACC	-4.1312103	-2.155014	-1.4226837
147273797	GYR	1.3126068	1.8784637	0.48684692
147273809	ACC	-3.4565735	-3.2884827	-3.1854553
147273807	GYR	1.1415405	1.6170197	0.5285034
147273819	MAG	0.6347656	30.239868	28.193665
147273819	ACC	-2.6525269	-5.0801697	-4.917145
147273817	GYR	0.9376373	1.3209076	0.53152466
147273829	ACC	-2.0146332	-7.940201	-8.679977
147273827	GYR	0.72598267	0.8556366	0.43699646
147273838	MAG	0.59051514	30.584717	27.664185
147273839	ACC	-0.29237366	-10.760452	-16.504562
147273837	GYR	0.22981262	0.3348236	0.27252197
147273849	ACC	3.3332062	-12.131271	-20.699158
147273847	GYR	-0.9641113	0.056793213	0.06506348
147273857	MAG	0.920105	30.52063	28.157043
147273859	ACC	5.2722626	-11.054932	-3.382431
147273857	GYR	-2.692215	0.205307	-0.27012634
147273869	ACC	3.968048	-6.207489	19.668823
147273867	GYR	-3.4151306	1.6136475	-0.67533875
147273876	MAG	0.6851196	28.494263	30.490112
147273879	ACC	-1.141983	-2.9723663	19.788254
147273877	GYR	-1.7635345	3.9938965	-0.89260864
147273889	ACC	-9.443558	-5.1918793	16.208084
147273887	GYR	0.8197632	5.111374	-0.7726593
147273896	MAG	-2.9815674	28.109741	29.995728
147273899	ACC	-13.909454	-10.333282	5.837448
147273897	GYR	2.406662	4.1545105	-0.28578186
147273909	ACC	-8.62056	-18.120392	8.262375
147273907	GYR	2.6457062	2.98674	0.25305176
147273915	MAG	-6.210327	29.974365	28.019714
147273919	ACC	-2.0595856	-25.610931	19.171768
147273917	GYR	2.5422974	2.865219	0.55075073
147273929	ACC	0.03768921	-27.948395	-0.15661621
147273927	GYR	3.080246	2.930542	0.83457947
147273934	MAG	-6.9595337	31.726074	25.440979
147273939	ACC	8.519608	-25.268661	-15.890015
147273936	GYR	2.8122559	2.8960114	1.2612305
147273949	ACC	10.741165	-19.849838	-8.409836
147273946	GYR	1.4852753	2.9756775	1.3303833
147273953	MAG	-7.218933	33.058167	22.862244
147273959	ACC	5.194046	-17.096924	-0.59931946
147273956	GYR	1.182724	3.2087555	1.0782318
147273969	ACC	-0.6687927	-18.478592	-3.5412292
147273966	GYR	2.1385956	3.122589	1.1282501
147273973	MAG	-7.9437256	34.05304	21.122742
147273979	ACC	-0.20523071	-21.225037	-2.8943481
147273976	GYR	2.9531097	2.573532	1.6370392
147273989	ACC	3.3024902	-24.317505	-0.09751892
147273986	GYR	3.2561035	2.152588	2.2609406
147273992	MAG	-8.352661	35.85205	17.919922
147273999	ACC	7.15448	-26.195892	1.2108765
147273996	GYR	3.4022827	2.0450592	2.7067413
147274006	GYR	3.4957123	2.0115814	2.8913116
147274011	MAG	-6.929016	37.574768	14.56604
147274009	ACC	11.947098	-28.020493	-1.0079651
147274016	GYR	3.4509888	1.763443	2.6848602
147274019	ACC	17.0504	-28.834747	-2.7552032
147274026	GYR	3.45784	1.2965851	2.0124664
147274030	MAG	-5.090332	39.01367	10.882568
147274029	ACC	16.076523	-24.90004	-4.1665955
147274036	GYR	3.5175476	0.8889923	1.3190002
147274039	ACC	8.446976	-19.20366	-5.4518585
147274046	GYR	3.4218903	1.1056824	1.1883087
147274050	MAG	-3.9382935	40.32898	7.713318
147274049	ACC	2.8641815	-14.765701	-8.916412
147274056	GYR	3.040985	1.3811035	1.5193787
147274059	ACC	0.43351746	-12.948837	-12.514969
147274066	GYR	2.3320007	1.0161743	1.8846893
147274069	MAG	-3.6743164	41.255188	4.901123
147274069	ACC	-0.109436035	-12.767639	-12.513626
147274076	GYR	1.4891052	0.5687561	2.0771332
147274079	ACC	1.366806	-11.490433	-9.399948
147274086	GYR	0.8509674	0.4806671	2.050888
147274088	MAG	-2.156067	41.73889	3.2485962
147274089	ACC	2.7685852	-9.080063	-5.9256134
147274096	GYR	0.4317627	0.6878357	1.8489227
147274099	ACC	4.0260468	-6.5650024	-2.594162
147274107	MAG	-0.32043457	41.896057	2.5268555
147274109	ACC	4.2679596	-4.1986237	-1.7946472
147274106	GYR	0.37657166	0.8102875	1.5485077
147274119	ACC	3.8301544	-1.7636871	-3.1473236
147274116	GYR	0.57289124	0.78990173	1.1990051
147274126	MAG	1.1367798	41.80603	1.890564
147274129	ACC	4.2404327	0.15907288	-5.115082
147274126	GYR	0.666687	0.5797882	0.8461914
147274139	ACC	5.706314	0.93107605	-5.708313
147274136	GYR	0.5041504	0.3655548	0.48908997
147274146	MAG	1.7379761	41.76483	1.4877319
147274149	ACC	7.428604	1.013092	-3.947937
147274146	GYR	0.14778137	0.16470337	0.1289978
147274159	ACC	8.517731	0.8579407	-1.2130432
147274156	GYR	-0.14024353	-0.09413147	-0.31474304
147274165	MAG	1.8829346	41.72821	1.4816284
147274169	ACC	9.537903	1.1403198	0.95854187
147274166	GYR	-0.29096985	-0.33503723	-0.8587494
147274184	MAG	1.651001	41.560364	1.5991211
147274179	ACC	10.021515	2.0077667	0.6302185
147274176	GYR	-0.32450867	-0.55844116	-1.4411316
147274189	ACC	8.01445	1.9987946	-2.876419
147274186	GYR	-0.39268494	-0.4668579	-2.0016174
147274203	MAG	-0.12664795	41.282654	2.420044
147274199	ACC	3.0460968	0.37756348	-8.222977
147274196	GYR	-0.66052246	0.02166748	-2.3582458
147274209	ACC	-2.391449	-1.289978	-12.204758
147274206	GYR	-1.1164246	0.32359314	-2.348877
147274223	MAG	-2.4719238	40.940857	4.0649414
147274218	ACC	-5.8999786	-1.98732	-10.94519
147274216	GYR	-1.6962585	-0.11534119	-2.0822144
147274228	ACC	-7.035187	-2.3021545	-4.01355
147274226	GYR	-2.4016876	-0.93170166	-1.7537231
147274242	MAG	-3.9718628	40.32135	6.604004
147274238	ACC	-5.7685394	-2.6134644	2.1190186
147274236	GYR	-2.881256	-1.6483765	-1.4158173
147274248	ACC	-3.4428864	-3.348877	2.17453
147274246	GYR	-2.9319916	-2.1201935	-1.1164398
147274261	MAG	-4.4662476	39.266968	9.532166
147274258	ACC	-1.6412048	-5.321274	-1.5615692
147274256	GYR	-2.9403992	-2.3922424	-0.9323425
147274268	ACC	0.16323853	-8.922821	-5.544113
147274266	GYR	-3.2964783	-2.5546265	-0.79911804
147274280	MAG	-4.1381836	38.072205	12.420654
147274278	ACC	2.7077484	-13.987701	-5.787735
147274276	GYR	-3.986618	-2.7068176	-0.6639862
147274288	ACC	3.8561249	-19.225433	-3.4476929
147274286	GYR	-4.621567	-2.8809052	-0.6274872
147274299	MAG	-3.3706665	36.262512	16.52832
147274298	ACC	3.7621918	-24.183899	-0.19541931
147274296	GYR	-4.7368774	-2.833969	-0.8083954
147274308	ACC	0.83425903	-31.086838	1.0082245
147274306	GYR	-4.253372	-2.3657227	-1.1506805
147274319	MAG	-3.4164429	34.23767	20.100403
147274318	ACC	-3.5742493	-41.21309	-0.94496155
147274316	GYR	-3.614151	-1.5812073	-1.3948822
147274328	ACC	-4.0703583	-45.087296	-3.4395294
147274326	GYR	-3.3701324	-1.0735626	-1.3600769
147274338	MAG	-3.6834717	32.621765	22.729492
147274338	ACC	0.07269287	-36.299118	-5.399811
147274336	GYR	-3.425644	-0.9874115	-1.2643433
147274348	ACC	6.287689	-28.25447	-6.891342
147274346	GYR	-3.475937	-0.7968292	-1.3563538
147274357	MAG	-4.0283203	30.2948	25.45929
147274358	ACC	8.546768	-25.25589	-9.474503
147274356	GYR	-3.459381	-0.9243164	-1.7081604
147274368	ACC	9.0026245	-24.555252	-6.4338684
147274366	GYR	-3.5434113	-1.8462982	-2.1398926
147274376	MAG	-4.3640137	28.001404	27.677917
147274378	ACC	10.2043	-23.72351	-4.668335
147274376	GYR	-3.525299	-2.9367828	-2.458023
147274388	ACC	9.406937	-22.425827	-3.6486511
147274386	GYR	-3.2351532	-3.6951447	-2.7501984
147274396	MAG	-4.0542603	25.820923	30.128479
147274396	GYR	-2.7822418	-4.2049255	-2.9863892
147274398	ACC	7.7788544	-17.232819	-3.1789398
147274406	GYR	-2.2752686	-4.797241	-2.9347076
147274415	MAG	-3.2348633	23.74878	32.261658
147274408	ACC	6.8716125	-11.232559	-1.7309418
147274415	GYR	-1.6729889	-5.3676453	-2.4952393
147274418	ACC	2.4761047	-4.5147247	0.6672821
147274425	GYR	-0.941803	-5.2895813	-1.6956329
147274434	MAG	-1.2298584	22.375488	33.535767
147274428	ACC	0.63783264	-0.17671204	2.449356
147274435	GYR	-0.15205383	-4.4736023	-1.1173706
147274438	ACC	-2.5037994	1.2084808	3.6350403
147274445	GYR	0.63642883	-3.3638306	-1.0033417
147274453	MAG	0.9628296	22.32666	33.68683
147274448	ACC	-6.3549805	0.73657227	3.3343964
147274455	GYR	1.2647095	-2.3423157	-1.006134
147274458	ACC	-8.6501465	0.8877411	2.4535217
147274465	GYR	1.6070557	-1.5609894	-0.8008728
147274472	MAG	1.8035889	23.48938	32.814026
147274468	ACC	-8.067947	1.3589478	2.6205902
147274475	GYR	1.767456	-0.7475891	-0.44940186
147274478	ACC	-5.867508	1.9302216	2.2915497
147274485	GYR	1.7808228	-0.07435608	-0.09169006
147274492	MAG	1.8844604	24.62616	31.524658
147274488	ACC	-3.9638062	2.6487274	2.5245514
147274498	ACC	-2.0339813	3.0424805	3.5259552
147274495	GYR	1.7142334	0.42489624	0.28659058
147274511	MAG	1.6723633	25.839233	30.201721
147274508	ACC	-0.00920105	3.224289	3.8132324
147274505	GYR	1.6685944	1.0220642	0.63093567
147274518	ACC	0.9628906	2.6195374	4.041336
147274515	GYR	1.602417	1.6912994	0.8534088
147274530	MAG	1.184082	26.879883	29.04663
147274528	ACC	0.2561493	1.3311157	4.6814575
147274525	GYR	1.5348053	2.1887665	0.9019165
147274538	ACC	-0.9919281	0.25920105	4.5703125
147274535	GYR	1.5448608	2.4178162	0.8725128
147274549	MAG	0.0045776367	27.957153	27.745056
147274548	ACC	-2.6145172	-0.46054077	3.7941895
147274545	GYR	1.5578766	2.4335175	0.79467773
147274558	ACC	-3.8158112	-0.77072144	3.1980896
147274555	GYR	1.474823	2.3068848	0.7175293
147274569	MAG	-1.0757446	28.61023	26.374817
147274568	ACC	-4.132141	-0.9552765	2.1070557
147274565	GYR	1.3615875	2.2051086	0.6730957
147274578	ACC	-4.074692	-1.3285522	0.3020172
147274575	GYR	1.2529144	2.0327606	0.62098694
147274588	MAG	-2.0248413	29.58374	25.52948
147274588	ACC	-3.6518402	-1.8601685	-1.4159241
147274585	GYR	1.0809631	1.7246704	0.554718
147274598	ACC	-3.4444733	-2.5089874	-2.7545624
147274595	GYR	0.8336792	1.3371124	0.45825195
147274607	MAG	-2.4612427	30.236816	24.353027
147274608	ACC	-3.067276	-3.8413086	-3.6987915
147274605	GYR	0.6274414	0.97961426	0.343338
147274618	ACC	-1.9150238	-6.78508	-7.3197937
147274615	GYR	0.54974365	0.62734985	0.24104309
147274626	MAG	-2.8961182	30.422974	23.764038
147274628	ACC	0.12860107	-10.644226	-19.885971
147274625	GYR	0.33122253	0.18966675	0.100616455
147274638	ACC	2.9593353	-13.609497	-33.060272
147274635	GYR	-0.8550873	-0.08631897	-0.094833374
147274646	MAG	-2.5909424	30.186462	23.901367
147274648	ACC	5.012253	-13.612335	-19.654312
147274645	GYR	-3.316101	-0.03100586	-0.38085938
147274658	ACC	5.038727	-10.165939	21.7574
147274655	GYR	-5.1561737	1.0818176	-0.77960205
147274665	MAG	-2.658081	27.52533	27.055359
147274668	ACC	-1.3330231	-6.457535	34.403656
147274665	GYR	-3.638855	3.5317383	-1.1418762
147274678	ACC	-10.34137	-8.915985	20.118057
147274675	GYR	0.14698792	5.130951	-1.0834961
147274684	MAG	-6.5078735	26.200867	27.192688
147274688	ACC	-13.813324	-15.48526	4.0533905
147274685	GYR	2.494751	3.954132	-0.44866943
147274697	ACC	-7.7703094	-23.783783	5.2807617
147274695	GYR	2.508316	2.3499146	0.2271576
147274703	MAG	-9.457397	27.926636	25.024414
147274707	ACC	2.3302765	-25.565262	15.386398
147274705	GYR	2.085678	2.4074554	0.65753174
147274717	ACC	4.6868286	-21.558472	5.727005
147274715	GYR	2.3585052	2.930252	1.1036224
147274722	MAG	-9.695435	28.93219	22.653198
147274727	ACC	8.905701	-17.789719	-13.917435
147274725	GYR	2.085373	3.2690277	1.5526123
147274737	ACC	5.7556	-15.343903	-10.171173
147274735	GYR	0.97262573	3.7898407	1.6120758
147274742	MAG	-10.040283	30.099487	20.185852
147274747	ACC	1.7492828	-13.959763	1.7343597
147274745	GYR	0.78440857	3.9131317	1.6638947
147274757	ACC	-1.2831421	-16.777725	1.0554352
147274755	GYR	1.8748474	3.5075684	2.0505524
147274761	MAG	-10.733032	30.993652	18.218994
147274767	ACC	0.18753052	-21.247574	1.2915955
147274765	GYR	2.8478546	3.0194855	2.623825
147274777	ACC	5.399704	-26.805878	0.0705719
147274775	GYR	3.2254791	2.5032349	3.1302185
147274780	MAG	-10.360718	32.684326	15.06958
147274785	GYR	3.3639069	1.9723816	3.3699646
147274787	ACC	12.434372	-31.632248	-2.4698792
147274795	GYR	3.3846588	1.65625	3.2174988
147274799	MAG	-8.714294	34.466553	11.46698
147274797	ACC	16.939804	-32.600525	-5.1534424
147274805	GYR	3.2925568	1.4719696	2.706192
147274807	ACC	18.04007	-29.422897	-6.3480377
147274815	GYR	3.287094	1.241806	1.9922638
147274819	MAG	-6.8328857	35.83069	8.34198
147274817	ACC	15.179306	-23.22107	-5.3191223
147274825	GYR	3.418747	1.0923767	1.4237366
147274827	ACC	8.497513	-16.636063	-7.408325
147274835	GYR	3.2183533	1.2285004	1.3681335
147274838	MAG	-5.958557	36.746216	5.2627563
147274837	ACC	2.8288574	-12.614929	-10.292725
147274845	GYR	2.6612396	1.440918	1.6843872
147274847	ACC	-0.4338684	-10.516571	-11.471359
147274855	GYR	2.0923767	1.1086578	2.0605164
147274857	MAG	-5.908203	37.643433	2.836609
147274857	ACC	-1.3399048	-10.5277405	-11.099991
147274865	GYR	1.462738	0.61590576	2.3398438
147274867	ACC	0.43670654	-10.209259	-8.649811
147274875	GYR	0.79611206	0.36177063	2.4289856
147274876	MAG	-4.2495728	38.327026	1.1611938
147274877	ACC	2.883789	-8.48764	-4.8373413
147274885	GYR	0.4077301	0.37361145	2.2164917
147274887	ACC	4.6446686	-6.2890167	-2.1372223
147274896	MAG	-2.6168823	38.48877	0.31280518
147274897	ACC	5.04599	-3.8681183	-1.8277588
147274894	GYR	0.41560364	0.4171753	1.8100739
147274907	ACC	4.1121216	-1.4495392	-3.8437653
147274904	GYR	0.66226196	0.34674072	1.3464966
147274915	MAG	-1.4953613	38.81378	-0.19378662
147274917	ACC	4.1574707	0.6026306	-5.3888397
147274914	GYR	0.7430115	0.4051056	0.93725586
147274927	ACC	5.730133	1.6998291	-4.717331
147274924	GYR	0.53193665	0.5085144	0.6033325
147274934	MAG	-1.1108398	38.902283	-0.87127686
147274937	ACC	7.346817	1.6298523	-2.1424866
147274934	GYR	0.2351532	0.43608093	0.23512268
147274947	ACC	8.352753	1.1393738	0.86094666
147274944	GYR	0.031982422	0.0639801	-0.21447754
147274953	MAG	-0.9567261	38.78174	-0.7797241
147274957	ACC	9.083801	1.3812714	2.5450134
147274954	GYR	-0.04032898	-0.39909363	-0.77142334
147274972	MAG	-1.7303467	38.650513	-0.77056885
147274967	ACC	9.01976	2.050644	0.63253784
147274964	GYR	-0.025009155	-0.6858063	-1.3465118
147274977	ACC	6.988098	1.8566742	-4.757553
147274974	GYR	-0.11564636	-0.5097351	-1.839508
147274992	MAG	-3.4866333	38.354492	0.3265381
147274987	ACC	2.7671661	0.34469604	-10.332397
147274984	GYR	-0.51760864	0.0639801	-2.0677338
147274997	ACC	-1.9862213	-1.0557404	-12.8905945
147274994	GYR	-1.0912476	0.36991882	-1.9938354
147275011	MAG	-5.4748535	38.08441	1.5762329
147275007	ACC	-5.3996735	-1.4618683	-9.887161
147275004	GYR	-1.7207642	-0.11439514	-1.7805634
147275017	ACC	-6.7887726	-1.5543823	-2.5366669
147275014	GYR	-2.4009705	-0.967926	-1.535614
147275030	MAG	-7.208252	37.52899	4.2633057
147275027	ACC	-5.644394	-1.813797	3.3001099
147275024	GYR	-2.7761536	-1.6466064	-1.237915
147275037	ACC	-3.4481354	-2.6004333	2.6009216
147275034	GYR	-2.7161865	-2.033966	-0.96240234
147275049	MAG	-8.029175	36.61499	6.7382812
147275047	ACC	-1.2464905	-4.542984	-1.7837982
147275044	GYR	-2.7040253	-2.2172394	-0.79241943
147275057	ACC	0.8725281	-8.565765	-4.724045
147275054	GYR	-3.1458588	-2.3091888	-0.67523193
147275069	MAG	-7.797241	35.572815	9.667969
147275067	ACC	4.3075104	-14.151596	-4.4081116
147275064	GYR	-3.8591156	-2.3593445	-0.6080322
147275077	ACC	7.3393555	-19.971252	-2.1895447
147275074	GYR	-4.393402	-2.4183655	-0.71177673
147275088	MAG	-7.1990967	33.818054	13.458252
147275087	ACC	6.504425	-24.718704	-0.53045654
147275084	GYR	-4.4447937	-2.356369	-1.0965729
147275097	ACC	0.04145813	-30.414276	1.1236267
147275094	GYR	-4.007843	-1.9796143	-1.5873413
147275107	MAG	-7.7697754	31.970215	17.1875
147275107	ACC	-6.071991	-40.096634	0.86772156
147275104	GYR	-3.4727478	-1.1472626	-1.7493439
147275117	ACC	-5.9254	-43.113083	-0.72624207
147275114	GYR	-3.168167	-0.3193512	-1.4311523
147275126	MAG	-9.197998	30.40924	19.8349
147275127	ACC	1.1070557	-33.292603	-4.693756
147275124	GYR	-2.96138	-0.38623047	-1.065918
147275137	ACC	8.104294	-26.2155	-4.6860046
147275134	GYR	-2.9409332	-0.8295746	-1.1648865
147275145	MAG	-9.577942	28.727722	22.244263
147275147	ACC	11.187134	-24.630829	-6.4424896
147275144	GYR	-3.0007935	-1.2345428	-1.7326813
147275157	ACC	9.542221	-24.279373	-6.1723022
147275154	GYR	-3.0046997	-2.141327	-2.404007
147275165	MAG	-10.160828	26.545715	25.071716
147275167	ACC	7.90889	-23.717178	-4.7614594
147275164	GYR	-2.9996033	-3.09198	-2.8329163
147275174	GYR	-2.8706818	-3.7291412	-2.993515
147275184	MAG	-10.383606	24.316406	28.15857
147275177	ACC	8.667892	-22.81755	-2.7707214
147275184	GYR	-2.5364838	-4.0097046	-3.1185608
147275186	ACC	9.065414	-19.191559	-2.940857
147275194	GYR	-2.1232452	-4.1999664	-3.1826782
147275203	MAG	-9.735107	21.90857	31.20575
147275196	ACC	6.3055267	-13.983368	-3.4936676
147275204	GYR	-1.7227936	-4.673538	-2.8144073
147275206	ACC	4.3854065	-8.84285	-1.0229797
147275214	GYR	-1.1208496	-5.112091	-2.057724
147275222	MAG	-8.357239	20.324707	33.781433
147275216	ACC	2.8523712	-4.4286957	0.7800598
147275224	GYR	-0.34228516	-4.9759064	-1.3661499
147275226	ACC	0.3599701	-2.4348145	1.4316406
147275234	GYR	0.31092834	-4.2452393	-1.0232239
147275242	MAG	-5.8929443	20.097351	34.947205
147275236	ACC	-2.0361633	-0.7892456	1.7307434
147275244	GYR	0.85258484	-3.244812	-0.9593506
147275246	ACC	-5.005966	0.49653625	1.3758392
147275254	GYR	1.2744446	-2.353119	-0.8770752
147275261	MAG	-3.9718628	20.759583	35.479736
147275256	ACC	-7.0956573	1.2328491	1.3470612
147275264	GYR	1.5445251	-1.6369781	-0.6312561
147275266	ACC	-8.276749	1.767868	1.5101013
147275274	GYR	1.6484222	-0.91607666	-0.20518494
147275280	MAG	-3.1951904	21.777344	35.03723
147275276	ACC	-7.0636444	2.786789	2.1054077
147275286	ACC	-4.6295166	3.728531	2.7049103
147275284	GYR	1.6607056	-0.20928955	0.22763062
147275299	MAG	-2.684021	23.001099	34.318542
147275296	ACC	-2.2161407	4.121063	3.499527
147275294	GYR	1.6985168	0.31324768	0.5295105
147275306	ACC	-0.0039367676	3.798294	4.236801
147275304	GYR	1.740387	0.7605896	0.72888184
147275318	MAG	-2.4902344	24.205017	33.250427
147275316	ACC	1.138031	2.6407166	4.4309845
147275314	GYR	1.7573853	1.2153473	0.8368683
147275326	ACC	0.7307739	1.4221497	5.0720673
147275324	GYR	1.7085876	1.4298706	0.85969543
147275338	MAG	-2.722168	25.354004	32.302856
147275336	ACC	-0.62597656	0.46128845	5.4246674
147275334	GYR	1.6250305	1.4649506	0.818573
147275346	ACC	-2.4250793	-0.32894897	4.6796417
147275344	GYR	1.5391693	1.529007	0.72036743
147275357	MAG	-3.0395508	26.25885	31.471252
147275356	ACC	-3.6504974	-0.9913788	3.2312164
147275354	GYR	1.4068909	1.6165924	0.64004517
147275366	ACC	-3.9602509	-1.5212097	1.3686371
147275364	GYR	1.2465515	1.6523895	0.60565186
147275376	MAG	-3.6437988	27.19574	30.700684
147275376	ACC	-3.9969025	-2.0327759	-0.24336243
147275373	GYR	1.0677795	1.6024323	0.5533142
147275386	ACC	-4.0258636	-2.5929108	-1.5562134
147275383	GYR	0.883728	1.4696198	0.44682312
147275395	MAG	-3.9794922	27.960205	30.25055
147275396	ACC	-4.1246033	-3.3380737	-3.3237457
147275393	GYR	0.74790955	1.2827759	0.3350525
147275406	ACC	-4.078766	-5.48497	-11.270752
147275403	GYR	0.6798401	0.95617676	0.26872253
147275415	MAG	-4.260254	28.411865	29.818726
147275416	ACC	-1.3303528	-10.080002	-29.88829
147275413	GYR	0.34698486	0.11160278	0.26971436
147275426	ACC	4.8116455	-15.359436	-37.37355
147275423	GYR	-1.2923889	-1.5367737	0.23765564
147275434	MAG	-3.5369873	28.231812	30.389404
147275436	ACC	7.4221344	-17.122437	0.18832397
147275433	GYR	-4.1824036	-2.3385925	-0.058761597
147275446	ACC	4.52359	-13.522842	32.69362
147275443	GYR	-5.1519165	0.32254028	-0.67196655
147275453	MAG	-1.4755249	24.838257	33.97827
147275456	ACC	-4.651001	-11.699875	30.757294
147275453	GYR	-2.4185944	4.669403	-1.155899
147275466	ACC	-12.1887665	-12.130524	15.307861
147275463	GYR	1.1589813	5.9362793	-0.93685913
147275472	MAG	-6.6482544	24.160767	33.40912
147275476	ACC	-15.326675	-17.770111	-11.0138855
147275473	GYR	2.7954102	3.9564514	-0.12690735
147275486	ACC	-1.1868591	-23.39746	9.406525
147275483	GYR	2.0524292	2.0848541	0.5929413
147275491	MAG	-9.477234	26.29242	31.620789
147275496	ACC	7.36084	-24.488495	15.705231
147275493	GYR	1.4958954	2.1619263	0.8668976
147275506	ACC	7.011841	-22.216934	-13.304886
147275503	GYR	1.7822571	3.0048828	1.2055511
147275511	MAG	-9.347534	27.127075	29.611206
147275516	ACC	3.4478912	-18.899246	-11.764496
147275513	GYR	0.9351654	2.803421	1.7813873
147275526	ACC	2.4725494	-15.165283	-2.1213684
147275523	GYR	0.2106018	1.8322601	2.2445831
147275530	MAG	-9.825134	28.27301	28.633118
147275536	ACC	0.9608612	-14.885254	1.1364288
147275533	GYR	0.9924469	1.2596283	2.5723572
147275546	ACC	3.9844208	-17.459473	0.9286957
147275543	GYR	2.2894135	1.2429504	2.8260193
147275549	MAG	-8.66394	29.611206	27.54364
147275556	ACC	8.980057	-21.124908	4.7146454
147275553	GYR	3.0103302	1.3129578	2.8508759
147275566	ACC	13.129028	-26.97763	2.5537567
147275563	GYR	3.3353271	1.0906982	2.5538177
147275568	MAG	-7.171631	31.97174	24.603271
147275573	GYR	3.5321045	0.83610535	1.9709473
147275576	ACC	15.762375	-30.74968	-9.805588
147275583	GYR	3.2997742	1.0556335	1.3446045
147275588	MAG	-5.3497314	34.1156	21.473694
147275586	ACC	12.672211	-27.90686	-10.54599
147275593	GYR	3.0564728	1.512497	1.1251221
147275596	ACC	9.406662	-22.254395	-8.378494
147275603	GYR	3.0121613	1.6619568	1.2599487
147275607	MAG	-5.2597046	35.94513	19.117737
147275606	ACC	6.894562	-16.818344	-8.307434
147275613	GYR	2.7606049	1.259613	1.4294434
147275616	ACC	4.68808	-12.97197	-9.806137
147275623	GYR	2.2278595	0.51924133	1.5075073
147275626	MAG	-4.525757	37.313843	16.847229
147275626	ACC	1.3435516	-9.884888	-9.857437
147275633	GYR	1.7177277	-0.15609741	1.6293945
147275636	ACC	-1.8188629	-8.02655	-9.054993
147275643	GYR	1.2526855	-0.38458252	1.9020996
147275645	MAG	-3.5446167	38.446045	15.274048
147275646	ACC	-2.30307	-7.076477	-7.8838196
147275653	GYR	0.657135	-0.3264923	2.1991425
147275656	ACC	-0.61505127	-5.7484283	-5.1752777
147275663	GYR	0.09764099	-0.17393494	2.3041687
147275665	MAG	-1.5838623	39.08081	15.020752
147275665	ACC	1.742157	-4.0244293	-1.9295197
147275675	ACC	2.8219757	-1.9115753	-1.618988
147275673	GYR	-0.05706787	-0.10336304	2.0765533
147275684	MAG	0.6851196	39.05182	14.886475
147275685	ACC	3.886139	0.2956543	-2.3923798
147275683	GYR	0.065704346	-0.21540833	1.7135468
147275695	ACC	5.741287	1.5820618	-1.6837311
147275693	GYR	0.13497925	-0.2909546	1.350235
147275703	MAG	2.5756836	39.12201	14.907837
147275705	ACC	7.190933	1.6322632	-0.33424377
147275703	GYR	0.07307434	-0.07020569	0.90875244
147275715	ACC	7.606903	0.90127563	0.5030365
147275713	GYR	0.013687134	0.14445496	0.43559265
147275722	MAG	4.0283203	38.957214	14.833069
147275725	ACC	7.4600525	-0.15679932	0.22380066
147275723	GYR	-0.04348755	0.24665833	-0.035888672
147275735	ACC	7.261154	-0.19174194	-1.4604492
147275733	GYR	-0.15188599	0.3965454	-0.51039124
147275742	MAG	3.7017822	38.902283	14.994812
147275745	ACC	6.540802	0.18322754	-5.0348206
147275743	GYR	-0.22676086	0.50935364	-0.9337311
147275755	ACC	4.0371857	-0.18432617	-9.084946
147275753	GYR	-0.37361145	0.4447174	-1.2973785
147275761	MAG	3.1188965	38.85193	15.635681
147275765	ACC	0.43946838	-1.4344482	-10.030426
147275763	GYR	-0.7865906	0.014099121	-1.5389557
147275780	MAG	2.003479	38.557434	16.879272
147275775	ACC	-2.8271332	-2.454605	-6.499008
147275773	GYR	-1.3873138	-0.6190033	-1.5616455
147275785	ACC	-4.528061	-2.2093353	-1.1172943
147275783	GYR	-1.8766022	-1.2025604	-1.3504639
147275799	MAG	1.4694214	37.576294	18.647766
147275795	ACC	-3.914215	-1.4486847	1.4377289
147275793	GYR	-2.0748138	-1.484726	-0.9983978
147275805	ACC	-1.9840851	-1.388443	-0.064712524
147275803	GYR	-2.0848389	-1.4753113	-0.6770935
147275818	MAG	1.2771606	36.791992	20.472717
147275815	ACC	0.26435852	-2.0779266	-2.184021
147275813	GYR	-2.2525482	-1.5844879	-0.45950317
147275825	ACC	2.8887482	-4.173584	-2.688614
147275823	GYR	-2.713379	-2.0180817	-0.30732727
147275838	MAG	2.6657104	35.354614	22.573853
147275835	ACC	5.7274323	-8.741257	-1.8120728
147275833	GYR	-3.3501587	-2.738861	-0.23149109
147275845	ACC	9.5933075	-15.434082	-0.36309814
147275843	GYR	-3.9387207	-3.5943298	-0.30456543
147275857	MAG	4.9102783	33.172607	25.602722
147275855	ACC	11.819733	-21.784073	1.1740112
147275852	GYR	-4.2414703	-4.0821686	-0.6058655
147275865	ACC	8.879684	-26.338501	1.9786072
147275862	GYR	-4.0517273	-3.687683	-1.1894989
147275876	MAG	6.9396973	30.88684	28.327942
147275875	ACC	3.4940948	-34.53386	0.2177124
147275872	GYR	-3.4465637	-2.5663757	-1.8697052
147275885	ACC	-3.8841248	-41.88684	1.2638092
147275882	GYR	-2.9489136	-1.6585388	-2.2265015
147275895	MAG	6.6864014	28.953552	30.4245
147275895	ACC	-6.262146	-35.9713	-0.4660492
147275892	GYR	-2.7520447	-0.966568	-2.0411224
147275905	ACC	-3.2843018	-25.178253	-2.2163086
147275902	GYR	-2.7335663	-0.057907104	-1.6292877
147275914	MAG	5.8563232	27.08435	32.595825
147275915	ACC	1.6717529	-20.465302	-1.4335022
147275912	GYR	-2.7737274	0.443985	-1.560852
147275925	ACC	10.430008	-19.88533	-0.9286194
147275922	GYR	-2.6223907	-0.14674377	-1.9169617
147275934	MAG	4.7561646	25.231934	34.41162
147275935	ACC	16.26033	-22.55249	-4.5974426
147275932	GYR	-2.2734222	-1.5785675	-2.6542358
147275945	ACC	12.158188	-25.82927	-3.0625763
147275942	GYR	-2.116806	-2.5390472	-3.65654
147275953	MAG	4.902649	23.725891	35.435486
147275955	ACC	8.693634	-23.820908	-1.3970642
147275952	GYR	-1.9655151	-3.0252228	-4.2567596
147275962	GYR	-1.5409546	-3.917038	-4.270096
147275972	MAG	4.5822144	22.465515	36.746216
147275965	ACC	7.7085876	-19.607452	-0.81781006
147275972	GYR	-1.0509186	-5.201416	-3.9783478
147275975	ACC	5.614197	-14.473724	-0.09559631
147275982	GYR	-0.7414551	-6.1414795	-3.386795
147275991	MAG	6.478882	21.566772	37.298584
147275985	ACC	4.7780914	-9.909454	1.6769104
147275992	GYR	-0.5274048	-6.244858	-2.7109833
147275995	ACC	3.5485382	-6.878006	2.1635284
147276002	GYR	-0.24371338	-5.7057953	-2.1710968
147276011	MAG	9.840393	21.768188	36.898804
147276005	ACC	1.5254059	-4.875824	2.158081
147276012	GYR	0.18304443	-4.9385986	-1.8488617
147276015	ACC	-1.2734833	-3.6132355	1.6348877
147276022	GYR	0.6395874	-4.1996	-1.6542511
147276030	MAG	12.808228	22.395325	35.84442
147276025	ACC	-3.5377197	-2.4564362	2.2326813
147276032	GYR	1.105896	-3.3950348	-1.4429321
147276035	ACC	-5.2961884	-1.1786957	2.2144623
147276042	GYR	1.500412	-2.5350494	-1.151123
147276049	MAG	14.633179	23.370361	34.510803
147276045	ACC	-5.7304077	-0.1333313	1.5751495
147276052	GYR	1.6980591	-1.7729492	-0.8323517
147276055	ACC	-5.0555573	-0.028808594	1.893631
147276068	MAG	15.434265	24.798584	33.158875
147276065	ACC	-3.805313	-0.55311584	3.0904083
147276062	GYR	1.8022308	-1.1446991	-0.5340729
147276075	ACC	-2.5278015	-1.3422394	4.507889
147276072	GYR	1.923706	-0.5832672	-0.24914551
147276088	MAG	15.696716	26.026917	31.713867
147276085	ACC	-1.9078674	-2.0957794	5.9085083
147276082	GYR	2.0592194	-0.17471313	0.014160156
147276095	ACC	-1.7247467	-2.3206635	5.9105377
147276092	GYR	2.1182404	0.2167511	0.21133423
147276107	MAG	15.592957	27.461243	30.599976
147276105	ACC	-2.466156	-2.047226	4.8013763
147276102	GYR	1.9233398	0.69343567	0.27534485
147276115	ACC	-4.0676575	-1.6502991	4.0334167
147276112	GYR	1.4626617	1.0045776	0.21540833
147276126	MAG	15.333557	28.051758	29.833984
147276125	ACC	-5.8492737	-1.5963745	2.341156
147276122	GYR	1.0344391	0.87968445	0.07936096
147276135	ACC	-6.584564	-1.4699249	-1.9155884
147276132	GYR	0.81381226	0.39265442	-0.06367493
147276145	MAG	14.92157	28.681946	29.62799
147276144	ACC	-6.1594543	-0.7539215	-6.5700684
147276142	GYR	0.6772003	-0.3214264	-0.2258606
147276154	ACC	-5.278473	-0.4512329	-9.718536
147276152	GYR	0.4716034	-1.2315826	-0.4098053
147276164	MAG	15.21759	28.956604	29.081726
147276164	ACC	-3.6242676	-1.6794434	-14.465485
147276162	GYR	0.13970947	-2.045517	-0.54022217
147276174	ACC	-0.17749023	-4.459915	-24.143936
147276172	GYR	-0.53315735	-2.5370636	-0.5372009
147276184	MAG	16.63208	29.092407	28.572083
147276184	ACC	4.1594086	-8.703995	-26.863571
147276182	GYR	-1.9554901	-2.6712494	-0.5196533
147276194	ACC	8.01683	-10.167145	9.844376
147276192	GYR	-3.8014832	-1.6983643	-0.69122314
147276203	MAG	18.235779	27.2583	30.226135
147276204	ACC	3.3406982	-9.780746	33.278397
147276202	GYR	-3.6225586	1.1051178	-1.0736694
147276214	ACC	-5.5386353	-12.248245	24.312485
147276212	GYR	-0.52996826	3.9299164	-1.2112885
147276222	MAG	15.858459	26.246643	31.965637
147276224	ACC	-9.846619	-16.014389	8.736008
147276222	GYR	1.9593201	4.6204376	-0.58644104
147276234	ACC	-11.779022	-24.826492	-2.8852234
147276232	GYR	2.1992188	2.6548767	0.3890686
147276241	MAG	12.309265	27.737427	31.471252
147276244	ACC	-8.079117	-33.01976	7.2620087
147276242	GYR	0.98368835	-0.03364563	1.2469025
147276254	ACC	3.5050812	-28.113434	-1.2497406
147276252	GYR	0.4343567	-0.472641	1.9073486
147276260	MAG	13.552856	28.121948	30.674744
147276264	ACC	4.668762	-19.922104	-3.4731293
147276262	GYR	0.62924194	0.44047546	2.131775
147276274	ACC	3.5936737	-15.072479	3.835556
147276272	GYR	0.6909027	0.7138214	2.1419067
147276280	MAG	14.961243	28.417969	30.107117
147276284	ACC	6.1532745	-14.409866	0.2603302
147276282	GYR	1.5035553	0.42907715	2.248169
147276294	ACC	8.077621	-17.302246	0.013916016
147276292	GYR	2.3176117	-0.022506714	2.1588745
147276299	MAG	16.189575	28.819275	28.431702
147276304	ACC	10.9053955	-22.456757	1.350235
147276302	GYR	2.5289917	-0.6255188	1.8448181
147276314	ACC	12.884781	-24.988205	-1.5501556
147276312	GYR	2.8467407	-1.0332031	1.3850708
147276318	MAG	17.880249	29.826355	26.594543
147276324	ACC	10.207199	-25.40944	-4.42688
147276322	GYR	3.2060547	-0.7805176	0.8450012
147276334	ACC	8.311371	-25.091995	-6.9361725
147276331	GYR	3.3148499	-0.1257019	0.6123657
147276337	MAG	19.256592	31.272888	23.86322
147276344	ACC	5.9532166	-21.956024	-8.709976
147276341	GYR	3.2593231	0.13763428	0.70248413
147276351	GYR	3.063507	-0.1849823	0.81295776
147276357	MAG	19.465637	32.855225	21.749878
147276354	ACC	2.7335663	-17.96666	-9.573135
147276361	GYR	2.7366333	-0.39511108	0.901062
147276364	ACC	0.34324646	-15.380295	-11.280624
147276371	GYR	2.2348022	-0.41612244	1.0320435
147276376	MAG	19.909668	33.9859	19.467163
147276374	ACC	-1.3970032	-13.967316	-12.353882
147276381	GYR	1.5470428	-0.46240234	1.2556458
147276384	ACC	-2.62854	-12.726425	-10.923019
147276391	GYR	0.8227997	-0.44067383	1.5345612
147276395	MAG	21.11206	34.483337	18.110657
147276394	ACC	-2.6326904	-11.009811	-8.919037
147276401	GYR	0.16049194	-0.44644165	1.7826538
147276404	ACC	-0.50260925	-8.721344	-6.8343506
147276411	GYR	-0.3374939	-0.5544586	1.863327
147276414	MAG	22.090149	33.995056	17.485046
147276414	ACC	2.3498077	-6.670624	-4.2948914
147276421	GYR	-0.56752014	-0.43893433	1.7164307
147276424	ACC	5.191757	-5.051239	-2.2671661
147276431	GYR	-0.5871124	-0.1950531	1.3599548
147276434	MAG	23.957825	33.19702	17.662048
147276434	ACC	6.7204437	-2.9844666	-1.9064484
147276441	GYR	-0.5687866	0.09938049	0.87306213
147276444	ACC	5.816086	-0.7798767	-2.4281769
147276453	MAG	24.790955	32.507324	18.309021
147276454	ACC	5.4804688	0.9091797	-1.3593903
147276451	GYR	-0.7290802	0.27175903	0.45207214
147276464	ACC	6.183975	1.7080536	1.2996979
147276461	GYR	-1.0224152	-0.0077819824	0.11351013
147276472	MAG	24.917603	32.019043	19.26117
147276474	ACC	7.566437	1.5632019	2.2767181
147276471	GYR	-1.2032013	-0.5601349	-0.25982666
147276484	ACC	8.1141815	1.7458649	1.4199066
147276481	GYR	-1.3311157	-0.8625946	-0.6655731
147276491	MAG	25.073242	31.628418	19.326782
147276494	ACC	7.55632	1.9397583	-0.93536377
147276491	GYR	-1.3795319	-0.99069214	-1.0367432
147276504	ACC	5.8142395	1.6547699	-2.0205383
147276501	GYR	-1.406601	-1.0079498	-1.3488464
147276510	MAG	24.850464	31.219482	20.155334
147276514	ACC	3.5047913	0.8349304	-2.840088
147276511	GYR	-1.3735962	-0.72869873	-1.541626
147276524	ACC	1.7608337	-0.25141907	-3.685318
147276521	GYR	-1.2798004	-0.46728516	-1.5792694
147276530	MAG	24.003601	31.063843	21.142578
147276534	ACC	1.2291718	-0.8954315	-3.3428345
147276531	GYR	-1.3252106	-0.5300751	-1.467926
147276544	ACC	1.4668121	-1.5253296	-1.3618469
147276541	GYR	-1.5895233	-0.7909088	-1.3054504
147276549	MAG	22.958374	30.947876	22.045898
147276554	ACC	2.2816315	-2.6763763	1.114914
147276551	GYR	-1.9002228	-1.1779175	-1.2030792
147276568	MAG	22.547913	30.337524	22.947693
147276564	ACC	3.3456573	-4.8057556	2.2074738
147276561	GYR	-2.0718231	-1.7470093	-1.2291565
147276574	ACC	4.3197784	-8.223129	1.4163055
147276571	GYR	-2.1138763	-2.5828247	-1.4037323
147276587	MAG	22.946167	29.522705	23.582458
147276584	ACC	5.507416	-12.163712	-0.33743286
147276581	GYR	-2.1823425	-3.5384827	-1.6828461
147276594	ACC	6.7317505	-16.31894	-1.7926636
147276591	GYR	-2.3527222	-4.2359467	-2.0199432
147276607	MAG	24.160767	28.964233	23.503113
147276604	ACC	5.4137573	-21.363388	-1.0260773
147276601	GYR	-2.4480133	-4.162445	-2.4282074
147276614	ACC	0.7110748	-28.524414	1.6584625
147276611	GYR	-2.2481384	-3.3352203	-2.8009338
147276626	MAG	23.957825	28.619385	23.956299
147276623	ACC	-1.0268097	-35.064972	5.729248
147276621	GYR	-1.7653351	-2.2099457	-2.87706
147276633	ACC	3.9627838	-33.338974	3.0218964
147276631	GYR	-1.1093903	-1.2781677	-2.70932
147276645	MAG	22.843933	28.596497	24.62616
147276643	ACC	8.494583	-26.67212	-4.3059235
147276641	GYR	-0.5765991	-0.97994995	-2.8243256
147276653	ACC	8.196426	-22.807907	-6.389694
147276651	GYR	-0.5970154	-1.6264954	-3.4187622
147276664	MAG	21.740723	29.066467	24.890137
147276663	ACC	5.446045	-21.93892	-3.1692657
147276661	GYR	-0.9567871	-3.0281372	-3.996521
147276673	ACC	4.3645935	-20.650635	-3.212265
147276671	GYR	-1.173706	-4.165695	-4.113571
147276683	MAG	20.594788	29.536438	24.554443
147276683	ACC	3.7682953	-19.761597	-2.6521912
147276681	GYR	-1.2448578	-4.591751	-3.8506317
147276693	ACC	6.396637	-19.06755	-2.588379
147276691	GYR	-1.229538	-4.706665	-3.4824066
147276703	MAG	20.30487	29.725647	23.957825
147276703	ACC	8.190018	-18.49878	-2.4759521
147276701	GYR	-1.0558167	-4.9328156	-3.2694397
147276713	ACC	6.96579	-17.001144	-2.5109253
147276711	GYR	-0.7809143	-5.3405304	-3.2461243
147276722	MAG	20.610046	30.226135	22.930908
147276723	ACC	4.2214966	-15.06395	-2.7698212
147276721	GYR	-0.51930237	-5.4711304	-3.1370392
147276733	ACC	2.5085754	-12.631531	-2.649887
147276731	GYR	-0.26611328	-5.2775574	-2.7478485
147276741	MAG	21.23108	30.751038	21.607971
147276741	GYR	0.013687134	-4.967102	-2.2094116
147276743	ACC	0.9231415	-10.247864	-1.1672668
147276751	GYR	0.343338	-4.4653015	-1.7403717
147276760	MAG	21.629333	31.60553	19.94934
147276753	ACC	-0.4653778	-8.58255	-0.21206665
147276761	GYR	0.6942749	-3.8375397	-1.4643402
147276763	ACC	-2.1890411	-7.566513	0.5482483
147276771	GYR	1.015625	-3.295639	-1.3156128
147276780	MAG	21.910095	32.321167	17.985535
147276773	ACC	-4.011856	-6.53183	0.8687897
147276781	GYR	1.2182465	-2.8539124	-1.1664124
147276783	ACC	-5.734375	-4.933792	1.3275604
147276791	GYR	1.2927094	-2.2554321	-0.9408722
147276799	MAG	21.818542	33.17108	16.264343
147276793	ACC	-6.7973785	-2.8513489	1.7599945
147276801	GYR	1.329834	-1.4591827	-0.652359
147276803	ACC	-7.1190643	-1.2744598	1.8583984
147276811	GYR	1.3151245	-0.70277405	-0.33872986
147276818	MAG	21.6156	33.721924	14.941406
147276813	ACC	-6.946335	-0.23098755	2.3944397
147276820	GYR	1.2289429	-0.019958496	-0.021392822
147276823	ACC	-6.1511993	0.83366394	3.2924347
147276830	GYR	1.1002045	0.64108276	0.2504425
147276837	MAG	21.775818	34.217834	13.925171
147276833	ACC	-5.182678	1.7295837	4.8004456
147276843	ACC	-4.5886993	2.4256134	5.5496063
147276840	GYR	1.0210266	1.2497864	0.44161987
147276856	MAG	21.516418	34.420776	13.74054
147276853	ACC	-4.598236	2.570053	4.1673737
147276850	GYR	1.01474	1.7031555	0.5433502
147276863	ACC	-4.77652	1.9120026	1.9414062
147276860	GYR	0.9821472	1.808136	0.5866089
147276876	MAG	21.565247	34.38263	13.74054
147276873	ACC	-4.7617035	1.0838165	0.3012848
147276870	GYR	0.89160156	1.6028442	0.5950012
147276883	ACC	-4.0749207	0.48176575	-0.59851074
147276880	GYR	0.8009491	1.2865753	0.5832825
147276895	MAG	21.647644	34.2041	13.516235
147276893	ACC	-2.958023	-0.048187256	-1.7336426
147276890	GYR	0.7513733	0.9866028	0.565094
147276903	ACC	-1.8981628	-0.65423584	-3.9659882
147276900	GYR	0.69317627	0.72843933	0.53097534
147276914	MAG	22.04132	34.555054	13.005066
147276913	ACC	-0.7272949	-1.9247894	-8.300354
147276910	GYR	0.52323914	0.4811554	0.49499512
147276923	ACC	0.6606903	-4.9732056	-15.622192
147276920	GYR	0.088974	0.06112671	0.4155426
147276933	MAG	22.88208	34.440613	13.195801
147276933	ACC	4.394287	-10.485123	-20.816849
147276930	GYR	-0.8731537	-0.63739014	0.2610321
147276943	ACC	10.756668	-16.35495	-11.825333
147276940	GYR	-2.3992462	-0.9871063	-0.095687866
147276953	MAG	23.594666	33.7265	14.175415
147276953	ACC	9.06868	-21.325027	7.00296
147276950	GYR	-3.441513	0.4411621	-0.91503906
147276963	ACC	4.3928375	-20.788742	22.733688
147276960	GYR	-2.5798645	2.9545288	-1.7825012
147276972	MAG	22.148132	33.180237	17.4469
147276973	ACC	-0.31987	-16.836609	18.818466
147276970	GYR	-0.3562317	3.6542969	-1.8935089
147276983	ACC	-8.250183	-16.31108	9.660431
147276980	GYR	1.2431183	3.0548248	-1.4682465
147276991	MAG	19.268799	34.028625	18.022156
147276993	ACC	-9.823715	-16.211014	5.143753
147276990	GYR	1.697052	2.7661896	-0.6272278
147277003	ACC	-7.401352	-16.195633	-7.4698944
147277000	GYR	1.8652802	2.3040466	0.31721497
147277010	MAG	17.660522	34.858704	17.411804
147277013	ACC	-5.717575	-15.02211	-8.728882
147277010	GYR	1.2695923	1.0996552	1.0315399
147277023	ACC	-1.8695831	-11.261765	-0.3166809
147277020	GYR	0.45114136	0.01776123	1.6582336
147277030	MAG	18.615723	35.043335	16.600037
147277033	ACC	-0.10421753	-11.417755	2.9881592
147277030	GYR	0.58966064	-0.0014953613	2.1087494
147277043	ACC	1.8803558	-16.241776	2.241806
147277040	GYR	1.4286957	0.4563446	2.3595734
147277049	MAG	20.49408	34.936523	15.756226
147277053	ACC	4.247879	-21.686539	-0.011672974
147277050	GYR	2.229599	0.73706055	2.4667206
147277063	ACC	8.856689	-25.259918	1.4545288
147277060	GYR	2.568863	0.82769775	2.2947693
147277068	MAG	22.24121	35.050964	13.838196
147277073	ACC	12.889206	-26.100677	1.2687073
147277070	GYR	2.711197	0.78964233	1.8213959
147277083	ACC	11.1409	-24.721207	-4.596161
147277080	GYR	3.033432	0.6029968	1.1647034
147277087	MAG	23.677063	35.255432	11.654663
147277093	ACC	9.006622	-22.22734	-6.7937927
147277090	GYR	3.2278748	0.6823273	0.7888794
147277102	ACC	6.431198	-20.05487	-6.526581
147277100	GYR	3.2058563	1.0025024	0.86053467
147277106	MAG	24.119568	36.309814	9.332275
147277112	ACC	5.2630005	-18.789368	-8.524673
147277110	GYR	3.1788788	1.1088562	1.1491547
147277122	ACC	4.905136	-17.01744	-10.285782
147277120	GYR	3.009735	0.8534546	1.3777313
147277126	MAG	24.082947	36.654663	7.598877
147277130	GYR	2.611847	0.27763367	1.3927765
147277132	ACC	3.8388977	-14.492767	-11.682251
147277140	GYR	2.1136017	-0.32589722	1.3567505
147277145	MAG	25.228882	36.813354	5.4351807
147277142	ACC	1.6451263	-13.060074	-12.298904
147277150	GYR	1.5375671	-0.37651062	1.4688568
147277152	ACC	0.25553894	-12.636246	-12.037216
147277160	GYR	0.7992554	-0.056274414	1.7163544
147277164	MAG	26.008606	36.7157	4.145813
147277162	ACC	1.04776	-11.427032	-9.481522
147277170	GYR	0.033493042	0.11607361	1.9127502
147277172	ACC	3.3619995	-8.900284	-5.4425507
147277180	GYR	-0.38555908	-0.005264282	1.8898773
147277183	MAG	27.331543	35.87799	4.173279
147277182	ACC	5.655609	-6.3967285	-3.778839
147277190	GYR	-0.5243683	-0.16184998	1.6372986
147277192	ACC	6.3445587	-4.510803	-2.8403168
147277200	GYR	-0.5780945	-0.015853882	1.3067627
147277203	MAG	28.941345	35.35919	4.206848
147277202	ACC	5.8279724	-2.3553772	-3.7269592
147277210	GYR	-0.77149963	0.3322754	1.0033569
147277212	ACC	5.2113495	-0.19941711	-3.933136
147277220	GYR	-1.1213074	0.4421692	0.70751953
147277222	MAG	29.702759	34.492493	5.1483154
147277222	ACC	5.0504456	1.4076385	-1.9069824
147277230	GYR	-1.3496552	0.09918213	0.36660767
147277232	ACC	5.82547	1.9960175	0.89064026
147277241	MAG	30.220032	34.27887	6.196594
147277242	ACC	7.0169373	1.508194	2.6309814
147277240	GYR	-1.3695679	-0.49336243	-0.06552124
147277252	ACC	7.2720795	0.55830383	2.019165
147277250	GYR	-1.2999268	-0.9145508	-0.5975189
147277260	MAG	29.986572	34.033203	6.9229126
147277262	ACC	6.6782684	0.074661255	0.29766846
147277260	GYR	-1.2691498	-1.0125885	-1.086731
147277272	ACC	5.740906	0.02178955	-1.4996948
147277270	GYR	-1.2775879	-0.67123413	-1.416748
147277279	MAG	29.579163	34.38568	7.385254
147277282	ACC	3.9980774	-0.207901	-3.2894287
147277280	GYR	-1.2818756	-0.16035461	-1.6132355
147277292	ACC	1.4633179	-0.6626892	-4.5887604
147277290	GYR	-1.3450317	-0.00819397	-1.6868744
147277299	MAG	28.450012	34.796143	8.580017
147277302	ACC	-0.43762207	-0.98986816	-4.408081
147277299	GYR	-1.5701752	-0.29699707	-1.610733
147277312	ACC	-0.8202667	-1.313385	-3.1579742
147277309	GYR	-1.9132843	-0.86590576	-1.4661407
147277318	MAG	27.1698	35.284424	9.732056
147277322	ACC	-0.75857544	-2.2397766	-1.5167847
147277319	GYR	-2.245453	-1.5747833	-1.3967133
147277337	MAG	26.81427	35.28595	10.818481
147277332	ACC	-0.8561859	-3.7398071	0.30625916
147277329	GYR	-2.4999847	-2.296997	-1.3681641
147277342	ACC	-0.57141113	-5.7989807	1.4043427
147277339	GYR	-2.6757202	-2.8908691	-1.3139343
147277356	MAG	26.438904	35.03418	11.598206
147277352	ACC	0.6158905	-8.84787	1.181366
147277349	GYR	-2.8341827	-3.3657684	-1.2594452
147277362	ACC	1.8684235	-12.692322	-0.12680054
147277359	GYR	-3.0691376	-3.663681	-1.2906342
147277376	MAG	26.829529	34.613037	12.207031
147277372	ACC	2.6330414	-17.004715	-0.97457886
147277369	GYR	-3.3432617	-3.6103363	-1.4232635
147277382	ACC	3.4863892	-22.574188	-0.6054535
147277379	GYR	-3.4578552	-3.235794	-1.5808563
147277395	MAG	26.815796	34.272766	13.250732
147277392	ACC	2.0737152	-29.672775	0.2622528
147277389	GYR	-3.2480621	-2.7582245	-1.7489624
147277402	ACC	-0.6702423	-35.411224	0.22215271
147277399	GYR	-2.8048553	-2.0979156	-1.9069824
147277414	MAG	26.060486	34.00421	14.794922
147277412	ACC	3.670929	-32.735596	-0.7140045
147277409	GYR	-2.3219452	-1.2117004	-1.94104
147277422	ACC	12.006165	-26.410095	-3.0726166
147277419	GYR	-1.8824005	-0.7672577	-2.1006012
147277433	MAG	24.819946	33.92334	15.707397
147277432	ACC	14.248108	-24.022095	-5.661804
147277429	GYR	-1.5097198	-1.5065155	-2.8355865
147277442	ACC	11.024445	-23.838211	-5.525421
147277439	GYR	-1.3179474	-3.1295624	-3.819748
147277453	MAG	23.362732	34.90143	15.864563
147277452	ACC	6.7718964	-21.991974	-4.871231
147277449	GYR	-1.2877655	-4.555786	-4.357315
147277462	ACC	6.714493	-19.532486	-4.119812
147277459	GYR	-1.258316	-5.1019135	-4.313217
147277472	MAG	21.304321	36.00464	15.122986
147277472	ACC	5.9179535	-17.29866	-4.3507233
147277469	GYR	-1.0895538	-5.0181885	-4.0786285
147277482	ACC	4.433731	-13.706741	-5.0499268
147277479	GYR	-0.77975464	-4.981781	-3.813446
147277491	MAG	19.869995	36.8927	14.265442
147277492	ACC	3.722931	-10.5746	-4.389984
147277489	GYR	-0.47581482	-5.2319336	-3.3912506
147277502	ACC	3.459198	-8.022537	-3.6485443
147277499	GYR	-0.28128052	-5.281616	-2.7957458
147277510	MAG	18.167114	37.64496	13.018799
147277512	ACC	2.579483	-6.825531	-2.788803
147277509	GYR	-0.08580017	-4.81958	-2.2227478
147277519	GYR	0.24732971	-4.129715	-1.7969818
147277529	MAG	18.031311	38.102722	11.929321
147277522	ACC	1.6757202	-6.6394043	-2.1734924
147277529	GYR	0.7217407	-3.6061554	-1.5474854
147277532	ACC	1.2440643	-6.8969116	-1.852478
147277539	GYR	1.1775208	-3.3768616	-1.4394836
147277549	MAG	17.16156	39.09607	10.198975
147277542	ACC	0.119384766	-7.291855	-1.188736
147277549	GYR	1.508606	-3.24086	-1.3695068
147277552	ACC	-1.0429077	-7.005554	-0.4373169
147277559	GYR	1.7308044	-3.0755157	-1.2529755
147277568	MAG	16.66565	39.797974	8.235168
147277562	ACC	-2.3334198	-6.0062103	-0.08784485
147277569	GYR	1.8382263	-2.7498627	-1.0655365
147277572	ACC	-3.073944	-4.718384	-0.19496155
147277579	GYR	1.8374939	-2.302536	-0.8371277
147277587	MAG	16.055298	40.59143	6.0394287
147277581	ACC	-2.7904816	-3.8130035	-0.05595398
147277589	GYR	1.7923431	-1.8689728	-0.63494873
147277591	ACC	-2.5946503	-2.921051	0.35868835
147277599	GYR	1.6940918	-1.3629456	-0.42207336
147277606	MAG	15.188599	41.12091	4.2495728
147277601	ACC	-1.754242	-1.7534027	1.1038055
147277609	GYR	1.5388947	-0.8070526	-0.20437622
147277611	ACC	-1.2678223	-1.0922089	2.153656
147277619	GYR	1.3787842	-0.19519043	-0.021011353
147277626	MAG	15.226746	41.32843	2.8427124
147277621	ACC	-1.3707428	-0.8647003	2.7770844
147277631	ACC	-1.7020416	-0.7006531	3.0118866
147277629	GYR	1.2411194	0.36531067	0.10343933
147277645	MAG	14.886475	41.59546	2.243042
147277641	ACC	-2.434723	-0.6871033	2.717392
147277639	GYR	1.1161499	0.77290344	0.12992859
147277651	ACC	-3.0763397	-0.5382538	1.9944458
147277649	GYR	0.9831085	1.0256805	0.056259155
147277664	MAG	14.993286	41.670227	1.7227173
147277661	ACC	-3.710678	-0.34939575	0.98547363
147277659	GYR	0.84809875	1.076355	-0.10618591
147277671	ACC	-4.3443146	-0.024383545	-0.31358337
147277669	GYR	0.7362671	0.95381165	-0.3156433
147277683	MAG	14.620972	41.80603	1.3183594
147277681	ACC	-4.6400757	0.16275024	-1.7336578
147277679	GYR	0.6386719	0.8002777	-0.47032166
147277691	ACC	-4.4150696	-0.3236084	-4.141037
147277689	GYR	0.51763916	0.72299194	-0.5205536
147277702	MAG	14.030457	42.074585	1.2420654
147277701	ACC	-3.5846863	-1.960022	-10.144638
147277699	GYR	0.2818756	0.6867523	-0.46569824
147277711	ACC	-1.9259796	-4.3995056	-14.289017
147277709	GYR	-0.33747864	0.43870544	-0.3840332
147277722	MAG	13.822937	41.732788	1.6494751
147277721	ACC	0.120147705	-6.606415	-10.260803
147277719	GYR	-1.4249268	-0.03730774	-0.39161682
147277731	ACC	1.1777802	-7.7296143	0.09489441
147277729	GYR	-2.3559265	0.07388306	-0.5634308
147277741	MAG	13.389587	41.905212	3.6987305
147277741	ACC	-1.3010406	-8.983597	10.7994995
147277739	GYR	-2.3854523	1.0181732	-0.862381
147277751	ACC	-3.6523285	-11.340454	13.626068
147277749	GYR	-1.1551514	2.0019836	-1.0462952
147277760	MAG	12.297058	41.860962	5.2948
147277761	ACC	-3.2831726	-14.540985	7.7710266
147277759	GYR	0.49357605	2.1218567	-0.8921509
147277771	ACC	1.8772583	-17.770767	8.6506195
147277769	GYR	1.3735199	1.5193024	-0.60614014
147277779	MAG	11.019897	42.16461	4.4692993
147277781	ACC	6.725052	-19.619705	17.603867
147277778	GYR	1.5010223	1.9160767	-0.3099823
147277791	ACC	1.3350372	-20.954453	12.735382
147277788	GYR	1.639801	2.987564	0.032577515
147277799	MAG	11.036682	42.57965	3.4683228
147277801	ACC	-1.5163422	-22.833038	-19.24405
147277798	GYR	1.4089661	2.701004	0.58303833
147277811	ACC	-0.3049469	-18.781845	-10.152725
147277808	GYR	0.18421936	1.234909	1.1835938
147277818	MAG	11.306763	42.832947	3.2485962
147277821	ACC	1.2386017	-12.484161	1.3958435
147277818	GYR	-0.052703857	-0.21664429	1.4661713
147277831	ACC	0.06825256	-12.154678	3.979889
147277828	GYR	1.2106476	-0.21105957	1.5540161
147277837	MAG	12.654114	42.407227	2.3651123
147277841	ACC	-0.9208832	-15.773575	0.6467743
147277838	GYR	2.0607605	0.82240295	1.768753
147277851	ACC	-0.22454834	-19.912384	-1.592102
147277848	GYR	2.2947235	1.2644653	2.0640717
147277856	MAG	14.291382	42.645264	0.30670166
147277861	ACC	2.1295776	-23.628021	-3.3093414
147277858	GYR	2.2655945	0.80744934	2.205719
147277871	ACC	6.2131653	-25.991852	-3.7900238
147277868	GYR	2.3727264	0.06317139	2.118744
147277876	MAG	16.168213	42.700195	-1.8447876
147277881	ACC	10.095963	-26.564774	-0.069503784
147277878	GYR	2.7400055	0.011917114	1.9433899
147277891	ACC	13.20047	-24.825592	-2.1630554
147277888	GYR	3.2947845	0.8732147	1.8175049
147277895	MAG	18.058777	42.051697	-4.597473
147277901	ACC	13.1441345	-21.97351	-5.557541
147277898	GYR	3.5932465	1.7012177	1.7272339
147277911	ACC	10.3437805	-20.098267	-7.3884125
147277908	GYR	3.4387665	1.7727051	1.6427002
147277914	MAG	19.651794	41.596985	-7.3913574
147277918	GYR	3.0923004	1.2726746	1.5740814
147277921	ACC	7.404724	-18.343704	-7.4192657
147277928	GYR	2.7653046	0.7675476	1.515625
147277933	MAG	20.909119	41.0141	-9.507751
147277931	ACC	4.4454346	-16.677185	-9.350113
147277938	GYR	2.3616638	0.4501648	1.5238647
147277941	ACC	3.4817505	-15.404129	-12.635056
147277948	GYR	1.7903137	0.13140869	1.6032715
147277952	MAG	21.890259	40.338135	-11.462402
147277951	ACC	3.3785248	-13.934341	-12.244751
147277958	GYR	1.1786652	0.00491333	1.6878815
147277961	ACC	4.0260315	-12.257828	-9.945633
147277968	GYR	0.5385437	0.06455994	1.7413635
147277972	MAG	23.146057	39.634705	-12.319946
147277971	ACC	6.570236	-9.730469	-6.0575714
147277978	GYR	0.11651611	0.106552124	1.6419678
147277981	ACC	7.8338013	-6.86586	-4.173218
147277988	GYR	0.011169434	0.09996033	1.3433228
147277991	MAG	24.880981	38.90381	-12.60376
147277991	ACC	6.129196	-4.415497	-3.4715424
147277998	GYR	-0.024765015	0.010559082	0.9936218
147278001	ACC	4.2751923	-2.2625427	-2.9647675
147278008	GYR	-0.16575623	-0.11454773	0.74290466
147278010	MAG	25.59967	38.653564	-12.767029
147278011	ACC	4.3064423	-0.06391907	-1.0799866
147278021	ACC	4.16481	1.7805939	-1.0491943
147278018	GYR	-0.16731262	-0.67326355	0.44013977
147278029	MAG	25.942993	38.386536	-12.768555
147278031	ACC	5.206955	2.2384949	-0.88339233
147278028	GYR	-0.23252869	-1.3648224	0.12753296
147278041	ACC	7.1928406	1.9900055	0.37625122
147278038	GYR	-0.52285767	-1.6180725	-0.11816406
147278049	MAG	25.863647	38.719177	-13.111877
147278051	ACC	8.29483	2.0198975	0.63526917
147278048	GYR	-0.7437744	-1.548523	-0.45066833
147278061	ACC	8.296448	2.0703735	0.7886963
147278058	GYR	-0.82107544	-1.436966	-0.8351898
147278068	MAG	25.12207	39.1037	-13.233948
147278070	ACC	6.22583	1.678009	0.78681946
147278068	GYR	-0.83081055	-1.2931519	-1.2566528
147278080	ACC	2.988205	0.6485138	-0.28367615
147278078	GYR	-0.85427856	-0.9824524	-1.6219025
147278087	MAG	23.977661	39.953613	-12.808228
147278090	ACC	0.598999	-0.82969666	-2.7367706
147278088	GYR	-0.9243469	-0.52874756	-1.7720032
147278100	ACC	-0.4079132	-2.2274323	-5.408554
147278098	GYR	-1.0463715	-0.31987	-1.6994934
147278106	MAG	21.928406	40.657043	-12.181091
147278110	ACC	-0.9700165	-2.6503906	-5.8512726
147278108	GYR	-1.28302	-0.6503906	-1.5903015
147278120	ACC	-1.5733032	-2.5833893	-4.646652
147278118	GYR	-1.5774231	-1.3474579	-1.5509796
147278126	MAG	20.614624	41.522217	-11.4227295
147278130	ACC	-2.110443	-2.97258	-2.518097
147278128	GYR	-1.8365173	-2.114685	-1.5357361
147278145	MAG	19.017029	42.41333	-10.557556
147278140	ACC	-1.6725616	-4.091446	-0.30177307
147278138	GYR	-2.0719452	-2.562683	-1.4507751
147278150	ACC	-0.54748535	-6.392517	0.27189636
147278148	GYR	-2.269577	-2.580902	-1.3480682
147278164	MAG	17.460632	42.962646	-9.207153
147278160	ACC	0.73638916	-9.6596985	-0.901474
147278158	GYR	-2.492859	-2.4308014	-1.3238373
147278170	ACC	2.1101227	-13.066238	-2.6234283
147278168	GYR	-2.7975616	-2.2574463	-1.3970184
147278183	MAG	16.288757	43.247986	-7.307434
147278180	ACC	3.7929688	-16.77983	-3.9443207
147278178	GYR	-3.115982	-2.0704346	-1.5629883
147278190	ACC	5.0838013	-21.74385	-3.3213806
147278188	GYR	-3.3332672	-2.083084	-1.8029938
147278202	MAG	14.527893	43.989563	-4.7546387
147278200	ACC	4.840515	-28.887253	-0.42581177
147278198	GYR	-3.3048706	-2.418045	-2.060791
147278210	ACC	4.724472	-37.215668	2.1396484
147278208	GYR	-2.9665222	-2.7324219	-2.2868347
147278222	MAG	12.124634	44.381714	-2.4169922
147278220	ACC	5.8470917	-38.716797	1.2238617
147278218	GYR	-2.4837341	-2.5396423	-2.4324646
147278230	ACC	9.469376	-31.894562	-4.2183075
147278228	GYR	-2.05896	-1.9039612	-2.5533752
147278241	MAG	9.625244	44.699097	-0.76293945
147278240	ACC	7.155243	-27.007492	-8.468842
147278238	GYR	-1.8152618	-1.7998505	-2.879013
147278250	ACC	2.8512268	-24.095657	-8.132736
147278248	GYR	-1.872757	-2.6055603	-3.1566162
147278260	MAG	6.845093	44.69452	0.9765625
147278260	ACC	2.5968628	-20.910736	-5.5716705
147278257	GYR	-2.1058655	-3.5103302	-3.0093994
147278270	ACC	4.2560883	-18.211594	-5.144272
147278267	GYR	-2.2506256	-3.979538	-2.7082825
147278279	MAG	4.3014526	44.735718	3.300476
147278280	ACC	5.46344	-16.502975	-5.856735
147278277	GYR	-2.2339935	-4.1973114	-2.6049805
147278290	ACC	6.508209	-14.3207245	-5.641983
147278287	GYR	-2.0894012	-4.4942627	-2.6504822
147278298	MAG	2.0599365	44.11621	5.6533813
147278300	ACC	6.4556885	-11.977005	-3.5687714
147278297	GYR	-1.7868195	-4.8026886	-2.6286926
147278307	GYR	-1.2341461	-4.803116	-2.4588928
147278318	MAG	0.55999756	43.692017	7.5775146
147278310	ACC	5.8298187	-9.220032	-1.9775543
147278317	GYR	-0.51589966	-4.410843	-2.180603
147278320	ACC	4.738373	-5.9128265	-2.1643524
147278327	GYR	0.17744446	-3.8203125	-1.8828735
147278337	MAG	-0.59661865	43.39447	8.268738
147278330	ACC	2.8753662	-4.087387	-2.2115784
147278337	GYR	0.7343445	-3.2125244	-1.6244202
147278340	ACC	0.2858734	-3.247879	-1.5429993
147278347	GYR	1.1846924	-2.664566	-1.4053802
147278356	MAG	-2.067566	43.57605	8.065796
147278350	ACC	-1.6013336	-2.5557404	-0.20115662
147278357	GYR	1.5584869	-2.1494904	-1.2322693
147278360	ACC	-4.2738647	-1.4583435	0.13337708
147278367	GYR	1.7983398	-1.723114	-0.9992981
147278375	MAG	-2.9830933	44.023132	6.932068
147278370	ACC	-5.666687	-0.7346344	0.69454956
147278377	GYR	1.8671875	-1.2732544	-0.70469666
147278380	ACC	-5.6176453	0.31297302	1.2383118
147278387	GYR	1.7960052	-0.80059814	-0.3615265
147278395	MAG	-3.6727905	44.45038	5.554199
147278390	ACC	-4.119278	1.3509064	2.045517
147278397	GYR	1.6828766	-0.2930298	-0.09017944
147278400	ACC	-2.7650604	1.7350922	2.9646301
147278414	MAG	-3.8665771	44.83795	4.335022
147278410	ACC	-1.8896484	1.5574341	3.4017334
147278407	GYR	1.585083	0.32814026	0.0912323
147278420	ACC	-1.5413666	0.8569031	3.6746063
147278417	GYR	1.475357	0.9621124	0.21762085
147278433	MAG	-3.5705566	44.9234	2.4597168
147278430	ACC	-1.7145538	-0.17684937	3.5401154
147278427	GYR	1.3800964	1.4833374	0.2631836
147278440	ACC	-2.299408	-0.95762634	2.9788666
147278437	GYR	1.2904205	1.7857819	0.20942688
147278452	MAG	-3.7704468	45.35675	1.145935
147278450	ACC	-2.9100647	-1.0437622	2.2644043
147278447	GYR	1.1599426	1.8539734	0.092285156
147278460	ACC	-3.412674	-0.94973755	1.0558777
147278457	GYR	0.99508667	1.8155518	-0.03845215
147278472	MAG	-4.2266846	45.599365	0.27618408
147278470	ACC	-3.6538239	-1.2971497	-0.795166
147278467	GYR	0.86169434	1.6757202	-0.1493988
147278480	ACC	-3.2705078	-2.241272	-2.6053772
147278477	GYR	0.7587433	1.3890839	-0.23802185
147278491	MAG	-4.1763306	45.524597	-0.3692627
147278490	ACC	-2.4399567	-3.6679535	-5.3079224
147278487	GYR	0.6714783	1.0272675	-0.32910156
147278500	ACC	-1.1966858	-5.4653473	-13.8949585
147278497	GYR	0.4998474	0.7074585	-0.4076538
147278510	MAG	-4.5532227	45.742798	-0.8255005
147278510	ACC	1.9950867	-6.4660797	-21.165237
147278507	GYR	-0.14442444	0.20864868	-0.43963623
147278520	ACC	4.41774	-6.8337708	-11.799255
147278517	GYR	-1.5160828	-0.5531769	-0.5596466
147278529	MAG	-4.689026	45.417786	0.5477905
147278530	ACC	3.1442566	-5.108719	10.102982
147278527	GYR	-2.6502075	-0.24662781	-0.8441925
147278540	ACC	-1.8368988	-2.724228	18.673264
147278537	GYR	-2.2577972	1.6659241	-1.0289307
147278548	MAG	-5.8898926	45.069885	2.5878906
147278549	ACC	-8.881226	-4.337799	10.734283
147278547	GYR	-0.66900635	3.5613708	-0.94462585
147278559	ACC	-13.638687	-9.73085	1.3607483
147278557	GYR	0.51327515	3.8103027	-0.53445435
147278568	MAG	-7.73468	45.620728	2.0111084
147278569	ACC	-6.31102	-15.703262	6.501251
147278567	GYR	1.0910797	2.4873505	-0.02255249
147278579	ACC	5.2705383	-22.242981	24.669586
147278577	GYR	1.8015747	2.2649384	0.2601776
147278587	MAG	-7.759094	45.881653	-0.22735596
147278589	ACC	4.179535	-27.389755	14.312302
147278587	GYR	3.061264	3.3721313	0.51651
147278599	ACC	6.79541	-29.740753	-16.53653
147278597	GYR	3.4121246	3.553238	1.0653992
147278606	MAG	-7.156372	46.627808	-4.3884277
147278609	ACC	5.4479523	-24.24614	-10.360748
147278607	GYR	1.8744965	2.712082	1.4986725
147278619	ACC	4.9107666	-14.879623	-0.36773682
147278617	GYR	0.8301697	1.9390564	1.6048431
147278625	MAG	-5.4641724	46.89789	-5.7128906
147278629	ACC	2.0108948	-12.540222	1.094574
147278627	GYR	1.329483	1.9007416	1.5477448
147278639	ACC	-2.488144	-16.583328	-0.25047302
147278637	GYR	2.1744843	1.9423218	1.5171814
147278645	MAG	-4.2037964	47.35565	-8.227539
147278649	ACC	-1.8018494	-19.519531	-1.370285
147278647	GYR	2.6360168	1.7258759	1.7943726
147278659	ACC	0.8449707	-21.2603	0.43774414
147278657	GYR	2.686905	1.5798187	2.1988983
147278664	MAG	-1.9821167	47.413635	-10.955811
147278669	ACC	4.81781	-24.104782	1.5557556
147278667	GYR	2.6686096	1.5302429	2.5198212
147278679	ACC	9.63179	-26.807297	-0.6040497
147278677	GYR	2.9118195	1.4377899	2.6921234
147278683	MAG	0.48980713	47.203064	-14.280701
147278689	ACC	14.484329	-27.161835	-0.76200867
147278687	GYR	3.266388	1.4950867	2.6438446
147278697	GYR	3.5756378	1.6019897	2.2908936
147278702	MAG	3.7872314	46.388245	-17.706299
147278699	ACC	16.960754	-24.691345	-3.813263
147278707	GYR	3.5473785	1.500061	1.7194977
147278709	ACC	12.711624	-19.932251	-5.18219
147278717	GYR	3.23555	1.1274414	1.3552246
147278721	MAG	5.8135986	45.674133	-20.600891
147278719	ACC	6.8357544	-15.562973	-6.2315674
147278727	GYR	2.8981628	0.96455383	1.4080353
147278729	ACC	4.3433075	-12.964264	-10.236343
147278736	GYR	2.4562073	0.72709656	1.5892792
147278741	MAG	7.272339	44.898987	-23.316956
147278739	ACC	2.405548	-12.485046	-12.906097
147278746	GYR	1.7733154	0.56118774	1.7227936
147278749	ACC	1.632431	-11.617447	-11.168884
147278756	GYR	1.0075073	0.5759735	1.844574
147278760	MAG	8.932495	44.154358	-24.613953
147278759	ACC	3.276825	-9.94368	-7.681183
147278766	GYR	0.40205383	0.49386597	1.8424835
147278769	ACC	5.485428	-7.66185	-3.2236786
147278776	GYR	0.10571289	0.31607056	1.6341858
147278779	MAG	10.568237	43.730164	-24.865723
147278779	ACC	6.312607	-5.4718933	0.16313171
147278786	GYR	0.24787903	0.23234558	1.3066864
147278789	ACC	5.61821	-3.4707642	-0.094329834
147278798	MAG	11.732483	43.289185	-24.951172
147278799	ACC	4.638214	-1.3474731	-2.6621246
147278796	GYR	0.59602356	0.31539917	0.97525024
147278809	ACC	4.314087	0.11172485	-5.4661865
147278806	GYR	0.8093872	0.28199768	0.68414307
147278818	MAG	12.759399	42.99469	-25.546265
147278819	ACC	5.052185	0.74523926	-6.007904
147278816	GYR	0.6663513	0.118637085	0.4139099
147278829	ACC	6.47937	0.86512756	-4.034424
147278826	GYR	0.29310608	-0.123916626	0.11911011
147278837	MAG	12.930298	42.86194	-25.871277
147278839	ACC	7.7398987	0.77064514	-0.3996582
147278836	GYR	-0.059310913	-0.42900085	-0.2856903
147278849	ACC	8.055481	1.0510254	2.236496
147278846	GYR	-0.19888306	-0.75219727	-0.84739685
147278856	MAG	12.509155	43.07251	-25.630188
147278859	ACC	7.5131836	1.8162384	3.0641327
147278856	GYR	-0.1361084	-1.0666504	-1.4568176
147278869	ACC	6.0170746	2.33815	1.0792236
147278866	GYR	-0.03656006	-1.2449646	-1.9711456
147278875	MAG	10.554504	43.399048	-25.767517
147278879	ACC	3.083252	1.5661011	-4.1752014
147278876	GYR	-0.09559631	-1.0558319	-2.2832947
147278889	ACC	0.01852417	-0.26364136	-9.942291
147278886	GYR	-0.46588135	-0.5420685	-2.2969666
147278895	MAG	7.5927734	43.77289	-25.108337
147278899	ACC	-2.4533844	-1.8936615	-13.122437
147278896	GYR	-1.0670624	-0.10560608	-2.1064758
147278909	ACC	-4.8898926	-2.7928314	-10.48877
147278906	GYR	-1.7717743	-0.23643494	-1.932312
147278914	MAG	5.503845	44.387817	-23.730469
147278919	ACC	-6.393738	-3.190918	-2.856842
147278916	GYR	-2.4640808	-0.89204407	-1.750534
147278929	ACC	-6.082382	-3.5430908	3.955307
147278926	GYR	-2.8528442	-1.5554504	-1.4690094
147278933	MAG	3.2211304	45.187378	-21.012878
147278939	ACC	-4.5522766	-5.1302185	3.9272308
147278936	GYR	-2.8552856	-1.8254395	-1.165863
147278952	MAG	1.550293	45.85724	-18.554688
147278949	ACC	-3.274109	-8.388748	-1.2319183
147278946	GYR	-2.8310547	-1.7064972	-0.9613037
147278959	ACC	-0.77864075	-12.818481	-5.649002
147278956	GYR	-3.168579	-1.675415	-0.8292694
147278971	MAG	0.1953125	46.472168	-15.138245
147278969	ACC	2.322937	-17.45549	-6.4143677
147278966	GYR	-3.7614899	-1.7934113	-0.774765
147278979	ACC	3.8557587	-22.825638	-5.153061
147278976	GYR	-4.121002	-1.6571808	-0.96058655
147278991	MAG	-1.2115479	46.853638	-11.146545
147278989	ACC	1.9496613	-29.710526	-3.2933502
147278986	GYR	-3.9664764	-1.2274628	-1.3584595
147278999	ACC	-0.65727234	-37.79187	-2.1678467
147278996	GYR	-3.5679474	-0.81430054	-1.6350555
147279010	MAG	-3.1311035	46.82617	-7.6049805
147279009	ACC	-2.3067322	-40.479507	-2.7155762
147279006	GYR	-3.3839874	-0.57177734	-1.6199951
147279019	ACC	2.2803345	-32.82773	-3.787613
147279016	GYR	-3.4422913	-0.46333313	-1.5178223
147279029	MAG	-4.841614	46.520996	-3.918457
147279028	ACC	8.478012	-25.414581	-3.7755432
147279026	GYR	-3.4452972	-0.36132812	-1.5369873
147279038	ACC	12.063019	-23.624283	-5.9863586
147279036	GYR	-3.2271576	-0.49543762	-1.7913818
147279048	MAG	-6.251526	45.715332	-0.8605957
147279048	ACC	11.337448	-24.11995	-7.0266724
147279046	GYR	-2.958908	-1.2378235	-2.2593079
147279058	ACC	10.927353	-23.248291	-6.3569183
147279056	GYR	-2.8240814	-2.3377838	-2.5794373
147279068	MAG	-8.586121	44.73877	2.772522
147279068	ACC	10.541138	-21.46344	-4.635788
147279066	GYR	-2.6776886	-3.2826538	-2.7050323
147279078	ACC	9.124527	-18.193604	-3.9741974
147279076	GYR	-2.388214	-3.9694214	-2.8175964
147279087	MAG	-10.760498	43.789673	6.625366
147279086	GYR	-1.9939575	-4.6622467	-2.8253021
147279088	ACC	8.345337	-14.462463	-2.7919006
147279096	GYR	-1.5715637	-5.6010895	-2.5427551
147279106	MAG	-12.240601	42.34314	9.916687
147279098	ACC	6.4644623	-11.245941	-1.2229767
147279106	GYR	-1.1985779	-6.148712	-2.0588074
147279108	ACC	2.414444	-7.1984253	0.6900635
147279116	GYR	-0.8514404	-5.735916	-1.4344635
147279125	MAG	-12.475586	41.200256	13.066101
147279118	ACC	-0.52667236	-2.8830109	2.2022858
147279126	GYR	-0.33433533	-4.581192	-0.89346313
147279128	ACC	-3.5604095	-1.459671	2.5602112
147279136	GYR	0.28103638	-3.267044	-0.6786194
147279144	MAG	-11.909485	40.986633	14.112854
147279138	ACC	-6.1005707	-0.5175476	1.9848328
147279146	GYR	0.84402466	-2.2369385	-0.6379852
147279148	ACC	-8.433594	0.947464	1.7472687
147279156	GYR	1.3100891	-1.4260712	-0.50231934
147279164	MAG	-11.727905	41.038513	13.95874
147279158	ACC	-7.8284454	1.4519196	1.9538422
147279166	GYR	1.6928864	-0.7018738	-0.29014587
147279168	ACC	-5.631241	1.3551025	2.0649261
147279176	GYR	1.9471588	-0.0068359375	-0.07702637
147279183	MAG	-11.593628	41.441345	12.580872
147279178	ACC	-4.1409607	1.7958221	2.1951752
147279186	GYR	2.0308228	0.64849854	0.23544312
147279188	ACC	-2.742279	2.574829	2.8841095
147279202	MAG	-11.798096	42.111206	10.601807
147279198	ACC	-1.1218872	3.2660217	3.724472
147279196	GYR	2.0225983	1.2371216	0.55218506
147279208	ACC	-0.3097992	3.0334473	4.2019806
147279206	GYR	1.9836731	1.7763977	0.75875854
147279221	MAG	-11.499023	42.77649	8.221436
147279218	ACC	-0.3433075	1.7089233	4.20607
147279216	GYR	1.892334	2.3143768	0.8493347
147279228	ACC	-0.5918579	0.15283203	3.4252472
147279225	GYR	1.7760468	2.7900085	0.86505127
147279241	MAG	-11.201477	43.441772	5.8425903
147279238	ACC	-1.1106567	-1.1627197	2.2321777
147279235	GYR	1.6298523	3.0865326	0.79351807
147279248	ACC	-1.78656	-1.9045563	1.4980774
147279245	GYR	1.4194336	3.1256409	0.6743469
147279260	MAG	-11.090088	43.867493	3.4927368
147279258	ACC	-2.420868	-2.1298218	0.64772034
147279255	GYR	1.1916656	3.0081024	0.57258606
147279268	ACC	-3.1277313	-2.3187714	-1.1491394
147279265	GYR	0.9836426	2.8401031	0.48539734
147279279	MAG	-10.949707	43.917847	2.1377563
147279278	ACC	-3.2434082	-2.7714844	-3.4591675
147279275	GYR	0.7765045	2.5585938	0.42071533
147279288	ACC	-2.410675	-4.061035	-5.268051
147279285	GYR	0.57377625	2.0119019	0.36569214
147279298	MAG	-10.441589	43.91327	1.1352539
147279298	ACC	-1.3551941	-7.1239166	-10.270874
147279295	GYR	0.4152069	1.2748566	0.2587433
147279308	ACC	0.4947815	-10.652786	-26.845032
147279305	GYR	0.023544312	0.32661438	0.09074402
147279317	MAG	-10.105896	43.884277	1.071167
147279318	ACC	5.668686	-11.507065	-29.038132
147279315	GYR	-1.3339233	-1.1126404	-0.088516235
147279328	ACC	9.85173	-9.460068	2.6897888
147279325	GYR	-3.3976135	-2.1584625	-0.42581177
147279337	MAG	-9.353638	43.206787	4.5455933
147279338	ACC	6.815979	-4.8605957	28.14824
147279335	GYR	-3.7955475	0.03363037	-0.9941559
147279348	ACC	-1.7776184	-3.1029968	20.149277
147279345	GYR	-1.7355499	4.2015533	-1.3141632
147279356	MAG	-11.090088	42.23938	5.783081
147279358	ACC	-13.901901	-7.8156433	3.5440369
147279355	GYR	0.5414276	6.0157623	-1.0319672
147279368	ACC	-15.58374	-15.851273	-1.3822174
147279365	GYR	1.461441	4.1642456	-0.36387634
147279375	MAG	-13.674927	42.910767	3.112793
147279378	ACC	-0.74739075	-21.600449	16.358978
147279375	GYR	1.4319916	1.8909454	0.24555969
147279388	ACC	3.3819427	-25.525818	22.024017
147279385	GYR	1.722992	2.398346	0.5424957
147279394	MAG	-12.69989	42.895508	1.2039185
147279398	ACC	6.239395	-26.27591	-6.382416
147279395	GYR	2.3514862	3.326004	0.99627686
147279408	ACC	9.638565	-23.553558	-15.748291
147279405	GYR	1.6758728	3.0267944	1.5674286
147279414	MAG	-11.779785	43.54248	-1.9515991
147279418	ACC	9.243362	-14.439758	-5.996811
147279415	GYR	0.4585724	2.7676086	1.6693268
147279428	ACC	2.9702148	-10.359253	5.953018
147279425	GYR	0.63757324	3.0831146	1.5133362
147279433	MAG	-9.927368	43.72711	-3.0929565
147279438	ACC	-2.3546143	-13.883301	0.27627563
147279435	GYR	1.895935	3.36232	1.5714874
147279448	ACC	-2.4918213	-17.723572	-0.8730011
147279445	GYR	2.744278	3.327011	2.0727997
147279452	MAG	-8.612061	44.606018	-6.1035156
147279458	ACC	1.4859467	-21.766846	0.21946716
147279455	GYR	2.8791656	3.0441895	2.8230743
147279468	ACC	6.77623	-26.72322	2.118744
147279465	GYR	2.7944489	2.5564423	3.4435272
147279471	MAG	-5.529785	44.885254	-9.593201
147279475	GYR	2.8356018	1.8847351	3.7454224
147279478	ACC	14.664505	-31.744583	-0.8951874
147279485	GYR	3.0737762	1.2180328	3.5583344
147279490	MAG	-1.550293	44.81201	-12.8341675
147279488	ACC	20.978088	-31.64914	-4.792465
147279495	GYR	3.2597046	0.8208618	2.7767334
147279498	ACC	19.919601	-26.120148	-3.704605
147279505	GYR	3.2981262	0.7921295	1.8162994
147279510	MAG	2.2003174	44.300842	-15.983582
147279507	ACC	12.569397	-19.426758	-4.270523
147279515	GYR	3.1446075	0.96739197	1.4357758
147279517	ACC	6.7876587	-14.287582	-8.62381
147279525	GYR	2.6983948	1.0929871	1.5897064
147279529	MAG	3.300476	43.688965	-18.922424
147279527	ACC	1.8265686	-12.459457	-12.53685
147279535	GYR	2.0308075	1.1776581	1.8679352
147279537	ACC	-0.36132812	-12.078751	-13.406616
147279545	GYR	1.2399902	1.0121307	2.0721283
147279548	MAG	4.647827	43.226624	-20.451355
147279547	ACC	0.15979004	-11.166168	-10.205734
147279555	GYR	0.5271759	0.8479767	2.1423645
147279557	ACC	2.8450012	-9.279587	-6.1263123
147279565	GYR	0.058181763	0.73612976	1.9710846
147279567	MAG	7.368469	42.77191	-21.136475
147279567	ACC	4.4161377	-6.8502197	-2.0566254
147279575	GYR	0.018157959	0.621109	1.6467285
147279577	ACC	4.842453	-4.3974	-1.1434326
147279587	MAG	9.460449	42.41638	-21.096802
147279587	ACC	5.373413	-2.0563507	-1.7961121
147279585	GYR	0.26132202	0.4189911	1.3643646
147279597	ACC	5.5843353	-0.1073761	-2.9488525
147279595	GYR	0.4345398	0.2927246	1.0510101
147279606	MAG	10.939026	41.963196	-21.522522
147279607	ACC	6.114685	1.2920074	-4.673767
147279605	GYR	0.44615173	0.34007263	0.72114563
147279617	ACC	7.0390625	1.8822021	-4.678009
147279615	GYR	0.27651978	0.34840393	0.41830444
147279625	MAG	11.547852	41.682434	-21.864319
147279627	ACC	8.200378	1.8003387	-2.93898
147279625	GYR	0.07923889	0.07876587	0.10235596
147279637	ACC	8.506592	1.724289	-0.40708923
147279635	GYR	-0.055023193	-0.30473328	-0.3421173
147279644	MAG	11.691284	41.72516	-21.875
147279647	ACC	8.25972	1.9622498	1.7848511
147279645	GYR	-0.12640381	-0.62683105	-0.8787842
147279657	ACC	7.4687195	2.5521393	2.050537
147279655	GYR	-0.1108551	-0.8759155	-1.4182281
147279664	MAG	11.0672	41.90216	-21.757507
147279667	ACC	5.483307	2.5326385	-1.1105957
147279665	GYR	-0.09075928	-0.8816986	-1.8595276
147279677	ACC	2.499771	1.1432343	-5.75766
147279675	GYR	-0.26036072	-0.5410919	-2.0791473
147279683	MAG	9.181213	42.095947	-21.659851
147279687	ACC	-0.3831787	-0.70840454	-9.2426605
147279685	GYR	-0.6500702	-0.12490845	-2.044464
147279697	ACC	-2.510025	-1.7670441	-9.592575
147279695	GYR	-1.1661682	-0.12826538	-1.9092712
147279702	MAG	7.30896	42.391968	-20.689392
147279707	ACC	-3.64859	-2.2977905	-5.7065125
147279704	GYR	-1.780365	-0.6977844	-1.7746582
147279717	ACC	-3.5980377	-2.7960968	-0.57196045
147279714	GYR	-2.2935944	-1.5028229	-1.6203918
147279722	MAG	5.522156	42.9657	-19.187927
147279727	ACC	-2.4057312	-3.3330078	2.2055664
147279724	GYR	-2.5477753	-2.1729126	-1.4294281
147279740	MAG	3.7322998	43.536377	-17.03949
147279737	ACC	-1.1220245	-5.0448456	1.0979309
147279734	GYR	-2.6871185	-2.4994202	-1.2603455
147279747	ACC	0.033966064	-8.244278	-1.3914185
147279744	GYR	-2.9436646	-2.5368805	-1.1523132
147279760	MAG	2.5482178	43.86902	-14.631653
147279757	ACC	1.8901367	-12.3823395	-4.133484
147279754	GYR	-3.351471	-2.54422	-1.100769
147279767	ACC	3.3289032	-16.978043	-4.0757446
147279764	GYR	-3.7593536	-2.5416412	-1.1323242
147279779	MAG	1.1764526	43.95752	-11.547852
147279777	ACC	3.5830383	-21.506134	-1.9411926
147279774	GYR	-3.9437866	-2.2427368	-1.3134613
147279787	ACC	0.43795776	-26.67984	-0.41270447
147279784	GYR	-3.739029	-1.5357971	-1.6414337
147279798	MAG	-0.55236816	44.206238	-7.991028
147279797	ACC	-6.2245483	-34.376984	0.014785767
147279794	GYR	-3.3481598	-0.57740784	-1.9044495
147279807	ACC	-6.98143	-40.195297	-3.2440948
147279804	GYR	-3.1217194	0.38027954	-1.786377
147279817	MAG	-2.734375	44.311523	-5.368042
147279817	ACC	-1.701355	-34.960724	-5.397766
147279814	GYR	-3.144226	0.5271759	-1.4290314
147279827	ACC	8.516937	-28.281815	-3.338379
147279824	GYR	-3.2372284	-0.2614746	-1.3038635
147279837	MAG	-3.6773682	44.065857	-2.4261475
147279837	ACC	15.784576	-25.491287	-6.239151
147279834	GYR	-3.1337433	-1.4245605	-1.6748352
147279847	ACC	14.96489	-24.582901	-7.341385
147279844	GYR	-2.9680176	-2.6161957	-2.392868
147279856	MAG	-4.904175	43.2724	0.48065186
147279857	ACC	11.141449	-23.123459	-6.05632
147279854	GYR	-2.9164124	-3.359253	-2.920868
147279864	GYR	-2.754425	-3.5890656	-3.01091
147279875	MAG	-7.6705933	42.633057	3.6071777
147279867	ACC	12.930084	-20.99083	-5.1789093
147279874	GYR	-2.3860016	-3.7479858	-2.9969025
147279877	ACC	11.992355	-18.602203	-5.6267242
147279884	GYR	-1.9776611	-4.1086273	-2.9502716
147279894	MAG	-10.005188	41.853333	6.6238403
147279887	ACC	9.386383	-14.553146	-4.8124237
147279894	GYR	-1.5105286	-4.9152374	-2.634491
147279897	ACC	5.450485	-11.492737	-2.2581787
147279904	GYR	-0.98210144	-5.559601	-1.9424286
147279913	MAG	-11.477661	40.942383	9.461975
147279907	ACC	3.4721527	-7.892624	-0.33163452
147279914	GYR	-0.47569275	-5.3276978	-1.20784
147279917	ACC	1.0836029	-5.172653	1.0721741
147279924	GYR	-0.0012054443	-4.329788	-0.78349304
147279933	MAG	-11.717224	40.579224	11.398315
147279927	ACC	-1.8233032	-4.0996704	1.6269531
147279934	GYR	0.4791565	-3.25383	-0.645874
147279937	ACC	-4.5476227	-3.4779205	1.8337402
147279944	GYR	0.92163086	-2.3275604	-0.61735535
147279952	MAG	-11.752319	40.91339	11.654663
147279947	ACC	-5.7582703	-1.7517548	1.3694763
147279954	GYR	1.27034	-1.6404724	-0.5700989
147279957	ACC	-6.762451	0.057006836	1.4521332
147279964	GYR	1.5481415	-1.0151062	-0.3687744
147279971	MAG	-11.854553	41.227722	10.990906
147279967	ACC	-6.982956	1.4320068	1.8823547
147279977	ACC	-6.400009	2.210144	1.4827881
147279974	GYR	1.780716	-0.1544342	-0.074020386
147279990	MAG	-12.174988	41.83197	9.393311
147279986	ACC	-4.898407	2.7429657	1.6676025
147279984	GYR	1.8965454	0.5869446	0.24017334
147279996	ACC	-2.5137634	3.26651	2.0051727
147279994	GYR	1.94104	1.1118927	0.5747223
147280010	MAG	-11.898804	42.396545	7.347107
147280006	ACC	-0.30506897	3.1429443	2.1647491
147280004	GYR	1.962738	1.5448761	0.84098816
147280016	ACC	0.62734985	2.283249	2.268982
147280014	GYR	1.9212494	1.9933014	1.0016632
147280029	MAG	-11.608887	43.33954	4.902649
147280026	ACC	0.7609253	1.1718597	2.0213928
147280024	GYR	1.8357544	2.4676514	1.0983734
147280036	ACC	0.36062622	-0.14660645	2.0222626
147280034	GYR	1.712616	2.7574615	1.1517487
147280048	MAG	-10.96344	43.966675	2.5985718
147280046	ACC	-0.64797974	-1.3325653	2.2650757
147280044	GYR	1.5440674	2.7696228	1.1217804
147280056	ACC	-1.5125275	-1.9029388	1.9553528
147280054	GYR	1.3631897	2.6179504	1.0366974
147280067	MAG	-10.267639	44.592285	0.33721924
147280066	ACC	-1.9234772	-1.9866791	0.5958557
147280064	GYR	1.1520844	2.4433136	0.922287
147280076	ACC	-1.8753662	-2.0046997	-1.3270111
147280074	GYR	0.87413025	2.2628174	0.7551117
147280086	MAG	-9.791565	44.960022	-1.0131836
147280086	ACC	-1.8312988	-2.5335083	-2.9504242
147280084	GYR	0.5560608	1.9501953	0.5560303
147280096	ACC	-1.7869568	-3.9943237	-3.955902
147280094	GYR	0.32681274	1.4405823	0.35353088
147280106	MAG	-9.590149	45.11566	-1.5457153
147280106	ACC	-1.1201782	-6.126068	-7.0675964
147280104	GYR	0.20698547	0.79574585	0.17913818
147280116	ACC	0.62991333	-8.285126	-20.644821
147280114	GYR	-0.024627686	-0.157547	0.021240234
147280125	MAG	-9.558105	45.0531	-1.7745972
147280126	ACC	5.0800476	-9.700882	-26.325867
147280124	GYR	-0.9659271	-1.5545807	-0.13905334
147280136	ACC	9.542404	-9.756332	-4.5700226
147280134	GYR	-2.752533	-2.3164825	-0.43092346
147280144	MAG	-9.127808	44.97528	0.7507324
147280146	ACC	8.607544	-8.384506	23.057709
147280144	GYR	-3.6783142	-0.006210327	-0.975647
147280156	ACC	-1.1219635	-9.917938	19.745361
147280154	GYR	-2.2484283	4.2098694	-1.4720764
147280163	MAG	-10.649109	44.10553	2.9403687
147280166	ACC	-10.100769	-14.4661255	7.411133
147280164	GYR	0.0067443848	6.117737	-1.3084564
147280176	ACC	-16.17778	-19.754211	-10.6293335
147280174	GYR	1.1002045	4.50148	-0.57315063
147280183	MAG	-13.197327	44.67163	0.7369995
147280186	ACC	-4.6001434	-21.292496	5.992325
147280183	GYR	0.7493439	1.8508759	0.20854187
147280196	ACC	4.1828003	-17.747696	15.180145
147280193	GYR	0.45928955	1.4107513	0.6981354
147280202	MAG	-12.997437	44.752502	-0.4837036
147280206	ACC	4.6596985	-16.213745	2.363739
147280203	GYR	0.96559143	2.2218018	1.0061035
147280216	ACC	5.0633087	-14.766159	-6.4569855
147280213	GYR	0.8547058	2.175888	1.3921051
147280221	MAG	-11.839294	45.36438	-2.4002075
147280226	ACC	4.1940155	-11.563995	0.17617798
147280223	GYR	0.42648315	1.7884064	1.6222076
147280236	ACC	2.561264	-10.4279785	1.4208984
147280233	GYR	0.8243103	1.9416809	1.7650757
147280240	MAG	-10.420227	45.961	-3.4072876
147280246	ACC	1.7878265	-14.671143	0.7648468
147280243	GYR	1.5414581	2.3927307	2.0408173
147280256	ACC	5.570099	-20.954895	1.5415955
147280253	GYR	2.1270905	2.730774	2.4778137
147280260	MAG	-8.467102	46.496582	-5.7373047
147280263	GYR	2.6687012	2.778305	2.7638397
147280266	ACC	12.652908	-25.233017	-0.50279236
147280273	GYR	3.0490112	2.2515564	2.618866
147280279	MAG	-5.3085327	46.8338	-9.512329
147280276	ACC	15.243622	-27.960495	-1.5492859
147280283	GYR	3.1503906	1.7547302	2.291977
147280286	ACC	14.936661	-28.512207	-1.5184174
147280293	GYR	3.3290253	1.5254059	2.109314
147280298	MAG	-2.658081	46.83075	-13.00354
147280296	ACC	14.495544	-25.592957	-4.268051
147280303	GYR	3.501114	1.6086731	2.0327759
147280306	ACC	12.818237	-21.883545	-6.2117157
147280313	GYR	3.4002686	1.5604858	1.9444427
147280317	MAG	-0.32958984	46.84601	-16.244507
147280316	ACC	10.848373	-18.716293	-7.9639893
147280323	GYR	3.108673	0.7952118	1.8595886
147280326	ACC	8.790741	-15.824219	-10.808975
147280333	GYR	2.6295013	-0.09893799	1.8655396
147280336	MAG	1.5426636	46.444702	-19.197083
147280336	ACC	5.9486237	-13.904938	-11.686737
147280343	GYR	2.0597687	-0.26150513	1.9479218
147280346	ACC	2.1891632	-12.928864	-10.347534
147280353	GYR	1.5667114	-0.006225586	2.075241
147280356	MAG	2.8060913	45.895386	-21.22345
147280356	ACC	0.13967896	-12.318024	-10.2276
147280366	ACC	1.1553497	-10.525482	-8.221359
147280363	GYR	0.9069824	0.08204651	2.2451324
147280375	MAG	5.038452	45.666504	-21.896362
147280376	ACC	2.1808167	-8.173828	-4.6850586
147280373	GYR	0.2712555	0.06384277	2.229721
147280386	ACC	2.6499329	-6.1365967	-2.1721802
147280383	GYR	0.0045776367	0.007095337	2.003662
147280394	MAG	6.8893433	45.576477	-21.81549
147280396	ACC	3.270691	-4.183609	-1.90065
147280393	GYR	0.1002655	-0.13323975	1.7195282
147280406	ACC	3.8311768	-1.9483032	-1.9787292
147280403	GYR	0.24134827	-0.24964905	1.427887
147280413	MAG	8.174133	45.465088	-22.161865
147280416	ACC	4.527176	0.47685242	-2.53685
147280413	GYR	0.24958801	-0.0846405	1.1185455
147280426	ACC	5.560562	2.3894653	-1.8937836
147280423	GYR	0.09855652	0.22328186	0.81489563
147280433	MAG	9.352112	45.472717	-21.954346
147280436	ACC	6.9306183	3.074234	0.017822266
147280433	GYR	-0.0881958	0.27648926	0.48132324
147280446	ACC	8.473328	2.8045044	1.7024078
147280443	GYR	-0.15382385	0.030471802	0.034973145
147280452	MAG	10.00061	45.314026	-21.749878
147280456	ACC	8.98468	2.43602	2.0437622
147280453	GYR	-0.10932922	-0.29541016	-0.5697174
147280466	ACC	8.117325	2.3025818	-0.15592957
147280463	GYR	-0.07748413	-0.44874573	-1.1860504
147280471	MAG	9.474182	45.568848	-21.598816
147280475	ACC	5.9327393	1.7957916	-4.8255463
147280473	GYR	-0.1535492	-0.36442566	-1.647934
147280485	ACC	2.5113983	0.49113464	-8.636993
147280483	GYR	-0.4346161	-0.2367096	-1.8894501
147280490	MAG	7.598877	45.906067	-20.677185
147280495	ACC	-0.68717957	-0.8387604	-8.244766
147280493	GYR	-0.8989105	-0.3967743	-1.9304504
147280505	ACC	-2.7664948	-1.365509	-4.39888
147280503	GYR	-1.3963776	-0.8608246	-1.8120728
147280510	MAG	5.5282593	46.31653	-19.74945
147280515	ACC	-3.5768127	-1.6351776	-1.2275543
147280513	GYR	-1.7850494	-1.3338776	-1.5924683
147280529	MAG	3.6361694	46.891785	-17.686462
147280525	ACC	-3.2591248	-1.908844	-0.19671631
147280523	GYR	-2.0683746	-1.6503906	-1.3258972
147280535	ACC	-2.2559662	-2.4474792	-0.7010956
147280533	GYR	-2.3456573	-1.824173	-1.0810089
147280548	MAG	1.7578125	47.148132	-15.510559
147280545	ACC	-0.77189636	-4.3873444	-1.5146484
147280543	GYR	-2.6737518	-1.9934998	-0.90457153
147280555	ACC	0.9957733	-7.952881	-3.1365814
147280553	GYR	-3.071106	-2.4338684	-0.80921936
147280567	MAG	0.9536743	47.41211	-12.565613
147280565	ACC	3.6782837	-12.526245	-3.5458984
147280563	GYR	-3.5227203	-3.091339	-0.7879944
147280575	ACC	6.2501373	-17.493454	-2.506668
147280573	GYR	-3.8762817	-3.4094849	-0.8673706
147280586	MAG	0.19836426	47.63336	-8.323669
147280585	ACC	7.356476	-22.777695	-0.08338928
147280583	GYR	-3.8918915	-2.9212341	-1.1370239
147280595	ACC	2.977417	-30.584763	1.5190735
147280593	GYR	-3.4933014	-1.9301758	-1.5753479
147280606	MAG	-1.7700195	47.48993	-4.8171997
147280605	ACC	-4.6366425	-41.35373	0.76104736
147280603	GYR	-2.96344	-0.8403778	-1.7980042
147280615	ACC	-4.2450714	-43.061752	-2.4576416
147280613	GYR	-2.703308	0.12219238	-1.4831848
147280625	MAG	-3.6483765	47.279358	-2.0523071
147280625	ACC	0.7638855	-30.195602	-5.5388336
147280623	GYR	-2.6614532	0.26908875	-1.0746307
147280635	ACC	9.892426	-22.382019	-3.913803
147280633	GYR	-2.652542	-0.3470459	-1.1159058
147280644	MAG	-4.7821045	46.45233	0.8041382
147280645	ACC	13.791336	-21.34758	-5.582138
147280643	GYR	-2.451767	-1.5938263	-1.70755
147280653	GYR	-2.286621	-2.7229156	-2.4824371
147280663	MAG	-5.9188843	45.628357	3.6148071
147280655	ACC	10.878616	-22.111862	-4.4732666
147280662	GYR	-2.1861115	-3.0572662	-2.8760376
147280665	ACC	7.3802185	-21.183197	-3.6751404
147280672	GYR	-1.9575043	-2.9483795	-2.7809143
147280683	MAG	-8.503723	44.618225	6.478882
147280675	ACC	8.560623	-18.42221	-3.431427
147280682	GYR	-1.5685272	-3.0002441	-2.6081696
147280685	ACC	7.7828064	-15.706451	-4.19458
147280692	GYR	-1.1356506	-3.398697	-2.4519196
147280702	MAG	-10.255432	43.61725	8.828735
147280695	ACC	5.832199	-11.988953	-3.4302368
147280702	GYR	-0.7089386	-3.935791	-2.0774994
147280705	ACC	4.7229614	-8.5881195	-1.440918
147280712	GYR	-0.24993896	-4.155792	-1.6539001
147280721	MAG	-11.514282	42.69867	10.635376
147280715	ACC	3.13974	-6.193329	-0.12049866
147280722	GYR	0.1662445	-3.7845612	-1.397049
147280725	ACC	0.8654785	-4.6251373	0.03501892
147280732	GYR	0.4906311	-3.1741333	-1.1753235
147280740	MAG	-11.875916	42.321777	11.56311
147280735	ACC	-0.8329468	-3.4879303	-0.054336548
147280742	GYR	0.7763672	-2.56604	-0.9584961
147280745	ACC	-2.6940765	-2.0868225	0.21662903
147280759	MAG	-12.298584	42.417908	11.766052
147280755	ACC	-4.1478577	-0.23942566	0.6717682
147280752	GYR	1.0488281	-1.9555206	-0.6957092
147280765	ACC	-4.6799927	1.6880951	1.012146
147280762	GYR	1.2914734	-1.3368683	-0.32406616
147280779	MAG	-12.12616	42.481995	10.826111
147280775	ACC	-3.75943	3.103531	1.5921478
147280772	GYR	1.4260864	-0.719574	0.12638855
147280785	ACC	-2.4633331	3.4546661	2.7613678
147280782	GYR	1.4806671	-0.083984375	0.48910522
147280798	MAG	-11.950684	43.045044	9.387207
147280795	ACC	-0.84599304	2.9446259	3.909027
147280792	GYR	1.5533905	0.536438	0.7277069
147280805	ACC	0.38864136	1.837616	4.532089
147280802	GYR	1.6523895	0.9984741	0.89328
147280817	MAG	-11.254883	43.321228	7.7056885
147280815	ACC	0.75624084	0.7549286	4.6565247
147280812	GYR	1.7351532	1.2331085	0.97325134
147280825	ACC	0.042022705	-0.048583984	4.197632
147280822	GYR	1.7320099	1.3821259	0.9380646
147280836	MAG	-10.836792	44.007874	5.6427
147280835	ACC	-1.2785797	-0.65286255	3.2470398
147280832	GYR	1.6311798	1.5105591	0.800354
147280845	ACC	-2.2516327	-1.0757599	2.1045074
147280842	GYR	1.4681549	1.5392303	0.65875244
147280856	MAG	-10.3302	44.3161	4.017639
147280855	ACC	-2.8431091	-1.783844	0.7407074
147280852	GYR	1.2663269	1.4753418	0.5179291
147280865	ACC	-2.899109	-2.7656097	-1.01474
147280862	GYR	1.0274658	1.3083801	0.33883667
147280875	MAG	-10.168457	44.54193	2.972412
147280875	ACC	-2.6419983	-2.9556732	-2.646881
147280872	GYR	0.7444916	1.0522614	0.110946655
147280885	ACC	-2.627243	-3.1221466	-6.629242
147280882	GYR	0.5184784	0.57810974	-0.1747284
147280894	MAG	-10.350037	44.33899	2.4429321
147280895	ACC	-1.9209595	-5.0860596	-14.799835
147280892	GYR	0.35321045	-0.33891296	-0.45996094
147280905	ACC	1.567627	-7.886856	-22.407639
147280902	GYR	-0.21707153	-1.7440491	-0.66386414
147280913	MAG	-10.423279	44.007874	2.7023315
147280915	ACC	7.2971497	-10.906006	-20.277237
147280912	GYR	-1.5660553	-2.7997742	-0.857666
147280925	ACC	10.098328	-11.194138	11.025177
147280922	GYR	-3.076355	-1.7112122	-1.2703552
147280932	MAG	-10.507202	43.24951	6.0012817
147280935	ACC	4.167984	-11.001465	24.05484
147280932	GYR	-2.8608856	2.177414	-1.8605957
147280945	ACC	-5.10643	-13.173187	14.947678
147280942	GYR	-0.7113037	5.2954254	-2.0349274
147280952	MAG	-13.43689	42.48047	6.2286377
147280954	ACC	-11.120895	-15.100052	1.4316711
147280952	GYR	1.043396	4.8523254	-1.4612274
147280964	ACC	-7.9799957	-19.045746	-8.680252
147280962	GYR	1.2536774	2.389801	-0.59928894
147280971	MAG	-15.698242	42.32025	4.4784546
147280974	ACC	2.9726257	-18.322983	16.005417
147280972	GYR	0.575943	0.313797	-0.043792725
147280984	ACC	4.1039734	-16.879501	11.7091675
147280982	GYR	0.657547	0.04562378	0.1156311
147280990	MAG	-15.234375	42.311096	3.5247803
147280994	ACC	7.9598694	-19.701813	-17.119827
147280992	GYR	0.7835846	0.78518677	0.42930603
147281004	ACC	2.9103699	-17.717743	-8.894333
147281002	GYR	0.38279724	1.4173126	0.87823486
147281009	MAG	-14.224243	42.29889	2.770996
147281014	ACC	-2.4911957	-12.035599	5.7238007
147281012	GYR	0.68125916	1.3140411	1.5531311
147281024	ACC	-2.4575195	-10.46637	5.930908
147281022	GYR	1.3668671	0.9549408	2.4244537
147281029	MAG	-13.824463	43.226624	1.802063
147281034	ACC	2.074234	-14.020218	4.6726837
147281032	GYR	1.6806335	0.7045746	3.0498352
147281042	GYR	1.9789734	0.2403717	3.1618805
147281048	MAG	-10.829163	44.262695	-0.76293945
147281044	ACC	7.0687103	-20.875229	5.6838226
147281052	GYR	2.8008575	-0.2528839	2.7901611
147281054	ACC	14.882706	-25.989227	-3.011856
147281062	GYR	3.4242554	0.028289795	2.0442352
147281067	MAG	-7.8063965	44.778442	-3.7109375
147281064	ACC	17.08966	-26.991287	-9.462173
147281072	GYR	3.2342377	0.5117645	1.3497162
147281074	ACC	12.992401	-24.985931	-2.6273499
147281082	GYR	3.111206	0.69377136	1.1441956
147281086	MAG	-6.173706	45.143127	-7.119751
147281084	ACC	9.507629	-21.683472	-2.3246307
147281092	GYR	3.1148834	1.1276093	1.3117218
147281094	ACC	8.433197	-18.944565	-8.481659
147281102	GYR	2.8247375	1.3548889	1.499054
147281106	MAG	-4.99115	45.239258	-10.113525
147281104	ACC	7.7873993	-17.12564	-13.975906
147281112	GYR	2.2484589	0.84243774	1.5680237
147281114	ACC	5.7917786	-15.305923	-14.680145
147281122	GYR	1.5552979	-0.13720703	1.5528259
147281125	MAG	-3.642273	45.126343	-12.22229
147281124	ACC	2.139206	-13.791153	-10.160553
147281132	GYR	0.9316864	-0.47447205	1.5769653
147281134	ACC	-0.3506012	-12.635269	-6.535019
147281144	MAG	-2.4398804	45.04242	-13.027954
147281144	ACC	0.23208618	-10.725983	-6.547653
147281142	GYR	0.5010834	-0.054382324	1.6779633
147281154	ACC	2.5940094	-8.068085	-4.535843
147281151	GYR	0.06689453	-0.18823242	1.7572021
147281163	MAG	-0.8972168	45.15381	-13.128662
147281164	ACC	5.2517853	-5.6091003	-2.6115417
147281161	GYR	-0.20741272	-0.5851135	1.7067261
147281174	ACC	6.6431885	-3.1123657	-2.3856812
147281171	GYR	-0.25315857	-0.6298218	1.4919739
147281182	MAG	0.8972168	45.222473	-13.101196
147281184	ACC	6.5591583	-0.9686127	-2.452896
147281181	GYR	-0.31925964	-0.35842896	1.1579285
147281194	ACC	5.37204	0.9767761	-2.7127075
147281191	GYR	-0.4415741	-0.048675537	0.7359772
147281202	MAG	1.7623901	45.010376	-12.582397
147281204	ACC	4.711746	2.727234	-1.5201721
147281201	GYR	-0.62454224	0.062408447	0.36442566
147281214	ACC	4.8113403	3.4079895	0.22286987
147281211	GYR	-0.7455902	-0.10359192	0.013504028
147281221	MAG	2.1118164	44.92798	-11.810303
147281224	ACC	4.76976	2.5449219	1.9929352
147281221	GYR	-0.7894287	-0.5773773	-0.43811035
147281234	ACC	4.6211243	0.9178772	2.7806702
147281231	GYR	-0.7557678	-1.1490936	-0.9436493
147281240	MAG	1.5838623	44.94934	-11.087036
147281244	ACC	5.2145233	0.20697021	2.2675629
147281241	GYR	-0.6630707	-1.5323486	-1.333664
147281254	ACC	5.514694	0.43669128	-0.2374115
147281251	GYR	-0.5604553	-1.4893036	-1.6001892
147281259	MAG	0.30059814	44.940186	-10.083008
147281264	ACC	4.227371	0.27711487	-3.7853394
147281261	GYR	-0.55918884	-1.0515137	-1.7999115
147281274	ACC	1.7911224	-0.6194763	-5.219055
147281271	GYR	-0.78019714	-0.67648315	-1.867981
147281279	MAG	-1.5197754	44.88678	-9.138489
147281284	ACC	-0.22291565	-1.4615173	-3.7483063
147281281	GYR	-1.1809387	-0.69467163	-1.781601
147281294	ACC	-1.1590576	-2.2974243	-1.2796631
147281291	GYR	-1.5973358	-0.9422302	-1.6226349
147281298	MAG	-3.4362793	44.44275	-7.6034546
147281304	ACC	-1.3887482	-3.643509	0.22517395
147281301	GYR	-1.9092102	-1.2568817	-1.496933
147281314	ACC	-1.1949463	-5.8001404	0.07887268
147281311	GYR	-2.1061096	-1.6954651	-1.434906
147281317	MAG	-4.6920776	44.25049	-4.9697876
147281324	ACC	-0.14575195	-8.605347	-0.18754578
147281321	GYR	-2.305832	-2.3791046	-1.4253235
147281336	MAG	-5.9524536	43.870544	-2.4154663
147281334	ACC	1.3888397	-12.12558	-0.8257599
147281331	GYR	-2.581421	-3.2240295	-1.4916687
147281344	ACC	3.1150818	-16.487137	-2.2151184
147281341	GYR	-2.7912445	-3.8169098	-1.6599274
147281355	MAG	-6.8099976	42.86499	0.8544922
147281354	ACC	4.1292877	-24.193634	-0.30619812
147281351	GYR	-2.6959229	-3.761078	-1.8795013
147281364	ACC	2.1479034	-35.821533	-0.977417
147281361	GYR	-2.1425018	-2.982727	-2.078949
147281375	MAG	-8.148193	42.041016	3.5842896
147281374	ACC	-1.3199158	-42.043823	-2.1009521
147281371	GYR	-1.5892639	-1.5897217	-2.0736237
147281384	ACC	3.1823883	-29.613937	-5.02063
147281381	GYR	-1.4027405	-0.022460938	-1.7873993
147281394	MAG	-9.918213	41.215515	5.0445557
147281394	ACC	6.981415	-19.335632	-6.2318115
147281391	GYR	-1.3918304	0.33309937	-1.7286072
147281404	ACC	7.3981476	-16.191757	-4.0878143
147281401	GYR	-1.4453125	-0.7951355	-2.0953217
147281413	MAG	-11.273193	40.255737	6.8588257
147281414	ACC	7.1827393	-16.115387	-2.877243
147281411	GYR	-1.4429932	-2.1526031	-2.4085083
147281424	ACC	7.707947	-15.629105	-3.1056824
147281421	GYR	-1.3441467	-3.0337982	-2.4733124
147281432	MAG	-12.808228	39.009094	9.44519
147281431	GYR	-1.2056427	-3.3976898	-2.3743591
147281433	ACC	7.4806976	-15.364304	-2.331894
147281441	GYR	-0.9116211	-3.38237	-2.2586975
147281452	MAG	-13.819885	37.898254	11.297607
147281443	ACC	7.5477295	-14.446793	-2.5174408
147281451	GYR	-0.46121216	-3.3669586	-2.199768
147281453	ACC	6.096695	-12.77475	-2.07518
147281461	GYR	-0.002380371	-3.4819794	-2.0996094
147281471	MAG	-14.709473	37.04071	12.844849
147281463	ACC	3.9589996	-11.340515	-1.4886475
147281471	GYR	0.32095337	-3.521576	-1.8957367
147281473	ACC	2.35083	-10.28302	-0.7520752
147281481	GYR	0.47122192	-3.2554169	-1.6600952
147281490	MAG	-14.860535	36.227417	13.929749
147281483	ACC	0.7058563	-8.966278	-0.51467896
147281491	GYR	0.56900024	-2.7398376	-1.399231
147281493	ACC	-0.87042236	-7.1653748	-0.21292114
147281501	GYR	0.7155609	-2.0353394	-1.1573029
147281509	MAG	-15.203857	35.95276	14.479065
147281503	ACC	-2.780014	-4.9684906	-0.5350342
147281511	GYR	0.9122772	-1.3283081	-0.9452667
147281513	ACC	-4.8037567	-2.168457	-0.9010315
147281521	GYR	1.1096954	-0.7383423	-0.7046356
147281528	MAG	-15.608215	35.65216	14.199829
147281523	ACC	-6.046234	0.51904297	-0.78970337
147281531	GYR	1.2904968	-0.17848206	-0.44281006
147281533	ACC	-6.404953	2.022705	-0.014846802
147281548	MAG	-16.151428	36.116028	13.505554
147281543	ACC	-5.6529694	2.1432037	0.96617126
147281541	GYR	1.4972229	0.30247498	-0.17500305
147281553	ACC	-3.4398956	1.2585602	2.070816
147281551	GYR	1.6798859	0.6552582	0.13945007
147281567	MAG	-15.625	36.795044	11.575317
147281563	ACC	-1.5324249	0.1850586	2.433838
147281561	GYR	1.8022156	0.90711975	0.42114258
147281573	ACC	-0.2952423	-0.3794403	1.9501648
147281571	GYR	1.790451	1.169754	0.647522
147281586	MAG	-15.4296875	37.268066	9.724426
147281583	ACC	0.43373108	-0.4791565	1.6155701
147281581	GYR	1.6038055	1.3572845	0.7969208
147281593	ACC	0.5445099	-0.46696472	1.186676
147281591	GYR	1.364151	1.4202728	0.8038025
147281605	MAG	-14.833069	37.69989	8.03833
147281603	ACC	-0.022247314	-0.78567505	0.24194336
147281601	GYR	1.1928406	1.3226471	0.65060425
147281613	ACC	-0.8190918	-1.3653717	-1.2009277
147281611	GYR	1.0643005	1.1008453	0.38475037
147281625	MAG	-14.584351	38.050842	6.8878174
147281623	ACC	-1.0810394	-1.7489929	-4.082947
147281621	GYR	0.92385864	0.83673096	0.08206177
147281633	ACC	-1.0844727	-2.244629	-9.449951
147281630	GYR	0.7026825	0.44708252	-0.24771118
147281644	MAG	-14.776611	38.049316	6.251526
147281643	ACC	-0.5503082	-3.5033875	-14.652161
147281640	GYR	0.20509338	-0.25646973	-0.58940125
147281653	ACC	1.0933228	-5.687805	-14.352417
147281650	GYR	-0.7012024	-1.1653748	-0.9029999
147281663	MAG	-14.741516	37.59308	7.2998047
147281663	ACC	1.4513855	-6.3946686	0.95214844
147281660	GYR	-1.7423553	-1.3647003	-1.2262421
147281673	ACC	-0.80378723	-6.115265	13.178299
147281670	GYR	-1.8274841	-0.08598328	-1.589386
147281682	MAG	-15.652466	36.558533	9.187317
147281683	ACC	-1.5841064	-8.323578	7.0785065
147281680	GYR	-0.30969238	1.9409027	-1.82547
147281693	ACC	-1.7970886	-15.12529	-2.945984
147281690	GYR	1.204361	3.3450928	-1.7980347
147281701	MAG	-17.616272	35.972595	7.447815
147281703	ACC	0.17855835	-25.86644	6.164673
147281700	GYR	1.4528351	3.3858643	-1.5781097
147281713	ACC	-0.8779907	-34.60463	21.347153
147281710	GYR	1.148941	3.4780731	-1.1785736
147281721	MAG	-19.335938	35.85663	5.151367
147281723	ACC	-1.7072144	-33.52452	14.715546
147281720	GYR	1.1635132	4.315735	-0.4178009
147281733	ACC	5.639969	-23.056229	-30.915741
147281730	GYR	0.93551636	4.0167084	0.48132324
147281740	MAG	-20.167542	36.167908	2.494812
147281743	ACC	1.9642334	-14.854218	-10.164017
147281740	GYR	-0.2505188	1.9342651	0.6391144
147281753	ACC	2.140442	-6.9544525	9.573975
147281750	GYR	-0.4446411	-0.21122742	0.3512268
147281759	MAG	-19.577026	36.283875	3.2836914
147281763	ACC	0.48867798	-6.369568	6.0111237
147281760	GYR	1.1492462	-0.040039062	0.24891663
147281773	ACC	-0.49154663	-10.188217	2.7751923
147281770	GYR	2.2276154	1.6396332	0.4767151
147281778	MAG	-19.160461	36.701965	1.1474609
147281783	ACC	0.253891	-15.343933	-0.29058838
147281780	GYR	2.0760345	2.8068695	1.0081177
147281793	ACC	2.295807	-18.925613	-0.650177
147281790	GYR	1.4996033	2.8394928	1.4941559
147281798	MAG	-18.777466	37.187195	-1.4556885
147281803	ACC	4.926132	-20.494476	-0.8191986
147281800	GYR	1.236084	2.268097	1.72229
147281813	ACC	6.089905	-19.839264	-1.9342651
147281810	GYR	1.4686127	1.8238373	1.6569061
147281817	MAG	-16.59851	37.73651	-3.3370972
147281820	GYR	1.7846527	1.8096466	1.4574127
147281823	ACC	5.1868896	-17.813492	-1.2461243
147281830	GYR	1.8952484	2.1658325	1.3675232
147281836	MAG	-15.180969	38.18817	-5.722046
147281833	ACC	4.3434906	-16.383621	-1.3212433
147281840	GYR	1.877243	2.4481354	1.4149017
147281843	ACC	5.4026184	-15.493759	-2.8873749
147281850	GYR	1.8142853	2.2788086	1.4163666
147281855	MAG	-13.98468	38.423157	-7.8460693
147281853	ACC	6.5724792	-14.639893	-5.120529
147281860	GYR	1.6508484	1.8681335	1.2967072
147281863	ACC	6.53566	-13.574402	-5.9324493
147281870	GYR	1.3758392	1.615448	1.1196747
147281875	MAG	-12.327576	38.52997	-9.664917
147281873	ACC	5.213928	-12.1332245	-5.73053
147281880	GYR	1.0307465	1.8075867	1.0215759
147281883	ACC	4.215515	-10.340897	-6.160919
147281890	GYR	0.638443	2.1893158	0.964798
147281894	MAG	-11.410522	38.633728	-11.022949
147281893	ACC	3.1671295	-8.546783	-6.5257874
147281900	GYR	0.20051575	2.1119385	0.81126404
147281903	ACC	2.1132202	-7.031311	-5.1287537
147281910	GYR	-0.22200012	1.7829285	0.6396179
147281913	MAG	-10.055542	38.508606	-11.743164
147281912	ACC	2.567749	-5.7654724	-3.6795044
147281920	GYR	-0.556015	1.5466766	0.48014832
147281922	ACC	3.4336395	-4.544998	-3.088745
147281932	MAG	-9.237671	38.75885	-11.7630005
147281932	ACC	3.6319122	-3.147812	-2.6381073
147281930	GYR	-0.87101746	1.5120392	0.27479553
147281942	ACC	3.5007935	-1.7844849	-2.4910278
147281940	GYR	-1.144928	1.5983276	0.053955078
147281952	MAG	-8.551025	38.876343	-10.978699
147281952	ACC	3.1265259	-0.7806854	-2.5121918
147281950	GYR	-1.32341	1.6444702	-0.20687866
147281962	ACC	2.79747	-0.27243042	-2.1807709
147281960	GYR	-1.4613953	1.5552368	-0.5051575
147281971	MAG	-8.488464	38.86261	-10.148621
147281972	ACC	2.4501495	-0.22265625	-1.4545288
147281970	GYR	-1.5940552	1.3241425	-0.8207092
147281982	ACC	2.3139496	-0.5023651	-0.31176758
147281980	GYR	-1.7062683	1.102066	-1.1126709
147281990	MAG	-9.0789795	38.69934	-8.9904785
147281992	ACC	2.112915	-1.0328064	0.14276123
147281990	GYR	-1.7422485	1.01651	-1.3637695
147282002	ACC	1.4897766	-1.7857056	-1.3310394
147282000	GYR	-1.7237701	1.0909271	-1.5400391
147282009	MAG	-10.322571	38.233948	-7.5424194
147282012	ACC	-0.17814636	-2.8849945	-3.3909302
147282010	GYR	-1.803299	1.2552338	-1.6300964
147282022	ACC	-2.4766388	-4.1105804	-4.0980377
147282020	GYR	-2.0766296	1.2935944	-1.631012
147282028	MAG	-11.535645	37.937927	-6.2911987
147282032	ACC	-4.4272156	-5.65889	-4.5063477
147282030	GYR	-2.4197235	1.0633392	-1.5627594
147282042	ACC	-5.8449554	-7.833832	-4.6997986
147282040	GYR	-2.7155762	0.641037	-1.4742584
147282048	MAG	-12.776184	37.54425	-4.1534424
147282052	ACC	-6.428253	-10.382904	-4.205536
147282050	GYR	-3.0121918	0.27827454	-1.3329926
147282062	ACC	-5.8033752	-13.884964	-3.546936
147282060	GYR	-3.3251953	0.11341858	-1.0876465
147282067	MAG	-13.931274	36.927795	-1.5411377
147282072	ACC	-3.8277283	-19.862778	-2.5871124
147282070	GYR	-3.6112213	-0.0619812	-0.76452637
147282082	ACC	0.11288452	-30.534988	-1.60643
147282080	GYR	-3.7748108	-0.43063354	-0.40794373
147282086	MAG	-14.215088	36.325073	1.0635376
147282092	ACC	9.206802	-39.917145	-0.5164032
147282090	GYR	-3.6394196	-0.8361206	-0.04866028
147282102	ACC	16.963852	-32.4001	-5.794998
147282100	GYR	-3.1117096	-0.91223145	0.08277893
147282106	MAG	-14.379883	35.862732	3.9764404
147282112	ACC	13.623367	-20.766174	-8.634048
147282109	GYR	-2.6587982	-0.8766022	-0.22489929
147282124	MAG	-13.893127	35.202026	6.4926147
147282122	ACC	7.715164	-14.633911	-6.406555
147282119	GYR	-2.613388	-0.85324097	-0.62106323
147282132	ACC	3.2389832	-12.569107	-6.064804
147282129	GYR	-2.5398102	-0.5068512	-0.77882385
147282144	MAG	-14.306641	34.202576	8.578491
147282142	ACC	1.2382965	-11.992371	-4.3768616
147282139	GYR	-2.2394714	-0.48028564	-0.65319824
147282152	ACC	0.4402771	-10.984665	-2.9958344
147282149	GYR	-1.8698273	-0.74082947	-0.42170715
147282163	MAG	-14.71405	33.511353	10.133362
147282162	ACC	-0.37973022	-10.019608	-2.5592346
147282159	GYR	-1.5564423	-0.6310425	-0.31611633
147282172	ACC	-0.4043579	-9.347229	-1.7660522
147282169	GYR	-1.3126831	-0.3547516	-0.28822327
147282182	MAG	-14.958191	32.885742	11.302185
147282182	ACC	-0.8510437	-9.207642	-0.47776794
147282179	GYR	-1.0462494	-0.20283508	-0.24232483
147282192	ACC	-1.779068	-8.799072	0.36109924
147282189	GYR	-0.7204132	-0.025222778	-0.13963318
147282201	MAG	-15.148926	32.414246	11.901855
147282202	ACC	-2.7639008	-7.4481354	0.12030029
147282199	GYR	-0.36842346	0.2457428	0.038208008
147282212	ACC	-3.302475	-5.5092163	-0.123809814
147282209	GYR	-0.04144287	0.4887085	0.26942444
147282221	MAG	-15.103149	32.339478	11.859131
147282219	GYR	0.24589539	0.6609497	0.49383545
147282222	ACC	-3.4240723	-3.5385132	-0.14663696
147282229	GYR	0.52349854	0.81214905	0.6897125
147282240	MAG	-14.886475	32.250977	11.482239
147282232	ACC	-3.2155304	-1.8353271	0.2888031
147282239	GYR	0.82424927	1.0650635	0.8778076
147282242	ACC	-3.0249023	-0.4842987	0.66593933
147282249	GYR	1.1290436	1.4773865	1.0994263
147282259	MAG	-14.413452	32.77588	10.121155
147282252	ACC	-1.8001099	0.27191162	0.34007263
147282259	GYR	1.3733368	1.8905182	1.3112335
147282262	ACC	-0.3070984	0.79190063	-0.05895996
147282269	GYR	1.5206604	2.213089	1.466095
147282278	MAG	-13.833618	33.68225	8.309937
147282272	ACC	0.9499054	1.2341003	-0.09817505
147282279	GYR	1.5615845	2.4917755	1.5563354
147282282	ACC	2.7117767	1.1778564	-0.38912964
147282289	GYR	1.4842834	2.7002563	1.5399323
147282298	MAG	-12.971497	34.254456	6.3201904
147282292	ACC	4.8015137	0.21176147	-1.2352295
147282299	GYR	1.2745514	2.736206	1.3933258
147282302	ACC	6.664917	-1.4455414	-1.9137421
147282309	GYR	0.9761658	2.6977234	1.1297607
147282317	MAG	-12.393188	34.739685	4.399109
147282312	ACC	7.0329285	-2.7894897	-2.8126526
147282322	ACC	5.615555	-3.0739136	-4.0080566
147282319	GYR	0.65589905	2.7169647	0.81806946
147282336	MAG	-12.319946	35.224915	3.527832
147282332	ACC	4.263092	-2.5512848	-4.1888885
147282329	GYR	0.3069458	2.5938263	0.57014465
147282342	ACC	3.4810028	-2.196457	-3.9591064
147282339	GYR	-0.006378174	2.2892761	0.33267212
147282355	MAG	-12.162781	34.83734	2.9449463
147282352	ACC	2.779541	-2.9365845	-4.013733
147282349	GYR	-0.1764679	1.9260559	0.0022583008
147282362	ACC	1.4391785	-4.4840393	-3.5186157
147282359	GYR	-0.22277832	1.7840271	-0.41467285
147282374	MAG	-13.052368	34.835815	2.7191162
147282372	ACC	-0.019317627	-6.2189636	-0.9066925
147282369	GYR	-0.033615112	2.0071106	-0.7994385
147282382	ACC	0.39646912	-9.279114	4.0390778
147282379	GYR	0.43904114	2.5550537	-1.0435944
147282394	MAG	-14.234924	34.37195	1.7120361
147282392	ACC	2.1819153	-15.6019745	5.078171
147282389	GYR	1.0640259	3.504654	-1.2809753
147282401	ACC	3.2045746	-28.755325	-4.131195
147282399	GYR	1.3667603	4.4548645	-1.6103668
147282413	MAG	-15.47699	34.1156	-0.6958008
147282411	ACC	-0.18539429	-43.476685	4.6332703
147282409	GYR	1.2180328	4.901581	-1.8650818
147282421	ACC	2.8307343	-39.598312	17.264023
147282419	GYR	0.9986725	4.9853363	-1.625351
147282432	MAG	-17.146301	33.729553	-3.0212402
147282431	ACC	6.7145386	-23.19751	-12.001205
147282429	GYR	1.7106171	4.4443207	-1.1769714
147282441	ACC	-2.1208344	-12.274521	-21.242828
147282439	GYR	1.2678223	2.8282623	-1.3139954
147282451	MAG	-17.22107	33.216858	-4.786682
147282451	ACC	-9.4387665	-6.8188477	2.2052765
147282449	GYR	-0.611557	1.42659	-0.8678436
147282461	ACC	-10.32135	-6.261734	9.280701
147282459	GYR	-0.8345337	1.392746	0.26533508
147282471	MAG	-17.773438	33.413696	-4.350281
147282471	ACC	-9.528183	-8.491745	0.6440582
147282469	GYR	0.20956421	2.9042053	1.1474915
147282481	ACC	-9.503204	-12.591629	-3.4519653
147282479	GYR	0.69685364	4.665024	1.7384949
147282490	MAG	-16.827393	33.920288	-6.526184
147282491	ACC	-7.7030334	-17.487473	-0.7529602
147282489	GYR	0.5009308	5.6989136	2.2383575
147282501	ACC	-2.8502655	-20.804276	0.7386322
147282499	GYR	0.16116333	5.6936493	2.627945
147282509	MAG	-14.363098	34.94568	-9.059143
147282511	ACC	2.3069763	-21.516037	2.944931
147282509	GYR	-0.16647339	4.7083435	2.7024384
147282521	ACC	6.4740143	-18.768845	7.7401886
147282519	GYR	-0.42271423	3.3279724	2.4552307
147282528	MAG	-10.913086	35.429382	-10.177612
147282531	ACC	10.132767	-15.692871	10.250595
147282529	GYR	-0.23484802	2.333313	2.0989685
147282541	ACC	11.780609	-13.016083	9.620987
147282539	GYR	0.38124084	2.2669525	1.7041779
147282547	MAG	-8.493042	35.980225	-11.425781
147282551	ACC	11.823059	-11.159409	7.9657288
147282549	GYR	0.9365845	2.775406	1.3032684
147282561	ACC	11.550888	-10.581528	4.6715546
147282559	GYR	1.2379303	3.1234283	0.9849243
147282567	MAG	-6.7077637	36.102295	-12.837219
147282571	ACC	11.516632	-10.164139	-0.5053711
147282569	GYR	1.3992004	3.266739	0.8070679
147282581	ACC	10.324722	-9.497879	-5.1949615
147282579	GYR	1.4015961	3.5347748	0.7467499
147282586	MAG	-5.2459717	35.977173	-14.720154
147282591	ACC	8.02301	-8.287888	-7.5100403
147282588	GYR	1.1799927	3.6520386	0.7026825
147282601	ACC	4.590042	-7.602585	-6.6566772
147282598	GYR	0.72657776	3.3756104	0.6095581
147282605	MAG	-3.6743164	35.87799	-15.779114
147282608	GYR	0.1934967	3.0561981	0.51042175
147282611	ACC	2.2076416	-7.1131744	-3.9084625
147282618	GYR	-0.17527771	3.0249176	0.43719482
147282624	MAG	-2.5894165	36.114502	-16.137695
147282621	ACC	1.8896027	-6.941513	-4.493271
147282628	GYR	-0.4475708	3.0756378	0.35702515
147282631	ACC	2.542984	-7.0533905	-6.2662354
147282638	GYR	-0.79229736	3.071045	0.26094055
147282644	MAG	-1.2786865	36.097717	-16.122437
147282641	ACC	4.3147736	-6.1406403	-6.4046326
147282648	GYR	-1.1734619	3.0702362	0.12071228
147282651	ACC	5.82045	-4.8765106	-4.6021576
147282658	GYR	-1.4847717	3.115265	-0.08042908
147282663	MAG	0.07019043	36.201477	-15.562439
147282661	ACC	7.351227	-3.7989655	-2.7026825
147282668	GYR	-1.7043915	3.1030426	-0.3521881
147282671	ACC	8.626236	-2.6603546	-0.71614075
147282678	GYR	-1.7857666	2.8877563	-0.7082062
147282682	MAG	0.9170532	36.732483	-14.492798
147282681	ACC	9.130661	-1.4979553	0.11149597
147282688	GYR	-1.7731781	2.5791016	-1.1223907
147282691	ACC	8.168488	-0.90878296	-0.3951416
147282698	GYR	-1.7898865	2.3291168	-1.4967804
147282701	MAG	1.0101318	37.078857	-13.180542
147282701	ACC	6.1706543	-0.9676819	-1.5537109
147282711	ACC	3.340149	-1.9530029	-1.8929138
147282708	GYR	-1.88591	1.9526062	-1.7484741
147282721	MAG	0.035095215	37.330627	-11.891174
147282721	ACC	-0.6360626	-3.572754	-2.9354706
147282718	GYR	-2.0037537	1.5515594	-1.9224396
147282731	ACC	-4.578003	-5.5816345	-5.3726196
147282728	GYR	-2.2066803	1.4097443	-1.957016
147282740	MAG	-1.4465332	37.5885	-10.246277
147282741	ACC	-7.5160522	-7.1384735	-6.973343
147282738	GYR	-2.582718	1.5117493	-1.8092499
147282751	ACC	-8.48526	-8.817337	-4.439514
147282748	GYR	-3.0548859	1.4223633	-1.5274506
147282759	MAG	-2.6138306	37.90741	-8.256531
147282761	ACC	-8.008896	-11.4953	-0.41201782
147282758	GYR	-3.4184418	1.1420135	-1.2130432
147282771	ACC	-6.8299103	-14.907913	-0.37568665
147282768	GYR	-3.5131836	0.9717102	-0.9670105
147282778	MAG	-3.6376953	38.038635	-5.705261
147282781	ACC	-5.707062	-19.966217	-2.9703827
147282778	GYR	-3.4961853	0.6510925	-0.8095093
147282791	ACC	-3.260086	-26.968094	-5.309021
147282788	GYR	-3.6072388	0.12678528	-0.61369324
147282797	MAG	-4.1412354	38.302612	-3.2867432
147282801	ACC	3.744751	-31.07872	-6.080658
147282798	GYR	-3.819397	-0.42755127	-0.20570374
147282811	ACC	12.971924	-28.034058	-4.500473
147282808	GYR	-3.992813	-0.97177124	0.17974854
147282817	MAG	-3.9260864	38.468933	-0.34942627
147282821	ACC	14.132507	-23.101486	-2.8033447
147282818	GYR	-3.940796	-1.2753906	0.07972717
147282831	ACC	9.465683	-20.030136	-0.85150146
147282828	GYR	-3.6911469	-1.1259613	-0.32632446
147282836	MAG	-3.3447266	38.04016	2.8396606
147282841	ACC	7.106888	-18.331345	0.4013672
147282838	GYR	-3.3441772	-0.7293396	-0.49290466
147282851	ACC	5.6542816	-17.442673	-0.14099121
147282848	GYR	-2.8872833	-0.41067505	-0.5346985
147282855	MAG	-3.93219	37.52289	5.2719116
147282861	ACC	3.2640991	-16.386017	-2.1472168
147282858	GYR	-2.4755096	-0.32138062	-0.61408997
147282871	ACC	1.0592041	-15.055222	-2.8116302
147282868	GYR	-2.2446442	-0.380661	-0.6633301
147282875	MAG	-4.2648315	36.961365	7.2296143
147282880	ACC	-0.52441406	-13.670334	-1.8217163
147282878	GYR	-2.1302032	-0.5842438	-0.6491394
147282890	ACC	-1.618042	-12.175873	-0.39416504
147282888	GYR	-1.9724274	-0.7303467	-0.61309814
147282894	MAG	-5.177307	36.506653	9.213257
147282900	ACC	-2.901535	-10.541351	0.30285645
147282898	GYR	-1.7255096	-0.71362305	-0.54748535
147282913	MAG	-4.924011	36.03363	10.574341
147282910	ACC	-3.325714	-8.656906	-0.056777954
147282908	GYR	-1.4289093	-0.54203796	-0.40769958
147282920	ACC	-2.799057	-6.718567	-0.12683105
147282918	GYR	-1.1385345	-0.2957306	-0.22358704
147282932	MAG	-5.1879883	35.57892	11.502075
147282930	ACC	-2.6207123	-5.708557	-0.1743164
147282928	GYR	-0.82748413	-0.0137786865	-0.10417175
147282940	ACC	-2.6130219	-4.720825	-0.28501892
147282938	GYR	-0.44255066	0.292984	-0.04988098
147282951	MAG	-5.015564	35.51941	11.865234
147282950	ACC	-2.897812	-3.1460876	-0.7615051
147282948	GYR	-0.0014038086	0.637558	4.119873E-4
147282960	ACC	-3.1113586	-1.636322	-1.0149994
147282958	GYR	0.4246521	0.99827576	0.09739685
147282970	MAG	-5.5145264	35.484314	11.66687
147282970	ACC	-2.736267	-0.32728577	-1.1050873
147282968	GYR	0.7701721	1.362793	0.29249573
147282980	ACC	-1.5701752	0.8382721	-0.6221771
147282978	GYR	1.0062103	1.7292938	0.5700531
147282990	MAG	-5.2764893	36.036682	10.409546
147282990	ACC	-0.074035645	1.7163239	0.54959106
147282988	GYR	1.161911	2.088791	0.84555054
147282998	GYR	1.2921753	2.4736328	1.0654602
147283009	MAG	-5.2261353	36.5448	9.214783
147283000	ACC	1.1887665	2.182251	1.1492157
147283008	GYR	1.3872833	2.8470001	1.2375946
147283010	ACC	3.0600433	2.230957	1.2953644
147283018	GYR	1.4117737	3.0814667	1.3183899
147283028	MAG	-4.386902	37.208557	7.5897217
147283020	ACC	4.7845154	1.9668579	1.1213684
147283028	GYR	1.3409424	3.135147	1.2653046
147283030	ACC	5.295059	1.6181488	1.0452423
147283038	GYR	1.1920013	3.0561066	1.1180573
147283047	MAG	-3.9169312	37.776184	6.1798096
147283040	ACC	4.819931	1.5368805	1.7851257
147283048	GYR	1.0278625	2.9737854	0.9185333
147283050	ACC	3.130539	1.271759	2.037857
147283058	GYR	0.83283997	3.0056763	0.721344
147283067	MAG	-3.6392212	38.414	4.8217773
147283060	ACC	1.8338928	0.7344818	1.9498138
147283067	GYR	0.6257782	3.141632	0.50720215
147283070	ACC	1.3994293	-0.42344666	1.1671295
147283077	GYR	0.49319458	3.3334503	0.15679932
147283086	MAG	-3.5339355	38.723755	3.6834717
147283080	ACC	-0.26675415	-2.9105072	-2.456955
147283087	GYR	0.29896545	3.5018463	-0.23742676
147283090	ACC	-2.7815247	-6.6337433	-4.375656
147283105	MAG	-4.1381836	39.120483	2.810669
147283100	ACC	-2.9627075	-9.973785	4.778595
147283097	GYR	0.17298889	3.4424438	-0.49627686
147283110	ACC	-1.7527161	-11.962738	10.7140045
147283107	GYR	0.848938	3.946991	-0.68258667
147283124	MAG	-5.1498413	39.453125	0.9963989
147283120	ACC	-2.8508606	-16.55545	4.2513733
147283117	GYR	1.7104797	5.45459	-0.9089813
147283130	ACC	-7.844406	-25.556015	0.9961853
147283127	GYR	1.7816772	6.4797974	-0.90727234
147283143	MAG	-6.2408447	39.964294	-1.1962891
147283140	ACC	-6.450409	-31.957947	4.4494934
147283137	GYR	1.2258301	6.688446	-0.15110779
147283150	ACC	6.060501	-27.134384	2.146759
147283147	GYR	0.8357544	6.3261414	1.0162506
147283163	MAG	-5.3741455	40.109253	-3.201294
147283160	ACC	13.421555	-15.944885	-4.308441
147283157	GYR	0.79992676	4.8641663	1.1064606
147283170	ACC	9.269302	-8.602921	-1.5924377
147283167	GYR	0.51478577	3.3731995	0.28637695
147283182	MAG	-4.432678	40.11383	-4.2297363
147283180	ACC	3.3127441	-8.095551	3.9031067
147283177	GYR	0.16247559	3.0436249	0.02178955
147283190	ACC	0.9880676	-11.956589	1.4496765
147283187	GYR	0.26097107	3.265808	0.39517212
147283201	MAG	-4.0390015	40.464783	-4.740906
147283200	ACC	1.1384125	-16.241531	-1.559494
147283197	GYR	0.37945557	3.3741608	0.89611816
147283210	ACC	1.6876984	-19.287598	-0.023712158
147283207	GYR	0.22819519	3.0995178	1.1893005
147283220	MAG	-2.748108	40.66162	-5.618286
147283220	ACC	2.7955475	-20.523315	2.6042938
147283217	GYR	0.17706299	2.5931854	1.265564
147283230	ACC	5.1080627	-19.914444	3.9909515
147283227	GYR	0.37434387	2.1654205	1.1895752
147283240	MAG	-1.1566162	40.890503	-6.3323975
147283240	ACC	7.58226	-18.64621	3.3903198
147283237	GYR	0.7069397	1.9963837	1.0513916
147283250	ACC	9.505203	-17.46634	1.5586853
147283247	GYR	1.0357056	2.0455933	0.9004364
147283259	MAG	-0.2166748	41.012573	-7.368469
147283260	ACC	9.351532	-16.59021	0.61021423
147283257	GYR	1.2388306	2.277237	0.80044556
147283270	ACC	8.219574	-16.029892	-0.4560852
147283267	GYR	1.3878632	2.451233	0.7740021
147283278	MAG	0.96435547	40.794373	-8.488464
147283280	ACC	7.733383	-15.288712	-2.0005798
147283277	GYR	1.5083618	2.374649	0.8345947
147283290	ACC	7.4727325	-14.301468	-3.6965637
147283287	GYR	1.5072784	2.133789	0.9143982
147283297	MAG	2.0187378	40.7135	-9.979248
147283300	ACC	7.9005585	-12.832382	-6.041443
147283297	GYR	1.3690491	1.9500275	0.969574
147283310	ACC	7.7526245	-11.172089	-8.07901
147283307	GYR	1.131134	1.8740234	1.0124207
147283316	MAG	2.9663086	40.55786	-10.951233
147283320	ACC	5.470581	-10.0914	-8.214584
147283317	GYR	0.7546692	1.8874664	1.0342407
147283330	ACC	3.11792	-9.537567	-6.508148
147283327	GYR	0.2390747	1.943634	1.0666046
147283336	MAG	4.206848	40.789795	-11.180115
147283340	ACC	1.9917297	-9.103683	-5.7485504
147283337	GYR	-0.21182251	1.889328	1.1325531
147283350	ACC	2.2788696	-8.381058	-4.7232513
147283347	GYR	-0.49354553	1.5940247	1.1776123
147283355	MAG	5.307007	41.08734	-10.665894
147283359	ACC	4.2197266	-7.0758514	-3.0843658
147283357	GYR	-0.6811371	1.2882996	1.1779785
147283369	ACC	6.7998657	-5.700882	-2.9762268
147283367	GYR	-0.7764282	1.2595978	1.0836182
147283374	MAG	6.852722	41.04004	-10.105896
147283379	ACC	8.507156	-4.5115356	-3.793579
147283377	GYR	-0.84906006	1.4941559	0.83943176
147283387	GYR	-0.9868622	1.7330322	0.48764038
147283393	MAG	8.047485	41.26129	-8.988953
147283389	ACC	7.835617	-3.063736	-4.4757233
147283397	GYR	-1.190979	1.7309723	0.12542725
147283399	ACC	7.0551453	-1.5033112	-3.62294
147283407	GYR	-1.3871613	1.4605713	-0.24928284
147283413	MAG	8.494568	41.407776	-7.499695
147283409	ACC	7.387451	-0.14486694	-2.295639
147283417	GYR	-1.5134583	1.0895844	-0.699173
147283419	ACC	8.122574	0.8478546	-1.3149872
147283427	GYR	-1.5671539	0.7382355	-1.2306976
147283432	MAG	8.203125	41.860962	-6.124878
147283429	ACC	7.9493866	1.1477966	-0.94299316
147283437	GYR	-1.5866699	0.43273926	-1.7653198
147283439	ACC	5.801529	0.57821655	-1.4144135
147283447	GYR	-1.6352997	0.15219116	-2.141037
147283451	MAG	7.307434	42.23938	-4.385376
147283449	ACC	2.1258087	-0.81814575	-2.755005
147283457	GYR	-1.8280487	0.011428833	-2.2236633
147283459	ACC	-1.0033875	-3.4048157	-4.7726746
147283467	GYR	-2.2664642	0.17623901	-2.0884705
147283470	MAG	5.218506	42.69867	-2.39563
147283469	ACC	-3.0857086	-7.629196	-7.428192
147283477	GYR	-2.9336548	0.40699768	-1.9678192
147283479	ACC	-5.826416	-11.887009	-7.6781006
147283487	GYR	-3.5299225	0.23310852	-1.868393
147283490	MAG	3.3493042	42.904663	0.5706787
147283489	ACC	-8.063705	-14.416687	-6.034317
147283499	ACC	-9.621109	-15.413132	-5.8249664
147283497	GYR	-3.701767	-0.34339905	-1.7368317
147283509	MAG	2.1896362	42.671204	4.498291
147283509	ACC	-9.27713	-16.607437	-5.723297
147283507	GYR	-3.7424774	-1.0154572	-1.4947357
147283519	ACC	-5.7124634	-20.023956	-4.034897
147283517	GYR	-3.960785	-1.7842712	-1.0912323
147283528	MAG	0.95825195	42.071533	8.03833
147283529	ACC	-1.9934387	-26.226318	-1.4110413
147283527	GYR	-4.2379303	-2.572052	-0.7512665
147283539	ACC	1.7421417	-31.625107	-0.46780396
147283537	GYR	-4.3020325	-2.5183258	-0.53948975
147283547	MAG	1.512146	40.888977	12.023926
147283549	ACC	6.76622	-30.888046	-0.3935089
147283547	GYR	-4.165283	-1.4540863	-0.41349792
147283559	ACC	13.429367	-26.568512	-1.0023041
147283556	GYR	-3.9129639	-0.2902527	-0.4216156
147283566	MAG	1.5899658	39.463806	15.405273
147283569	ACC	16.6792	-24.2361	-3.7528076
147283566	GYR	-3.5136566	0.07397461	-0.82095337
147283579	ACC	14.511887	-23.54515	-6.633194
147283576	GYR	-3.2093048	-0.30645752	-1.5460052
147283586	MAG	0.97198486	38.194275	18.586731
147283589	ACC	10.590942	-21.987427	-6.5264893
147283586	GYR	-3.1647644	-1.3001556	-2.0317383
147283599	ACC	7.371704	-19.76625	-4.8622894
147283596	GYR	-3.1877594	-2.696106	-2.0323334
147283605	MAG	-0.44403076	36.776733	21.455383
147283609	ACC	5.4099274	-17.624222	-3.022461
147283606	GYR	-3.13945	-3.744629	-1.736557
147283619	ACC	3.492508	-15.231567	-1.2398376
147283616	GYR	-2.9978943	-4.1121674	-1.4084625
147283624	MAG	0.009155273	34.9823	24.6109
147283629	ACC	1.7095032	-11.610748	0.36517334
147283626	GYR	-2.7138062	-4.1265717	-1.1125793
147283639	ACC	-0.68644714	-9.095657	0.41810608
147283636	GYR	-2.3170776	-3.972046	-0.7437744
147283643	MAG	1.2802124	33.75244	27.120972
147283649	ACC	-2.4887085	-7.103836	0.16795349
147283646	GYR	-1.9259796	-3.5484924	-0.3428955
147283659	ACC	-2.8059998	-4.674011	-0.076538086
147283656	GYR	-1.5454559	-2.95578	-0.033599854
147283663	MAG	3.2165527	32.585144	28.800964
147283669	ACC	-2.6525116	-3.1490326	0.05696106
147283666	GYR	-1.078064	-2.3664093	0.08416748
147283679	ACC	-2.5107727	-2.5501556	0.5036316
147283676	GYR	-0.5288391	-1.8513641	0.06285095
147283682	MAG	4.6585083	31.96106	29.823303
147283689	ACC	-2.6486511	-1.5024567	1.0184631
147283686	GYR	0.070999146	-1.3382263	-0.0054016113
147283699	ACC	-2.9128418	-0.46803284	0.8723755
147283696	GYR	0.6708832	-0.76989746	-0.06933594
147283701	MAG	5.581665	31.974792	29.859924
147283709	ACC	-3.020752	-0.112350464	0.014297485
147283706	GYR	1.192749	-0.17948914	-0.0922699
147283720	MAG	5.944824	32.69806	29.000854
147283719	ACC	-3.3638306	0.37709045	-0.5941467
147283716	GYR	1.5297241	0.35456848	-0.041900635
147283729	ACC	-3.08461	1.0291138	-0.33210754
147283726	GYR	1.6490784	0.8674164	0.094177246
147283739	MAG	5.314636	33.73413	27.900696
147283739	ACC	-2.959076	1.583847	0.077682495
147283736	GYR	1.6425781	1.4013672	0.28971863
147283749	ACC	-2.6535187	1.8791656	0.6406555
147283746	GYR	1.5899658	1.9193115	0.5111542
147283759	MAG	4.8797607	34.501648	26.760864
147283759	ACC	-1.803894	1.9493408	1.2126007
147283756	GYR	1.5137482	2.336319	0.7245178
147283769	ACC	-0.92108154	1.679245	1.418457
147283766	GYR	1.4312592	2.5711365	0.8773651
147283778	MAG	4.425049	35.31952	26.036072
147283776	GYR	1.3486786	2.6586456	0.9293213
147283779	ACC	-0.76000977	1.3675232	1.483078
147283786	GYR	1.2669678	2.6970825	0.8928375
147283797	MAG	3.793335	36.164856	24.856567
147283789	ACC	-0.93240356	0.9387207	1.3002014
147283796	GYR	1.1817017	2.732193	0.80656433
147283799	ACC	-0.9035797	0.42866516	0.97039795
147283806	GYR	1.0730896	2.7395172	0.68466187
147283816	MAG	2.859497	36.62262	24.139404
147283809	ACC	-1.0374146	-0.37771606	0.16175842
147283816	GYR	0.9178467	2.6879883	0.5531311
147283819	ACC	-0.95381165	-1.2115936	-1.1062164
147283826	GYR	0.6980896	2.534134	0.43321228
147283836	MAG	2.1697998	37.394714	23.478699
147283829	ACC	-0.58070374	-1.8612366	-2.7344055
147283836	GYR	0.43281555	2.258484	0.30949402
147283838	ACC	-0.28875732	-2.4889526	-5.5446014
147283846	GYR	0.050079346	1.8477936	0.18263245
147283855	MAG	1.3458252	37.22534	23.446655
147283848	ACC	0.37260437	-3.907196	-9.7664795
147283856	GYR	-0.72610474	1.3915253	0.022659302
147283858	ACC	1.3118744	-5.785446	-4.798828
147283866	GYR	-1.381424	1.5930176	-0.20947266
147283874	MAG	0.7141113	36.86676	24.01886
147283868	ACC	0.65322876	-5.5000305	6.2291718
147283876	GYR	-0.95770264	2.649475	-0.38404846
147283878	ACC	-2.0115356	-3.9759216	9.981155
147283893	MAG	-0.76293945	36.43341	24.276733
147283888	ACC	-4.638092	-4.682083	7.817032
147283886	GYR	0.12963867	3.585373	-0.37277222
147283898	ACC	-6.37117	-8.395462	2.5802917
147283896	GYR	1.0123444	4.142975	-0.18281555
147283912	MAG	-3.5461426	36.982727	23.477173
147283908	ACC	-3.578125	-15.099487	1.693634
147283906	GYR	1.3779907	4.0039825	0.18385315
147283918	ACC	2.590683	-23.81285	14.386185
147283916	GYR	1.3837128	3.8074188	0.38981628
147283932	MAG	-4.4937134	37.92267	21.339417
147283928	ACC	4.7679443	-30.199402	19.411438
147283926	GYR	1.8609467	4.639328	0.39382935
147283938	ACC	4.7216187	-28.48616	1.7649536
147283936	GYR	2.357193	5.288513	0.66174316
147283951	MAG	-6.3308716	39.056396	18.359375
147283948	ACC	5.515503	-21.581223	-14.441193
147283946	GYR	1.6313934	4.7626953	1.0891113
147283958	ACC	5.8277283	-14.9561615	-9.089493
147283956	GYR	0.2756958	3.6004639	1.2152557
147283970	MAG	-6.642151	39.649963	17.549133
147283968	ACC	5.144806	-12.0529785	0.61605835
147283966	GYR	-0.09895325	2.5475464	1.189743
147283978	ACC	2.5148163	-14.402069	0.47407532
147283976	GYR	0.8082886	2.252594	1.2120972
147283989	MAG	-6.7001343	40.20233	16.218567
147283988	ACC	0.9567261	-18.112442	-0.79792786
147283986	GYR	1.4219055	2.6775818	1.496109
147283998	ACC	1.6633453	-21.172531	0.8327942
147283996	GYR	1.3868408	2.9395142	1.9376373
147284009	MAG	-6.248474	40.93628	14.611816
147284008	ACC	4.6330566	-23.338654	0.70266724
147284006	GYR	1.3614044	2.3564758	2.1757355
147284018	ACC	8.563126	-23.861938	-0.97309875
147284016	GYR	1.6865234	1.5408478	2.1544342
147284028	MAG	-4.6417236	41.934204	12.269592
147284028	ACC	10.034729	-22.766235	-0.010406494
147284026	GYR	2.057541	1.537262	1.9698486
147284038	ACC	10.172745	-21.069275	0.9357147
147284035	GYR	2.3381348	2.1936646	1.8106842
147284047	MAG	-3.2470703	42.982483	9.706116
147284048	ACC	10.152222	-19.329025	-1.2653656
147284045	GYR	2.568222	2.6840363	1.7294769
147284058	ACC	9.382172	-17.871338	-3.5187988
147284055	GYR	2.626419	2.635437	1.627121
147284066	MAG	-2.59552	43.79883	6.878662
147284068	ACC	8.904312	-17.055176	-5.1029205
147284065	GYR	2.5127106	2.0620575	1.5420837
147284078	ACC	7.912369	-16.775986	-6.950363
147284075	GYR	2.3390045	1.5492249	1.5262909
147284086	MAG	-1.6326904	44.37256	4.281616
147284088	ACC	6.752594	-15.920746	-9.40094
147284085	GYR	2.0749512	1.5504608	1.571518
147284098	ACC	5.6813354	-14.637497	-10.933884
147284095	GYR	1.6552887	1.6077881	1.676239
147284105	MAG	-0.53100586	45.028687	2.2720337
147284108	ACC	4.929489	-13.302307	-10.688843
147284105	GYR	1.0686035	1.4112244	1.8163757
147284118	ACC	5.1736298	-11.34433	-8.658386
147284115	GYR	0.40992737	1.2429199	1.9475555
147284124	MAG	1.0055542	45.30182	1.4663696
147284128	ACC	5.72258	-8.562149	-5.201523
147284125	GYR	-0.15586853	1.130127	1.9718628
147284138	ACC	5.9995575	-5.832779	-0.35749817
147284135	GYR	-0.4676056	0.9310608	1.8201752
147284143	MAG	2.6229858	45.277405	1.6952515
147284148	ACC	5.059967	-3.7025146	-0.06742859
147284145	GYR	-0.36416626	0.7286377	1.512619
147284158	ACC	3.5802917	-2.2238007	-2.9216766
147284155	GYR	-0.036956787	0.6955414	1.1499176
147284162	MAG	4.1763306	45.339966	1.7379761
147284165	GYR	0.13806152	0.8000946	0.8221283
147284168	ACC	2.618225	-0.96162415	-5.2033997
147284175	GYR	0.04408264	0.87701416	0.5506134
147284182	MAG	4.483032	45.217896	1.9134521
147284178	ACC	3.7254028	0.21922302	-6.5718536
147284185	GYR	-0.29930115	0.8447418	0.27256775
147284188	ACC	6.1363983	0.91711426	-5.003937
147284195	GYR	-0.66185	0.70788574	-0.10346985
147284201	MAG	4.801941	45.082092	2.2735596
147284198	ACC	7.9688416	1.6179047	-0.7436371
147284205	GYR	-0.76768494	0.43437195	-0.5964508
147284208	ACC	9.161011	2.0316467	1.6186523
147284215	GYR	-0.6941223	0.066833496	-1.1681061
147284220	MAG	4.359436	44.961548	2.8182983
147284218	ACC	8.656525	2.0965576	1.5681
147284225	GYR	-0.65423584	-0.31163025	-1.6971741
147284228	ACC	6.490143	2.1284332	0.4528656
147284235	GYR	-0.6933899	-0.48350525	-2.0269318
147284239	MAG	2.9067993	44.813538	4.118347
147284238	ACC	4.1517944	1.5113068	-2.1899261
147284245	GYR	-0.80418396	-0.34054565	-2.1338348
147284248	ACC	1.2431488	0.08378601	-6.1168823
147284255	GYR	-1.0907898	-0.09761047	-2.0650482
147284259	MAG	0.85754395	44.78302	5.2612305
147284258	ACC	-0.80726624	-1.6764374	-9.046371
147284265	GYR	-1.5545502	-0.11430359	-1.9454803
147284268	ACC	-1.9045868	-2.7183533	-9.144943
147284278	MAG	-1.2466431	44.4458	6.890869
147284278	ACC	-2.900299	-3.5440063	-6.3441925
147284275	GYR	-2.1444855	-0.43370056	-1.8728485
147284288	ACC	-3.7644653	-4.6080475	-0.7524414
147284285	GYR	-2.7309265	-0.879776	-1.7468872
147284297	MAG	-2.8060913	43.486023	9.875488
147284298	ACC	-3.3290253	-6.6078644	2.6520538
147284295	GYR	-2.9957733	-1.1987	-1.5491791
147284308	ACC	-1.8724365	-9.795593	0.68434143
147284305	GYR	-2.9887238	-1.4351501	-1.3743286
147284316	MAG	-3.7124634	42.32788	12.464905
147284317	ACC	-0.53897095	-13.604019	-2.7556458
147284315	GYR	-3.1554108	-1.7543488	-1.3341675
147284327	ACC	1.1099243	-18.108612	-4.8603973
147284325	GYR	-3.5066833	-1.8956146	-1.4455414
147284336	MAG	-4.029846	40.629578	16.352844
147284337	ACC	2.587616	-23.820526	-4.830841
147284335	GYR	-3.7326202	-1.8776703	-1.6716309
147284347	ACC	1.9364471	-31.023346	-3.6125336
147284345	GYR	-3.6291504	-2.0082092	-1.9398499
147284355	MAG	-4.8583984	38.790894	19.863892
147284357	ACC	-1.0599823	-37.971313	-2.295044
147284355	GYR	-3.3218842	-2.1484222	-2.0249786
147284367	ACC	-0.898468	-37.407806	-1.7100983
147284365	GYR	-3.1613007	-1.4950867	-1.8515015
147284374	MAG	-5.7754517	36.98578	22.824097
147284377	ACC	6.3102417	-29.132904	-2.3935547
147284375	GYR	-3.08078	-0.4807129	-1.4855499
147284387	ACC	11.325302	-23.310242	-4.202408
147284385	GYR	-2.8818207	-0.58451843	-1.4346313
147284393	MAG	-6.3919067	34.94873	25.22583
147284397	ACC	11.207092	-22.399796	-5.064209
147284395	GYR	-2.7320557	-1.6756744	-1.8804016
147284407	ACC	10.076218	-22.32904	-4.7628937
147284405	GYR	-2.7478333	-2.666214	-2.2860107
147284412	MAG	-7.08313	33.120728	27.98767
147284417	ACC	10.599747	-21.424408	-4.8292084
147284415	GYR	-2.765503	-3.2509003	-2.4089813
147284427	ACC	9.959335	-19.388382	-4.975647
147284425	GYR	-2.6102448	-3.6730347	-2.447937
147284432	MAG	-7.0251465	30.827332	30.923462
147284437	ACC	8.602005	-16.526901	-4.393112
147284435	GYR	-2.2769775	-4.0976257	-2.4499817
147284447	ACC	7.5392303	-13.308258	-2.738327
147284445	GYR	-1.8151398	-4.6585693	-2.238922
147284451	MAG	-6.2423706	28.819275	33.241272
147284457	ACC	5.4775085	-10.1540985	-1.4421539
147284455	GYR	-1.2889557	-5.1579895	-1.8447266
147284467	ACC	2.1511536	-6.604721	-0.15101624
147284465	GYR	-0.7900696	-5.1435547	-1.3994751
147284470	MAG	-4.144287	27.60315	35.14557
147284477	ACC	-0.41921997	-3.714264	0.31466675
147284475	GYR	-0.3591919	-4.5088806	-0.9873657
147284487	ACC	-2.8145447	-2.4008942	0.35868835
147284485	GYR	0.061904907	-3.6007233	-0.71733093
147284490	MAG	-1.8310547	27.418518	36.224365
147284497	ACC	-4.939102	-1.5566406	0.6511841
147284495	GYR	0.5065918	-2.8320465	-0.60632324
147284508	MAG	-0.24108887	27.723694	36.154175
147284507	ACC	-6.2425385	-1.1318817	1.6946259
147284505	GYR	0.9278412	-2.1813354	-0.50564575
147284517	ACC	-6.4020996	-0.5059204	2.0273438
147284514	GYR	1.3067627	-1.4581299	-0.3496704
147284528	MAG	0.64086914	28.622437	35.157776
147284527	ACC	-5.9228363	0.4079895	1.4622803
147284524	GYR	1.6195679	-0.6963501	-0.1567688
147284537	ACC	-5.0437927	1.1913147	1.3648224
147284534	GYR	1.7997742	-0.07476807	0.08496094
147284547	MAG	0.541687	29.86145	34.059143
147284547	ACC	-3.515396	1.8284912	1.8099976
147284544	GYR	1.8439484	0.35871887	0.37387085
147284557	ACC	-1.5796509	2.164566	2.225937
147284554	GYR	1.8322906	0.6515198	0.65052795
147284566	MAG	0.7461548	31.443787	32.54547
147284564	GYR	1.7792053	0.94117737	0.85424805
147284567	ACC	-0.20887756	2.1823883	2.6805267
147284574	GYR	1.6915741	1.3274536	0.97120667
147284585	MAG	0.35705566	32.522583	31.428528
147284577	ACC	0.35620117	1.6088867	2.6497498
147284584	GYR	1.5876312	1.7880402	1.013443
147284587	ACC	0.7028656	0.43870544	2.0327148
147284594	GYR	1.4645538	2.230957	0.9511261
147284605	MAG	-0.0061035156	33.50525	29.992676
147284597	ACC	0.39813232	-0.502121	1.0290375
147284604	GYR	1.3100891	2.5514832	0.8057556
147284607	ACC	-0.5661621	-0.98579407	0.593338
147284614	GYR	1.1547546	2.7423248	0.6664734
147284624	MAG	-1.0498047	34.205627	29.125977
147284617	ACC	-1.541153	-1.1051483	0.037643433
147284624	GYR	1.0127258	2.8520508	0.56144714
147284627	ACC	-2.3364868	-1.115982	-1.1782074
147284634	GYR	0.854187	2.8450928	0.46403503
147284643	MAG	-2.684021	34.902954	28.155518
147284637	ACC	-2.8805084	-1.363266	-3.1238403
147284644	GYR	0.6581421	2.6295013	0.3698883
147284647	ACC	-2.9952087	-2.1601715	-5.126236
147284654	GYR	0.47351074	2.1312103	0.2612152
147284662	MAG	-4.0405273	35.035706	27.532959
147284657	ACC	-2.7113953	-3.9852448	-6.5692596
147284667	ACC	-1.8158569	-5.983963	-9.991531
147284664	GYR	0.26597595	1.3507538	0.12670898
147284682	MAG	-4.5318604	35.45685	27.532959
147284677	ACC	-0.115219116	-7.8627014	-16.964615
147284674	GYR	-0.1583252	0.47323608	-0.0211792
147284687	ACC	3.153778	-8.732788	-15.790512
147284684	GYR	-1.1815338	-0.6031647	-0.12817383
147284701	MAG	-4.260254	34.197998	28.993225
147284697	ACC	6.275894	-7.705536	2.9144287
147284694	GYR	-2.5774841	-1.1486053	-0.34066772
147284707	ACC	4.356079	-5.5115356	18.483276
147284704	GYR	-2.8226776	0.73908997	-0.7606354
147284720	MAG	-4.4937134	32.521057	30.74646
147284717	ACC	-4.4278564	-6.1631775	17.186996
147284714	GYR	-1.3594666	3.6583862	-1.0101318
147284727	ACC	-11.073853	-8.550674	8.877426
147284724	GYR	0.36195374	4.8779144	-0.5473633
147284739	MAG	-8.80127	32.792664	29.594421
147284737	ACC	-11.320831	-11.970551	-0.45544434
147284734	GYR	1.1420898	3.8513794	0.3728943
147284747	ACC	-2.3743439	-16.569183	3.0964966
147284744	GYR	1.2883911	2.2604065	0.93959045
147284758	MAG	-9.855652	33.850098	28.009033
147284757	ACC	8.392471	-19.813766	16.44519
147284754	GYR	1.3826599	1.3897095	1.0131378
147284767	ACC	8.530197	-21.1212	9.198151
147284764	GYR	1.8894501	1.9770203	0.98872375
147284778	MAG	-9.692383	35.121155	25.872803
147284777	ACC	4.462372	-21.192276	-5.3015594
147284774	GYR	1.7009888	2.53096	1.2365875
147284787	ACC	4.146866	-18.149658	-7.9495544
147284784	GYR	0.73568726	2.687729	1.5737
147284797	MAG	-9.806824	36.026	24.519348
147284797	ACC	4.014496	-14.7048645	-4.518631
147284794	GYR	0.55384827	2.6756134	1.642273
147284806	ACC	1.7748566	-14.61261	-0.35435486
147284804	GYR	1.2968445	2.6484985	1.5009003
147284816	MAG	-9.812927	36.964417	22.64862
147284816	ACC	2.2100372	-17.309586	1.2568054
147284814	GYR	1.9822998	2.531433	1.6035309
147284826	ACC	4.851059	-21.205292	-1.3221436
147284824	GYR	2.3509064	2.1957397	1.9675598
147284835	MAG	-9.736633	38.57422	20.077515
147284836	ACC	7.687271	-25.152939	-2.0028992
147284834	GYR	2.410553	1.6815948	2.2282715
147284846	ACC	10.998077	-27.01059	-0.9575958
147284844	GYR	2.521988	1.3518372	2.3565826
147284855	MAG	-8.477783	40.07721	17.07306
147284856	ACC	14.017563	-25.911224	-1.2608185
147284854	GYR	2.8838348	1.4826965	2.3927765
147284866	ACC	15.264038	-23.780518	-3.299469
147284864	GYR	3.1783295	1.7774048	2.2507782
147284874	MAG	-6.756592	41.60614	13.761902
147284876	ACC	13.732971	-21.178055	-5.5390625
147284874	GYR	3.204483	1.7738037	1.9225159
147284886	ACC	9.960419	-18.06163	-7.0405884
147284884	GYR	3.0327148	1.3427582	1.618103
147284893	MAG	-5.705261	42.962646	10.548401
147284896	ACC	6.175186	-15.832367	-9.144226
147284894	GYR	2.739914	0.85850525	1.5598145
147284906	ACC	3.827942	-15.101944	-11.727081
147284904	GYR	2.3574066	0.70599365	1.7127533
147284912	MAG	-4.838562	44.14978	8.097839
147284916	ACC	2.9325562	-15.294312	-11.467957
147284914	GYR	1.8051758	0.7142792	1.9195099
147284926	ACC	3.5685883	-14.021225	-8.384506
147284924	GYR	1.0965576	0.66090393	2.0726166
147284931	MAG	-3.276062	44.71588	6.3919067
147284936	ACC	5.144684	-11.371277	-5.888733
147284934	GYR	0.47729492	0.432312	2.0929413
147284946	ACC	5.5059204	-8.132538	-2.4707184
147284944	GYR	0.071884155	0.111709595	1.9388275
147284951	MAG	-1.3778687	44.97528	5.8898926
147284954	GYR	-0.065216064	-0.06373596	1.7031097
147284956	ACC	5.6057434	-5.4530945	-0.81251526
147284964	GYR	0.05404663	-0.10862732	1.4687347
147284970	MAG	0.2685547	44.929504	5.8410645
147284966	ACC	5.810425	-3.1792908	-0.20930481
147284974	GYR	0.33763123	-0.0063934326	1.1745605
147284976	ACC	5.0589294	-0.9626007	-1.3413391
147284984	GYR	0.5733795	0.16500854	0.86221313
147284989	MAG	1.31073	45.04547	5.5389404
147284986	ACC	4.4705353	1.0947418	-4.2870026
147284993	GYR	0.5346832	0.24487305	0.56773376
147284996	ACC	4.7492065	1.8234253	-5.609421
147285003	GYR	0.32933044	0.017028809	0.266922
147285008	MAG	1.9958496	45.132446	4.9835205
147285006	ACC	6.0130157	1.1195984	-5.009857
147285013	GYR	0.11454773	-0.40838623	-0.1118927
147285016	ACC	7.053238	-0.033203125	-2.2521973
147285023	GYR	0.0045318604	-0.8661194	-0.6235962
147285028	MAG	1.9989014	45.014954	4.99115
147285026	ACC	7.3053436	-0.59350586	0.53671265
147285033	GYR	0.0019226074	-1.3747559	-1.1897888
147285036	ACC	6.407654	-0.39364624	1.4299774
147285043	GYR	-0.03263855	-1.780899	-1.638504
147285047	MAG	1.2008667	44.862366	5.3268433
147285046	ACC	5.103409	0.38427734	0.13774109
147285056	ACC	3.920044	0.7269745	-3.6893616
147285053	GYR	-0.18034363	-1.6274261	-1.8652496
147285066	MAG	-0.06561279	44.5343	5.8425903
147285066	ACC	1.8360138	-0.5864105	-8.6996155
147285063	GYR	-0.49987793	-0.95111084	-1.9199524
147285076	ACC	-1.5923309	-2.4867554	-11.297516
147285073	GYR	-1.013504	-0.5374298	-1.8842468
147285085	MAG	-2.1850586	44.28711	7.28302
147285086	ACC	-3.9704437	-3.4037628	-9.843063
147285083	GYR	-1.6748352	-0.6377106	-1.7333527
147285096	ACC	-5.2840576	-3.9887543	-4.233124
147285093	GYR	-2.352188	-1.1307983	-1.5457306
147285104	MAG	-3.767395	43.504333	9.329224
147285106	ACC	-5.177658	-4.496689	2.7348785
147285103	GYR	-2.8085938	-1.7670135	-1.337204
147285116	ACC	-3.6448212	-5.5723114	4.494171
147285113	GYR	-2.8596954	-2.0223541	-1.1245422
147285124	MAG	-4.396057	42.20581	12.374878
147285126	ACC	-1.5798798	-7.9348907	1.2618713
147285123	GYR	-2.7669678	-1.902771	-0.97377014
147285136	ACC	0.2024231	-11.349716	-2.1418304
147285133	GYR	-2.9534912	-1.9930573	-0.92674255
147285143	MAG	-4.3792725	40.711975	15.5807495
147285146	ACC	1.6095581	-15.153229	-4.080078
147285143	GYR	-3.451355	-2.3061066	-0.9348602
147285156	ACC	2.5802612	-19.24553	-3.6710052
147285153	GYR	-4.0162354	-2.4697876	-1.0111542
147285162	MAG	-4.284668	38.964844	19.12384
147285166	ACC	1.3379822	-23.806534	-0.32870483
147285163	GYR	-4.299591	-2.2315521	-1.1941376
147285176	ACC	-0.30769348	-30.197403	0.5506592
147285173	GYR	-4.0073547	-1.7204285	-1.3939514
147285181	MAG	-4.067993	36.543274	22.891235
147285186	ACC	-1.7153625	-36.869614	-1.5332489
147285183	GYR	-3.4231262	-1.3839569	-1.4069061
147285196	ACC	0.067840576	-36.724472	-2.4161072
147285193	GYR	-3.1141052	-1.7114868	-1.2779694
147285201	MAG	-5.024719	34.420776	25.92163
147285206	ACC	4.764435	-31.074844	-3.5396729
147285203	GYR	-3.085373	-2.0538483	-1.2172089
147285216	ACC	10.308701	-26.500687	-5.4627686
147285213	GYR	-3.1348724	-1.7358398	-1.4019928
147285220	MAG	-4.711914	32.469177	28.448486
147285226	ACC	12.35878	-24.878326	-6.269806
147285223	GYR	-3.1296387	-1.8196869	-1.8016815
147285236	ACC	11.94841	-24.215546	-5.3271027
147285233	GYR	-3.0299072	-2.4395142	-2.2824097
147285239	MAG	-4.6447754	30.015564	30.839539
147285246	ACC	11.51709	-22.859161	-4.454483
147285243	GYR	-2.8099823	-2.9960938	-2.6214447
147285256	ACC	10.421417	-19.463684	-4.3995056
147285253	GYR	-2.4349823	-3.2102509	-2.8431091
147285259	MAG	-4.3930054	28.036499	33.18634
147285266	ACC	8.917297	-15.252502	-4.169174
147285263	GYR	-1.9417267	-3.286087	-2.958847
147285276	ACC	5.3796387	-10.906876	-2.7007751
147285273	GYR	-1.360321	-3.7093964	-2.9217682
147285278	MAG	-4.0740967	25.92926	35.121155
147285285	ACC	1.6565704	-6.5706177	-1.289093
147285283	GYR	-0.8231659	-4.260376	-2.5300598
147285297	MAG	-3.3294678	25.189209	36.517334
147285295	ACC	0.84410095	-3.9308167	0.5888519
147285293	GYR	-0.41886902	-4.175522	-1.7842712
147285305	ACC	-0.94918823	-3.3351746	1.6799164
147285303	GYR	-0.046051025	-3.3912354	-1.1902771
147285316	MAG	-1.1688232	24.742126	36.790466
147285315	ACC	-4.4304504	-2.5270233	1.5690155
147285313	GYR	0.37553406	-2.437851	-0.9456177
147285325	ACC	-6.158081	-0.7940674	0.5565338
147285323	GYR	0.7738495	-1.6190796	-0.7423706
147285335	MAG	-0.51727295	25.276184	36.528015
147285335	ACC	-6.58197	0.6108246	0.08135986
147285333	GYR	1.041565	-0.98124695	-0.42991638
147285343	GYR	1.1761322	-0.47769165	-0.07148743
147285354	MAG	-0.03967285	26.063538	35.93445
147285345	ACC	-7.312729	0.8034363	0.25222778
147285353	GYR	1.21875	-0.040725708	0.34892273
147285355	ACC	-6.0034943	1.3074036	0.6026001
147285363	GYR	1.209198	0.32244873	0.774704
147285374	MAG	0.21057129	27.030945	34.925842
147285365	ACC	-3.5394592	2.0227203	1.3210907
147285373	GYR	1.2045288	0.66708374	1.0844421
147285375	ACC	-1.3424683	2.7944183	2.3272858
147285383	GYR	1.2282562	1.0618439	1.2879486
147285393	MAG	0.27618408	27.947998	34.024048
147285385	ACC	0.2828369	3.1307983	3.039856
147285393	GYR	1.2624359	1.4402008	1.3550568
147285395	ACC	0.36235046	3.0307007	4.0081177
147285403	GYR	1.322876	1.6667786	1.3292236
147285412	MAG	0.15716553	29.125977	32.652283
147285405	ACC	-0.47195435	2.4179688	4.952835
147285413	GYR	1.4003448	1.700531	1.2198486
147285415	ACC	-1.688324	1.600235	4.4314423
147285423	GYR	1.383194	1.6160583	1.0404663
147285431	MAG	-0.5630493	30.230713	31.645203
147285425	ACC	-2.411972	1.0279999	3.3202362
147285433	GYR	1.2649689	1.4797974	0.8575592
147285435	ACC	-2.9230347	0.48957825	2.2793121
147285451	MAG	-0.79803467	30.84259	30.551147
147285445	ACC	-3.0097046	-0.2963562	0.7389221
147285443	GYR	1.1065216	1.449295	0.7142639
147285455	ACC	-1.6957855	-1.5250397	-0.43615723
147285453	GYR	0.8983612	1.538681	0.59703064
147285470	MAG	-1.2557983	31.471252	29.74701
147285465	ACC	0.31288147	-3.1894836	-1.7958984
147285463	GYR	0.7124634	1.5693817	0.4074707
147285475	ACC	1.5393829	-5.806122	-5.7454224
147285472	GYR	0.7042084	1.3415527	0.079559326
147285489	MAG	-2.1774292	31.881714	29.171753
147285485	ACC	3.3583221	-8.835571	-13.66124
147285482	GYR	0.5590973	0.8509674	-0.26046753
147285495	ACC	6.5995483	-10.32869	-24.128174
147285492	GYR	-0.25161743	0.32337952	-0.54507446
147285508	MAG	-2.2079468	31.559753	29.335022
147285505	ACC	9.695267	-9.823059	-22.472855
147285502	GYR	-1.840271	-0.16795349	-0.91015625
147285515	ACC	9.1345825	-7.148407	4.8961334
147285512	GYR	-3.543808	0.24061584	-1.4408417
147285528	MAG	-2.558899	29.161072	31.97937
147285525	ACC	3.2996216	-3.2022247	29.513672
147285522	GYR	-3.3717194	2.407074	-1.85643
147285535	ACC	-5.836975	-3.2245636	23.122421
147285532	GYR	-0.92219543	5.1746063	-1.7227783
147285547	MAG	-7.4386597	28.33252	31.402588
147285545	ACC	-13.746445	-9.183243	1.9489136
147285542	GYR	1.218216	5.732956	-1.0666504
147285555	ACC	-15.713699	-17.248154	-7.516083
147285552	GYR	1.7393188	3.507553	-0.2871704
147285566	MAG	-11.360168	29.693604	29.780579
147285565	ACC	-4.4984283	-22.463654	8.053482
147285562	GYR	1.3647003	0.4918518	0.2786255
147285575	ACC	6.251007	-24.724731	12.000595
147285572	GYR	1.422348	0.24998474	0.66833496
147285585	MAG	-10.032654	30.401611	28.216553
147285585	ACC	11.193115	-26.095749	-3.620102
147285582	GYR	1.8346558	1.7659607	1.0107727
147285595	ACC	8.913086	-22.051529	-9.916367
147285592	GYR	1.1564178	2.2014465	1.266037
147285604	MAG	-10.177612	31.756592	26.51062
147285605	ACC	4.2722473	-14.42305	-4.473114
147285602	GYR	0.591095	1.9979553	1.2659607
147285615	ACC	0.12586975	-10.96196	1.9415741
147285612	GYR	1.0492401	2.0679932	1.3066711
147285624	MAG	-10.733032	32.696533	25.088501
147285625	ACC	-1.5279083	-13.076569	2.4968872
147285622	GYR	1.8161469	2.469574	1.5485687
147285635	ACC	1.1399536	-19.002792	-0.3316803
147285632	GYR	2.2599945	2.399582	2.1501465
147285643	MAG	-10.65979	34.42383	22.50824
147285645	ACC	6.6921387	-24.94188	-1.4119415
147285642	GYR	2.4462738	1.7543945	2.7126007
147285655	ACC	11.936798	-27.708755	1.0035095
147285652	GYR	2.6956635	1.3960876	2.9148254
147285662	MAG	-9.017944	36.283875	19.502258
147285665	ACC	14.636581	-28.134796	-0.1529541
147285662	GYR	3.0456848	1.5299225	2.82193
147285675	ACC	15.761307	-27.036057	-3.175766
147285672	GYR	3.2945251	1.796402	2.6508636
147285681	MAG	-7.1121216	38.171387	16.15448
147285685	ACC	15.693344	-24.164658	-5.4425507
147285682	GYR	3.3407593	2.0173492	2.4667053
147285695	ACC	12.250427	-20.100891	-8.062088
147285692	GYR	3.199112	1.9568481	2.1792603
147285701	MAG	-5.92041	39.764404	12.916565
147285705	ACC	7.844879	-15.699509	-10.115143
147285702	GYR	2.8793488	1.4662018	1.9236603
147285715	ACC	3.9342499	-12.534912	-11.257584
147285712	GYR	2.4930573	0.8672943	1.8732452
147285720	MAG	-4.8950195	41.371155	10.057068
147285725	ACC	1.8569946	-11.24295	-10.884842
147285722	GYR	2.0262299	0.58636475	2.0117798
147285732	GYR	1.4354706	0.5747223	2.1883545
147285739	MAG	-3.6758423	42.20276	8.351135
147285735	ACC	2.8700867	-10.524216	-9.718689
147285742	GYR	0.7846222	0.5270233	2.253296
147285745	ACC	4.125122	-8.71817	-5.957245
147285752	GYR	0.32028198	0.54922485	2.1266022
147285758	MAG	-1.4175415	42.764282	7.5302124
147285755	ACC	4.3276215	-6.5494995	-1.8925476
147285762	GYR	0.24813843	0.4902954	1.8804169
147285764	ACC	4.581558	-5.0405273	-0.71928406
147285772	GYR	0.42991638	0.110824585	1.6197052
147285778	MAG	0.033569336	43.180847	6.904602
147285774	ACC	5.5142365	-3.3553162	-0.9078369
147285782	GYR	0.64582825	-0.31445312	1.3064728
147285784	ACC	5.7911377	-1.3218842	-2.2626343
147285792	GYR	0.7210388	-0.42433167	0.9570923
147285797	MAG	1.3809204	43.408203	6.159973
147285794	ACC	6.094208	0.80926514	-3.593567
147285802	GYR	0.5796509	-0.3334961	0.5915222
147285804	ACC	6.8299713	1.9315186	-2.9897919
147285812	GYR	0.3821106	-0.42468262	0.17658997
147285816	MAG	2.2979736	43.46924	5.453491
147285814	ACC	7.8822784	2.1895142	-1.00354
147285822	GYR	0.3058014	-0.71047974	-0.34146118
147285824	ACC	8.427338	1.7596741	0.46351624
147285832	GYR	0.27160645	-1.0127563	-0.9483948
147285835	MAG	2.4749756	43.52417	5.253601
147285834	ACC	7.957245	1.6160583	1.3604279
147285844	ACC	6.300827	1.8407898	0.6982727
147285842	GYR	0.21516418	-1.2580261	-1.4831543
147285854	MAG	1.5182495	43.49823	5.404663
147285854	ACC	4.0431976	1.8912201	-3.120758
147285852	GYR	0.10032654	-1.2648315	-1.8038788
147285864	ACC	2.1872406	1.0818024	-7.288086
147285862	GYR	-0.19961548	-0.9150543	-1.8640747
147285874	MAG	0.2319336	43.49518	5.7128906
147285874	ACC	-0.25260925	-0.42053223	-9.167435
147285872	GYR	-0.63357544	-0.58052063	-1.828598
147285884	ACC	-2.9350586	-1.2566376	-7.8279114
147285882	GYR	-1.1437073	-0.68777466	-1.7702942
147285893	MAG	-1.512146	43.37921	7.0281982
147285894	ACC	-4.3011017	-1.6790924	-4.6127777
147285892	GYR	-1.6949768	-1.0774231	-1.6469269
147285904	ACC	-4.1449585	-2.2517242	-0.98657227
147285902	GYR	-2.1717987	-1.454422	-1.4637909
147285912	MAG	-3.201294	42.60254	8.943176
147285914	ACC	-3.18042	-3.071701	1.3441925
147285912	GYR	-2.4379272	-1.6665192	-1.3026733
147285924	ACC	-2.037506	-4.9234924	1.1333008
147285922	GYR	-2.535675	-1.7659454	-1.1990509
147285931	MAG	-3.5217285	41.7984	11.657715
147285934	ACC	-0.5756836	-8.263153	-1.2893524
147285932	GYR	-2.6741028	-1.9954834	-1.1325073
147285944	ACC	1.8971252	-12.561096	-4.1078644
147285942	GYR	-3.036377	-2.5334015	-1.0770874
147285950	MAG	-3.5888672	40.37323	14.399719
147285954	ACC	4.5431366	-17.707901	-5.1018066
147285951	GYR	-3.62529	-3.1499329	-1.0839996
147285964	ACC	5.793869	-23.15924	-3.3959045
147285961	GYR	-4.042633	-3.2672424	-1.2510986
147285970	MAG	-2.8900146	38.693237	18.2724
147285974	ACC	2.8807678	-29.682175	-0.98646545
147285971	GYR	-3.8159332	-2.640091	-1.5800018
147285984	ACC	-3.6739197	-38.041565	-2.0233612
147285981	GYR	-3.199936	-1.680542	-1.8525238
147285989	MAG	-2.9418945	37.21466	21.852112
147285994	ACC	-5.635742	-40.880478	-3.468399
147285991	GYR	-2.9353638	-0.7689209	-1.6960449
147286004	ACC	-0.10218811	-32.38109	-4.6378937
147286001	GYR	-3.047058	-0.4572296	-1.1860809
147286008	MAG	-4.258728	35.52704	24.687195
147286014	ACC	8.856155	-24.007431	-4.2301025
147286011	GYR	-3.091095	-0.8763428	-0.9326782
147286024	ACC	13.407547	-22.262146	-5.8432617
147286021	GYR	-3.0207062	-1.6217346	-1.2480621
147286027	MAG	-4.2404175	33.4198	27.149963
147286034	ACC	12.77626	-23.080444	-5.8437195
147286031	GYR	-2.9622498	-2.562561	-1.8460693
147286044	ACC	14.629578	-22.721832	-4.0789795
147286041	GYR	-2.9328918	-3.1378174	-2.266632
147286047	MAG	-4.196167	31.48346	29.968262
147286054	ACC	14.332367	-21.339493	-4.320816
147286051	GYR	-2.6387634	-3.1709595	-2.612564
147286064	ACC	11.9895935	-18.395416	-3.7757568
147286061	GYR	-2.0858154	-2.9983978	-3.0370178
147286066	MAG	-3.5202026	29.444885	32.154846
147286074	ACC	8.461838	-15.212585	-4.521225
147286071	GYR	-1.3976288	-3.289688	-3.2750702
147286085	MAG	-3.8619995	27.81372	33.770752
147286084	ACC	2.8877563	-11.260956	-2.2975464
147286081	GYR	-0.77601624	-4.2507935	-3.0844574
147286094	ACC	0.4166565	-6.7265778	0.9677124
147286091	GYR	-0.40690613	-4.739197	-2.343155
147286104	MAG	-2.331543	27.619934	34.757996
147286104	ACC	-0.17477417	-3.9642181	2.0204468
147286101	GYR	-0.14164734	-4.0605316	-1.5336914
147286114	ACC	-3.0541382	-3.0364227	2.3931732
147286111	GYR	0.22895813	-3.054718	-1.1785889
147286124	MAG	-0.6820679	27.375793	35.3714
147286121	GYR	0.6806946	-2.260559	-1.1060181
147286124	ACC	-6.221512	-1.7700958	2.025055
147286131	GYR	1.0552063	-1.5534058	-0.9716034
147286143	MAG	-0.1373291	28.071594	35.012817
147286134	ACC	-7.7425537	0.03919983	1.6750488
147286141	GYR	1.307785	-0.8596649	-0.6989746
147286144	ACC	-8.902405	1.5807343	2.1240692
147286151	GYR	1.5132904	-0.13002014	-0.28735352
147286162	MAG	-0.1296997	29.110718	34.013367
147286154	ACC	-7.6565247	2.9555664	2.541092
147286161	GYR	1.6746826	0.57666016	0.14451599
147286164	ACC	-5.855255	3.5901184	3.0291443
147286171	GYR	1.794693	1.2148285	0.52345276
147286181	MAG	-0.5355835	30.358887	32.699585
147286174	ACC	-3.4162903	3.7690582	3.3778381
147286181	GYR	1.89151	1.8193359	0.81425476
147286184	ACC	-1.2452393	3.4342499	3.4182892
147286191	GYR	1.9372253	2.483902	0.9605255
147286200	MAG	-1.1550903	31.887817	31.193542
147286194	ACC	-0.37493896	2.8115082	2.6152344
147286201	GYR	1.8683624	2.9546204	1.0631561
147286204	ACC	0.20739746	2.0208893	3.4274292
147286211	GYR	1.8190765	3.186676	1.0941162
147286220	MAG	-2.1652222	33.06732	29.55017
147286214	ACC	-0.49209595	1.2302094	3.4424744
147286221	GYR	1.770874	3.1472626	0.9971924
147286224	ACC	-1.768158	0.511261	2.787384
147286239	MAG	-3.717041	34.32007	27.841187
147286234	ACC	-2.6960907	-0.49293518	1.89328
147286231	GYR	1.6598358	2.8117065	0.87802124
147286243	ACC	-2.5036469	-1.3502808	-0.007217407
147286241	GYR	1.5124512	2.3499146	0.8083801
147286258	MAG	-4.2129517	35.40497	26.591492
147286253	ACC	-1.6577759	-1.9644928	-1.8888855
147286251	GYR	1.2573395	1.8338928	0.7204895
147286263	ACC	-0.6340637	-2.8325195	-3.1831207
147286261	GYR	0.9106598	1.3249512	0.5380554
147286277	MAG	-4.624939	35.884094	25.701904
147286273	ACC	-0.12055969	-4.34581	-5.292618
147286271	GYR	0.6847229	0.8553009	0.26438904
147286283	ACC	0.21784973	-7.2774963	-12.707336
147286281	GYR	0.5522156	0.08908081	-0.04185486
147286297	MAG	-4.470825	36.11145	25.862122
147286293	ACC	2.8440247	-10.712158	-26.934692
147286291	GYR	0.0665741	-1.0581207	-0.28092957
147286303	ACC	8.336212	-12.163803	-28.18988
147286301	GYR	-1.4245911	-2.6377716	-0.49560547
147286316	MAG	-2.8900146	35.412598	27.436829
147286313	ACC	12.713913	-10.21904	0.9589081
147286311	GYR	-3.575058	-3.0655975	-0.9217682
147286323	ACC	8.621765	-6.0563507	30.596344
147286321	GYR	-4.1602173	0.26785278	-1.6357269
147286335	MAG	-3.1967163	32.514954	30.575562
147286333	ACC	-3.2029266	-5.6571045	24.683731
147286331	GYR	-1.8422241	5.2611237	-2.1091766
147286343	ACC	-16.27121	-12.16246	4.0034637
147286341	GYR	0.89971924	6.9668427	-1.684906
147286354	MAG	-9.916687	32.891846	28.959656
147286353	ACC	-20.485504	-21.316849	-5.444916
147286351	GYR	1.855072	4.7976837	-0.66470337
147286363	ACC	-6.5382843	-26.621765	12.274414
147286361	GYR	1.3261719	1.7645569	0.319458
147286373	MAG	-12.034607	34.083557	27.427673
147286373	ACC	3.6283112	-25.735046	18.831345
147286371	GYR	0.9129181	1.6074219	0.796402
147286383	ACC	10.378845	-22.161774	-7.664551
147286381	GYR	1.49823	2.6329803	1.008316
147286393	MAG	-12.057495	34.91974	25.334167
147286393	ACC	8.449585	-18.204376	-8.084305
147286391	GYR	1.0759277	2.2181702	1.2367706
147286403	ACC	5.546402	-12.457397	1.8917999
147286401	GYR	0.38397217	1.8855743	1.2806854
147286412	MAG	-11.933899	35.868835	24.565125
147286413	ACC	1.4420471	-11.945328	2.683548
147286411	GYR	0.9671631	2.593521	1.3777161
147286423	ACC	-0.99131775	-15.447891	0.6739044
147286421	GYR	1.7325745	3.4465485	1.600296
147286431	MAG	-12.347412	37.124634	22.511292
147286433	ACC	1.5137329	-18.416428	-0.12992859
147286431	GYR	2.0240936	3.7955627	2.077179
147286443	ACC	5.0363007	-22.397476	0.1138916
147286440	GYR	2.1437378	3.4323578	2.5267944
147286450	MAG	-11.940002	38.789368	19.17572
147286453	ACC	9.656311	-25.826508	0.057281494
147286450	GYR	2.3756714	2.5063934	2.7358398
147286463	ACC	14.494888	-27.437836	0.002746582
147286460	GYR	2.6969604	1.8570862	2.750061
147286470	MAG	-10.595703	40.533447	16.056824
147286473	ACC	16.920532	-26.420044	-1.4635162
147286470	GYR	3.0144806	1.7352905	2.6101685
147286483	ACC	16.84401	-23.208313	-2.465149
147286480	GYR	3.1355286	1.7223206	2.3508453
147286489	MAG	-8.798218	42.19818	12.498474
147286493	ACC	13.866501	-18.252975	-5.7971344
147286490	GYR	3.0971222	1.525711	2.007492
147286503	ACC	10.845795	-12.870056	-9.090744
147286500	GYR	2.916504	1.1464996	1.7368469
147286508	MAG	-7.356262	43.63556	9.34906
147286513	ACC	6.8047943	-9.998154	-9.4223175
147286510	GYR	2.5279694	0.6651306	1.6076813
147286520	GYR	2.0212097	0.44361877	1.6256256
147286527	MAG	-6.385803	44.703674	6.9488525
147286523	ACC	2.0823517	-9.149811	-7.9134674
147286530	GYR	1.4965515	0.59010315	1.8044281
147286533	ACC	0.89126587	-8.309158	-7.329193
147286540	GYR	0.9878235	0.8775482	1.9421082
147286546	MAG	-5.484009	45.550537	5.5389404
147286543	ACC	1.0982819	-7.2865295	-6.366699
147286550	GYR	0.5362854	1.0246735	1.8869019
147286553	ACC	1.3275452	-6.5965424	-3.5526886
147286560	GYR	0.29312134	0.87135315	1.7203064
147286566	MAG	-3.8909912	45.741272	4.827881
147286563	ACC	2.3866882	-5.7093353	-0.22451782
147286570	GYR	0.37324524	0.58384705	1.439148
147286573	ACC	2.8968506	-4.94075	0.40011597
147286580	GYR	0.69273376	0.37913513	1.0861664
147286585	MAG	-2.6229858	45.991516	4.3182373
147286583	ACC	2.6138763	-3.6330261	-2.5501404
147286590	GYR	0.8549652	0.42929077	0.7807007
147286593	ACC	3.504425	-1.7841034	-5.397995
147286600	GYR	0.7036133	0.5697174	0.5337982
147286604	MAG	-2.0370483	46.00067	3.7277222
147286603	ACC	5.985962	-0.32011414	-5.585037
147286610	GYR	0.39715576	0.6078644	0.21336365
147286613	ACC	8.148788	-0.20802307	-3.408905
147286623	MAG	-1.4068604	46.206665	3.1204224
147286623	ACC	9.051941	-0.014144897	-0.43345642
147286620	GYR	0.17880249	0.522995	-0.27267456
147286633	ACC	9.285339	0.881958	1.0297089
147286630	GYR	0.15145874	0.301651	-0.8651123
147286643	MAG	-2.2323608	45.92285	3.050232
147286643	ACC	7.9212036	1.960434	-0.105026245
147286640	GYR	0.1811676	-0.029022217	-1.4794159
147286653	ACC	5.0812073	2.3706512	-3.4548798
147286650	GYR	0.068984985	-0.26646423	-1.9183044
147286662	MAG	-4.122925	45.503235	3.6087036
147286663	ACC	2.7316284	1.5556946	-7.715744
147286660	GYR	-0.2500763	-0.17416382	-2.0326538
147286673	ACC	0.83128357	-0.5374603	-10.366028
147286670	GYR	-0.73039246	0.06593323	-1.9829102
147286681	MAG	-6.32782	44.976807	4.5181274
147286683	ACC	-1.5935516	-2.399994	-9.091064
147286680	GYR	-1.2760162	0.056671143	-1.966217
147286693	ACC	-3.6017609	-3.4136505	-4.312958
147286690	GYR	-1.7724152	-0.42910767	-1.9438324
147286700	MAG	-8.7387085	44.299316	6.515503
147286703	ACC	-3.9975128	-4.0051575	0.49804688
147286700	GYR	-2.13945	-1.0115356	-1.8015137
147286713	ACC	-2.9608612	-4.782654	1.8639679
147286710	GYR	-2.3506622	-1.4199829	-1.573761
147286720	MAG	-9.880066	43.32428	9.243774
147286722	ACC	-1.0895691	-7.4957886	-0.4715271
147286720	GYR	-2.5724945	-1.6638641	-1.343811
147286732	ACC	1.2039795	-12.197525	-3.6728363
147286730	GYR	-3.0430908	-1.9879608	-1.1916046
147286739	MAG	-10.736084	41.815186	12.4557495
147286742	ACC	4.468689	-17.98059	-4.8272705
147286740	GYR	-3.7975006	-2.4971924	-1.1368103
147286752	ACC	7.5123596	-24.380844	-2.5133362
147286750	GYR	-4.416107	-2.7782288	-1.2749023
147286758	MAG	-10.400391	39.64386	17.218018
147286762	ACC	4.7760925	-34.12088	-2.0960388
147286760	GYR	-4.159668	-2.3670502	-1.7055664
147286772	ACC	-4.8206787	-45.898346	-0.20648193
147286770	GYR	-3.294098	-1.7270203	-2.0484009
147286777	MAG	-10.844421	37.234497	21.209717
147286782	ACC	-5.0913544	-40.55612	-0.28163147
147286780	GYR	-2.8799744	-1.0341644	-1.6401367
147286792	ACC	3.7352753	-26.20514	-1.2712402
147286790	GYR	-2.8941345	-0.054870605	-0.9245758
147286796	MAG	-12.187195	35.491943	23.68164
147286802	ACC	5.6894684	-19.539474	-1.7996521
147286800	GYR	-2.9707031	-2.746582E-4	-0.9365387
147286812	ACC	5.3202057	-17.728973	-3.4349365
147286810	GYR	-2.954132	-0.7410431	-1.3196106
147286816	MAG	-12.828064	33.239746	26.377869
147286822	ACC	6.5594025	-18.302505	-4.461334
147286820	GYR	-2.9650269	-1.3000946	-1.4182129
147286832	ACC	10.717468	-19.952942	-3.412201
147286830	GYR	-2.9653778	-1.7710571	-1.3831329
147286835	MAG	-13.4765625	30.880737	28.944397
147286842	ACC	13.943832	-21.043365	-2.0099335
147286840	GYR	-2.7627106	-2.2291107	-1.539505
147286852	ACC	12.732407	-21.191162	-1.642456
147286850	GYR	-2.2911835	-2.5849762	-1.979248
147286854	MAG	-13.113403	28.466797	31.407166
147286862	ACC	9.930588	-17.93097	-0.8212738
147286860	GYR	-1.6642609	-3.0146637	-2.450058
147286872	ACC	3.5621033	-13.618225	-0.50865173
147286870	GYR	-1.0342712	-3.8108826	-2.590454
147286874	MAG	-12.567139	26.411438	33.787537
147286882	ACC	0.30467224	-8.6215515	2.1650238
147286880	GYR	-0.65393066	-4.4155426	-2.1062622
147286893	MAG	-11.817932	25.048828	35.783386
147286892	ACC	-0.89138794	-4.196762	2.1796112
147286890	GYR	-0.41482544	-4.0923157	-1.3204193
147286902	ACC	-3.4309998	-1.6882172	2.3522186
147286900	GYR	-0.0974884	-3.2490997	-0.79138184
147286912	MAG	-9.651184	24.746704	36.83319
147286910	GYR	0.312912	-2.362976	-0.5645447
147286912	ACC	-6.848938	0.35986328	2.9955597
147286919	GYR	0.83432007	-1.4384613	-0.39613342
147286931	MAG	-8.451843	24.931335	36.701965
147286922	ACC	-9.565079	2.7932892	3.0418396
147286929	GYR	1.3496704	-0.41142273	-0.10412598
147286932	ACC	-10.174667	5.1089783	2.6050415
147286939	GYR	1.723175	0.606308	0.3076477
147286950	MAG	-8.666992	25.993347	35.29663
147286942	ACC	-8.138672	6.3842316	2.6309204
147286949	GYR	1.9203796	1.5013428	0.7067871
147286952	ACC	-4.390991	6.509247	2.7961426
147286959	GYR	1.9871216	2.264389	0.9411926
147286969	MAG	-9.306335	27.461243	33.518982
147286962	ACC	-2.0685883	5.319626	3.1837006
147286969	GYR	1.9529724	2.8312073	1.1053162
147286972	ACC	-0.14501953	3.5829926	3.456314
147286979	GYR	1.8160095	3.212082	1.239212
147286989	MAG	-10.354614	28.826904	31.402588
147286982	ACC	1.017273	2.1081696	3.6697388
147286989	GYR	1.640213	3.5337982	1.2494202
147286992	ACC	1.1135254	0.6464844	3.3774567
147286999	GYR	1.5164948	3.6745453	1.1129913
147287008	MAG	-11.776733	30.17273	29.493713
147287002	ACC	0.22763062	-0.7404175	2.283722
147287012	ACC	-0.3475952	-1.464447	1.0606384
147287009	GYR	1.401062	3.4332123	0.934433
147287027	MAG	-13.452148	30.94635	27.31781
147287022	ACC	-0.7112427	-1.7449036	-0.77471924
147287019	GYR	1.2743378	2.934433	0.7504425
147287032	ACC	-0.71255493	-2.1716003	-3.5113373
147287029	GYR	1.1558685	2.2542114	0.5326996
147287046	MAG	-14.3585205	31.69403	26.347351
147287042	ACC	0.1700592	-3.3539734	-6.468918
147287039	GYR	0.99305725	1.4109497	0.29484558
147287052	ACC	1.5802612	-5.794037	-11.468933
147287049	GYR	0.83106995	0.45832825	0.009170532
147287066	MAG	-14.468384	31.860352	25.55542
147287062	ACC	3.2707214	-8.199356	-18.696335
147287059	GYR	0.6114197	-0.5686035	-0.29481506
147287072	ACC	4.5658264	-8.847443	-19.96437
147287069	GYR	-0.112213135	-1.7697601	-0.6084442
147287085	MAG	-13.807678	31.381226	26.521301
147287082	ACC	6.5077515	-7.9091187	-12.942673
147287079	GYR	-1.320221	-2.2631683	-0.907074
147287092	ACC	7.8648987	-6.569992	0.846756
147287089	GYR	-2.4346619	-0.79022217	-1.2806244
147287104	MAG	-13.494873	29.393005	28.40271
147287102	ACC	3.5878143	-5.7522736	14.951004
147287099	GYR	-2.670166	2.3194427	-1.7645111
147287112	ACC	-4.9038696	-6.991623	16.452927
147287109	GYR	-1.4086609	5.1895294	-2.0268707
147287123	MAG	-18.005371	28.088379	27.467346
147287122	ACC	-13.407852	-13.328812	12.748169
147287119	GYR	0.4720459	5.524933	-1.7471771
147287132	ACC	-18.218994	-22.652191	2.4843597
147287129	GYR	1.7651825	3.7375793	-0.9984894
147287142	MAG	-22.221375	28.486633	24.958801
147287142	ACC	-9.891403	-33.951508	1.6621246
147287139	GYR	1.8480072	1.7348785	-0.052444458
147287152	ACC	4.1744843	-33.719055	18.386932
147287149	GYR	1.0823975	1.113266	0.57696533
147287162	MAG	-22.097778	28.938293	23.439026
147287162	ACC	7.955658	-23.7753	-2.7342834
147287159	GYR	1.1881714	1.8723907	0.6354523
147287172	ACC	2.0161743	-16.94252	-19.268967
147287169	GYR	0.8510437	2.1069946	0.6161957
147287181	MAG	-22.201538	30.067444	21.606445
147287182	ACC	0.9577637	-9.663956	2.8631744
147287179	GYR	-0.742218	1.633194	0.9150696
147287192	ACC	-0.42687988	-7.3789062	10.357025
147287189	GYR	-0.5330963	2.287094	1.2294769
147287200	MAG	-22.254944	30.151367	20.909119
147287201	ACC	-4.737564	-11.911163	5.9586334
147287199	GYR	1.0366211	3.7523804	1.4543915
147287211	ACC	-5.082489	-17.720932	3.3553772
147287209	GYR	1.6368561	4.5926056	1.9260864
147287219	MAG	-23.098755	31.785583	17.697144
147287221	ACC	-0.02458191	-22.662872	3.8788757
147287219	GYR	1.4187775	4.4602203	2.6021729
147287231	ACC	7.0000763	-27.096893	3.537201
147287229	GYR	1.3310394	3.3787384	3.00766
147287239	MAG	-22.486877	33.599854	14.523315
147287241	ACC	14.837143	-27.038269	1.1253967
147287239	GYR	1.8568268	2.1601105	2.9161072
147287251	ACC	15.985886	-24.569016	0.66944885
147287249	GYR	2.3648682	2.007187	2.3576813
147287258	MAG	-20.81604	35.513306	11.280823
147287261	ACC	14.087875	-20.966797	0.2665863
147287259	GYR	2.4595947	2.4263153	1.750351
147287271	ACC	11.391113	-17.240097	-1.8129578
147287269	GYR	2.3982544	2.642746	1.4450684
147287277	MAG	-19.75708	36.82556	8.161926
147287281	ACC	10.395187	-13.89534	-5.9784546
147287279	GYR	2.3661346	2.5512238	1.4140625
147287291	ACC	9.41481	-11.071945	-9.66626
147287289	GYR	2.2429047	2.2536926	1.4578705
147287296	MAG	-19.174194	37.65869	5.0598145
147287299	GYR	1.8048859	1.8511658	1.4750519
147287301	ACC	7.763397	-9.942902	-8.814804
147287309	GYR	1.2056274	1.55719	1.4933472
147287316	MAG	-18.502808	38.650513	2.5436401
147287311	ACC	5.38591	-9.888336	-6.0698853
147287319	GYR	0.6813965	1.5392609	1.5677338
147287321	ACC	3.778122	-8.898285	-4.5751038
147287329	GYR	0.29934692	1.6251373	1.6162109
147287335	MAG	-17.427063	39.39972	1.5014648
147287331	ACC	3.1701813	-7.2898254	-3.2683105
147287339	GYR	0.13557434	1.5260468	1.5362701
147287341	ACC	3.2595825	-5.887848	-1.8006592
147287349	GYR	0.22319031	1.3200989	1.3095245
147287354	MAG	-16.51001	39.768982	0.86517334
147287351	ACC	3.8899841	-4.853546	-1.9471741
147287359	GYR	0.36750793	1.1425171	1.0246887
147287361	ACC	5.035324	-3.5257568	-2.7672424
147287369	GYR	0.39511108	1.016449	0.7418823
147287373	MAG	-15.327454	40.126038	-0.10986328
147287371	ACC	7.071106	-2.385437	-3.553238
147287379	GYR	0.2828064	1.0509338	0.4303131
147287381	ACC	10.256012	-1.6157684	-3.7884827
147287389	GYR	0.079818726	1.1343994	-0.022460938
147287392	MAG	-14.99176	40.138245	-0.8255005
147287391	ACC	12.093811	-0.56770325	-2.5363617
147287401	ACC	12.054428	0.38168335	-0.91038513
147287398	GYR	-0.113861084	1.1168518	-0.61828613
147287412	MAG	-14.862061	39.845276	-1.0910034
147287411	ACC	10.5989685	0.72883606	-0.7075348
147287408	GYR	-0.19943237	0.9844208	-1.2727966
147287421	ACC	8.718079	0.94569397	-1.4277344
147287418	GYR	-0.25811768	0.7471924	-1.8236237
147287431	MAG	-16.290283	39.18152	-0.86517334
147287431	ACC	7.014282	0.8569336	-4.276367
147287428	GYR	-0.32447815	0.5948639	-2.2111511
147287441	ACC	4.96611	0.038085938	-8.127716
147287438	GYR	-0.5353699	0.5082245	-2.4909363
147287450	MAG	-18.411255	38.2843	-0.21362305
147287451	ACC	2.041916	-1.3343964	-9.204529
147287448	GYR	-1.0058594	0.21022034	-2.6707153
147287461	ACC	-1.0865173	-3.3057404	-7.2483826
147287458	GYR	-1.5988007	-0.29551697	-2.6943512
147287469	MAG	-20.748901	36.817932	1.3259888
147287471	ACC	-3.2381897	-5.2182007	-3.9652863
147287468	GYR	-2.1042328	-0.77163696	-2.5885468
147287481	ACC	-3.871872	-6.1940765	-1.0494385
147287478	GYR	-2.4760742	-1.1712952	-2.3815308
147287489	MAG	-22.981262	35.653687	3.6697388
147287491	ACC	-3.8527832	-7.6112976	0.07972717
147287488	GYR	-2.7869415	-1.5549316	-2.1412354
147287501	ACC	-3.6649628	-10.797379	-1.1716614
147287498	GYR	-3.0960388	-2.0305939	-1.922348
147287508	MAG	-24.023438	33.82721	6.916809
147287511	ACC	-3.5128021	-15.167252	-4.223709
147287508	GYR	-3.505951	-2.510086	-1.6983185
147287521	ACC	-2.4534454	-20.127075	-5.8848724
147287518	GYR	-4.0314026	-2.6752167	-1.4877472
147287527	MAG	-24.382019	32.237244	10.9375
147287531	ACC	-1.6287994	-26.82344	-4.7145386
147287528	GYR	-4.2218018	-2.4340363	-1.346817
147287541	ACC	-2.9403076	-36.85997	-4.4334564
147287538	GYR	-3.7747803	-2.0324097	-1.3188782
147287546	MAG	-24.6109	30.470276	14.686584
147287551	ACC	-1.0681152	-40.31218	-2.1524506
147287548	GYR	-3.3459167	-1.7423553	-1.2287903
147287561	ACC	4.5259857	-30.576706	-0.3611145
147287558	GYR	-3.4107208	-1.4046936	-1.0752869
147287565	MAG	-25.180054	28.778076	17.80243
147287571	ACC	5.729904	-21.108124	-0.6488495
147287568	GYR	-3.5319061	-1.0389404	-1.168747
147287581	ACC	4.756119	-17.122696	-1.2689209
147287578	GYR	-3.5563812	-0.8169708	-1.2850494
147287585	MAG	-25.404358	26.896667	20.309448
147287591	ACC	7.8733215	-17.000061	-3.5302887
147287588	GYR	-3.4917145	-0.79582214	-1.1772766
147287601	ACC	10.409073	-19.630524	-5.761902
147287598	GYR	-3.3460999	-0.96183777	-1.1726379
147287604	MAG	-26.062012	24.699402	22.77069
147287611	ACC	10.996628	-21.701767	-6.3410034
147287608	GYR	-3.1692657	-1.2480316	-1.4148254
147287621	ACC	10.85054	-21.44905	-5.121216
147287618	GYR	-2.9034119	-1.8487854	-1.6764832
147287623	MAG	-26.220703	22.537231	25.43335
147287631	ACC	9.1706085	-18.961182	-1.4799652
147287628	GYR	-2.4845123	-3.0056458	-1.8369904
147287641	ACC	3.746704	-15.070435	0.74272156
147287638	GYR	-1.9240112	-4.203018	-1.8425598
147287643	MAG	-26.031494	19.984436	28.796387
147287651	ACC	-0.24659729	-10.4761505	2.0816956
147287648	GYR	-1.4204254	-4.6401367	-1.4847412
147287661	ACC	-2.0836182	-6.33165	2.1631317
147287658	GYR	-1.0924683	-4.1118164	-0.8562317
147287662	MAG	-24.684143	18.302917	32.258606
147287671	ACC	-3.493042	-3.3914185	2.0807495
147287668	GYR	-0.79597473	-3.0715485	-0.31651306
147287681	MAG	-22.642517	17.323303	34.10492
147287681	ACC	-5.089447	-1.0321808	2.4910889
147287678	GYR	-0.40673828	-1.9873962	-0.0014343262
147287688	GYR	0.1025238	-0.9631653	0.1842804
147287700	MAG	-21.697998	17.318726	34.41925
147287690	ACC	-7.164032	-1.05719	2.2653503
147287698	GYR	0.6582031	0.041549683	0.40307617
147287700	ACC	-7.072296	0.41912842	1.3785553
147287708	GYR	1.1654053	0.97683716	0.6668091
147287719	MAG	-21.946716	18.247986	33.859253
147287710	ACC	-5.6391754	1.6405945	0.58491516
147287718	GYR	1.5195923	1.8083344	0.9409485
147287720	ACC	-3.1001892	1.7347107	0.6216583
147287728	GYR	1.7395325	2.5414124	1.1717377
147287738	MAG	-22.262573	19.813538	31.869507
147287730	ACC	-0.766037	1.6169128	0.5810394
147287738	GYR	1.8515625	3.0991821	1.3378448
147287740	ACC	0.72187805	1.3719788	0.4728241
147287748	GYR	1.8524475	3.5344849	1.4735107
147287758	MAG	-23.828125	21.658325	29.425049
147287750	ACC	0.89849854	1.2506866	-0.039260864
147287758	GYR	1.7139435	3.9248962	1.6486359
147287760	ACC	0.97610474	0.83883667	-0.73986816
147287768	GYR	1.4654694	4.2115173	1.8057251
147287777	MAG	-25.553894	23.440552	26.115417
147287770	ACC	1.080719	0.21008301	-1.0671539
147287778	GYR	1.1908875	4.271591	1.8335571
147287780	ACC	0.47172546	-0.52101135	-1.0911713
147287788	GYR	0.9556885	4.036392	1.7754364
147287796	MAG	-26.594543	24.958801	22.831726
147287790	ACC	0.15019226	-1.2618256	-1.5003204
147287800	ACC	0.25390625	-2.0927277	-2.6430817
147287798	GYR	0.8014374	3.4381256	1.605423
147287815	MAG	-27.604675	25.868225	21.160889
147287810	ACC	0.7385864	-3.0743103	-4.593872
147287808	GYR	0.6876526	2.492859	1.2913818
147287820	ACC	1.5822906	-3.6997223	-6.5898285
147287818	GYR	0.54556274	1.2864075	0.84547424
147287835	MAG	-27.352905	26.756287	20.15686
147287830	ACC	2.4564362	-4.703766	-11.353668
147287828	GYR	0.27394104	-0.042892456	0.35681152
147287840	ACC	5.157608	-6.1935577	-16.599304
147287838	GYR	-0.39782715	-1.2420807	-0.07861328
147287854	MAG	-26.611328	26.1734	21.542358
147287850	ACC	10.313248	-6.3103333	-4.3330383
147287848	GYR	-1.6352692	-2.3575287	-0.5413208
147287860	ACC	9.2083435	-3.9270477	14.050873
147287858	GYR	-2.3817596	-1.5478821	-1.2697601
147287873	MAG	-26.261902	24.313354	23.272705
147287870	ACC	1.1145477	-1.8653259	13.476852
147287868	GYR	-1.2658691	2.2351532	-1.9094238
147287880	ACC	-3.5738525	-2.488556	9.21666
147287877	GYR	0.328125	4.936981	-1.6940918
147287892	MAG	-29.988098	23.680115	19.976807
147287890	ACC	-6.4118958	-6.460724	9.376663
147287887	GYR	1.1699829	5.4464417	-1.1867218
147287900	ACC	-9.740387	-14.215378	1.7262268
147287897	GYR	1.3723602	5.0497284	-0.8310394
147287912	MAG	-32.52411	23.93341	16.545105
147287910	ACC	-11.623047	-24.88147	5.7729797
147287907	GYR	1.5357056	4.076004	-0.4096527
147287920	ACC	-7.659622	-35.488647	13.349106
147287917	GYR	1.6107941	3.3566284	0.35902405
147287931	MAG	-34.127808	24.61853	13.352966
147287930	ACC	9.305267	-33.899704	-8.247482
147287927	GYR	1.950531	3.2648468	1.2207794
147287940	ACC	10.89566	-23.230438	-11.103165
147287937	GYR	1.5761414	2.6731873	1.2200928
147287950	MAG	-32.972717	25.930786	10.229492
147287950	ACC	3.236847	-13.264038	0.24642944
147287947	GYR	0.3156891	2.1701813	0.549469
147287960	ACC	-1.0508728	-8.929504	0.72898865
147287957	GYR	0.047912598	2.995453	0.52093506
147287969	MAG	-33.51288	26.475525	8.279419
147287970	ACC	-3.6912384	-10.398865	-3.319992
147287967	GYR	0.4807129	4.442459	0.9593048
147287980	ACC	-5.091202	-15.323166	-1.6068573
147287977	GYR	0.68144226	5.096115	1.7134857
147287988	MAG	-33.639526	27.748108	4.2160034
147287990	ACC	-2.1559753	-20.08429	1.8568115
147287987	GYR	0.69270325	4.9027557	2.6353912
147288000	ACC	2.5627594	-23.49556	4.6043243
147287997	GYR	0.7774048	4.12883	3.3534088
147288008	MAG	-32.24182	29.916382	0.6011963
147288010	ACC	8.611984	-25.552078	5.8761444
147288007	GYR	0.9340668	2.9818726	3.6368408
147288020	ACC	15.589478	-26.229446	6.4346466
147288017	GYR	1.1556854	1.756424	3.4892273
147288027	MAG	-29.460144	31.81305	-2.0599365
147288030	ACC	20.574844	-24.050613	4.746155
147288027	GYR	1.5847015	1.09935	2.980957
147288040	ACC	19.407806	-20.202972	0.7996063
147288037	GYR	2.1514282	1.3693848	2.3070984
147288046	MAG	-26.696777	33.221436	-4.4067383
147288050	ACC	16.27185	-16.911926	-3.4315186
147288047	GYR	2.4600525	1.7610931	1.7689362
147288060	ACC	13.17041	-14.886169	-5.9092255
147288057	GYR	2.3948975	1.8549042	1.5400391
147288065	MAG	-25.540161	34.109497	-7.5927734
147288070	ACC	10.3146515	-13.391922	-7.763962
147288067	GYR	2.1463165	1.9559021	1.4606476
147288077	GYR	1.8267517	2.0641632	1.3881531
147288085	MAG	-23.982239	34.605408	-10.035706
147288080	ACC	6.3352356	-12.249222	-11.038803
147288087	GYR	1.3026581	2.10701	1.3508453
147288090	ACC	2.3912811	-11.361282	-11.936798
147288097	GYR	0.5813446	1.9742584	1.397995
147288104	MAG	-23.007202	35.43701	-11.772156
147288100	ACC	0.49876404	-10.158249	-9.445343
147288107	GYR	-0.07699585	1.6822052	1.4519348
147288110	ACC	0.49313354	-8.873413	-4.9032745
147288117	GYR	-0.3616333	1.3491669	1.4283905
147288123	MAG	-21.600342	35.96344	-12.309265
147288120	ACC	2.1102753	-7.3121643	-2.8591309
147288127	GYR	-0.37249756	1.1328888	1.2924042
147288130	ACC	4.1132812	-5.279999	-2.1949615
147288137	GYR	-0.30651855	1.2093811	1.0805817
147288142	MAG	-20.243835	36.569214	-12.849426
147288140	ACC	6.054657	-3.0944214	-2.7369843
147288147	GYR	-0.2861328	1.4279633	0.80070496
147288150	ACC	7.381119	-1.2517548	-3.7362213
147288157	GYR	-0.41236877	1.4607086	0.47355652
147288161	MAG	-18.969727	36.891174	-13.272095
147288160	ACC	9.172913	0.18865967	-2.9085236
147288167	GYR	-0.56303406	1.2265015	0.030349731
147288169	ACC	10.367645	1.3136139	-1.3834381
147288177	GYR	-0.6287079	0.8944702	-0.5623627
147288181	MAG	-18.338013	36.82251	-13.259888
147288179	ACC	10.416672	1.7831879	-0.82914734
147288189	ACC	8.97229	1.4877319	-1.560852
147288187	GYR	-0.6929016	0.5672302	-1.2326508
147288200	MAG	-18.553162	36.680603	-12.911987
147288199	ACC	6.35408	0.9439392	-3.1839294
147288197	GYR	-0.7713623	0.3549347	-1.8297119
147288209	ACC	4.254486	0.13999939	-5.924759
147288207	GYR	-0.8477478	0.49362183	-2.1869202
147288219	MAG	-20.272827	35.932922	-12.062073
147288219	ACC	1.5631104	-1.1517334	-8.589645
147288217	GYR	-1.0425415	0.59394836	-2.3817291
147288229	ACC	-1.4375	-2.3987427	-8.197632
147288227	GYR	-1.5044098	0.33551025	-2.4781647
147288238	MAG	-21.81549	35.23712	-10.765076
147288239	ACC	-3.2860413	-3.5476837	-4.4132233
147288237	GYR	-2.0425568	-0.24819946	-2.4240417
147288249	ACC	-3.8794098	-5.0011444	0.005783081
147288247	GYR	-2.5168457	-0.810318	-2.2384338
147288258	MAG	-23.718262	34.431458	-8.465576
147288259	ACC	-3.6881409	-6.921524	0.69615173
147288257	GYR	-2.8406982	-0.98857117	-2.0027924
147288269	ACC	-3.8355255	-10.034744	-2.6923218
147288267	GYR	-2.9927979	-0.9343109	-1.8459473
147288277	MAG	-25.128174	33.821106	-6.02417
147288279	ACC	-3.9422455	-14.085495	-5.3662567
147288277	GYR	-3.2602692	-1.0814819	-1.746994
147288289	ACC	-3.1652222	-18.70021	-5.039093
147288287	GYR	-3.696518	-1.4784393	-1.6298981
147288296	MAG	-26.268005	33.0719	-2.571106
147288299	ACC	-1.8973389	-24.398743	-2.838852
147288297	GYR	-3.9733734	-1.7621155	-1.5176392
147288309	ACC	-1.8948822	-32.207703	-2.015091
147288307	GYR	-3.8546906	-1.681427	-1.425293
147288315	MAG	-27.287292	32.229614	1.159668
147288319	ACC	-1.2145386	-36.69284	-2.1362457
147288317	GYR	-3.6026306	-1.2828064	-1.2506561
147288329	ACC	4.0584717	-29.622665	-1.3617401
147288327	GYR	-3.62854	-0.78401184	-0.9090271
147288334	MAG	-28.129578	31.137085	3.9718628
147288339	ACC	7.907028	-20.9254	-1.7948914
147288337	GYR	-3.7470703	-0.6414032	-0.66166687
147288349	ACC	7.9218903	-17.442978	-2.7110596
147288347	GYR	-3.6654663	-1.0687103	-0.6638031
147288354	MAG	-28.135681	30.239868	6.9976807
147288359	ACC	12.649612	-17.573746	-2.0116882
147288356	GYR	-3.4819489	-1.6882324	-0.6776886
147288369	ACC	15.4592285	-19.456863	-2.6477966
147288366	GYR	-3.1936035	-2.0420227	-0.8484955
147288373	MAG	-28.450012	29.081726	10.385132
147288379	ACC	14.697159	-20.273056	-3.0760345
147288376	GYR	-2.7691498	-2.2024841	-1.3265839
147288389	ACC	11.309601	-19.713547	-2.8658752
147288386	GYR	-2.3059235	-2.4634705	-1.8087616
147288392	MAG	-28.504944	27.568054	13.272095
147288399	ACC	7.1262817	-18.274353	-1.9184265
147288396	GYR	-1.8453674	-2.9317474	-2.0855408
147288409	ACC	2.6743164	-14.975342	0.7201233
147288406	GYR	-1.4495392	-3.524353	-2.0850677
147288411	MAG	-29.101562	25.70343	16.633606
147288419	ACC	-2.6190338	-10.96106	2.374054
147288416	GYR	-1.1186371	-3.7608643	-1.8260803
147288429	ACC	-5.300522	-6.4129486	2.4607239
147288426	GYR	-0.7934723	-3.5133514	-1.3695068
147288431	MAG	-29.040527	24.253845	19.786072
147288439	ACC	-6.864151	-2.2174377	3.3935242
147288436	GYR	-0.44630432	-3.0535278	-0.88261414
147288449	ACC	-7.043762	0.72509766	3.2650146
147288446	GYR	-0.058898926	-2.2366028	-0.47940063
147288450	MAG	-28.29132	23.23761	21.850586
147288459	ACC	-7.1455536	1.8503113	2.1315155
147288456	GYR	0.3874054	-1.0309753	-0.21453857
147288469	MAG	-27.816772	23.176575	22.335815
147288466	GYR	0.83825684	0.22602844	-0.0018615723
147288469	ACC	-7.623001	1.8593597	2.0098267
147288476	GYR	1.2383423	1.4379425	0.31137085
147288488	MAG	-28.07312	23.805237	20.96405
147288479	ACC	-5.727783	2.2167053	1.7533264
147288486	GYR	1.5191193	2.5188751	0.6368866
147288489	ACC	-3.1073303	2.5143585	1.2849426
147288496	GYR	1.6608429	3.294403	0.85598755
147288508	MAG	-28.660583	24.855042	17.823792
147288499	ACC	-0.958374	2.2287598	0.996109
147288506	GYR	1.687561	3.7133484	1.0110016
147288509	ACC	0.5897064	1.5159454	0.5359955
147288516	GYR	1.5798492	3.8348846	1.1369171
147288527	MAG	-29.359436	26.260376	14.572144
147288519	ACC	1.778122	0.52249146	0.42027283
147288526	GYR	1.3774261	3.7282562	1.2182312
147288529	ACC	2.5337982	0.30075073	1.3106384
147288536	GYR	1.2019348	3.5914001	1.2251434
147288546	MAG	-29.69513	27.346802	11.553955
147288539	ACC	2.5984344	0.064315796	1.3153687
147288546	GYR	1.0964813	3.3830109	1.1469269
147288549	ACC	2.6016083	-0.4129181	0.316391
147288556	GYR	1.0238342	2.973526	0.9940491
147288565	MAG	-29.667664	28.146362	8.810425
147288559	ACC	2.5073395	-0.9631653	-1.224289
147288566	GYR	0.96824646	2.4203796	0.77253723
147288569	ACC	3.0813599	-1.746582	-3.8141937
147288584	MAG	-29.556274	28.839111	7.182312
147288579	ACC	3.973404	-3.043808	-6.277069
147288576	GYR	0.8742676	1.6186829	0.4436798
147288589	ACC	4.661972	-4.9797516	-10.313034
147288586	GYR	0.75942993	0.68992615	0.0075531006
147288604	MAG	-29.530334	28.630066	6.176758
147288599	ACC	5.311142	-6.591751	-14.619965
147288596	GYR	0.49336243	-0.313797	-0.41763306
147288609	ACC	5.890167	-6.366211	-13.137344
147288606	GYR	-0.26649475	-1.2718658	-0.79278564
147288623	MAG	-29.724121	28.03955	8.035278
147288619	ACC	5.5610657	-4.5806427	-5.099472
147288616	GYR	-1.2460938	-1.2413788	-1.1892853
147288629	ACC	2.9243927	-2.32518	7.9557037
147288626	GYR	-1.8243866	0.42292786	-1.5765228
147288642	MAG	-30.838013	26.976013	8.500671
147288639	ACC	-2.533371	-0.69577026	15.946182
147288636	GYR	-1.4413147	2.910141	-1.7492523
147288648	ACC	-7.1438293	-1.3747864	12.058517
147288646	GYR	-0.07385254	4.6719666	-1.5521698
147288661	MAG	-33.00476	26.364136	5.2948
147288658	ACC	-12.18718	-5.706833	5.2184906
147288656	GYR	1.1304626	4.719406	-1.2315063
147288668	ACC	-17.212402	-15.180176	-8.975693
147288666	GYR	1.6743622	3.774765	-0.8657532
147288681	MAG	-34.251404	26.345825	2.2216797
147288678	ACC	-9.099304	-27.20082	0.6297302
147288676	GYR	1.3171082	2.2238312	-0.28857422
147288688	ACC	5.0549927	-37.676712	28.582336
147288686	GYR	0.79389954	1.6976776	0.032852173
147288700	MAG	-33.7677	26.364136	0.24871826
147288698	ACC	14.619568	-38.329422	6.03685
147288696	GYR	1.8140717	3.0123138	-0.10812378
147288708	ACC	11.677231	-28.518082	-18.123901
147288706	GYR	2.0273132	3.5552826	-0.07183838
147288719	MAG	-33.54187	26.435852	-3.2424927
147288718	ACC	2.6131897	-16.544174	-3.914566
147288716	GYR	-0.12150574	2.9739685	0.06820679
147288728	ACC	-1.4472656	-9.36882	2.1381989
147288726	GYR	-0.9711151	2.5972595	0.3713379
147288738	MAG	-33.5907	26.864624	-4.472351
147288738	ACC	-4.5571594	-9.489288	-1.0313873
147288736	GYR	-0.03237915	3.1725616	0.6066284
147288748	ACC	-7.9384766	-13.9309845	0.35917664
147288746	GYR	0.58283997	3.6700592	0.89575195
147288757	MAG	-32.73468	27.638245	-7.170105
147288758	ACC	-7.6163177	-18.102036	3.2807617
147288756	GYR	0.7056427	3.9325104	1.610733
147288768	ACC	-3.3675995	-20.758926	4.523514
147288766	GYR	0.6467743	4.154724	2.4865265
147288777	MAG	-31.056213	29.162598	-10.386658
147288778	ACC	1.965622	-22.89293	6.3496094
147288776	GYR	0.63882446	3.8224335	3.0792694
147288788	ACC	8.312653	-24.162643	8.023514
147288786	GYR	0.8259735	2.8678894	3.2287445
147288796	MAG	-27.764893	30.934143	-13.392639
147288798	ACC	13.604507	-24.92714	6.9088745
147288796	GYR	1.208786	1.8181305	2.9400482
147288808	ACC	17.138306	-23.589249	2.2741852
147288806	GYR	1.6580658	1.4101868	2.4213715
147288815	MAG	-24.977112	31.628418	-15.551758
147288818	ACC	16.699036	-20.119904	-0.4638977
147288816	GYR	1.956604	1.9553986	1.9502716
147288828	ACC	13.641495	-17.146286	-3.0649261
147288826	GYR	2.0223846	2.566864	1.6385651
147288834	MAG	-23.04535	32.374573	-18.125916
147288838	ACC	11.210571	-14.655212	-6.3697357
147288836	GYR	1.9306335	2.6278687	1.5080414
147288848	ACC	8.655014	-12.104187	-7.478958
147288845	GYR	1.6867218	2.363556	1.4518738
147288854	MAG	-21.0083	32.266235	-20.739746
147288858	ACC	6.1730957	-9.890472	-8.766678
147288855	GYR	1.3209076	2.1727142	1.417923
147288865	GYR	0.8147125	2.1694794	1.4279022
147288873	MAG	-19.247437	32.562256	-22.439575
147288868	ACC	3.6740875	-8.303421	-8.962112
147288875	GYR	0.20706177	2.0540466	1.4764404
147288878	ACC	1.545578	-7.313675	-6.0507355
147288885	GYR	-0.23544312	1.8137512	1.510086
147288892	MAG	-17.562866	32.83539	-23.207092
147288888	ACC	0.6642151	-6.5987244	-2.4851227
147288895	GYR	-0.3471222	1.696701	1.475357
147288898	ACC	1.087204	-6.026642	-1.6041412
147288905	GYR	-0.30036926	1.6743469	1.3864746
147288911	MAG	-16.027832	33.688354	-23.913574
147288908	ACC	2.7955475	-5.1172943	-1.9302368
147288915	GYR	-0.25819397	1.7118225	1.2411346
147288918	ACC	4.940735	-3.587616	-2.3065643
147288925	GYR	-0.27716064	1.9251709	1.0316772
147288931	MAG	-14.161682	34.01184	-24.186707
147288928	ACC	7.165207	-1.9422913	-2.7876892
147288935	GYR	-0.4021759	2.091507	0.7414093
147288938	ACC	9.218842	-0.529541	-2.4624176
147288945	GYR	-0.58192444	1.9441223	0.33732605
147288950	MAG	-12.312317	34.309387	-24.68872
147288948	ACC	10.7547455	0.58695984	-0.6421509
147288955	GYR	-0.665802	1.5543976	-0.17605591
147288958	ACC	11.165115	1.4338531	0.84358215
147288969	MAG	-11.49292	34.365845	-24.7406
147288968	ACC	11.166199	1.6453857	0.62431335
147288965	GYR	-0.6138916	1.2034607	-0.742157
147288978	ACC	9.856918	1.2297821	-0.8711853
147288975	GYR	-0.53645325	0.93237305	-1.3570251
147288988	MAG	-11.637878	34.596252	-24.702454
147288988	ACC	7.124695	0.42785645	-3.6811066
147288985	GYR	-0.5011139	0.7779846	-1.9281464
147288998	ACC	3.2394714	-0.4850464	-8.48053
147288995	GYR	-0.5401306	0.88430786	-2.3264008
147289007	MAG	-12.637329	34.213257	-23.875427
147289008	ACC	-1.2476196	-1.4076538	-12.206238
147289005	GYR	-0.8427124	1.036911	-2.4923553
147289018	ACC	-4.633301	-2.3777618	-11.638824
147289015	GYR	-1.491272	0.92807007	-2.4402466
147289027	MAG	-14.375305	34.365845	-23.088074
147289028	ACC	-6.7852783	-3.5739746	-7.938339
147289025	GYR	-2.2252808	0.4685974	-2.270584
147289038	ACC	-7.215164	-4.982971	-2.8756866
147289035	GYR	-2.8440704	-0.06188965	-1.9851685
147289046	MAG	-15.692139	34.45587	-21.211243
147289048	ACC	-6.2167816	-7.3315735	-0.39616394
147289045	GYR	-3.2497559	-0.30360413	-1.6381989
147289058	ACC	-4.6483154	-11.025864	-1.5177917
147289055	GYR	-3.503769	-0.27677917	-1.3483582
147289065	MAG	-16.781616	35.021973	-18.778992
147289068	ACC	-3.3578644	-14.847397	-2.8783875
147289065	GYR	-3.8345795	-0.3814087	-1.2227173
147289078	ACC	-1.1931915	-18.53923	-4.67511
147289075	GYR	-4.0769653	-0.5550995	-1.3018951
147289084	MAG	-17.546082	35.717773	-15.866089
147289088	ACC	1.3250732	-23.68811	-6.8370056
147289085	GYR	-4.031952	-0.6240845	-1.5326691
147289098	ACC	2.6117554	-31.277771	-7.03862
147289095	GYR	-3.8302917	-1.0216827	-1.7242584
147289104	MAG	-18.902588	36.0672	-13.172913
147289108	ACC	0.8294678	-36.944626	-4.401291
147289105	GYR	-3.7483215	-1.634201	-1.6283722
147289118	ACC	2.6486664	-32.69716	-2.1177673
147289115	GYR	-3.8325653	-1.3226013	-1.2587433
147289123	MAG	-20.140076	35.894775	-9.614563
147289127	ACC	8.703125	-23.884079	-2.463501
147289125	GYR	-3.8769531	-0.29205322	-0.8373108
147289137	ACC	11.13913	-19.785965	-3.2535248
147289135	GYR	-3.7094421	0.33499146	-0.8583374
147289142	MAG	-20.706177	35.66742	-6.8344116
147289147	ACC	11.227081	-20.218506	-4.750458
147289145	GYR	-3.3607178	0.4915161	-1.3144836
147289157	ACC	12.028244	-21.590942	-5.617676
147289155	GYR	-2.974289	0.023483276	-1.7368774
147289161	MAG	-21.298218	35.34546	-4.4158936
147289167	ACC	11.488068	-21.99936	-3.9572601
147289165	GYR	-2.6893616	-1.0610352	-2.036148
147289177	ACC	9.0447235	-20.923035	-2.548172
147289175	GYR	-2.4572754	-2.09523	-2.2507477
147289180	MAG	-22.792053	34.64508	-1.8234253
147289187	ACC	6.012451	-18.508224	-1.2499542
147289185	GYR	-2.1807861	-2.9741516	-2.2823029
147289197	ACC	2.4075012	-15.0125885	0.4853363
147289195	GYR	-1.8803253	-3.8510437	-2.0988007
147289200	MAG	-24.711609	33.078003	1.4099121
147289207	ACC	-0.7226715	-11.245499	1.3666077
147289205	GYR	-1.6248932	-4.367859	-1.6889801
147289217	ACC	-3.1423798	-9.040024	0.4514923
147289215	GYR	-1.4533691	-4.1805267	-1.1212158
147289219	MAG	-25.930786	32.31201	5.101013
147289227	ACC	-2.8859253	-6.55571	-0.17378235
147289225	GYR	-1.3612671	-3.438202	-0.5821686
147289237	ACC	-3.6129608	-4.55719	-0.478714
147289235	GYR	-1.2341461	-2.4534454	-0.27876282
147289239	MAG	-25.898743	31.463623	7.9818726
147289247	ACC	-4.6100006	-2.7517395	-0.18551636
147289245	GYR	-0.950058	-1.5201874	-0.19204712
147289255	GYR	-0.46150208	-0.7470398	-0.1635437
147289258	MAG	-25.631714	31.17218	9.559631
147289257	ACC	-4.5293884	0.0011749268	0.35437012
147289265	GYR	0.18745422	-0.03224182	-0.18154907
147289277	MAG	-25.779724	31.326294	9.558105
147289267	ACC	-5.113907	1.7614594	0.8438263
147289275	GYR	0.90431213	0.6945038	-0.12721252
147289277	ACC	-4.906006	2.3524323	1.0249176
147289285	GYR	1.5093689	1.5138702	0.117370605
147289296	MAG	-25.8667	31.632996	7.7819824
147289287	ACC	-4.0781097	2.192276	0.33728027
147289295	GYR	1.8486938	2.2681122	0.47450256
147289297	ACC	-2.7559052	2.0419922	-0.14103699
147289305	GYR	1.9289856	2.772644	0.7904968
147289315	MAG	-26.14441	32.36389	4.8309326
147289307	ACC	-1.5097961	2.019226	-0.6055603
147289315	GYR	1.820282	3.138443	1.0359039
147289317	ACC	-0.46955872	1.9553986	-0.9630127
147289324	GYR	1.5917664	3.5154266	1.211792
147289334	MAG	-25.41809	33.239746	1.7181396
147289327	ACC	0.83291626	1.4753723	-1.4535675
147289334	GYR	1.29245	3.8662872	1.2845459
147289337	ACC	1.6396179	0.2434082	-2.0253906
147289344	GYR	0.9539795	3.9957123	1.2741699
147289353	MAG	-24.476624	34.17816	-1.0894775
147289347	ACC	1.8200836	-1.1515045	-2.1379547
147289357	ACC	1.189331	-1.9883118	-1.851181
147289354	GYR	0.62828064	3.7061462	1.1923676
147289373	MAG	-23.390198	34.73053	-3.3218384
147289367	ACC	0.05557251	-2.163971	-2.110672
147289364	GYR	0.36637878	3.127533	1.0228729
147289377	ACC	-1.2908173	-1.8942413	-3.0088654
147289374	GYR	0.15461731	2.4007568	0.78663635
147289392	MAG	-22.892761	35.121155	-4.397583
147289387	ACC	-2.5901184	-1.1842346	-3.8357391
147289384	GYR	-0.049713135	1.6113434	0.5406189
147289397	ACC	-3.5339813	-0.6407013	-4.6200256
147289394	GYR	-0.26834106	0.8908386	0.3405304
147289411	MAG	-22.23053	35.41565	-4.550171
147289407	ACC	-2.9017487	-0.7939911	-3.2296295
147289404	GYR	-0.5339508	0.35079956	0.23651123
147289417	ACC	-0.9529724	-1.3196411	3.3467712
147289414	GYR	-0.7715759	0.17507935	0.1802826
147289430	MAG	-21.78955	35.610962	-4.450989
147289427	ACC	-1.1322021	-2.1214142	8.018112
147289424	GYR	-0.57392883	0.94976807	0.031326294
147289437	ACC	-2.9044647	-3.634964	4.8888397
147289434	GYR	0.22390747	2.3298798	-0.06010437
147289450	MAG	-21.655273	35.861206	-5.8654785
147289447	ACC	-3.849823	-7.35347	2.4469452
147289444	GYR	0.9573364	3.314209	0.059188843
147289457	ACC	-2.9485474	-14.090469	2.2343903
147289454	GYR	1.1661987	3.8962097	0.27005005
147289469	MAG	-21.096802	36.132812	-8.74176
147289467	ACC	0.10876465	-23.545364	5.7042694
147289464	GYR	1.1621552	4.528824	0.49829102
147289477	ACC	2.1163025	-32.60492	15.871292
147289474	GYR	1.2702637	5.391266	0.68533325
147289488	MAG	-19.29779	36.32965	-11.917114
147289487	ACC	4.7978973	-35.13797	15.165985
147289484	GYR	1.6640625	6.150482	0.93659973
147289497	ACC	10.927628	-27.767975	-2.525879
147289494	GYR	1.9030914	5.778702	1.2243805
147289507	MAG	-17.094421	36.793518	-16.108704
147289507	ACC	10.900009	-17.742142	-13.254349
147289504	GYR	1.4127045	4.3108215	0.92285156
147289517	ACC	4.490036	-10.817688	-2.0734253
147289514	GYR	0.55592346	2.6714325	0.24456787
147289527	MAG	-14.797974	36.827087	-17.82074
147289527	ACC	-0.22277832	-8.079926	4.2671356
147289524	GYR	0.41763306	2.0522766	0.0897522
147289537	ACC	-2.4104614	-10.461548	-0.5544586
147289534	GYR	0.9261627	2.8979797	0.53056335
147289546	MAG	-14.289856	37.017822	-19.438171
147289547	ACC	-4.1148987	-16.240799	-3.6248322
147289544	GYR	1.0047607	4.0187225	1.2840576
147289557	ACC	-3.4510193	-21.148575	-1.3039246
147289554	GYR	0.7082825	4.3554077	2.1421356
147289565	MAG	-11.981201	37.50763	-21.554565
147289567	ACC	0.23597717	-23.826035	0.43440247
147289564	GYR	0.6368408	3.5513306	2.8132324
147289577	ACC	5.3553925	-24.724213	0.8303375
147289574	GYR	0.85839844	2.3076782	3.0550842
147289584	MAG	-7.876587	37.71515	-23.06366
147289587	ACC	9.763916	-24.592407	2.120346
147289584	GYR	1.0450745	1.6576843	2.8840332
147289597	ACC	12.873062	-23.242096	3.0136871
147289594	GYR	1.1881561	1.6464691	2.4988708
147289603	MAG	-4.145813	37.556458	-24.432373
147289606	ACC	14.544998	-20.628006	2.311554
147289604	GYR	1.4359894	1.8293152	2.0682373
147289616	ACC	14.6792755	-18.127365	-1.471817
147289614	GYR	1.7292023	2.119629	1.7345886
147289623	MAG	-1.7227173	36.91101	-25.872803
147289626	ACC	13.316299	-16.333923	-5.524063
147289624	GYR	1.8044586	2.4824371	1.5856781
147289636	ACC	11.94516	-14.444656	-8.090424
147289634	GYR	1.5998077	2.5868835	1.5926666
147289642	MAG	1.1062622	36.221313	-27.104187
147289644	GYR	1.2690277	2.329422	1.6613007
147289646	ACC	9.770966	-12.682648	-8.864487
147289654	GYR	0.8671112	2.0818634	1.7629242
147289661	MAG	3.3752441	35.847473	-27.954102
147289656	ACC	7.369583	-11.1380005	-8.690887
147289664	GYR	0.418396	1.9554596	1.8647003
147289666	ACC	5.168503	-10.521759	-8.487793
147289674	GYR	-0.11627197	1.9527283	1.8725891
147289680	MAG	5.7876587	35.939026	-28.103638
147289676	ACC	3.4970398	-10.18045	-6.6168213
147289684	GYR	-0.52711487	1.6875458	1.8171997
147289686	ACC	3.8662872	-8.985474	-3.1000366
147289694	GYR	-0.5177002	1.0916595	1.6582947
147289700	MAG	7.9971313	35.760498	-27.760315
147289696	ACC	5.3157043	-7.045532	-0.8763275
147289704	GYR	-0.20799255	0.75305176	1.3357239
147289706	ACC	6.739319	-5.0322266	-0.29103088
147289714	GYR	0.12478638	0.85295105	0.9529419
147289719	MAG	9.597778	35.710144	-27.75879
147289716	ACC	7.557556	-3.0473633	-1.484726
147289724	GYR	0.25349426	0.9560547	0.5991516
147289726	ACC	8.134888	-1.4541168	-2.6840363
147289734	GYR	0.2389679	0.75930786	0.26338196
147289738	MAG	10.774231	35.720825	-27.598572
147289736	ACC	9.416641	-0.3588562	-2.7117004
147289746	ACC	11.174011	0.52119446	-1.6246948
147289744	GYR	0.21232605	0.45196533	-0.13034058
147289757	MAG	11.535645	35.203552	-27.236938
147289756	ACC	12.300415	1.2734985	-1.1714935
147289754	GYR	0.23143005	0.105285645	-0.69750977
147289766	ACC	11.844589	1.7814331	-1.2933197
147289764	GYR	0.171875	-0.25863647	-1.3805847
147289777	MAG	10.777283	35.331726	-27.618408
147289776	ACC	8.500122	1.2060242	-1.5469513
147289774	GYR	-0.022476196	-0.6017151	-2.0213623
147289786	ACC	3.062317	-0.55003357	-2.2632446
147289784	GYR	-0.26663208	-0.7812805	-2.3921356
147289796	MAG	9.074402	35.84442	-26.950073
147289796	ACC	-1.3044891	-1.9508362	-4.429062
147289794	GYR	-0.4666443	-0.792572	-2.3696442
147289806	ACC	-3.0238037	-2.1830597	-7.6284027
147289803	GYR	-0.7420654	-0.7125702	-2.1062622
147289815	MAG	6.941223	36.61194	-26.13678
147289816	ACC	-4.20903	-2.5627441	-10.054504
147289813	GYR	-1.23172	-0.7797699	-1.9615173
147289826	ACC	-4.7806396	-3.6594238	-9.281754
147289823	GYR	-1.9533386	-0.9487152	-1.9154053
147289834	MAG	5.4016113	37.18567	-24.559021
147289836	ACC	-4.741791	-5.117813	-4.5269012
147289833	GYR	-2.7389526	-1.0960388	-1.7885742
147289846	ACC	-4.2621613	-7.108673	-0.09011841
147289843	GYR	-3.2985077	-1.0934601	-1.6080627
147289853	MAG	3.868103	38.290405	-22.138977
147289856	ACC	-3.4207	-9.788147	0.37026978
147289853	GYR	-3.5521088	-0.8691559	-1.4464111
147289866	ACC	-3.389389	-12.905426	-1.3268738
147289863	GYR	-3.680603	-0.76486206	-1.396637
147289873	MAG	2.8762817	39.35547	-18.960571
147289876	ACC	-3.3980103	-16.306412	-4.017517
147289873	GYR	-3.802353	-0.8578186	-1.4372253
147289886	ACC	-2.6089478	-20.318237	-5.0124817
147289883	GYR	-3.8812256	-0.93196106	-1.4991913
147289892	MAG	1.5060425	40.289307	-15.658569
147289896	ACC	-2.7662811	-25.280731	-4.032501
147289893	GYR	-3.889389	-0.97006226	-1.5810852
147289906	ACC	-3.1111145	-31.096008	-2.8522644
147289903	GYR	-3.8141174	-0.8310394	-1.6192017
147289911	MAG	-0.1159668	40.997314	-12.557983
147289916	ACC	0.13757324	-33.65576	-2.5798035
147289913	GYR	-3.800583	-0.65016174	-1.5047455
147289926	ACC	7.2741547	-30.216583	0.01626587
147289923	GYR	-3.947647	-0.65670776	-1.3367157
147289930	MAG	-1.3275146	41.26892	-9.217834
147289936	ACC	12.338623	-24.91455	0.22901917
147289933	GYR	-3.9910126	-0.8018799	-1.3666687
147289946	ACC	15.962097	-23.333847	-2.3769684
147289943	GYR	-3.7386932	-0.91186523	-1.6330414
147289949	MAG	-2.0828247	40.953064	-5.7250977
147289956	ACC	16.75203	-24.583176	-6.275467
147289953	GYR	-3.4110565	-1.2179108	-2.0417328
147289966	ACC	17.447113	-24.08252	-8.039749
147289963	GYR	-3.1899872	-2.1645813	-2.3881683
147289969	MAG	-3.5491943	40.730286	-2.659607
147289976	ACC	16.775436	-22.006454	-6.2969666
147289973	GYR	-3.011673	-3.47406	-2.531952
147289986	ACC	13.153564	-18.385681	-2.8946533
147289983	GYR	-2.6596527	-4.6723022	-2.5556488
147289988	MAG	-5.9555054	39.733887	0.65460205
147289996	ACC	9.587433	-13.8710785	0.2679596
147289993	GYR	-2.0796356	-5.6994934	-2.4049988
147290006	ACC	5.608429	-10.038467	1.6100464
147290003	GYR	-1.478653	-6.2463074	-2.0836487
147290007	MAG	-7.487488	38.98163	4.0390015
147290016	ACC	0.913147	-7.8553314	2.9407043
147290013	GYR	-1.0709229	-6.024231	-1.6876984
147290026	ACC	-4.213501	-5.7196198	3.9982147
147290023	GYR	-0.76589966	-5.1313324	-1.2322235
147290027	MAG	-8.898926	38.41095	6.477356
147290033	GYR	-0.39039612	-3.8229218	-0.7743683
147290036	ACC	-6.6289215	-2.7190247	2.0678406
147290043	GYR	0.01159668	-2.61792	-0.4491272
147290046	MAG	-8.77533	38.230896	8.102417
147290046	ACC	-7.6097565	-0.24549866	0.762146
147290053	GYR	0.4113922	-1.7715302	-0.29125977
147290065	MAG	-8.853149	38.28888	8.381653
147290056	ACC	-7.755005	0.07223511	1.4359741
147290063	GYR	0.9248657	-0.9715729	-0.20620728
147290066	ACC	-6.9712067	0.47605896	1.0511017
147290073	GYR	1.425415	-0.052703857	-0.018661499
147290084	MAG	-8.6883545	38.35907	7.348633
147290076	ACC	-5.777176	0.9748535	-0.29219055
147290083	GYR	1.6942749	0.83314514	0.30104065
147290086	ACC	-4.071686	1.4469452	-1.0509796
147290093	GYR	1.755249	1.3586273	0.62179565
147290103	MAG	-8.387756	38.941956	5.622864
147290095	ACC	-1.4959717	2.015213	-0.416214
147290103	GYR	1.7111206	1.4763947	0.84417725
147290105	ACC	-0.15460205	2.7314606	1.2179871
147290113	GYR	1.5774994	1.6425171	1.0731812
147290123	MAG	-7.3501587	39.33716	4.005432
147290115	ACC	0.34603882	2.9078674	2.7583618
147290123	GYR	1.4645538	2.1680145	1.204483
147290125	ACC	-0.12695312	3.0357666	2.8464203
147290133	GYR	1.367096	2.8102417	1.230484
147290142	MAG	-6.7581177	39.81018	2.2705078
147290135	ACC	-0.6488037	2.8194122	1.6440277
147290145	ACC	-1.057663	1.7185974	0.39517212
147290143	GYR	1.226593	3.248352	1.1911469
147290161	MAG	-6.0897827	40.068054	0.869751
147290155	ACC	-1.2725372	0.34454346	-0.484375
147290153	GYR	1.0391388	3.4680328	1.1170654
147290165	ACC	-1.4924774	-0.816452	-1.1499023
147290163	GYR	0.82247925	3.5074463	0.99090576
147290180	MAG	-5.4382324	40.298462	-0.10986328
147290175	ACC	-1.6402893	-2.105545	-2.413025
147290173	GYR	0.6144409	3.2903137	0.8132019
147290185	ACC	-0.9406128	-3.247528	-4.4086914
147290183	GYR	0.41207886	2.801178	0.62568665
147290199	MAG	-4.864502	40.242004	-0.8804321
147290195	ACC	-0.10850525	-4.4743347	-7.1617126
147290193	GYR	0.19677734	2.1009521	0.39500427
147290205	ACC	0.63552856	-5.775299	-13.469849
147290203	GYR	-0.20066833	1.2094574	0.1373291
147290219	MAG	-4.4387817	39.945984	-0.42266846
147290215	ACC	2.8602448	-7.0350647	-13.724243
147290213	GYR	-0.9876251	0.18409729	-0.09963989
147290225	ACC	4.927582	-5.9492493	5.303482
147290223	GYR	-2.0503082	-0.73205566	-0.36491394
147290238	MAG	-4.3380737	39.47296	1.5029907
147290235	ACC	1.5207214	-2.329483	19.17575
147290233	GYR	-2.0456238	0.38832092	-0.7226715
147290245	ACC	-4.2826843	-0.83473206	14.1106415
147290243	GYR	-0.55233765	3.007904	-0.7491913
147290257	MAG	-5.5603027	39.57672	1.3824463
147290255	ACC	-9.535431	-2.9781494	5.7407837
147290253	GYR	0.76246643	4.3945465	-0.2822113
147290265	ACC	-12.593597	-9.839264	-7.1463776
147290263	GYR	1.1530457	4.118408	0.31159973
147290276	MAG	-6.1584473	39.933777	-0.08850098
147290275	ACC	-4.518692	-18.1958	4.023773
147290273	GYR	0.93847656	2.893982	0.8218689
147290285	ACC	3.8168945	-26.461105	24.498703
147290282	GYR	0.93170166	2.6445618	0.99438477
147290296	MAG	-4.8568726	40.045166	-1.4694214
147290295	ACC	5.6665955	-32.954376	14.925369
147290292	GYR	1.924881	4.181259	1.0518036
147290305	ACC	13.417145	-32.07852	-13.176178
147290302	GYR	2.2597198	4.764618	1.4799652
147290315	MAG	-3.8452148	40.274048	-4.1381836
147290315	ACC	12.259415	-22.21695	-10.792801
147290312	GYR	1.0002441	3.6268005	1.5982819
147290325	ACC	8.661011	-12.4227295	-2.8743896
147290322	GYR	0.053604126	2.5072632	1.2263794
147290334	MAG	-2.3544312	40.42816	-4.9316406
147290335	ACC	3.1671906	-10.6158905	-0.81092834
147290332	GYR	0.45230103	2.5210571	0.9859314
147290345	ACC	-0.6885834	-12.778641	-0.8813782
147290342	GYR	1.0950165	2.8151093	1.1559448
147290353	MAG	-1.689148	40.608215	-5.7250977
147290355	ACC	0.17706299	-16.726105	-0.2688446
147290352	GYR	1.3561096	2.7885132	1.8114929
147290365	ACC	3.6839905	-21.030212	-1.7862549
147290362	GYR	1.4161224	2.3034668	2.5106354
147290372	MAG	0.41503906	40.59906	-7.423401
147290375	ACC	8.36824	-24.310486	-0.13290405
147290372	GYR	1.5767517	1.6030579	2.9254608
147290385	ACC	12.7612	-26.335297	0.3251953
147290382	GYR	1.9459229	1.1900635	3.0878754
147290392	MAG	3.6209106	40.582275	-9.326172
147290395	ACC	15.392395	-26.149292	0.6560364
147290392	GYR	2.3334656	1.2888641	3.077942
147290405	ACC	17.279709	-24.431305	-0.2592926
147290402	GYR	2.5797272	1.5853271	2.9090118
147290411	MAG	6.173706	40.379333	-11.546326
147290415	ACC	17.392395	-21.031677	-3.860611
147290412	GYR	2.755478	1.5365295	2.5379944
147290422	GYR	2.769043	1.2002563	2.0527802
147290430	MAG	8.930969	39.479065	-13.775635
147290425	ACC	13.792221	-17.055298	-7.4674225
147290432	GYR	2.5190735	0.94462585	1.7556915
147290435	ACC	7.7469177	-14.177185	-9.800125
147290442	GYR	2.083191	0.90711975	1.8492279
147290449	MAG	9.93042	38.864136	-15.458679
147290445	ACC	4.6453705	-12.109314	-11.124954
147290452	GYR	1.5083618	0.9169159	2.0646057
147290455	ACC	2.514679	-11.521088	-11.105209
147290462	GYR	0.8224335	0.97906494	2.151413
147290469	MAG	11.434937	38.661194	-16.13617
147290465	ACC	1.7228699	-10.940521	-10.160309
147290472	GYR	0.10897827	0.89704895	2.1153717
147290475	ACC	2.022583	-9.554443	-5.5260468
147290482	GYR	-0.28674316	0.6325989	1.9954529
147290488	MAG	13.388062	38.182068	-16.03241
147290485	ACC	3.396103	-7.5444946	-0.6675873
147290492	GYR	-0.13658142	0.26490784	1.7428894
147290495	ACC	4.6672363	-5.6201477	-0.01776123
147290502	GYR	0.21598816	0.030303955	1.4277344
147290507	MAG	14.898682	37.815857	-16.004944
147290505	ACC	5.2553864	-3.7259216	-1.8265076
147290512	GYR	0.42129517	0.11689758	1.1391296
147290515	ACC	5.7912445	-1.5094757	-3.7420502
147290522	GYR	0.39450073	0.37869263	0.84384155
147290526	MAG	15.916443	37.295532	-16.12091
147290525	ACC	7.362198	0.12402344	-4.491699
147290535	ACC	9.171616	0.8773804	-2.7081451
147290532	GYR	0.18080139	0.4638977	0.4972992
147290545	MAG	16.651917	37.223816	-16.021729
147290545	ACC	10.540924	1.3917084	-0.17712402
147290542	GYR	0.072387695	0.21388245	0.046051025
147290555	ACC	10.952545	2.2482452	1.0012665
147290552	GYR	0.12478638	-0.27212524	-0.56092834
147290565	MAG	16.31012	37.25891	-16.049194
147290565	ACC	9.393188	2.9900665	0.6090698
147290562	GYR	0.1489563	-0.74690247	-1.2512512
147290574	ACC	6.156662	3.0804138	-1.5579071
147290572	GYR	0.073150635	-1.0510712	-1.8028717
147290584	MAG	14.79187	37.6297	-16.169739
147290584	ACC	2.6584625	2.2412262	-4.80101
147290582	GYR	-0.12646484	-0.9229584	-2.0190887
147290594	ACC	0.09422302	0.7482147	-7.107239
147290592	GYR	-0.47883606	-0.5323334	-1.9543152
147290603	MAG	12.82196	38.389587	-15.782166
147290604	ACC	-1.1236572	-0.45414734	-7.3546753
147290602	GYR	-0.95248413	-0.3269043	-1.8034668
147290614	ACC	-2.0361938	-1.4488678	-5.781494
147290612	GYR	-1.4589844	-0.5672302	-1.7366943
147290622	MAG	11.070251	38.74359	-14.500427
147290624	ACC	-2.7959595	-2.6006317	-2.813263
147290622	GYR	-1.947464	-1.0996552	-1.7016296
147290634	ACC	-3.2177734	-3.269928	-0.36299133
147290632	GYR	-2.3052368	-1.5588379	-1.6174927
147290642	MAG	9.111023	39.21814	-12.704468
147290644	ACC	-3.0537415	-3.7521973	0.21150208
147290642	GYR	-2.474533	-1.7071838	-1.4910278
147290654	ACC	-2.418457	-4.9923096	-0.5378418
147290652	GYR	-2.5685425	-1.6707306	-1.3677826
147290661	MAG	7.588196	39.624023	-10.929871
147290664	ACC	-1.6551666	-7.352844	-2.3440552
147290662	GYR	-2.733902	-1.8426056	-1.27594
147290674	ACC	-1.0731659	-10.681732	-4.1782837
147290672	GYR	-3.0632172	-2.2557526	-1.1940308
147290680	MAG	6.30188	39.920044	-8.605957
147290684	ACC	0.4124298	-14.534195	-3.9231567
147290682	GYR	-3.5410614	-2.473053	-1.0996704
147290694	ACC	2.7750092	-19.59787	-1.4492493
147290692	GYR	-3.9089966	-2.1674347	-1.077301
147290699	MAG	4.8675537	39.941406	-5.697632
147290704	ACC	2.911316	-25.818237	0.45263672
147290702	GYR	-3.844574	-1.5607758	-1.2496033
147290714	ACC	-0.08943176	-32.146713	-1.0361786
147290712	GYR	-3.3991852	-1.0998077	-1.4921722
147290719	MAG	3.5263062	40.00702	-2.8457642
147290724	ACC	-1.3084869	-36.38762	-3.9611816
147290722	GYR	-3.0783691	-0.9704437	-1.5349274
147290734	ACC	2.791397	-32.776672	-2.2575073
147290732	GYR	-3.1536865	-1.1907501	-1.3148499
147290738	MAG	1.9714355	39.779663	-0.32958984
147290744	ACC	9.7535095	-25.453873	-1.5478058
147290742	GYR	-3.1466522	-1.4911499	-1.1767426
147290754	ACC	14.990646	-22.324005	-4.239853
147290752	GYR	-2.8430786	-1.7642517	-1.4607391
147290757	MAG	1.1611938	39.279175	2.3910522
147290764	ACC	14.390579	-23.120361	-7.0512085
147290761	GYR	-2.5696259	-2.4698792	-2.0691986
147290774	ACC	13.632385	-23.205872	-6.984314
147290771	GYR	-2.5207977	-3.2104034	-2.4787292
147290776	MAG	0.08087158	38.720703	4.7164917
147290784	ACC	12.438568	-21.966675	-5.812256
147290781	GYR	-2.4272919	-3.5860138	-2.6025543
147290794	ACC	9.566925	-18.627808	-4.40921
147290791	GYR	-2.0751495	-3.6550903	-2.6668396
147290795	MAG	-1.9165039	37.98828	7.0632935
147290804	ACC	7.8245087	-14.915604	-3.4628296
147290801	GYR	-1.5140533	-3.8221588	-2.559723
147290814	ACC	5.393036	-11.2256775	-1.1527252
147290811	GYR	-0.88453674	-4.4701843	-2.2864532
147290815	MAG	-3.3111572	37.3291	9.043884
147290821	GYR	-0.37251282	-4.813858	-1.8245392
147290824	ACC	3.2290192	-7.862442	-0.24053955
147290831	GYR	-0.07086182	-4.36145	-1.3033295
147290834	MAG	-4.220581	36.912537	10.424805
147290834	ACC	1.0641022	-5.437546	0.66651917
147290841	GYR	0.17327881	-3.4656525	-0.91586304
147290853	MAG	-4.385376	36.88507	10.806274
147290844	ACC	-1.8998566	-4.051956	1.7714081
147290851	GYR	0.51890564	-2.4547424	-0.6753998
147290854	ACC	-4.337097	-2.586914	1.0346527
147290861	GYR	0.9024811	-1.548645	-0.5063324
147290872	MAG	-4.6966553	36.897278	10.546875
147290864	ACC	-5.611801	-1.2537079	0.21676636
147290871	GYR	1.2578125	-0.92463684	-0.33744812
147290874	ACC	-6.1892395	-0.4717865	-0.031539917
147290881	GYR	1.5810547	-0.39137268	-0.08885193
147290892	MAG	-5.0598145	37.376404	9.654236
147290884	ACC	-5.395996	0.015594482	-0.22148132
147290891	GYR	1.8091278	0.16921997	0.18867493
147290894	ACC	-4.8156586	0.32487488	-0.45492554
147290901	GYR	1.8950348	0.69621277	0.5145416
147290911	MAG	-4.901123	37.72278	7.9544067
147290904	ACC	-3.2313385	0.6605835	-0.50608826
147290911	GYR	1.8558807	0.9147644	0.8348236
147290914	ACC	-1.1996002	1.2817688	0.049102783
147290930	MAG	-4.2175293	38.2782	6.161499
147290924	ACC	0.29782104	1.3525085	0.753891
147290921	GYR	1.7387695	1.0513	1.12146
147290934	ACC	0.73802185	1.2197266	1.158783
147290931	GYR	1.5834961	1.3749542	1.2889557
147290949	MAG	-3.7628174	39.050293	4.598999
147290944	ACC	0.36724854	0.8959961	1.1392975
147290941	GYR	1.3959503	1.8058777	1.3586884
147290954	ACC	-0.31654358	0.46418762	0.7038727
147290951	GYR	1.2022552	2.136078	1.3203583
147290968	MAG	-2.696228	39.422607	3.352356
147290964	ACC	-0.9232483	0.07975769	0.36317444
147290961	GYR	1.0013428	2.2617645	1.1968079
147290974	ACC	-1.3015594	-0.15463257	-0.18778992
147290971	GYR	0.8134613	2.276947	1.0154724
147290988	MAG	-2.1728516	39.674377	2.609253
147290984	ACC	-1.4691467	-0.5718689	-1.2259369
147290981	GYR	0.64208984	2.235199	0.77926636
147290994	ACC	-1.5165405	-1.5272522	-2.6086578
147290991	GYR	0.48042297	2.0591583	0.49320984
147291007	MAG	-1.9393921	39.88037	1.8859863
147291004	ACC	-1.1743317	-2.9375305	-4.1469574
147291001	GYR	0.34831238	1.6591797	0.20761108
147291014	ACC	-0.28460693	-4.6018524	-6.3645782
147291011	GYR	0.20603943	1.0361481	-0.053115845
147291026	MAG	-1.9989014	39.813232	1.7089844
147291024	ACC	1.548645	-5.9892883	-13.174469
147291021	GYR	-0.10992432	0.38687134	-0.26039124
147291034	ACC	4.0477905	-6.6280518	-14.277435
147291031	GYR	-0.8134613	-0.272583	-0.47172546
147291045	MAG	-2.104187	39.81476	2.2705078
147291043	ACC	6.6665955	-5.6631775	-1.5129547
147291041	GYR	-1.8462067	-0.622879	-0.7754822
147291053	ACC	5.8652954	-3.6396484	15.077332
147291051	GYR	-2.245758	0.724823	-1.1729889
147291065	MAG	-2.6412964	39.375305	4.092407
147291063	ACC	-0.6707306	-3.4835205	17.386932
147291061	GYR	-1.3621216	3.3728638	-1.4393158
147291073	ACC	-8.437027	-6.3683167	10.179779
147291071	GYR	0.14382935	4.980789	-1.2166901
147291084	MAG	-4.878235	39.424133	3.3432007
147291083	ACC	-13.139282	-11.572952	-9.573547
147291081	GYR	1.0256042	4.455536	-0.5229645
147291093	ACC	-7.98645	-17.52658	-3.6832428
147291091	GYR	0.94273376	2.5590515	0.19845581
147291103	MAG	-5.7495117	39.91394	2.1575928
147291103	ACC	1.5125732	-21.550568	16.9301
147291101	GYR	0.7595215	1.0016785	0.58909607
147291113	ACC	5.922455	-24.50653	3.8276062
147291111	GYR	1.3991699	1.5058594	0.93151855
147291122	MAG	-4.60968	40.03601	0.55236816
147291123	ACC	7.19368	-25.816132	-13.104416
147291121	GYR	1.3574524	2.3819275	1.5181274
147291133	ACC	5.7195435	-18.867096	1.4085693
147291131	GYR	0.23892212	1.988266	1.9543457
147291141	MAG	-2.8945923	40.519714	-0.41656494
147291143	ACC	4.3475037	-13.222519	0.14785767
147291141	GYR	0.16291809	1.8301239	2.117981
147291153	ACC	1.1728973	-12.619232	0.3076172
147291151	GYR	1.01828	2.328537	2.1774445
147291161	MAG	-1.0925293	40.933228	-1.5258789
147291163	ACC	2.214157	-15.517548	0.5580292
147291161	GYR	1.7453613	2.5561981	2.392517
147291173	ACC	5.959656	-20.45079	1.8089752
147291171	GYR	2.1553955	2.3879852	2.707367
147291180	MAG	0.63171387	41.37726	-3.6956787
147291183	ACC	10.971283	-26.136414	1.6113281
147291181	GYR	2.4032135	1.8422699	2.8541107
147291193	ACC	14.601028	-29.387619	-0.37065125
147291191	GYR	2.6776733	1.3249359	2.7832336
147291199	MAG	3.8772583	41.4093	-6.3446045
147291203	ACC	16.489243	-28.591156	-1.5999756
147291201	GYR	2.9396667	1.401825	2.5865479
147291211	GYR	3.1721344	1.7276154	2.3518677
147291218	MAG	6.234741	41.207886	-9.248352
147291213	ACC	16.4832	-25.628418	-3.6359863
147291221	GYR	3.3064728	1.8192902	2.058731
147291223	ACC	14.03656	-21.483612	-6.2258453
147291231	GYR	3.2122955	1.4238281	1.8092346
147291238	MAG	8.319092	40.872192	-11.940002
147291233	ACC	10.130585	-17.627121	-8.908493
147291240	GYR	2.8746033	0.8162689	1.7574463
147291243	ACC	6.2028046	-15.249496	-10.31897
147291250	GYR	2.4079132	0.49768066	1.8782349
147291257	MAG	9.632874	40.594482	-14.544678
147291253	ACC	3.2411194	-13.262878	-10.786453
147291260	GYR	1.8927612	0.39968872	2.030136
147291263	ACC	1.4267883	-12.164459	-10.846313
147291270	GYR	1.243988	0.21200562	2.162445
147291276	MAG	11.204529	39.801025	-15.739441
147291273	ACC	1.9291229	-11.046371	-9.4696045
147291280	GYR	0.5068512	0.06617737	2.20401
147291283	ACC	3.3457184	-9.157227	-6.249069
147291290	GYR	0.013122559	0.020843506	2.0783691
147291295	MAG	13.046265	39.797974	-16.404724
147291293	ACC	4.5534515	-6.717499	-2.798355
147291300	GYR	-0.105026245	-0.0047454834	1.793335
147291303	ACC	4.5777283	-4.588196	-0.75653076
147291315	MAG	14.653015	39.2807	-16.416931
147291313	ACC	4.4680786	-2.517044	-0.008956909
147291310	GYR	0.07766724	-0.1402893	1.4867706
147291323	ACC	4.0993347	-0.4622345	-0.4597168
147291320	GYR	0.38780212	-0.2828827	1.1827545
147291334	MAG	15.591431	39.13269	-16.879272
147291333	ACC	4.44368	1.3249359	-2.1422882
147291330	GYR	0.63623047	-0.18548584	0.8700104
147291343	ACC	5.5233917	2.004898	-3.314209
147291340	GYR	0.6624298	-0.084625244	0.5627594
147291353	MAG	16.200256	38.81378	-17.218018
147291353	ACC	6.9184875	1.7583618	-2.4488983
147291350	GYR	0.5146942	-0.13252258	0.24287415
147291363	ACC	7.601471	1.1287231	-0.77656555
147291360	GYR	0.4008026	-0.3436737	-0.19215393
147291372	MAG	16.317749	38.83972	-17.596436
147291373	ACC	7.5607452	1.1470947	0.4938202
147291370	GYR	0.37478638	-0.65211487	-0.7539978
147291383	ACC	6.9370575	1.8524017	0.034561157
147291380	GYR	0.35351562	-0.96884155	-1.28685
147291391	MAG	15.307617	38.858032	-18.139648
147291393	ACC	5.4328613	2.1113586	-3.0150452
147291390	GYR	0.25167847	-1.04216	-1.6726837
147291403	ACC	3.3793793	1.0216217	-7.093445
147291400	GYR	-0.03215027	-0.71139526	-1.8464813
147291411	MAG	13.790894	39.34326	-18.222046
147291413	ACC	0.73036194	-0.9828491	-9.42543
147291410	GYR	-0.48439026	-0.31178284	-1.8565063
147291423	ACC	-2.4881287	-2.34906	-9.083115
147291420	GYR	-1.0141907	-0.22694397	-1.808609
147291430	MAG	12.149048	40.231323	-17.308044
147291433	ACC	-4.478714	-2.5529327	-6.946823
147291430	GYR	-1.5644531	-0.54849243	-1.6890411
147291443	ACC	-4.7300873	-2.6140137	-3.0915985
147291440	GYR	-2.0672913	-1.1202087	-1.4673615
147291449	MAG	10.400391	40.776062	-15.945435
147291453	ACC	-3.304016	-3.1759949	0.69659424
147291450	GYR	-2.4142456	-1.7374115	-1.2383881
147291463	ACC	-0.9667511	-5.439316	1.3303375
147291460	GYR	-2.5898285	-2.2055664	-1.0623322
147291468	MAG	9.09729	41.549683	-14.395142
147291473	ACC	1.2282867	-9.6035	-0.85491943
147291470	GYR	-2.7904053	-2.494049	-0.992157
147291483	ACC	4.6728516	-14.303879	-2.4497986
147291480	GYR	-3.2181396	-2.7187347	-0.99780273
147291488	MAG	7.9177856	41.685486	-11.973572
147291493	ACC	9.272736	-19.208801	-2.807129
147291490	GYR	-3.7258759	-2.8154297	-1.1524506
147291503	ACC	10.135361	-24.297089	-2.2056427
147291500	GYR	-3.884079	-2.5546112	-1.6284485
147291507	MAG	7.0266724	42.170715	-8.854675
147291513	ACC	4.004669	-30.778397	-2.0671387
147291510	GYR	-3.5251923	-2.0085907	-2.2365417
147291522	ACC	-4.4559174	-41.16336	0.72180176
147291520	GYR	-3.1139832	-1.5009155	-2.4580383
147291526	MAG	4.5318604	42.63153	-5.7754517
147291532	ACC	-4.9599915	-42.389694	1.509903
147291530	GYR	-2.9079285	-1.0247803	-2.0131226
147291542	ACC	0.91015625	-29.973755	-2.6011505
147291540	GYR	-2.7154694	-0.6986389	-1.3554993
147291545	MAG	2.5680542	42.49115	-3.5202026
147291552	ACC	8.060989	-21.914978	-3.9403534
147291550	GYR	-2.6890411	-0.5726776	-1.1739197
147291562	ACC	11.791794	-21.65152	-5.252716
147291560	GYR	-2.7372894	-1.053894	-1.5415955
147291564	MAG	1.9424438	42.156982	-0.9124756
147291572	ACC	12.689804	-23.425049	-5.0829315
147291570	GYR	-2.7219086	-2.1178894	-2.0258026
147291582	ACC	13.249237	-23.751526	-2.879425
147291580	GYR	-2.627243	-2.9223785	-2.3778229
147291584	MAG	0.4928589	41.729736	1.7028809
147291592	ACC	12.722641	-22.401077	-1.8390198
147291590	GYR	-2.3335724	-3.3755798	-2.6690216
147291600	GYR	-1.8684387	-3.5549622	-2.905487
147291603	MAG	-1.8493652	41.227722	4.006958
147291602	ACC	8.161697	-19.08496	-1.6634216
147291610	GYR	-1.3851624	-3.5867004	-2.804123
147291612	ACC	6.9957275	-14.651764	-1.5410767
147291620	GYR	-0.9195709	-4.0043793	-2.4812927
147291623	MAG	-4.1488647	40.38391	6.1935425
147291622	ACC	3.8407288	-10.813599	-0.51374817
147291630	GYR	-0.58529663	-4.2416077	-1.9915466
147291632	ACC	0.7004242	-7.33902	1.5062256
147291640	GYR	-0.2940979	-3.6773834	-1.4563904
147291642	MAG	-5.215454	39.93683	7.4005127
147291642	ACC	-0.6139679	-4.2050476	1.9714508
147291650	GYR	0.08088684	-2.820633	-1.1538849
147291661	MAG	-5.8410645	39.61029	8.062744
147291652	ACC	-2.7001038	-2.280426	1.8578186
147291660	GYR	0.51945496	-2.1243439	-1.0491638
147291662	ACC	-5.466263	-0.26411438	1.2424316
147291670	GYR	0.92671204	-1.551117	-0.87461853
147291680	MAG	-6.828308	39.530945	7.8033447
147291672	ACC	-7.754471	1.8609619	1.4704742
147291680	GYR	1.2675018	-0.9211273	-0.49086
147291682	ACC	-8.8954315	3.5794678	2.0122528
147291690	GYR	1.5246277	-0.19146729	0.035690308
147291699	MAG	-7.1014404	39.901733	6.8206787
147291692	ACC	-8.00119	4.908722	2.348938
147291702	ACC	-5.4147186	5.7216034	3.22789
147291700	GYR	1.6494904	0.4406128	0.5334625
147291718	MAG	-6.741333	40.438843	5.2337646
147291712	ACC	-2.0998535	5.760666	3.7118683
147291710	GYR	1.7246552	1.0080719	0.9142151
147291722	ACC	0.36392212	4.5927124	3.3138885
147291719	GYR	1.7757721	1.5303192	1.1304474
147291737	MAG	-5.8624268	40.8432	3.440857
147291732	ACC	1.4497681	2.780899	3.1257172
147291729	GYR	1.7317963	1.8684082	1.2279205
147291742	ACC	1.0371704	1.1856384	3.0931244
147291739	GYR	1.6268463	1.9203949	1.265213
147291757	MAG	-5.1239014	41.201782	1.7044067
147291752	ACC	-0.6477661	0.2617798	2.8289337
147291749	GYR	1.5084534	1.8289337	1.1724396
147291762	ACC	-1.8911896	-0.052124023	2.011322
147291759	GYR	1.3763275	1.7339935	1.0082397
147291776	MAG	-4.4555664	41.497803	0.30212402
147291772	ACC	-1.8738556	-0.32325745	0.037963867
147291769	GYR	1.2615051	1.6207886	0.86434937
147291782	ACC	-1.4886627	-0.92996216	-2.4083862
147291779	GYR	1.1317596	1.3753662	0.71318054
147291795	MAG	-3.741455	41.63971	-0.491333
147291792	ACC	-1.1477509	-1.8888855	-4.2944946
147291789	GYR	0.9164429	1.0245361	0.51371765
147291802	ACC	-0.6405029	-3.0708618	-6.959381
147291799	GYR	0.6554413	0.66397095	0.2954712
147291814	MAG	-3.4500122	41.955566	-1.0864258
147291812	ACC	1.1823273	-5.9209747	-15.480728
147291809	GYR	0.44552612	0.1255188	0.08280945
147291822	ACC	4.4985046	-8.97081	-20.562836
147291819	GYR	7.6293945E-5	-0.94859314	-0.16151428
147291834	MAG	-3.010559	41.731262	-1.0971069
147291832	ACC	7.226959	-9.660095	-19.631577
147291829	GYR	-1.0839844	-2.1607819	-0.5296936
147291842	ACC	8.839157	-8.752701	-6.626938
147291839	GYR	-2.5010376	-1.8117828	-1.0146484
147291853	MAG	-3.1921387	41.05072	1.5548706
147291852	ACC	5.973938	-6.6132355	20.767014
147291849	GYR	-3.3246155	0.48051453	-1.5237122
147291862	ACC	-1.7890167	-5.397415	26.98587
147291859	GYR	-2.1610413	3.8650055	-1.8198547
147291872	MAG	-5.4519653	40.872192	3.0899048
147291872	ACC	-11.968811	-10.097488	12.326111
147291869	GYR	0.25994873	6.074463	-1.5918274
147291882	ACC	-18.00409	-17.587067	-6.731201
147291879	GYR	1.8903046	5.128784	-0.9115448
147291891	MAG	-7.937622	41.079712	1.0009766
147291892	ACC	-7.0433655	-24.731583	1.470108
147291889	GYR	1.7572937	2.052887	-0.17346191
147291902	ACC	4.3879395	-26.736145	21.230896
147291899	GYR	0.83587646	0.81274414	0.16375732
147291911	MAG	-7.688904	41.31775	-0.1876831
147291912	ACC	12.193268	-24.929321	-6.5964813
147291909	GYR	1.0647736	2.1186676	0.37893677
147291922	ACC	8.501297	-22.82344	-12.762192
147291919	GYR	0.83195496	2.3509521	0.734787
147291930	MAG	-6.5948486	41.474915	-1.7440796
147291932	ACC	4.1770477	-13.1193695	1.8534698
147291929	GYR	0.17745972	1.3077545	0.99253845
147291942	ACC	-0.06350708	-9.252991	3.6826172
147291939	GYR	0.8669739	1.2172394	1.2683563
147291949	MAG	-6.022644	41.882324	-2.4551392
147291952	ACC	-3.7220917	-11.618973	3.7290802
147291949	GYR	1.6716461	2.1503754	1.739151
147291962	ACC	-1.3711243	-15.155411	2.3526154
147291959	GYR	1.9152832	3.0947418	2.45372
147291968	MAG	-4.837036	42.626953	-4.6157837
147291972	ACC	2.7573242	-21.569427	3.5605469
147291969	GYR	1.9591675	3.1093445	3.039978
147291982	ACC	8.421753	-28.713287	-0.6322174
147291979	GYR	2.314209	2.0267181	3.1907196
147291987	MAG	-1.5228271	42.681885	-6.991577
147291989	GYR	2.7657166	0.9112396	2.9631195
147291992	ACC	15.792099	-31.479294	-3.9023285
147291999	GYR	2.95047	0.574234	2.5427856
147292007	MAG	1.4556885	42.65442	-9.991455
147292001	ACC	19.284775	-29.651901	-1.8738251
147292009	GYR	3.0565643	0.787735	2.0507202
147292011	ACC	17.052948	-24.372879	-2.5596466
147292019	GYR	3.0491638	1.1870728	1.6407318
147292026	MAG	3.4881592	42.47284	-12.690735
147292021	ACC	12.229752	-18.57338	-4.6875763
147292029	GYR	2.979721	1.3034668	1.5033722
147292031	ACC	9.656937	-13.485397	-9.563721
147292039	GYR	2.6538086	0.9437103	1.4624634
147292045	MAG	4.774475	41.870117	-15.086365
147292041	ACC	6.0897064	-10.131454	-11.846405
147292049	GYR	2.036026	0.33483887	1.4787445
147292051	ACC	1.4035645	-8.922623	-9.121262
147292059	GYR	1.4225464	0.09992981	1.6775513
147292064	MAG	5.8883667	41.43524	-16.51001
147292061	ACC	-0.60717773	-8.429337	-6.3601074
147292069	GYR	0.8907623	0.47390747	1.9203186
147292071	ACC	-0.34951782	-7.5270844	-5.0097504
147292079	GYR	0.4549408	0.7238617	1.9699707
147292084	MAG	7.548523	41.148376	-17.051697
147292081	ACC	0.40019226	-6.2701416	-2.5694275
147292089	GYR	0.31123352	0.58558655	1.84935
147292091	ACC	1.7879181	-4.8956757	-1.1994019
147292103	MAG	9.086609	40.646362	-17.340088
147292101	ACC	3.6489868	-3.491455	-1.0249023
147292099	GYR	0.36802673	0.27894592	1.6199341
147292111	ACC	4.9448547	-2.2017212	-2.0190887
147292109	GYR	0.48931885	-0.03265381	1.3037415
147292122	MAG	10.118103	40.231323	-17.880249
147292121	ACC	6.089493	-0.9573364	-2.8947449
147292119	GYR	0.52204895	-0.11180115	0.9404907
147292131	ACC	7.5679016	0.009536743	-2.5396576
147292129	GYR	0.40577698	-0.079422	0.5866852
147292141	MAG	10.827637	39.797974	-18.215942
147292141	ACC	8.558548	0.38668823	-1.9712067
147292139	GYR	0.2807312	-0.012023926	0.17077637
147292151	ACC	8.354767	0.69366455	-1.3378448
147292149	GYR	0.16903687	0.032455444	-0.32328796
147292160	MAG	10.96344	40.078735	-18.29071
147292161	ACC	7.074173	1.0095673	-1.2601929
147292159	GYR	0.09466553	0.072387695	-0.8532715
147292171	ACC	4.75589	1.235672	-2.6704102
147292169	GYR	0.058776855	0.037460327	-1.3227081
147292180	MAG	10.10437	40.089417	-18.101501
147292181	ACC	2.412262	1.2520447	-4.6906433
147292179	GYR	-0.058135986	-0.023147583	-1.629364
147292191	ACC	0.75914	0.8447113	-5.6414185
147292189	GYR	-0.35047913	-0.17930603	-1.7496948
147292199	MAG	8.628845	40.23285	-17.700195
147292201	ACC	-0.3244934	0.16842651	-5.1323395
147292198	GYR	-0.7372284	-0.47270203	-1.770752
147292211	ACC	-0.9488373	-0.68818665	-3.465042
147292208	GYR	-1.1353912	-0.69348145	-1.72995
147292218	MAG	6.716919	40.63568	-16.595459
147292221	ACC	-1.6194153	-1.7196198	-1.773346
147292218	GYR	-1.4655151	-0.7668457	-1.6573181
147292231	ACC	-1.8719482	-2.4664307	-1.3957825
147292228	GYR	-1.7231903	-0.77656555	-1.5618744
147292237	MAG	4.9728394	41.059875	-15.179443
147292241	ACC	-1.6985931	-3.2279205	-1.6167603
147292238	GYR	-1.9667053	-0.7727814	-1.4612579
147292251	ACC	-1.3154144	-5.1821136	-1.3872986
147292248	GYR	-2.26503	-0.8993683	-1.3721008
147292257	MAG	3.541565	41.58783	-13.464355
147292261	ACC	0.4206848	-9.043198	-2.2983246
147292258	GYR	-2.6151276	-1.2415314	-1.2921906
147292271	ACC	3.841629	-14.010086	-3.5646973
147292268	GYR	-3.0464172	-1.9857178	-1.2599945
147292276	MAG	2.4017334	41.76941	-11.141968
147292281	ACC	7.07489	-20.243256	-3.8481445
147292278	GYR	-3.5167542	-2.7937927	-1.3958282
147292291	ACC	7.13237	-27.105316	-3.384079
147292288	GYR	-3.6032715	-2.6952057	-1.753418
147292295	MAG	0.8895874	41.889954	-7.9589844
147292301	ACC	1.528244	-37.01451	-3.1226196
147292298	GYR	-3.130478	-1.9855957	-2.1277313
147292311	ACC	-7.093628	-43.72464	0.06765747
147292308	GYR	-2.6960144	-1.378128	-2.08432
147292314	MAG	-1.1016846	41.88385	-5.3863525
147292321	ACC	-2.8905945	-32.705963	-1.2893829
147292318	GYR	-2.5227814	-0.34477234	-1.4553528
147292331	ACC	3.304306	-21.89737	-3.4602509
147292328	GYR	-2.4378357	0.63801575	-1.0303497
147292333	MAG	-2.886963	41.60309	-2.7145386
147292341	ACC	4.508789	-18.200287	-5.1758575
147292338	GYR	-2.3953857	0.40985107	-1.2310486
147292351	ACC	5.857315	-17.524643	-5.381485
147292348	GYR	-2.4434204	-0.49720764	-1.4972229
147292353	MAG	-3.6987305	41.107178	-0.6881714
147292361	ACC	7.156372	-18.240494	-5.0333557
147292358	GYR	-2.5044403	-1.3518677	-1.5460205
147292371	ACC	10.03833	-18.474503	-4.009918
147292368	GYR	-2.45372	-1.957962	-1.5209656
147292372	MAG	-5.213928	40.693665	1.6998291
147292378	GYR	-2.206482	-2.3298798	-1.5997925
147292381	ACC	14.053268	-18.619385	-2.5903778
147292388	GYR	-1.6949768	-2.6571503	-1.9081573
147292391	MAG	-6.1325073	40.048218	4.206848
147292391	ACC	14.05275	-17.383606	-1.7722626
147292398	GYR	-1.0699615	-2.8659668	-2.2257233
147292401	ACC	10.7885895	-14.825729	-1.9738617
147292408	GYR	-0.5311737	-3.3038177	-2.2299957
147292411	MAG	-7.6400757	39.131165	5.935669
147292411	ACC	6.539566	-11.998398	-1.6246948
147292418	GYR	-0.24697876	-3.7954102	-1.862793
147292421	ACC	2.6308289	-8.963058	-0.14126587
147292428	GYR	-0.16809082	-3.6361847	-1.3269501
147292430	MAG	-9.187317	38.67035	7.217407
147292431	ACC	0.12068176	-6.569931	1.6694946
147292438	GYR	0.02067566	-2.9594269	-0.9315033
147292449	MAG	-9.564209	38.150024	7.923889
147292441	ACC	-2.6928558	-4.6606903	1.7056732
147292448	GYR	0.3527069	-2.2657318	-0.70880127
147292451	ACC	-5.652527	-2.4659424	1.4819336
147292458	GYR	0.68573	-1.5942383	-0.5212555
147292468	MAG	-9.841919	38.095093	8.084106
147292461	ACC	-8.393524	0.007751465	1.3358917
147292468	GYR	0.94558716	-0.8230896	-0.20948792
147292471	ACC	-9.436859	2.1338959	1.8218689
147292478	GYR	1.2089996	0.0039520264	0.1743927
147292487	MAG	-10.176086	38.28125	7.53479
147292481	ACC	-8.482605	3.2964478	2.3776703
147292490	ACC	-5.5252533	3.7728882	3.004547
147292488	GYR	1.4486847	0.7642517	0.5827484
147292507	MAG	-9.625244	38.746643	5.895996
147292500	ACC	-2.7700958	3.7174988	3.6487274
147292498	GYR	1.5896454	1.4918518	0.9095917
147292510	ACC	-0.30970764	2.8046112	3.5310516
147292508	GYR	1.648056	2.2089539	1.1770325
147292526	MAG	-9.017944	39.172363	3.7002563
147292520	ACC	1.2971649	1.7099304	2.706253
147292518	GYR	1.6242371	2.7567291	1.3425598
147292530	ACC	1.7434845	0.77098083	2.7412567
147292528	GYR	1.5016632	2.9027252	1.3822021
147292545	MAG	-7.901001	39.544678	1.8478394
147292540	ACC	1.4690552	-0.037200928	2.8604126
147292538	GYR	1.3624115	2.7676392	1.2991486
147292550	ACC	0.98828125	-0.41374207	2.1456757
147292548	GYR	1.2567749	2.508438	1.1011658
147292564	MAG	-7.50885	40.019226	0.032043457
147292560	ACC	0.8983154	-0.52137756	0.4349823
147292558	GYR	1.1665039	2.1393585	0.83683777
147292570	ACC	1.0288544	-1.0858154	-1.7707367
147292568	GYR	1.0679626	1.6424255	0.5277405
147292583	MAG	-6.9763184	40.1474	-0.61035156
147292580	ACC	0.9697418	-2.0301208	-4.0789337
147292578	GYR	0.93585205	0.9963684	0.17962646
147292590	ACC	1.0709381	-3.3041382	-7.8304443
147292588	GYR	0.7554016	0.300766	-0.15733337
147292603	MAG	-7.0388794	40.353394	-1.4068604
147292600	ACC	2.2311401	-5.760437	-16.569351
147292598	GYR	0.5045929	-0.43829346	-0.44807434
147292610	ACC	4.3219757	-8.972992	-27.870499
147292608	GYR	-0.17497253	-1.4824524	-0.70118713
147292622	MAG	-7.0373535	40.119934	-0.7888794
147292620	ACC	9.151123	-10.82782	-18.558105
147292618	GYR	-1.7388458	-2.56456	-0.98776245
147292630	ACC	8.99852	-9.796783	13.260117
147292628	GYR	-3.309494	-1.6764221	-1.4939575
147292641	MAG	-7.319641	39.283752	2.4337769
147292640	ACC	1.5168762	-9.535522	23.489197
147292638	GYR	-2.6626282	2.4509125	-2.168457
147292650	ACC	-6.7507324	-15.1315	11.018173
147292648	GYR	-0.12251282	6.0724945	-2.2988892
147292660	MAG	-10.684204	39.089966	1.4907837
147292660	ACC	-13.449707	-24.9682	-10.4002075
147292658	GYR	1.4954681	5.7904663	-1.7492676
147292670	ACC	-10.032883	-30.469452	5.604645
147292668	GYR	1.2578125	2.9831238	-0.95173645
147292680	MAG	-12.507629	39.128113	-0.20751953
147292680	ACC	-2.0582428	-25.737137	14.096512
147292677	GYR	0.69499207	1.4692383	-0.19213867
147292690	ACC	2.5006866	-19.013824	-9.192261
147292687	GYR	0.85084534	1.9706879	0.33569336
147292699	MAG	-12.187195	39.34784	-1.7242432
147292700	ACC	-0.3190918	-15.356033	-6.210205
147292697	GYR	0.21325684	1.667984	0.6988373
147292710	ACC	0.080566406	-9.266754	8.684219
147292707	GYR	-0.5443878	1.0177917	1.1695709
147292718	MAG	-11.734009	39.649963	-1.4480591
147292720	ACC	-0.43347168	-7.109955	5.824707
147292717	GYR	0.17485046	1.8474426	1.6430664
147292730	ACC	-1.5890961	-10.305206	2.4977112
147292727	GYR	1.1556091	3.1788788	2.0585938
147292737	MAG	-10.389709	40.23285	-3.4667969
147292740	ACC	0.5771179	-17.145874	0.9988098
147292737	GYR	1.3772583	3.9148254	2.5586243
147292750	ACC	6.104019	-22.931213	4.086792
147292747	GYR	1.2061005	3.9707794	2.971283
147292756	MAG	-7.6156616	40.93933	-5.8120728
147292760	ACC	13.942352	-27.255035	5.2285614
147292757	GYR	1.4758301	3.2372437	2.9846497
147292767	GYR	2.1956177	1.9419403	2.4640656
147292776	MAG	-4.322815	41.16211	-7.7819824
147292770	ACC	18.238113	-26.905655	-2.7435303
147292777	GYR	2.4164734	1.2390137	1.787674
147292780	ACC	15.236908	-22.902893	-1.0578003
147292787	GYR	2.4479523	1.542923	1.4998016
147292795	MAG	-2.1881104	41.557312	-10.298157
147292790	ACC	12.336609	-18.23703	-0.13360596
147292797	GYR	2.612091	2.1266327	1.5180664
147292800	ACC	10.597656	-15.605255	-2.566208
147292807	GYR	2.6432953	2.3128357	1.5013275
147292814	MAG	-0.85601807	41.45813	-12.638855
147292810	ACC	8.946915	-13.857376	-6.562256
147292817	GYR	2.493332	1.9970703	1.3852539
147292820	ACC	6.034439	-11.909485	-10.044662
147292827	GYR	2.025711	1.543457	1.3310089
147292833	MAG	0.8590698	40.90271	-14.460754
147292830	ACC	2.016693	-10.935822	-8.065384
147292837	GYR	1.457077	1.2255402	1.4606628
147292840	ACC	-0.48243713	-10.704041	-5.6288147
147292847	GYR	1.0234985	1.253006	1.686203
147292853	MAG	2.1850586	40.84015	-15.553284
147292850	ACC	-0.6661835	-9.504501	-5.52861
147292857	GYR	0.6699524	1.255722	1.8259125
147292860	ACC	-0.040786743	-7.8036804	-4.9314423
147292867	GYR	0.36712646	1.1377106	1.8164978
147292872	MAG	4.022217	40.533447	-16.334534
147292870	ACC	0.92630005	-6.0277405	-2.927063
147292880	ACC	2.2891693	-4.336746	-1.5614014
147292877	GYR	0.20306396	1.0530853	1.7011414
147292891	MAG	5.6655884	40.489197	-16.430664
147292890	ACC	3.7042847	-2.8238068	-1.1480865
147292887	GYR	0.17066956	1.0274506	1.5101929
147292900	ACC	4.642807	-1.4426575	-0.8947296
147292897	GYR	0.18351746	0.9479675	1.2479248
147292910	MAG	7.081604	40.005493	-16.38794
147292910	ACC	5.8671722	-0.25109863	-0.77752686
147292907	GYR	0.1882782	0.8892517	0.9511719
147292920	ACC	7.625412	0.53686523	-0.662796
147292917	GYR	0.14962769	0.85331726	0.63520813
147292930	MAG	8.091736	40.029907	-16.496277
147292930	ACC	8.922287	1.0594025	-0.5212097
147292927	GYR	0.085250854	0.80145264	0.2443695
147292940	ACC	8.981201	1.219162	-0.988739
147292937	GYR	0.043884277	0.83973694	-0.24879456
147292949	MAG	8.5998535	39.941406	-16.195679
147292950	ACC	7.94545	0.8333435	-1.9832458
147292947	GYR	0.004547119	0.96492004	-0.7691498
147292960	ACC	5.838089	0.008712769	-2.9663086
147292957	GYR	-0.09106445	1.0243988	-1.2197113
147292968	MAG	8.125305	40.000916	-16.03241
147292969	ACC	3.2598114	-0.847641	-4.6308746
147292967	GYR	-0.2296753	0.94577026	-1.5593872
147292979	ACC	1.2049408	-1.304596	-6.525955
147292977	GYR	-0.44354248	0.7640228	-1.763382
147292987	MAG	6.7886353	40.30609	-15.696716
147292989	ACC	-0.5719452	-1.4342804	-6.766876
147292987	GYR	-0.79315186	0.49674988	-1.8461609
147292999	ACC	-1.9179535	-2.0219574	-5.1791687
147292997	GYR	-1.2128754	0.18978882	-1.838974
147293006	MAG	5.5282593	40.701294	-14.3081665
147293009	ACC	-2.4790802	-3.0212097	-2.4977112
147293007	GYR	-1.6285248	-0.03617859	-1.7495422
147293019	ACC	-2.717102	-4.4265747	-0.2822876
147293017	GYR	-2.0145874	-0.1307373	-1.6248169
147293026	MAG	3.5354614	41.127014	-12.969971
147293029	ACC	-2.2736053	-7.4127197	-0.5891266
147293027	GYR	-2.3550262	-0.15904236	-1.5103455
147293039	ACC	-1.2876892	-11.4717865	-1.5538025
147293037	GYR	-2.7179413	-0.40289307	-1.454834
147293045	MAG	2.6733398	41.441345	-10.810852
147293049	ACC	0.14151001	-15.994751	-3.1016083
147293047	GYR	-3.1600342	-0.90104675	-1.5201874
147293059	ACC	1.9700317	-21.863113	-2.7118988
147293057	GYR	-3.474121	-1.1127167	-1.7192383
147293064	MAG	1.5899658	41.575623	-7.746887
147293069	ACC	2.09021	-30.059113	-4.2751465
147293067	GYR	-3.2975922	-0.79512024	-1.9686279
147293079	ACC	-0.97016907	-41.4776	-6.6643066
147293077	GYR	-2.8342743	-0.42912292	-2.0655823
147293083	MAG	-0.47149658	41.430664	-4.837036
147293089	ACC	-3.04776	-36.801514	-1.0626984
147293087	GYR	-2.851181	-0.15405273	-1.6951599
147293099	ACC	2.157135	-22.403381	0.16226196
147293097	GYR	-3.0827942	0.27645874	-1.0014648
147293103	MAG	-1.9470215	41.334534	-2.520752
147293109	ACC	7.1952515	-16.703903	-0.81565857
147293107	GYR	-3.069809	0.17268372	-0.7024536
147293119	ACC	5.4716034	-17.24585	-2.646988
147293117	GYR	-2.9347687	-0.43496704	-0.9677582
147293122	MAG	-2.5283813	40.657043	-0.032043457
147293129	ACC	4.465225	-17.934631	-4.531311
147293127	GYR	-2.8271027	-0.6285248	-1.1943817
147293139	ACC	5.8068695	-17.733826	-5.402115
147293137	GYR	-2.8032532	-0.81959534	-1.1061554
147293141	MAG	-3.189087	40.116882	2.7313232
147293149	ACC	11.364395	-18.070923	-3.3479462
147293147	GYR	-2.8298187	-1.368988	-0.9629364
147293159	ACC	12.380081	-18.720001	-1.5188293
147293156	GYR	-2.6853943	-2.015976	-1.0762482
147293160	MAG	-4.133606	39.645386	4.949951
147293166	GYR	-2.2855072	-2.292862	-1.3408356
147293169	ACC	10.696472	-17.914474	0.09933472
147293176	GYR	-1.739151	-2.183075	-1.5566711
147293179	MAG	-4.7058105	38.8443	7.5393677
147293179	ACC	7.668396	-16.692429	0.16448975
147293186	GYR	-1.2301941	-2.2538452	-1.6269226
147293189	ACC	4.0124207	-15.674332	-0.828537
147293196	GYR	-0.9111786	-2.6375885	-1.474884
147293199	MAG	-5.9814453	38.134766	9.146118
147293199	ACC	1.2819061	-13.651993	-0.9316101
147293206	GYR	-0.7790985	-2.8804016	-1.1691284
147293209	ACC	-0.41487122	-10.69104	0.21263123
147293216	GYR	-0.6403656	-2.7769623	-0.8737335
147293218	MAG	-6.6955566	37.52594	10.528564
147293219	ACC	-1.7369232	-7.950485	0.8098297
147293226	GYR	-0.41575623	-2.4396667	-0.6904144
147293237	MAG	-6.6818237	37.39624	11.323547
147293229	ACC	-3.5721588	-5.5010376	0.92837524
147293236	GYR	-0.15298462	-1.9203339	-0.54125977
147293239	ACC	-4.749588	-2.7517242	0.96321106
147293246	GYR	0.11836243	-1.3193512	-0.3712616
147293256	MAG	-6.602478	37.02545	11.668396
147293249	ACC	-6.1192017	0.37174988	1.3608398
147293256	GYR	0.45448303	-0.46549988	-0.1028595
147293259	ACC	-6.9286957	2.9690857	2.0463562
147293276	MAG	-6.694031	37.13684	11.11145
147293269	ACC	-6.5811462	3.9790344	2.4183044
147293266	GYR	0.8690796	0.7223053	0.25691223
147293279	ACC	-5.0021515	3.5840607	2.130539
147293276	GYR	1.2783508	1.9642487	0.5975952
147293295	MAG	-6.6192627	37.43286	9.558105
147293289	ACC	-2.2227173	2.8319397	1.62323
147293286	GYR	1.5385895	2.8569336	0.9022827
147293299	ACC	-0.6047516	1.7032623	0.62960815
147293296	GYR	1.6378784	3.39563	1.0621033
147293314	MAG	-6.602478	38.24005	7.3242188
147293309	ACC	0.54953	0.67515564	-0.30177307
147293306	GYR	1.5867767	3.6570435	1.1548004
147293319	ACC	1.3604126	0.020812988	-0.52153015
147293316	GYR	1.4214935	3.6393433	1.2238464
147293333	MAG	-6.062317	38.7146	5.54657
147293329	ACC	1.699295	-0.37545776	-0.5775604
147293326	GYR	1.231369	3.4517212	1.2204132
147293339	ACC	1.5584564	-0.67889404	-0.7954712
147293336	GYR	1.0864868	3.1285858	1.1113892
147293352	MAG	-5.4367065	38.96637	4.2419434
147293349	ACC	1.1502228	-0.8813324	-1.6836853
147293346	GYR	0.9814148	2.6437683	0.9223175
147293359	ACC	0.98908997	-1.0632324	-3.5567322
147293356	GYR	0.8738556	2.0613556	0.692688
147293372	MAG	-5.1849365	39.353943	3.1356812
147293369	ACC	1.1994171	-1.2744598	-5.5217896
147293366	GYR	0.70880127	1.3674011	0.42156982
147293379	ACC	1.3772736	-1.969986	-7.6966553
147293376	GYR	0.47392273	0.6093292	0.10569763
147293391	MAG	-4.916382	39.570618	2.871704
147293389	ACC	1.4986572	-3.19339	-10.036774
147293386	GYR	0.12756348	-0.028915405	-0.19612122
147293399	ACC	2.724701	-4.327469	-8.509842
147293396	GYR	-0.4186859	-0.43338013	-0.46202087
147293410	MAG	-5.117798	39.108276	3.3340454
147293409	ACC	4.03804	-4.9075317	-0.6578064
147293406	GYR	-1.0289154	-0.1533966	-0.7739105
147293419	ACC	1.0317078	-4.622284	7.868469
147293416	GYR	-1.1889648	1.3418427	-1.1725464
147293429	MAG	-5.8685303	38.72528	4.2388916
147293429	ACC	-3.0005188	-4.8115997	8.787994
147293426	GYR	-0.51135254	3.362091	-1.3785858
147293439	ACC	-5.701462	-8.150635	3.171112
147293436	GYR	0.48970032	4.5475006	-1.2141266
147293449	MAG	-8.033752	38.7558	3.161621
147293448	ACC	-6.0625	-15.970093	-7.6184998
147293446	GYR	0.9461212	4.341385	-0.8936615
147293458	ACC	-4.653549	-26.553177	-2.8594055
147293456	GYR	0.69021606	3.2330017	-0.55796814
147293468	MAG	-8.818054	38.87024	1.7654419
147293468	ACC	-2.1259155	-34.331757	16.188293
147293466	GYR	0.29301453	2.6013184	-0.19445801
147293478	ACC	4.391693	-33.71852	8.879166
147293476	GYR	0.44587708	2.954193	0.31210327
147293487	MAG	-9.037781	39.04724	0.7949829
147293488	ACC	10.594009	-22.578384	-15.028961
147293486	GYR	0.39993286	2.8448944	0.61857605
147293498	ACC	4.30336	-12.014877	0.90579224
147293496	GYR	-0.5388031	1.6873474	0.34326172
147293506	MAG	-7.572937	39.06555	0.2883911
147293508	ACC	0.8504486	-5.5915985	8.8992
147293506	GYR	-0.7013855	1.3621063	0.15904236
147293518	ACC	-1.4485779	-7.1298676	4.97258
147293516	GYR	0.20600891	2.4390411	0.3824005
147293526	MAG	-8.132935	39.15558	-0.05340576
147293528	ACC	-2.9713745	-12.91095	1.1291809
147293526	GYR	0.75675964	3.4965515	0.90141296
147293538	ACC	-2.1526947	-18.966202	0.11755371
147293536	GYR	0.69039917	3.8346405	1.5790863
147293545	MAG	-7.7041626	39.830017	-1.3305664
147293548	ACC	1.0913544	-22.59024	2.340973
147293546	GYR	0.48840332	3.7360992	2.2071228
147293556	GYR	0.60112	3.5245972	2.545517
147293564	MAG	-5.4763794	40.185547	-2.6000977
147293558	ACC	4.8766327	-23.575974	3.9943695
147293566	GYR	1.0214386	3.3823853	2.5079803
147293568	ACC	7.137192	-22.189224	3.280716
147293576	GYR	1.2300415	3.3933716	2.2803802
147293583	MAG	-2.9006958	40.46631	-4.4387817
147293578	ACC	7.0254364	-20.76744	3.9215546
147293586	GYR	1.2601624	3.279953	2.116394
147293588	ACC	8.629166	-19.954025	4.100601
147293596	GYR	1.4257202	3.0294495	1.9732056
147293602	MAG	-0.78582764	40.408325	-5.995178
147293598	ACC	11.118256	-19.644287	1.9547424
147293606	GYR	1.6863251	2.6811829	1.7729797
147293608	ACC	12.217087	-19.13527	-2.4600372
147293616	GYR	1.6782684	2.5069885	1.6118622
147293622	MAG	1.1734009	40.626526	-7.6553345
147293618	ACC	11.120117	-17.966095	-3.863037
147293626	GYR	1.4937897	2.4040375	1.630661
147293628	ACC	10.96315	-16.065704	-3.936676
147293636	GYR	1.2689972	2.256668	1.6080017
147293641	MAG	2.9190063	40.470886	-8.998108
147293638	ACC	9.830399	-14.348236	-4.036789
147293645	GYR	1.1286316	2.0554047	1.5073547
147293648	ACC	8.279434	-12.488937	-5.430191
147293660	MAG	4.7302246	40.4541	-10.076904
147293658	ACC	6.6921234	-10.564407	-6.50502
147293655	GYR	0.9291992	1.9631805	1.4701385
147293668	ACC	5.1888733	-9.06633	-6.2631683
147293665	GYR	0.5926666	1.8780212	1.4914703
147293679	MAG	5.822754	40.33966	-10.411072
147293678	ACC	3.9792938	-8.027267	-5.3876343
147293675	GYR	0.25048828	1.7816162	1.5119934
147293688	ACC	3.263733	-7.042862	-4.447159
147293685	GYR	-0.04597473	1.8226929	1.497055
147293699	MAG	7.4935913	40.197754	-10.778809
147293698	ACC	3.2816315	-5.881775	-2.3607788
147293695	GYR	-0.3042755	1.8435364	1.4598999
147293708	ACC	3.892746	-4.7104797	-0.02192688
147293705	GYR	-0.42489624	1.7063751	1.3949738
147293718	MAG	8.895874	40.068054	-10.205078
147293718	ACC	4.5905457	-3.372757	1.0879822
147293715	GYR	-0.3542328	1.4996796	1.2485657
147293728	ACC	5.0186615	-1.8775482	0.3384552
147293725	GYR	-0.14823914	1.423233	1.0253906
147293737	MAG	10.127258	39.88037	-9.988403
147293738	ACC	5.081543	-0.7305908	-1.6522675
147293735	GYR	0.048706055	1.5095062	0.756897
147293748	ACC	5.2976837	-0.17318726	-3.3409424
147293745	GYR	0.101119995	1.5489807	0.4901886
147293756	MAG	11.314392	39.804077	-9.683228
147293758	ACC	6.11026	0.0116119385	-3.0485382
147293755	GYR	-0.020858765	1.3743744	0.2427063
147293768	ACC	6.7744904	0.0057678223	-1.509491
147293765	GYR	-0.1947174	1.0540314	-0.044631958
147293775	MAG	11.428833	39.752197	-9.454346
147293778	ACC	6.6963196	-0.09095764	-0.44615173
147293775	GYR	-0.2934723	0.73301697	-0.40852356
147293788	ACC	5.7624054	-0.17358398	-0.22193909
147293785	GYR	-0.325531	0.44241333	-0.8107605
147293795	MAG	11.332703	39.75067	-9.448242
147293798	ACC	4.1791534	-0.22454834	-0.81892395
147293795	GYR	-0.3256836	0.21150208	-1.1827545
147293808	ACC	1.7647858	-0.43693542	-2.467102
147293805	GYR	-0.33598328	0.16880798	-1.4576874
147293814	MAG	10.282898	39.944458	-8.520508
147293818	ACC	-0.4690094	-0.7224121	-4.6699524
147293815	GYR	-0.42877197	0.3383789	-1.5834045
147293828	ACC	-1.7816467	-0.91197205	-6.5092163
147293825	GYR	-0.6620178	0.50619507	-1.5747528
147293833	MAG	9.094238	40.211487	-8.145142
147293838	ACC	-2.6009521	-1.2589874	-7.0955963
147293835	GYR	-1.0394592	0.4477234	-1.5269318
147293848	ACC	-3.0614777	-2.5513763	-5.463501
147293845	GYR	-1.5466766	0.22373962	-1.453186
147293852	MAG	7.823181	40.348816	-6.967163
147293858	ACC	-2.738144	-5.442108	-1.8386688
147293855	GYR	-2.160141	0.08798218	-1.3053131
147293868	ACC	-2.0970001	-9.433823	3.1155853
147293865	GYR	-2.7993164	0.17164612	-1.1328735
147293872	MAG	6.916809	40.390015	-5.4351807
147293878	ACC	-1.2956848	-13.533661	4.0253143
147293875	GYR	-3.197281	0.43737793	-1.1003418
147293888	ACC	1.4102325	-18.346832	-2.405243
147293885	GYR	-3.2002106	0.77516174	-1.3117523
147293891	MAG	6.2561035	40.620422	-2.5421143
147293898	ACC	1.9492188	-25.277802	-5.9632874
147293895	GYR	-3.0027313	0.77575684	-1.7328949
147293908	ACC	-0.8560791	-33.46216	-8.382782
147293905	GYR	-2.7048645	0.08621216	-2.007309
147293910	MAG	5.3009033	40.309143	0.22125244
147293918	ACC	-4.7091675	-37.10643	-3.2424927
147293915	GYR	-2.6480103	-0.8035431	-1.8137054
147293927	ACC	-3.0328064	-26.797195	2.3077393
147293925	GYR	-2.894577	-0.631073	-1.3170166
147293929	MAG	3.2928467	40.16571	2.5253296
147293937	ACC	3.4263916	-18.149841	2.654831
147293935	GYR	-3.0254211	0.18197632	-0.90534973
147293945	GYR	-2.9085999	0.28407288	-0.8594208
147293948	MAG	2.5802612	39.630127	4.5959473
147293947	ACC	4.8645782	-17.911041	-0.47184753
147293955	GYR	-2.7662506	0.06678772	-0.96092224
147293957	ACC	4.7508545	-19.818924	-3.6395721
147293965	GYR	-2.7215118	-0.11791992	-0.9153595
147293968	MAG	1.5609741	39.138794	7.0983887
147293967	ACC	5.8661194	-20.828156	-5.4231567
147293975	GYR	-2.7587738	-0.46549988	-0.78842163
147293977	ACC	7.051483	-20.513306	-5.5931396
147293985	GYR	-2.7950592	-1.0356903	-0.6691437
147293987	MAG	1.1962891	38.487244	9.249878
147293987	ACC	9.472412	-20.020996	-4.074539
147293995	GYR	-2.6743774	-1.7793274	-0.6868744
147293997	ACC	9.199646	-19.394485	-1.7610321
147294005	GYR	-2.345993	-2.2364807	-0.78282166
147294007	MAG	0.7537842	37.586975	11.607361
147294007	ACC	8.430328	-17.571701	0.06756592
147294015	GYR	-1.9236298	-2.254181	-0.97402954
147294025	MAG	0.37841797	36.83014	13.580322
147294017	ACC	7.250519	-16.031769	0.9408722
147294025	GYR	-1.4777527	-2.3078308	-1.2512512
147294027	ACC	4.164856	-14.744125	0.7837219
147294035	GYR	-1.1053314	-2.5722504	-1.3646088
147294045	MAG	0.07171631	36.21521	14.569092
147294037	ACC	0.684494	-12.847046	0.23806763
147294047	ACC	-1.6197968	-10.068909	0.6633911
147294045	GYR	-0.9151459	-2.876114	-1.2158661
147294064	MAG	-0.14801025	35.99701	15.47699
147294057	ACC	-3.2521973	-7.2918396	1.2449799
147294055	GYR	-0.8252411	-2.8320312	-0.98083496
147294067	ACC	-4.8037415	-5.036682	1.4259644
147294065	GYR	-0.6962433	-2.392273	-0.7601166
147294083	MAG	-0.09307861	35.643005	16.145325
147294077	ACC	-5.73674	-3.009201	1.1820221
147294075	GYR	-0.47114563	-1.7540283	-0.5315857
147294087	ACC	-6.072769	-0.90670776	1.1511536
147294085	GYR	-0.18751526	-1.0974426	-0.2712555
147294102	MAG	0.05340576	35.681152	16.18042
147294097	ACC	-5.809677	0.9023895	1.3024902
147294095	GYR	0.11375427	-0.42764282	0.012420654
147294107	ACC	-4.5590515	1.9782257	1.32164
147294105	GYR	0.42340088	0.27471924	0.35250854
147294122	MAG	0.30212402	35.876465	15.643311
147294117	ACC	-2.8077393	2.1276855	1.1852875
147294115	GYR	0.71310425	0.9568939	0.6812134
147294127	ACC	-0.9987488	1.8590851	1.1704865
147294124	GYR	0.9086914	1.543335	0.955719
147294141	MAG	0.30517578	36.265564	14.457703
147294137	ACC	0.5013428	1.3795624	1.2697754
147294134	GYR	0.9768982	2.0118408	1.1430817
147294147	ACC	1.2294617	0.7602539	1.3242035
147294144	GYR	0.9334717	2.3702698	1.216568
147294160	MAG	0.72631836	36.78894	13.702393
147294157	ACC	1.4066162	0.29962158	1.1443329
147294154	GYR	0.8305054	2.6434479	1.1817474
147294167	ACC	1.1647339	-0.23243713	0.69467163
147294164	GYR	0.72073364	2.8166351	1.0597229
147294179	MAG	0.7080078	37.231445	12.8845215
147294177	ACC	0.7454834	-0.64811707	0.059066772
147294174	GYR	0.62641907	2.8242188	0.86605835
147294187	ACC	0.54733276	-0.6857147	-1.0461578
147294184	GYR	0.53752136	2.6564636	0.6579437
147294198	MAG	0.55236816	37.278748	12.1032715
147294197	ACC	0.4217987	-0.80781555	-2.626358
147294194	GYR	0.4376068	2.3316193	0.4575653
147294207	ACC	0.57858276	-1.3042297	-4.5497437
147294204	GYR	0.30419922	1.8713074	0.2526703
147294218	MAG	0.048828125	37.478638	11.888123
147294217	ACC	1.6707611	-2.2153473	-7.357605
147294214	GYR	0.11924744	1.3080902	0.0423584
147294227	ACC	3.64563	-3.395279	-11.439926
147294224	GYR	-0.18658447	0.63453674	-0.1844635
147294237	MAG	-0.18157959	37.31079	12.007141
147294237	ACC	5.7031403	-4.2839966	-12.035767
147294234	GYR	-0.7434845	-0.092300415	-0.47575378
147294247	ACC	7.142685	-4.6060333	-3.605194
147294244	GYR	-1.4587555	-0.33335876	-0.85806274
147294256	MAG	-0.2029419	36.93695	12.95929
147294257	ACC	4.2182465	-4.2020264	7.0311737
147294254	GYR	-1.795044	0.7093353	-1.2433319
147294267	ACC	-0.6491089	-3.7372742	9.606812
147294264	GYR	-1.2749023	2.546646	-1.4039917
147294275	MAG	-2.1652222	36.608887	13.887024
147294277	ACC	-3.8348083	-5.8657227	5.3915863
147294274	GYR	-0.18203735	3.782257	-1.329422
147294287	ACC	-4.5217896	-14.629822	-6.5641785
147294284	GYR	0.67681885	3.526291	-1.2459564
147294295	MAG	-4.4418335	36.647034	13.279724
147294297	ACC	-3.839157	-26.087646	-3.095993
147294294	GYR	0.72817993	1.6922302	-1.209549
147294307	ACC	-0.9569092	-32.014465	16.666092
147294304	GYR	0.3908844	0.544754	-1.0106354
147294314	MAG	-5.8532715	36.706543	12.571716
147294317	ACC	2.7758484	-30.112	15.631653
147294314	GYR	0.6012726	2.0187378	-0.47184753
147294327	ACC	6.3059235	-20.632904	-28.472153
147294324	GYR	0.8259735	3.1692352	0.09547424
147294333	MAG	-6.6314697	37.280273	11.328125
147294334	GYR	-0.657135	2.0480042	0.2618103
147294337	ACC	-1.2924194	-13.624634	-3.4934998
147294344	GYR	-1.3204651	1.1671448	0.47218323
147294352	MAG	-7.1151733	37.07428	11.973572
147294347	ACC	-2.3968506	-6.6682587	11.507599
147294354	GYR	-0.2216034	2.0696716	0.6677551
147294357	ACC	-5.4425964	-5.8656616	2.466339
147294364	GYR	0.34292603	3.1170654	1.0571289
147294371	MAG	-6.8832397	37.47711	11.236572
147294367	ACC	-6.2015076	-10.184021	0.4374237
147294374	GYR	0.19876099	3.3326569	1.648407
147294377	ACC	-3.2837524	-15.728607	0.45817566
147294384	GYR	0.0357666	3.1947327	2.125595
147294391	MAG	-6.413269	37.77008	10.447693
147294387	ACC	-0.024856567	-20.167038	1.276825
147294394	GYR	0.15977478	3.10112	2.3286896
147294397	ACC	3.362671	-22.120209	2.3981476
147294404	GYR	0.51234436	3.1167145	2.2696838
147294410	MAG	-4.576111	38.5437	9.21936
147294406	ACC	5.6625824	-21.129013	3.820694
147294414	GYR	0.8549347	3.2113647	2.1362915
147294416	ACC	7.2078247	-19.498291	4.14032
147294424	GYR	1.1296387	3.3477936	2.0098267
147294429	MAG	-3.4423828	38.941956	7.595825
147294426	ACC	9.689163	-18.138641	4.00708
147294434	GYR	1.3989716	3.3436737	1.7548523
147294436	ACC	10.598206	-17.327637	3.3260803
147294448	MAG	-2.2079468	39.416504	6.0073853
147294446	ACC	9.653503	-16.478912	1.1330872
147294444	GYR	1.7134094	3.2644653	1.3991241
147294456	ACC	7.9961853	-15.287994	-1.1945648
147294454	GYR	1.8864288	3.1266785	1.1510925
147294468	MAG	-1.7837524	40.135193	4.034424
147294466	ACC	7.3628693	-14.21814	-2.4436798
147294464	GYR	1.8502502	2.856079	1.1355591
147294476	ACC	8.123856	-13.474304	-3.4638214
147294474	GYR	1.7470856	2.379547	1.2760925
147294487	MAG	-0.95977783	40.390015	2.116394
147294486	ACC	8.637543	-12.90863	-4.3812714
147294484	GYR	1.6131439	1.8641968	1.3763123
147294496	ACC	7.944992	-12.21405	-4.9207153
147294494	GYR	1.4286957	1.5287018	1.3649597
147294506	MAG	0.25482178	40.530396	0.8758545
147294506	ACC	7.043457	-11.180023	-5.5796814
147294504	GYR	1.1996765	1.5765228	1.3643341
147294516	ACC	5.5747833	-10.400391	-6.496399
147294514	GYR	0.9120178	1.8249054	1.4027557
147294525	MAG	1.1611938	40.792847	0.062561035
147294526	ACC	3.923523	-10.044662	-6.657425
147294524	GYR	0.574234	1.9532318	1.4467621
147294536	ACC	2.8531494	-9.765457	-5.8685913
147294534	GYR	0.22567749	1.8166962	1.4744263
147294544	MAG	2.458191	40.94391	-0.71868896
147294546	ACC	2.9684448	-9.233322	-4.717804
147294544	GYR	-0.07800293	1.5955658	1.5177917
147294556	ACC	3.9720306	-8.3510895	-3.5373077
147294554	GYR	-0.2985077	1.3895416	1.5614319
147294564	MAG	3.8208008	41.079712	-0.6240845
147294566	ACC	5.1306305	-7.0014954	-2.530136
147294564	GYR	-0.41227722	1.2162476	1.5454254
147294576	ACC	6.1237793	-5.2595215	-1.7948151
147294574	GYR	-0.42834473	1.122757	1.4572449
147294583	MAG	5.0598145	41.04004	-0.27923584
147294586	ACC	6.753433	-3.485443	-1.2725067
147294584	GYR	-0.3822937	1.0701904	1.3000946
147294596	ACC	6.849533	-2.1125336	-1.1620331
147294594	GYR	-0.31993103	1.0003204	1.0733185
147294602	MAG	6.135559	41.16516	-0.12054443
147294606	ACC	6.666214	-1.3359528	-1.4789429
147294603	GYR	-0.26792908	0.8407898	0.8020935
147294616	ACC	6.5650177	-0.8519592	-1.4594116
147294613	GYR	-0.26353455	0.5637512	0.5230255
147294621	MAG	6.741333	41.04004	0.17547607
147294626	ACC	6.698166	-0.64352417	-0.5936432
147294623	GYR	-0.3181305	0.25619507	0.2461853
147294636	ACC	6.6213684	-0.6931915	0.11112976
147294633	GYR	-0.38433838	0.03303528	-0.037094116
147294641	MAG	7.104492	41.026306	0.47912598
147294646	ACC	5.8635406	-0.9095917	0.017547607
147294643	GYR	-0.41485596	-0.090408325	-0.33900452
147294656	ACC	4.289795	-1.1652222	-0.7360077
147294653	GYR	-0.42544556	-0.17160034	-0.64505005
147294660	MAG	6.869507	41.015625	0.5859375
147294666	ACC	2.4361267	-1.4349518	-1.624649
147294663	GYR	-0.46003723	-0.22351074	-0.8999481
147294676	ACC	0.87745667	-1.8495331	-2.2496033
147294673	GYR	-0.5459595	-0.25842285	-1.0651245
147294679	MAG	6.413269	41.368103	1.0513306
147294686	ACC	0.047683716	-2.1658783	-2.6390228
147294683	GYR	-0.666275	-0.33706665	-1.151474
147294696	ACC	-0.19303894	-2.572525	-3.1651154
147294693	GYR	-0.7995148	-0.48927307	-1.2010498
147294698	MAG	5.303955	41.340637	1.7669678
147294706	ACC	-0.2312622	-3.0488892	-3.7643127
147294703	GYR	-0.9732971	-0.6551361	-1.2359161
147294716	ACC	0.25428772	-4.133438	-3.7217865
147294713	GYR	-1.2720337	-0.72091675	-1.2266083
147294718	MAG	4.3518066	41.1911	2.62146
147294723	GYR	-1.7540436	-0.6706238	-1.1794281
147294726	ACC	1.0175781	-6.973816	-1.8351593
147294733	GYR	-2.3122406	-0.5897064	-1.1708527
147294737	MAG	3.6331177	41.16516	4.055786
147294736	ACC	2.8723145	-10.921341	1.8895416
147294743	GYR	-2.6519165	-0.5645447	-1.3547668
147294746	ACC	2.905426	-13.833771	3.812912
147294753	GYR	-2.6043243	-0.43399048	-1.6916962
147294756	MAG	3.0471802	40.722656	6.52771
147294756	ACC	1.2243958	-17.879578	-0.90805054
147294763	GYR	-2.5154572	-0.30404663	-1.9547882
147294766	ACC	0.85902405	-22.584625	-3.5951233
147294773	GYR	-2.4205933	-0.5127106	-2.0547638
147294775	MAG	1.5670776	40.167236	8.691406
147294776	ACC	-2.5409088	-28.355606	-3.3971252
147294783	GYR	-2.0863342	-0.9881592	-1.8316956
147294786	ACC	-6.9282227	-30.503525	-1.7032776
147294793	GYR	-1.8868256	-0.93670654	-1.3484192
147294795	MAG	0.035095215	39.460754	10.777283
147294796	ACC	-8.704361	-26.126404	1.0262756
147294803	GYR	-1.9823303	0.016952515	-0.7795868
147294814	MAG	-1.0848999	39.012146	12.588501
147294806	ACC	-4.6631775	-19.79396	-0.5665283
147294813	GYR	-2.249054	0.36071777	-0.509552
147294816	ACC	-0.8801422	-17.049072	-2.2400208
147294823	GYR	-2.4760132	-0.39613342	-0.4830475
147294833	MAG	-1.5686035	38.108826	14.393616
147294826	ACC	1.5097504	-16.575256	-2.8161163
147294836	ACC	3.6000671	-16.487213	-2.6681213
147294833	GYR	-2.6373901	-0.6237488	-0.46505737
147294852	MAG	-1.2939453	37.190247	16.616821
147294846	ACC	6.176483	-16.379562	-3.5159912
147294843	GYR	-2.5992126	-0.3907776	-0.35850525
147294856	ACC	9.001373	-16.583282	-4.0920563
147294853	GYR	-2.5246735	-0.43370056	-0.2964325
147294871	MAG	-1.3259888	36.12671	18.592834
147294866	ACC	10.98085	-17.069427	-2.6360474
147294863	GYR	-2.5084229	-1.0261993	-0.3076477
147294876	ACC	11.27356	-16.547256	-1.1661987
147294873	GYR	-2.3637848	-1.7121735	-0.36724854
147294891	MAG	-1.1016846	35.17151	20.774841
147294886	ACC	10.222992	-15.406448	-0.9099579
147294883	GYR	-2.0318146	-1.9423676	-0.4333496
147294895	ACC	7.742996	-14.184341	-0.78915405
147294893	GYR	-1.6130981	-1.9634247	-0.5746155
147294910	MAG	-0.64697266	34.310913	22.151184
147294905	ACC	5.1593323	-12.79097	-0.44717407
147294903	GYR	-1.2035217	-2.0957947	-0.74098206
147294915	ACC	3.0703125	-11.484955	-0.11361694
147294913	GYR	-0.8556366	-2.2758484	-0.88186646
147294929	MAG	-0.5477905	33.95996	22.772217
147294925	ACC	1.5588531	-10.257233	0.061782837
147294923	GYR	-0.5774994	-2.4388123	-0.9897766
147294935	ACC	0.37652588	-8.784744	0.28445435
147294933	GYR	-0.36921692	-2.6385803	-1.0504303
147294948	MAG	-0.10986328	33.732605	23.410034
147294945	ACC	-0.7444458	-7.1192627	0.47583008
147294943	GYR	-0.22283936	-2.790741	-1.0514526
147294955	ACC	-2.062317	-5.479187	0.68370056
147294953	GYR	-0.118515015	-2.8405151	-0.98298645
147294967	MAG	0.5065918	33.750916	23.88153
147294965	ACC	-3.128708	-3.882843	0.8510895
147294963	GYR	-0.028778076	-2.7921448	-0.84332275
147294975	ACC	-3.516983	-2.604065	0.9352722
147294973	GYR	0.074645996	-2.5763702	-0.6444397
147294987	MAG	1.2466431	33.83026	24.06311
147294985	ACC	-3.1447144	-1.4849396	0.910614
147294983	GYR	0.22923279	-2.1997833	-0.4308777
147294995	ACC	-2.6794434	-0.7520294	0.44667053
147294993	GYR	0.449234	-1.7047882	-0.24668884
147295006	MAG	1.9104004	33.932495	23.876953
147295005	ACC	-1.945404	-0.6840515	-0.23252869
147295003	GYR	0.7052765	-1.1775513	-0.08560181
147295015	ACC	-1.0581512	-0.9594116	-0.9669037
147295013	GYR	0.933197	-0.6955719	0.08631897
147295025	MAG	2.708435	34.43451	22.961426
147295025	ACC	-0.22169495	-1.2439728	-1.660492
147295023	GYR	1.0905609	-0.28463745	0.2515564
147295035	ACC	0.38633728	-1.4897003	-2.199585
147295033	GYR	1.1768341	0.023635864	0.385849
147295044	MAG	2.7160645	35.12726	21.89331
147295045	ACC	0.5951538	-1.7493896	-2.3165588
147295043	GYR	1.1997528	0.21250916	0.47987366
147295055	ACC	0.5055542	-1.9332886	-2.3507843
147295053	GYR	1.1763153	0.32478333	0.5457306
147295064	MAG	2.8015137	35.7193	21.199036
147295065	ACC	0.29559326	-2.0270844	-2.3583832
147295063	GYR	1.1239777	0.37419128	0.6021118
147295075	ACC	0.3920288	-2.1616669	-2.405899
147295073	GYR	1.052887	0.33750916	0.6541443
147295083	MAG	3.3081055	36.29303	20.29419
147295085	ACC	0.63352966	-2.3744965	-2.9009094
147295082	GYR	0.97450256	0.22283936	0.6810303
147295095	ACC	1.1573334	-2.9163055	-3.9719696
147295092	GYR	0.87854004	0.057907104	0.66064453
147295102	MAG	3.5720825	36.862183	19.404602
147295105	ACC	1.7345886	-3.748932	-4.9409485
147295102	GYR	0.7320862	-0.15991211	0.58192444
147295115	ACC	1.6817627	-4.7004395	-5.9335785
147295112	GYR	0.5233002	-0.40431213	0.4445343
147295121	MAG	4.273987	37.165833	19.110107
147295122	GYR	0.2541504	-0.618454	0.3008423
147295125	ACC	2.1551056	-5.3364563	-7.5403595
147295132	GYR	-0.09524536	-0.7685394	0.16488647
147295141	MAG	4.8690796	37.205505	18.655396
147295135	ACC	2.7310028	-5.8810883	-9.693848
147295142	GYR	-0.57585144	-0.8383179	0.015426636
147295145	ACC	3.440216	-5.925537	-10.695114
147295152	GYR	-1.1421814	-0.718338	-0.15879822
147295160	MAG	5.418396	36.621094	19.404602
147295155	ACC	3.976059	-5.0815735	-8.417633
147295162	GYR	-1.5692139	-0.19110107	-0.35578918
147295165	ACC	2.1389465	-5.1305084	-3.8910675
147295172	GYR	-1.5940704	0.7004547	-0.48353577
147295179	MAG	5.441284	35.980225	20.883179
147295175	ACC	-4.565933	-9.6046295	3.2044525
147295182	GYR	-0.9841156	1.7275848	-0.28684998
147295185	ACC	-6.9388885	-17.731705	-1.4070892
147295192	GYR	-0.11732483	1.8754578	-0.08288574
147295198	MAG	4.3685913	35.925293	21.45996
147295195	ACC	-3.5100708	-28.955826	-17.012482
147295202	GYR	-0.46653748	-0.6979065	-0.30574036
147295205	ACC	9.916733	-32.894485	-4.818924
147295212	GYR	-1.2839508	-1.9013214	-1.1660767
147295217	MAG	4.6295166	35.798645	21.685791
147295215	ACC	17.536835	-23.587341	9.459259
147295225	ACC	9.714554	-9.959534	16.11708
147295222	GYR	-0.89138794	1.2638245	-1.9095459
147295237	MAG	3.5934448	35.36682	22.657776
147295235	ACC	3.025406	-4.4040527	11.7682495
147295232	GYR	0.0019836426	3.7534485	-1.2262573
147295245	ACC	-6.1062775	-4.780411	-7.14505
147295242	GYR	0.297287	4.230011	-0.5074005
147295256	MAG	0.37841797	35.59265	22.50824
147295255	ACC	-13.138123	-8.113739	-9.786682
147295252	GYR	-0.42137146	2.4541626	-0.26753235
147295265	ACC	-10.12796	-9.841171	6.383484
147295262	GYR	-0.73461914	-0.7408447	0.29867554
147295275	MAG	-0.12817383	35.365295	23.480225
147295275	ACC	-5.718399	-12.483353	4.304077
147295272	GYR	0.5634613	-1.4497528	0.86582947
147295285	ACC	0.49717712	-15.363312	2.6537323
147295282	GYR	1.1839447	-0.05155945	1.4752197
147295294	MAG	1.7532349	35.98938	22.167969
147295295	ACC	4.4049835	-18.110947	3.3460693
147295292	GYR	1.0296173	1.2498627	1.7445526
147295305	ACC	5.3291626	-19.388748	0.9927368
147295302	GYR	1.0849457	2.03154	1.6356049
147295314	MAG	2.7359009	36.540222	21.144104
147295315	ACC	4.458069	-18.576263	-1.4938507
147295312	GYR	1.3668823	2.3003998	1.2811584
147295325	ACC	4.187561	-16.311218	-1.4507751
147295322	GYR	1.4786224	2.3075867	0.9530945
147295333	MAG	2.7282715	37.36267	19.883728
147295335	ACC	4.1824036	-13.838486	-0.2535553
147295332	GYR	1.4919739	2.3616028	0.761261
147295345	ACC	3.504013	-12.186768	0.8891907
147295342	GYR	1.5237274	2.3581085	0.64193726
147295352	MAG	2.0812988	38.064575	18.482971
147295355	ACC	3.1057587	-11.318771	0.69358826
147295352	GYR	1.5870972	2.2808075	0.59213257
147295365	ACC	3.494217	-10.973129	-1.2147217
147295362	GYR	1.6758423	2.1045532	0.6125641
147295371	MAG	1.9104004	38.85956	17.002869
147295374	ACC	3.6838837	-10.721695	-3.2363129
147295372	GYR	1.7083588	1.8440552	0.62960815
147295384	ACC	2.9721527	-10.3759	-4.000168
147295382	GYR	1.5861664	1.5589142	0.6248932
147295390	MAG	1.9317627	39.468384	15.431213
147295394	ACC	1.948288	-9.902908	-3.3594513
147295392	GYR	1.3518982	1.3290405	0.6683502
147295404	ACC	1.3623047	-9.507507	-2.3010864
147295402	GYR	1.1231232	1.1896667	0.7819977
147295410	MAG	1.9439697	39.926147	14.379883
147295414	ACC	1.2338715	-9.128098	-1.6758118
147295412	GYR	0.9696045	1.0842133	0.8804321
147295424	ACC	1.034317	-8.613327	-1.1716003
147295422	GYR	0.8569336	1.0004883	0.8980408
147295429	MAG	2.256775	40.534973	13.485718
147295434	ACC	0.88523865	-7.97789	-0.4953003
147295432	GYR	0.75061035	0.9944458	0.8686981
147295444	ACC	0.7625122	-7.350876	-0.6120148
147295442	GYR	0.67941284	1.0805817	0.8385925
147295448	MAG	3.0654907	40.7959	12.678528
147295454	ACC	0.7126007	-6.7739563	-1.0584106
147295452	GYR	0.63539124	1.1701813	0.82099915
147295464	ACC	0.7762909	-6.4079742	-0.8712311
147295462	GYR	0.57084656	1.1799774	0.8125458
147295467	MAG	3.4072876	41.11023	12.12616
147295474	ACC	1.0218048	-6.2763367	-0.5647278
147295472	GYR	0.5054779	1.1243744	0.8094635
147295484	ACC	1.4989471	-6.3151703	-0.4498291
147295482	GYR	0.48220825	1.0333405	0.8160858
147295487	MAG	3.7490845	41.116333	11.503601
147295494	ACC	1.9109955	-6.4084015	-0.7133026
147295492	GYR	0.4902954	0.9565277	0.816864
147295504	ACC	2.0993958	-6.5397186	-0.5389099
147295502	GYR	0.5007019	0.93032837	0.8090973
147295506	MAG	4.400635	41.345215	11.170959
147295512	GYR	0.5163574	0.94833374	0.8020172
147295514	ACC	2.093872	-6.727249	-0.14918518
147295522	GYR	0.5435333	0.977478	0.80145264
147295525	MAG	5.177307	41.6687	10.592651
147295524	ACC	2.0024414	-6.993408	0.02319336
147295532	GYR	0.5706482	0.99661255	0.80270386
147295534	ACC	2.1370697	-7.3040924	-0.026687622
147295542	GYR	0.6121216	0.99165344	0.8039551
147295544	MAG	5.4107666	41.760254	9.831238
147295544	ACC	2.5412903	-7.847748	-0.30142212
147295552	GYR	0.6855469	0.8922577	0.7722931
147295554	ACC	2.491516	-8.405823	-0.4776001
147295561	GYR	0.76986694	0.7627411	0.7157898
147295564	MAG	5.606079	41.996765	9.248352
147295564	ACC	1.5928497	-8.522049	-1.5569153
147295571	GYR	0.72717285	0.743042	0.73487854
147295574	ACC	1.5045319	-8.135239	-1.6457977
147295581	GYR	0.6392517	0.67033386	0.7586212
147295583	MAG	6.428528	42.285156	8.622742
147295584	ACC	1.4082031	-7.4833527	-1.5355835
147295591	GYR	0.55197144	0.4985199	0.74090576
147295594	ACC	1.3985901	-7.008209	-1.115509
147295601	GYR	0.4532318	0.34057617	0.71055603
147295602	MAG	6.9488525	42.308044	7.8033447
147295604	ACC	1.6970825	-7.116928	-0.696167
147295621	MAG	7.3425293	42.463684	7.9086304
147295614	ACC	2.238388	-7.620758	-0.62687683
147295611	GYR	0.37121582	0.21478271	0.66744995
147295624	ACC	2.9179993	-8.326462	-0.84165955
147295621	GYR	0.319458	0.08531189	0.61357117
147295640	MAG	8.035278	42.352295	7.411194
147295634	ACC	3.469696	-9.070221	-1.0540771
147295631	GYR	0.27453613	0.018432617	0.5394745
147295644	ACC	3.6659698	-9.895081	-1.1335602
147295641	GYR	0.2440033	0.029769897	0.44007874
147295660	MAG	8.737183	42.578125	7.1228027
147295654	ACC	3.3150635	-10.6188965	-1.2027435
147295651	GYR	0.22956848	0.10092163	0.32237244
147295664	ACC	2.5078735	-11.085861	-1.0450287
147295661	GYR	0.21601868	0.19573975	0.21469116
147295679	MAG	8.755493	42.68036	6.744385
147295674	ACC	1.7024689	-11.36261	-0.5201111
147295671	GYR	0.17375183	0.2467041	0.14505005
147295684	ACC	1.5029602	-11.649429	0.14398193
147295681	GYR	0.12232971	0.24751282	0.11769104
147295698	MAG	8.99353	42.495728	6.6497803
147295694	ACC	2.0920258	-12.133591	1.0076294
147295691	GYR	0.07978821	0.18405151	0.10243225
147295704	ACC	2.9485626	-12.801102	2.285553
147295701	GYR	0.026687622	0.07984924	0.06336975
147295717	MAG	9.190369	42.651367	6.7199707
147295714	ACC	3.3914185	-13.525864	2.7617645
147295711	GYR	-0.006576538	0.008560181	-0.039871216
147295724	ACC	3.055252	-14.216064	1.2310028
147295721	GYR	0.078308105	-0.024673462	-0.20092773
147295737	MAG	9.042358	42.689514	6.680298
147295734	ACC	2.3018951	-14.186142	-0.36920166
147295731	GYR	0.1885376	-0.07583618	-0.32565308
147295744	ACC	1.4649963	-13.492096	-1.237915
147295741	GYR	0.16641235	-0.078567505	-0.3481903
147295756	MAG	8.888245	42.81006	6.588745
147295754	ACC	0.63697815	-12.888657	-2.2955475
147295751	GYR	0.03819275	0.041778564	-0.33200073
147295764	ACC	0.048965454	-12.528137	-3.033661
147295761	GYR	-0.16772461	0.1388092	-0.31703186
147295775	MAG	8.66394	42.829895	6.83136
147295774	ACC	-0.22364807	-12.302063	-2.9134216
147295771	GYR	-0.4387207	0.15603638	-0.30470276
147295784	ACC	-0.3044281	-11.972748	-2.376236
147295781	GYR	-0.70869446	0.14888	-0.3115387
147295794	MAG	8.474731	42.58728	7.507324
147295794	ACC	-0.31800842	-11.382996	-1.7691498
147295791	GYR	-0.9284668	0.103652954	-0.33865356
147295804	ACC	-0.2060852	-10.548187	-1.2503204
147295801	GYR	-1.1077881	0.013977051	-0.3612671
147295813	MAG	8.248901	42.604065	8.399963
147295814	ACC	0.23101807	-9.75473	-0.982193
147295811	GYR	-1.2689819	-0.07954407	-0.36367798
147295824	ACC	0.83914185	-9.210602	-0.8913727
147295821	GYR	-1.4271545	-0.16011047	-0.35517883
147295833	MAG	7.8598022	42.24701	9.605408
147295834	ACC	1.3870697	-8.841782	-0.6997986
147295831	GYR	-1.5798798	-0.2237091	-0.3461151
147295844	ACC	1.7661743	-8.72139	-0.7780304
147295841	GYR	-1.7021179	-0.25854492	-0.3406067
147295852	MAG	7.9605103	41.619873	11.494446
147295853	ACC	1.9216309	-8.812714	-0.7622223
147295851	GYR	-1.776886	-0.28349304	-0.3488617
147295863	ACC	1.8109741	-9.201126	-0.8102875
147295861	GYR	-1.7856598	-0.33763123	-0.38226318
147295871	MAG	7.38678	41.056824	12.818909
147295873	ACC	1.5119324	-9.7642975	-1.0687561
147295871	GYR	-1.7332611	-0.45899963	-0.431839
147295883	ACC	1.092041	-10.276245	-1.1225586
147295881	GYR	-1.6605835	-0.61717224	-0.4716797
147295890	MAG	7.420349	40.560913	14.471436
147295893	ACC	0.8298645	-10.631454	-0.8537903
147295891	GYR	-1.5914001	-0.76312256	-0.48480225
147295901	GYR	-1.5142822	-0.9002533	-0.47683716
147295910	MAG	7.411194	39.94751	15.533447
147295903	ACC	0.58444214	-10.714142	-0.4979248
147295911	GYR	-1.428772	-1.0012817	-0.4520111
147295913	ACC	0.34577942	-10.585342	-0.2526703
147295921	GYR	-1.356369	-1.0087891	-0.42222595
147295929	MAG	7.044983	39.414978	17.027283
147295923	ACC	0.35308838	-10.316681	-0.2896881
147295931	GYR	-1.2961731	-0.99565125	-0.412323
147295933	ACC	0.70765686	-10.1996	-0.15751648
147295941	GYR	-1.2109528	-1.0002594	-0.43222046
147295948	MAG	7.2540283	39.056396	17.826843
147295943	ACC	0.55966187	-10.377853	-0.49446106
147295951	GYR	-1.1247253	-0.907135	-0.4466095
147295953	ACC	0.15664673	-10.601425	-1.0996246
147295961	GYR	-1.0594025	-0.8007355	-0.42108154
147295967	MAG	7.3425293	38.711548	18.95752
147295963	ACC	0.042175293	-10.53212	-1.5184326
147295971	GYR	-1.0001831	-0.778244	-0.37454224
147295973	ACC	0.21080017	-10.335785	-1.747406
147295981	GYR	-0.9494629	-0.8226776	-0.333313
147295986	MAG	7.661438	38.227844	19.898987
147295983	ACC	0.64160156	-10.036697	-1.5570068
147295991	GYR	-0.8934021	-0.9139404	-0.308136
147295993	ACC	1.1263733	-9.743179	-1.2386932
147296006	MAG	7.676697	37.78839	20.669556
147296003	ACC	1.4350586	-9.470612	-1.0776215
147296001	GYR	-0.8247833	-1.0292664	-0.3113556
147296013	ACC	1.5004578	-9.2765045	-1.0548553
147296011	GYR	-0.7557678	-1.1316833	-0.3397827
147296025	MAG	7.914734	37.75482	21.258545
147296023	ACC	1.4426727	-9.114441	-1.1063843
147296021	GYR	-0.6896057	-1.1948395	-0.37286377
147296033	ACC	1.3262482	-9.12114	-1.0877075
147296031	GYR	-0.62564087	-1.2468567	-0.4039154
147296044	MAG	8.233643	37.35199	21.54541
147296043	ACC	1.2893219	-9.14566	-1.1862793
147296041	GYR	-0.54493713	-1.31633	-0.43185425
147296053	ACC	1.3707886	-9.148285	-1.1999054
147296050	GYR	-0.4524536	-1.4109192	-0.4584198
147296063	MAG	8.615112	37.361145	22.123718
147296063	ACC	1.3308258	-9.08197	-1.0633392
147296060	GYR	-0.34716797	-1.5239563	-0.4919281
147296073	ACC	1.2984924	-8.953812	-0.991745
147296070	GYR	-0.23457336	-1.5860138	-0.53009033
147296083	MAG	8.851624	37.254333	22.024536
147296083	ACC	1.2128143	-8.809097	-0.9472046
147296080	GYR	-0.12475586	-1.5876923	-0.56388855
147296093	ACC	1.0241089	-8.660812	-0.93133545
147296090	GYR	-0.02520752	-1.5563812	-0.59269714
147296102	MAG	9.324646	37.234497	21.859741
147296103	ACC	0.8275757	-8.518753	-1.0159454
147296100	GYR	0.06840515	-1.5296173	-0.62039185
147296113	ACC	0.6899109	-8.408463	-1.1928558
147296110	GYR	0.15444946	-1.5171509	-0.64501953
147296121	MAG	9.545898	37.564087	21.638489
147296123	ACC	0.638855	-8.38797	-1.3905945
147296120	GYR	0.22949219	-1.5133057	-0.6705017
147296133	ACC	0.63368225	-8.442474	-1.5420227
147296130	GYR	0.2942505	-1.5319672	-0.6970062
147296140	MAG	9.614563	37.742615	21.296692
147296143	ACC	0.6094208	-8.496155	-1.5980988
147296140	GYR	0.34973145	-1.5618744	-0.7228241
147296153	ACC	0.58065796	-8.502853	-1.5869598
147296150	GYR	0.39151	-1.5782166	-0.74002075
147296160	MAG	10.006714	38.0188	20.74585
147296163	ACC	0.545578	-8.539993	-1.5753937
147296160	GYR	0.4236908	-1.576828	-0.7437897
147296173	ACC	0.53826904	-8.566818	-1.5873413
147296170	GYR	0.4520111	-1.5684204	-0.743515
147296179	MAG	10.214233	38.32245	20.341492
147296183	ACC	0.58058167	-8.595856	-1.6803894
147296180	GYR	0.47625732	-1.5534515	-0.74372864
147296193	ACC	0.70570374	-8.641693	-1.7795258
147296190	GYR	0.499115	-1.5367279	-0.7434845
147296198	MAG	10.169983	38.552856	19.772339
147296203	ACC	0.8851929	-8.688889	-1.9001617
147296200	GYR	0.5226135	-1.5185547	-0.74160767
147296213	ACC	1.1704559	-8.683426	-2.0301514
147296210	GYR	0.5470276	-1.4871216	-0.738739
147296217	MAG	9.968567	38.94348	19.108582
147296223	ACC	1.5435791	-8.6896515	-2.2357025
147296220	GYR	0.5666199	-1.4545593	-0.7408447
147296233	ACC	1.8684692	-8.755356	-2.4430542
147296230	GYR	0.57725525	-1.4416809	-0.7528076
147296236	MAG	10.256958	39.37683	18.50586
147296243	ACC	2.1293488	-8.856812	-2.6784515
147296240	GYR	0.57962036	-1.4527435	-0.7680969
147296253	ACC	2.3058472	-8.925308	-2.9775543
147296250	GYR	0.5797882	-1.490448	-0.7807617
147296256	MAG	10.073853	39.79492	17.422485
147296263	ACC	2.3541718	-8.948853	-3.219345
147296260	GYR	0.5800171	-1.5594788	-0.78674316
147296273	ACC	2.2532501	-8.800919	-3.3125153
147296270	GYR	0.585083	-1.6455383	-0.7788696
147296275	MAG	9.938049	40.055847	16.949463
147296283	ACC	2.1358032	-8.61322	-3.3959045
147296280	GYR	0.6031189	-1.7296448	-0.75431824
147296290	GYR	0.6252594	-1.8132172	-0.714798
147296294	MAG	9.861755	40.50598	15.995789
147296293	ACC	1.9421234	-8.529602	-3.483612
147296300	GYR	0.6377716	-1.9216919	-0.66496277
147296303	ACC	2.0960693	-8.577866	-3.3084106
147296310	GYR	0.6559143	-2.074646	-0.6193085
147296313	MAG	10.084534	40.914917	15.167236
147296313	ACC	2.1015472	-8.538071	-3.0392456
147296320	GYR	0.6820984	-2.222519	-0.5779877
147296323	ACC	2.0557556	-8.446762	-2.7397308
147296330	GYR	0.7127533	-2.305542	-0.5378113
147296333	MAG	10.417175	41.19873	14.479065
147296332	ACC	2.1756744	-8.3003845	-2.4151
147296340	GYR	0.7536621	-2.2963562	-0.49613953
147296342	ACC	2.2812042	-8.191757	-2.1704102
147296350	GYR	0.805542	-2.2129364	-0.4629364
147296352	MAG	10.806274	41.633606	13.267517
147296352	ACC	2.290619	-8.176132	-2.283493
147296360	GYR	0.84750366	-2.128769	-0.4433899
147296362	ACC	2.2027435	-8.283386	-2.5892487
147296370	GYR	0.8477173	-2.0825043	-0.44143677
147296371	MAG	11.2335205	42.079163	11.915588
147296372	ACC	2.067276	-8.502899	-2.4228516
147296380	GYR	0.82084656	-2.0398865	-0.45387268
147296382	ACC	1.8097839	-8.734329	-2.0045776
147296390	GYR	0.7926636	-1.9753876	-0.47737122
147296391	MAG	11.166382	42.32788	11.068726
147296392	ACC	1.4731445	-8.942581	-1.5359192
147296409	MAG	11.224365	42.596436	9.934998
147296402	ACC	1.0788422	-9.334915	-1.5712433
147296400	GYR	0.78201294	-1.846344	-0.5107727
147296412	ACC	0.7498932	-10.50853	-2.2283783
147296410	GYR	0.7733917	-1.6473236	-0.55667114
147296429	MAG	11.437988	43.128967	9.005737
147296422	ACC	0.95428467	-12.666199	-3.8635712
147296420	GYR	0.7639313	-1.4195862	-0.6147003
147296432	ACC	2.2308502	-14.468384	-6.0475464
147296430	GYR	0.67630005	-1.2859497	-0.66622925
147296448	MAG	11.193848	43.28308	8.361816
147296442	ACC	3.5397186	-14.906128	-5.549118
147296440	GYR	0.38339233	-1.3425751	-0.7625427
147296452	ACC	3.6656036	-14.417969	-2.5768738
147296450	GYR	0.09895325	-1.3813324	-0.92207336
147296467	MAG	10.400391	43.554688	8.157349
147296462	ACC	1.9132385	-13.792343	0.5024414
147296460	GYR	0.05570984	-1.1951447	-1.0722809
147296472	ACC	-0.69789124	-12.255768	1.6127472
147296470	GYR	0.23320007	-0.86535645	-1.1009369
147296486	MAG	9.550476	43.63861	7.8323364
147296482	ACC	-2.5583496	-9.945755	0.8018341
147296480	GYR	0.47117615	-0.62179565	-0.91719055
147296492	ACC	-3.9240875	-8.1393585	-0.7979431
147296490	GYR	0.63957214	-0.6246033	-0.62031555
147296506	MAG	8.808899	44.026184	7.0617676
147296502	ACC	-4.267456	-7.0586853	-2.4446106
147296500	GYR	0.68659973	-0.9007416	-0.28430176
147296512	ACC	-3.3303528	-7.196884	-3.0182343
147296510	GYR	0.60983276	-1.3665314	0.03427124
147296525	MAG	9.007263	44.145203	6.486511
147296522	ACC	-2.0171967	-8.365952	-2.466858
147296520	GYR	0.46955872	-1.8150482	0.2692566
147296532	ACC	-0.89888	-9.729538	-1.7161713
147296529	GYR	0.36470032	-2.0110626	0.4380188
147296544	MAG	9.819031	44.20929	5.693054
147296542	ACC	-0.4467926	-10.819199	-0.9750061
147296539	GYR	0.33528137	-2.0161896	0.54493713
147296552	ACC	-0.44348145	-11.415268	-0.1648407
147296549	GYR	0.37072754	-1.9674377	0.5885925
147296563	MAG	10.630798	44.352722	4.8934937
147296562	ACC	-0.14439392	-11.472717	0.88301086
147296559	GYR	0.457489	-1.8526764	0.61938477
147296572	ACC	0.5503845	-11.183777	1.5366516
147296569	GYR	0.5848694	-1.605423	0.65553284
147296582	MAG	11.683655	44.54193	4.0771484
147296582	ACC	1.2609863	-10.674637	1.9210968
147296579	GYR	0.7129059	-1.2048798	0.667511
147296592	ACC	0.94763184	-10.191071	0.39535522
147296589	GYR	0.78097534	-0.7065277	0.6493683
147296602	MAG	12.483215	44.732666	3.137207
147296602	ACC	-0.12246704	-9.932098	-0.8248749
147296599	GYR	0.83665466	-0.54029846	0.5639496
147296612	ACC	-0.8135376	-9.550293	-1.3679962
147296609	GYR	0.8622589	-0.7480469	0.4540863
147296621	MAG	12.599182	44.99359	2.1392822
147296622	ACC	-0.7076874	-9.366699	-1.4871368
147296619	GYR	0.83898926	-0.9911041	0.38897705
147296632	ACC	0.24794006	-9.208252	-1.1535645
147296629	GYR	0.8087616	-1.1729584	0.35002136
147296640	MAG	13.397217	44.802856	1.0864258
147296642	ACC	1.3172607	-9.137527	-0.6836853
147296639	GYR	0.78338623	-1.2143555	0.31648254
147296652	ACC	1.9447632	-9.238541	-0.28744507
147296649	GYR	0.7785187	-1.1303558	0.26264954
147296659	MAG	13.661194	45.103455	0.12512207
147296662	ACC	2.0221405	-9.36084	-0.18721008
147296659	GYR	0.7868805	-0.98872375	0.19332886
147296672	ACC	1.6728973	-9.434326	-0.2819214
147296669	GYR	0.7975311	-0.8717804	0.12783813
147296679	MAG	13.893127	44.888306	-0.7080078
147296679	GYR	0.7991638	-0.8108368	0.08906555
147296682	ACC	1.3440094	-9.4097595	-0.6155243
147296689	GYR	0.77067566	-0.789917	0.081970215
147296698	MAG	13.818359	45.181274	-1.6494751
147296692	ACC	1.2310944	-9.490295	-1.0022125
147296699	GYR	0.6925354	-0.7966919	0.08451843
147296702	ACC	1.2819214	-9.635223	-1.2354584
147296709	GYR	0.5829468	-0.8465576	0.077697754
147296717	MAG	13.859558	45.07599	-2.430725
147296712	ACC	1.3100586	-9.916367	-1.2910767
147296719	GYR	0.46426392	-0.9224701	0.05393982
147296722	ACC	1.2235107	-10.252899	-1.1928711
147296729	GYR	0.35153198	-0.9808502	0.02859497
147296736	MAG	13.948059	45.204163	-3.1860352
147296732	ACC	1.2427216	-10.413269	-1.0657501
147296739	GYR	0.25964355	-1.0277252	-0.004058838
147296742	ACC	1.1653137	-10.459839	-0.89790344
147296749	GYR	0.20132446	-1.0847778	-0.039093018
147296755	MAG	14.155579	45.314026	-3.6224365
147296752	ACC	1.1338959	-10.288727	-0.7451935
147296759	GYR	0.16815186	-1.1395721	-0.06782532
147296762	ACC	1.1759491	-10.0516815	-0.54759216
147296769	GYR	0.15106201	-1.1691895	-0.09008789
147296775	MAG	13.703918	45.318604	-3.8269043
147296772	ACC	1.2781982	-9.83786	-0.54296875
147296779	GYR	0.13172913	-1.1743011	-0.11077881
147296782	ACC	1.3898621	-9.750107	-0.5576935
147296794	MAG	13.905334	45.43457	-4.3563843
147296792	ACC	1.4810944	-9.661148	-0.4475708
147296789	GYR	0.09976196	-1.1590271	-0.12585449
147296802	ACC	1.4335632	-9.629776	-0.2685852
147296799	GYR	0.06109619	-1.1249847	-0.14129639
147296813	MAG	13.838196	45.526123	-4.5913696
147296811	ACC	1.3197479	-9.621231	0.027832031
147296809	GYR	0.027114868	-1.1145935	-0.15162659
147296821	ACC	1.2915192	-9.585297	0.27731323
147296819	GYR	0.010910034	-1.1158752	-0.15803528
147296832	MAG	13.442993	45.448303	-4.701233
147296831	ACC	1.142746	-9.65744	0.2711792
147296829	GYR	0.013931274	-1.1091156	-0.17045593
147296841	ACC	0.89756775	-9.766052	0.07142639
147296839	GYR	0.019744873	-1.0847626	-0.17233276
147296852	MAG	13.21106	45.359802	-4.588318
147296851	ACC	0.59936523	-9.896774	-0.15597534
147296849	GYR	0.018066406	-1.0615082	-0.17004395
147296861	ACC	0.39996338	-9.972122	-0.3635254
147296859	GYR	0.009719849	-1.0471191	-0.1634674
147296871	MAG	13.064575	45.629883	-5.2001953
147296871	ACC	0.3336792	-9.960297	-0.49397278
147296869	GYR	-0.0029296875	-1.063736	-0.14875793
147296881	ACC	0.2436676	-9.8667145	-0.6639252
147296879	GYR	-0.003982544	-1.0935669	-0.141922
147296890	MAG	12.863159	45.516968	-5.319214
147296891	ACC	0.11697388	-9.847168	-0.8702698
147296889	GYR	0.014083862	-1.1026917	-0.14830017
147296901	ACC	0.199646	-9.687805	-1.0256805
147296899	GYR	0.04019165	-1.0600128	-0.14926147
147296909	MAG	12.460327	45.52307	-5.5267334
147296911	ACC	0.19618225	-9.6167145	-1.0786285
147296909	GYR	0.0680542	-0.97454834	-0.15364075
147296921	ACC	0.03981018	-9.782654	-1.2008362
147296919	GYR	0.100631714	-0.9320679	-0.17784119
147296929	MAG	12.307739	45.758057	-5.580139
147296931	ACC	0.09529114	-9.838364	-1.4317627
147296929	GYR	0.12513733	-0.91438293	-0.17726135
147296941	ACC	0.1663208	-9.803497	-1.6586304
147296939	GYR	0.12843323	-0.8964691	-0.16331482
147296948	MAG	12.14447	45.80841	-5.805969
147296951	ACC	0.22161865	-9.677261	-1.80896
147296949	GYR	0.115600586	-0.8652191	-0.15048218
147296961	ACC	0.26771545	-9.575745	-1.7703857
147296959	GYR	0.094818115	-0.8482666	-0.13517761
147296967	MAG	12.226868	45.861816	-5.999756
147296971	ACC	0.37704468	-9.571533	-1.5095215
147296969	GYR	0.069610596	-0.8755188	-0.11277771
147296981	ACC	0.57170105	-9.626846	-1.2863617
147296979	GYR	0.050323486	-0.920105	-0.07527161
147296986	MAG	12.0529175	45.767212	-6.399536
147296991	ACC	0.9260864	-9.628296	-1.0969391
147296989	GYR	0.049697876	-0.95687866	-0.03666687
147297001	ACC	1.124466	-9.750656	-0.9807739
147296999	GYR	0.065963745	-0.9901581	-0.014953613
147297005	MAG	11.680603	45.90454	-6.803894
147297011	ACC	1.1890411	-9.936005	-1.0406342
147297008	GYR	0.085235596	-1.0029907	0.0032348633
147297021	ACC	1.4441681	-9.70192	-1.07547
147297018	GYR	0.08895874	-0.9460144	0.030578613
147297025	MAG	11.691284	45.741272	-6.7001343
147297031	ACC	1.2999878	-9.570633	-1.1366425
147297028	GYR	0.10865784	-0.88897705	0.024261475
147297041	ACC	1.401474	-9.330154	-1.2161713
147297038	GYR	0.15260315	-0.8736267	-7.7819824E-4
147297044	MAG	11.584473	45.90149	-6.7977905
147297051	ACC	0.86135864	-9.7091675	-1.3652954
147297048	GYR	0.19351196	-0.870697	-0.03501892
147297061	ACC	0.5430298	-10.136078	-1.316864
147297058	GYR	0.20622253	-0.8541107	-0.06123352
147297063	MAG	11.451721	45.814514	-7.2921753
147297071	ACC	0.88734436	-9.763657	-1.3058624
147297068	GYR	0.19914246	-0.7883606	-0.051696777
147297078	GYR	0.2218628	-0.7469635	-0.04524231
147297082	MAG	11.341858	45.863342	-7.473755
147297081	ACC	0.30496216	-9.925735	-1.4170227
147297088	GYR	0.2611847	-0.7338867	-0.011810303
147297091	ACC	0.18789673	-9.992355	-1.5626526
147297098	GYR	0.28108215	-0.6973419	0.05027771
147297102	MAG	11.195374	45.90149	-8.11615
147297101	ACC	0.40112305	-9.958298	-1.7562561
147297108	GYR	0.26379395	-0.65963745	0.10397339
147297111	ACC	0.52519226	-9.786194	-1.8986206
147297118	GYR	0.25042725	-0.68600464	0.14205933
147297121	MAG	11.013794	45.698547	-8.647156
147297121	ACC	0.31018066	-9.867844	-2.080597
147297128	GYR	0.20825195	-0.6792145	0.2162323
147297131	ACC	1.2060547	-9.525848	-1.9210358
147297138	GYR	0.18525696	-0.7061157	0.24511719
147297140	MAG	10.795593	46.139526	-8.895874
147297141	ACC	1.4899902	-9.606171	-1.7944031
147297148	GYR	0.22259521	-0.85588074	0.21487427
147297151	ACC	1.536377	-9.859375	-1.7907715
147297158	GYR	0.22154236	-0.9253998	0.2322998
147297159	MAG	11.154175	45.825195	-9.358215
147297161	ACC	2.2540894	-10.149933	-1.2687073
147297168	GYR	0.1947937	-0.88456726	0.24571228
147297171	ACC	2.9187317	-10.572632	-0.40977478
147297179	MAG	11.227417	45.92285	-9.646606
147297181	ACC	3.2729034	-10.533218	0.26774597
147297178	GYR	0.16212463	-0.746933	0.1900177
147297198	MAG	11.503601	45.90149	-9.848022
147297191	ACC	2.6901703	-10.27243	0.8738861
147297188	GYR	0.12086487	-0.56100464	0.05340576
147297201	ACC	1.2572174	-10.039673	1.1679535
147297198	GYR	0.11595154	-0.37695312	-0.12991333
147297217	MAG	11.248779	45.755005	-10.05249
147297211	ACC	-0.29829407	-9.98288	0.8594971
147297208	GYR	0.17485046	-0.21003723	-0.29667664
147297221	ACC	-1.4881744	-9.746475	0.22117615
147297218	GYR	0.24397278	-0.13450623	-0.38990784
147297236	MAG	10.614014	45.97931	-10.076904
147297231	ACC	-2.1868439	-9.507629	-0.43171692
147297228	GYR	0.28564453	-0.1295929	-0.41537476
147297241	ACC	-2.2126617	-9.4548645	-0.64826965
147297238	GYR	0.27876282	-0.1678009	-0.36405945
147297255	MAG	10.1119995	45.86792	-10.317993
147297251	ACC	-1.8033905	-9.568237	-0.63404846
147297248	GYR	0.23200989	-0.19084167	-0.2696228
147297261	ACC	-1.6253357	-9.767532	-0.62727356
147297258	GYR	0.18048096	-0.15078735	-0.19224548
147297275	MAG	10.177612	46.051025	-10.704041
147297271	ACC	-1.9279938	-9.905472	-0.5536194
147297268	GYR	0.13076782	-0.063308716	-0.14778137
147297281	ACC	-2.3107605	-9.904053	-0.511261
147297278	GYR	0.09210205	0.055038452	-0.10720825
147297294	MAG	9.989929	45.811462	-10.676575
147297291	ACC	-2.4197693	-9.803329	-0.49964905
147297288	GYR	0.063949585	0.18156433	-0.061843872
147297300	ACC	-1.9355316	-9.670181	-0.39411926
147297298	GYR	0.03656006	0.25909424	-0.0074005127
147297313	MAG	9.886169	46.0083	-10.72998
147297310	ACC	-0.9686432	-9.597229	-0.16390991
147297308	GYR	0.0014648438	0.2586975	0.042434692
147297320	ACC	-0.060821533	-9.678909	-4.8828125E-4
147297318	GYR	-0.03933716	0.21737671	0.070007324
147297332	MAG	10.183716	45.89081	-10.647583
147297330	ACC	0.6403656	-9.915436	0.010269165
147297328	GYR	-0.078933716	0.19400024	0.075149536
147297340	ACC	1.0857849	-10.166153	0.011428833
147297338	GYR	-0.107910156	0.20178223	0.075302124
147297352	MAG	10.441589	45.767212	-10.469055
147297350	ACC	1.3177795	-10.261383	0.013961792
147297348	GYR	-0.11936951	0.21783447	0.07737732
147297360	ACC	1.338211	-10.177124	-0.008651733
147297358	GYR	-0.11282349	0.2232666	0.07962036
147297371	MAG	10.30426	45.91217	-10.331726
147297370	ACC	1.1293335	-10.065186	-0.19055176
147297368	GYR	-0.093170166	0.19920349	0.082717896
147297380	ACC	0.6251068	-10.039337	-0.3554077
147297378	GYR	-0.074157715	0.165802	0.09159851
147297390	MAG	10.336304	45.846558	-9.912109
147297390	ACC	0.16275024	-10.017303	-0.60780334
147297388	GYR	-0.06448364	0.17297363	0.11087036
147297400	ACC	-0.10191345	-9.949966	-0.8470764
147297398	GYR	-0.059555054	0.22647095	0.13485718
147297409	MAG	10.601807	45.83435	-10.2508545
147297410	ACC	-0.018341064	-10.343506	-0.9425812
147297408	GYR	-0.055160522	0.28034973	0.14846802
147297420	ACC	-0.8191681	-9.936768	-0.83413696
147297418	GYR	-0.045425415	0.29478455	0.11935425
147297428	MAG	10.762024	45.747375	-10.069275
147297430	ACC	-0.11433411	-9.426743	-1.2919159
147297428	GYR	-0.009475708	0.2266388	0.10482788
147297440	ACC	0.66770935	-9.496719	-0.93122864
147297438	GYR	-0.016677856	0.21150208	0.12710571
147297448	MAG	10.914612	45.59021	-10.021973
147297450	ACC	0.8869324	-9.586563	-0.787735
147297448	GYR	-0.03555298	0.23768616	0.10372925
147297460	ACC	0.5891876	-9.758347	-0.97743225
147297458	GYR	-0.021408081	0.21838379	0.06462097
147297467	MAG	10.809326	45.672607	-10.113525
147297468	GYR	0.003479004	0.16851807	0.05154419
147297470	ACC	0.66441345	-9.662643	-1.2847748
147297478	GYR	0.0027770996	0.11260986	0.053207397
147297486	MAG	11.019897	45.622253	-9.890747
147297480	ACC	0.75549316	-9.643188	-1.1911774
147297487	GYR	-0.012420654	0.073394775	0.049072266
147297490	ACC	0.7849884	-9.730881	-1.0460663
147297497	GYR	-0.023712158	0.057800293	0.037231445
147297505	MAG	10.975647	45.811462	-9.8098755
147297500	ACC	0.5822296	-9.8359375	-1.0067902
147297507	GYR	-0.035308838	0.060653687	0.022521973
147297510	ACC	0.24421692	-9.901962	-1.0819397
147297517	GYR	-0.056884766	0.066833496	0.012878418
147297525	MAG	11.166382	45.89386	-9.82666
147297520	ACC	-0.0690155	-9.859573	-1.1340485
147297527	GYR	-0.09057617	0.05593872	0.012420654
147297530	ACC	-0.29858398	-9.873489	-1.0709381
147297537	GYR	-0.12846375	0.03538513	0.023849487
147297544	MAG	11.161804	45.822144	-9.913635
147297540	ACC	-0.16986084	-10.067551	-0.92993164
147297547	GYR	-0.14627075	0.043930054	0.034057617
147297550	ACC	0.04005432	-10.065399	-0.8736725
147297557	GYR	-0.13911438	0.085235596	0.021835327
147297563	MAG	11.177063	45.732117	-9.7229
147297560	ACC	-0.11378479	-10.0351715	-1.04393
147297570	ACC	-0.44769287	-9.8918	-1.0940552
147297567	GYR	-0.13549805	0.11399841	-9.460449E-4
147297582	MAG	11.04126	45.79773	-9.580994
147297580	ACC	-0.4265442	-9.672668	-0.9753113
147297577	GYR	-0.15467834	0.11639404	0.0023651123
147297590	ACC	-0.16697693	-9.634964	-0.7944946
147297587	GYR	-0.1665802	0.11531067	0.02859497
147297601	MAG	11.33728	45.799255	-9.506226
147297600	ACC	0.10923767	-9.679321	-0.5983887
147297597	GYR	-0.16648865	0.11705017	0.053588867
147297610	ACC	0.42799377	-9.660782	-0.6435394
147297607	GYR	-0.14375305	0.11766052	0.07608032
147297621	MAG	11.470032	45.654297	-9.0408325
147297620	ACC	0.5482788	-9.569794	-0.7501373
147297617	GYR	-0.11520386	0.12287903	0.08091736
147297630	ACC	0.47109985	-9.494843	-0.98376465
147297627	GYR	-0.09017944	0.12498474	0.074645996
147297640	MAG	11.561584	45.776367	-9.101868
147297640	ACC	0.2217102	-9.446075	-1.0635376
147297637	GYR	-0.08111572	0.12382507	0.059051514
147297650	ACC	0.010482788	-9.567978	-0.92840576
147297647	GYR	-0.097091675	0.11495972	0.04626465
147297659	MAG	11.340332	45.60089	-8.843994
147297660	ACC	-0.02720642	-9.652466	-0.93078613
147297657	GYR	-0.1043396	0.093826294	0.034072876
147297670	ACC	0.10609436	-9.609924	-1.00354
147297667	GYR	-0.101638794	0.06869507	0.027008057
147297678	MAG	11.686707	45.677185	-8.731079
147297680	ACC	0.23034668	-9.574127	-1.033905
147297677	GYR	-0.09716797	0.06410217	0.01966858
147297690	ACC	0.2929077	-9.70079	-0.97746277
147297687	GYR	-0.094818115	0.0881958	0.0135650635
147297698	MAG	11.784363	45.67871	-8.737183
147297700	ACC	0.29133606	-9.819611	-0.93258667
147297697	GYR	-0.09251404	0.128479	0.012313843
147297710	ACC	0.25468445	-9.850845	-0.9295502
147297707	GYR	-0.081726074	0.17712402	0.018218994
147297717	MAG	11.508179	45.814514	-8.4991455
147297720	ACC	0.17251587	-9.717926	-0.9815216
147297717	GYR	-0.058776855	0.21224976	0.024536133
147297730	ACC	0.17617798	-9.418076	-1.0140686
147297727	GYR	-0.030929565	0.23620605	0.034835815
147297736	MAG	11.619568	45.72754	-8.314514
147297740	ACC	0.28536987	-9.186111	-0.92948914
147297737	GYR	-0.0032958984	0.25857544	0.054977417
147297750	ACC	0.31030273	-9.654358	-0.9383545
147297747	GYR	0.024490356	0.29281616	0.06913757
147297755	MAG	11.575317	45.5307	-8.2977295
147297760	ACC	-1.4038239	-6.852783	-1.0379639
147297757	GYR	0.042099	0.31100464	0.06930542
147297770	ACC	0.14186096	-8.949646	-0.80999756
147297767	GYR	0.031204224	0.33009338	0.14788818
147297775	MAG	11.975098	45.565796	-8.139038
147297779	ACC	0.22174072	-11.5504	-1.763031
147297777	GYR	0.026947021	0.3715515	0.26026917
147297789	ACC	-1.7869568	-9.3710785	-0.7079773
147297787	GYR	-0.0013122559	0.26385498	0.23936462
147297794	MAG	12.387085	45.63141	-8.44574
147297799	ACC	-1.6550598	-8.365097	-1.5517578
147297797	GYR	0.023117065	0.12687683	0.2418518
147297809	ACC	5.404846	-11.681351	-0.49577332
147297807	GYR	0.048599243	0.15065002	0.54704285
147297813	MAG	12.10022	45.661926	-8.384705
147297819	ACC	-2.5607452	-10.980545	-0.90231323
147297817	GYR	0.04145813	0.19265747	0.39666748
147297829	ACC	0.8418884	-9.883865	-1.1949768
147297827	GYR	0.024978638	0.15141296	0.10998535
147297832	MAG	13.182068	45.591736	-8.21228
147297839	ACC	0.23666382	-9.421402	-1.1708679
147297837	GYR	0.060943604	0.20251465	0.110076904
147297849	ACC	0.63204956	-9.589645	-1.2168732
147297847	GYR	0.09339905	0.31704712	0.1471405
147297851	MAG	13.092041	45.544434	-8.111572
147297857	GYR	0.10870361	0.39845276	0.18623352
147297859	ACC	0.7192688	-9.414612	-1.6130371
147297867	GYR	0.094573975	0.3777771	0.1743927
147297871	MAG	13.310242	45.378113	-8.482361
147297869	ACC	0.3548584	-9.583328	-1.6540527
147297877	GYR	0.041625977	0.30828857	0.11734009
147297879	ACC	-0.29788208	-9.569473	-1.2715607
147297887	GYR	0.0038452148	0.25367737	0.08552551
147297890	MAG	13.311768	45.298767	-8.477783
147297889	ACC	-0.33987427	-9.662186	-1.0138245
147297897	GYR	0.0010528564	0.2093811	0.092453
147297899	ACC	-0.30387878	-9.617401	-0.93315125
147297907	GYR	0.015975952	0.1774292	0.10827637
147297909	MAG	13.362122	45.336914	-8.436584
147297909	ACC	-0.20768738	-9.511246	-1.0245209
147297917	GYR	0.032333374	0.16612244	0.13392639
147297919	ACC	-0.040145874	-9.403717	-1.0232086
147297927	GYR	0.038986206	0.17550659	0.167099
147297928	MAG	13.540649	45.237732	-8.67157
147297929	ACC	0.17066956	-9.336075	-1.0537415
147297937	GYR	0.036468506	0.1995697	0.20379639
147297939	ACC	0.3905182	-9.443634	-1.0276031
147297947	GYR	0.03213501	0.22709656	0.2264862
147297948	MAG	13.850403	45.265198	-8.415222
147297949	ACC	0.5185852	-9.835434	-0.9526062
147297959	ACC	0.19473267	-10.135864	-0.9090729
147297957	GYR	0.021514893	0.29252625	0.19342041
147297967	MAG	14.141846	45.15381	-8.424377
147297969	ACC	-0.48580933	-9.774231	-1.094162
147297966	GYR	-8.239746E-4	0.41990662	0.11643982
147297986	MAG	14.196777	45.343018	-8.302307
147297979	ACC	-0.5807648	-9.481262	-1.1967621
147297976	GYR	-0.017486572	0.46884155	0.12309265
147297989	ACC	-0.1490326	-9.58548	-1.1002655
147297986	GYR	-0.039489746	0.3887329	0.17625427
147298005	MAG	14.633179	45.23468	-8.320618
147297999	ACC	-0.08125305	-9.690964	-1.065628
147297996	GYR	-0.045074463	0.29882812	0.18791199
147298009	ACC	-0.3932953	-9.774872	-1.1235657
147298006	GYR	-0.024490356	0.24563599	0.15931702
147298024	MAG	14.691162	45.11261	-8.222961
147298019	ACC	-0.688797	-9.944092	-1.0999451
147298016	GYR	-0.017044067	0.20022583	0.13195801
147298029	ACC	-0.8265228	-10.043015	-0.8938141
147298026	GYR	-0.03187561	0.11557007	0.12437439
147298044	MAG	14.76593	45.129395	-7.8582764
147298039	ACC	-0.9022827	-10.173264	-0.66215515
147298036	GYR	-0.050048828	0.003326416	0.11845398
147298049	ACC	-1.251648	-10.7304535	-0.41392517
147298046	GYR	-0.049301147	-0.07623291	0.08113098
147298063	MAG	14.851379	45.025635	-8.041382
147298059	ACC	-1.0860596	-10.382584	-0.37121582
147298056	GYR	-0.027267456	-0.0738678	0.031433105
147298069	ACC	-1.1060333	-10.196762	-0.8759308
147298066	GYR	0.060668945	0.024871826	0.0096588135
147298082	MAG	14.778137	44.888306	-7.748413
147298079	ACC	-1.3136292	-10.741013	-1.2819061
147298076	GYR	0.17001343	0.17538452	0.012924194
147298089	ACC	-1.1329498	-10.78183	-1.0944519
147298086	GYR	0.17410278	0.3032074	0.06765747
147298101	MAG	15.026855	45.004272	-8.280945
147298099	ACC	-0.4620514	-9.282959	-1.0577393
147298096	GYR	0.15322876	0.29397583	0.15719604
147298109	ACC	0.02809143	-8.20047	-1.2140808
147298106	GYR	0.15950012	0.21813965	0.21922302
147298121	MAG	15.080261	44.924927	-8.232117
147298119	ACC	0.04827881	-8.813675	-1.1313171
147298116	GYR	0.16285706	0.17964172	0.2535553
147298129	ACC	0.11439514	-9.335495	-0.9201813
147298126	GYR	0.14672852	0.19567871	0.28651428
147298140	MAG	15.455627	44.981384	-8.3984375
147298139	ACC	-0.041900635	-9.699646	-0.83154297
147298136	GYR	0.13542175	0.19740295	0.32054138
147298149	ACC	-0.30447388	-9.785049	-0.91470337
147298146	GYR	0.13285828	0.1625061	0.32746887
147298159	MAG	15.838623	44.76013	-8.49762
147298159	ACC	-0.50657654	-9.841522	-0.98002625
147298156	GYR	0.124694824	0.11273193	0.30863953
147298169	ACC	-0.90838623	-9.944199	-0.96495056
147298166	GYR	0.10307312	0.05947876	0.26341248
147298178	MAG	15.737915	44.685364	-8.578491
147298179	ACC	-1.1094666	-9.76326	-0.89707947
147298176	GYR	0.077560425	-0.0063323975	0.20243835
147298189	ACC	-1.2657928	-10.045654	-0.81689453
147298186	GYR	0.061691284	-0.071762085	0.15266418
147298197	MAG	16.133118	44.685364	-8.46405
147298199	ACC	-1.0571594	-10.090195	-0.89671326
147298196	GYR	0.05656433	-0.12670898	0.120269775
147298209	ACC	-0.83766174	-9.934647	-0.93473816
147298206	GYR	0.046051025	-0.18881226	0.08547974
147298217	MAG	16.31012	44.818115	-8.668518
147298219	ACC	-0.80755615	-9.639786	-0.8166504
147298216	GYR	0.032852173	-0.30091858	0.048477173
147298229	ACC	-0.79299927	-9.16333	-0.65437317
147298226	GYR	0.04888916	-0.486969	0.020401001
147298236	MAG	16.242981	44.563293	-8.970642
147298239	ACC	-0.8514862	-9.169922	-0.63601685
147298236	GYR	0.106536865	-0.69122314	-0.004501343
147298246	GYR	0.19888306	-0.8463745	-0.019546509
147298255	MAG	16.12091	44.659424	-9.294128
147298249	ACC	-0.72080994	-9.552261	-0.7489166
147298256	GYR	0.3190155	-0.9328003	2.746582E-4
147298258	ACC	-0.33433533	-10.26062	-1.1889496
147298266	GYR	0.4343109	-0.97895813	0.054641724
147298274	MAG	15.945435	44.644165	-9.698486
147298268	ACC	0.27668762	-10.786423	-1.6330872
147298276	GYR	0.49272156	-1.0158997	0.11149597
147298278	ACC	0.787735	-10.667175	-1.7107697
147298286	GYR	0.5036926	-1.0418701	0.1486206
147298294	MAG	15.83252	44.659424	-10.572815
147298288	ACC	0.9700165	-10.367691	-1.6081696
147298296	GYR	0.49517822	-1.0844269	0.12420654
147298298	ACC	0.846756	-10.147064	-2.3522034
147298306	GYR	0.31636047	-1.2026978	0.013916016
147298313	MAG	15.898132	44.49463	-11.027527
147298308	ACC	0.12530518	-9.615112	-1.3465881
147298316	GYR	0.22763062	-1.5163574	-0.05381775
147298318	ACC	-0.02822876	-10.097061	-1.2251892
147298326	GYR	0.25393677	-1.9510803	-0.115249634
147298332	MAG	15.705872	44.607544	-11.625671
147298328	ACC	-0.30114746	-10.883072	-1.0826721
147298336	GYR	0.24908447	-2.2371674	-0.19924927
147298338	ACC	-0.77497864	-11.175873	-0.9148712
147298351	MAG	15.257263	44.651794	-12.435913
147298348	ACC	-1.1141815	-11.449356	-0.73716736
147298346	GYR	0.19242859	-2.1884155	-0.26493835
147298358	ACC	-1.2279053	-11.728455	-0.61125183
147298356	GYR	0.10194397	-1.7967377	-0.2912445
147298371	MAG	14.474487	44.836426	-12.495422
147298368	ACC	-1.1657867	-11.829514	-0.603714
147298366	GYR	0.013504028	-1.2479248	-0.34809875
147298378	ACC	-1.059494	-11.83606	-0.6715698
147298376	GYR	-0.052352905	-0.7874756	-0.44197083
147298390	MAG	13.723755	44.80591	-12.818909
147298388	ACC	-1.2034607	-12.114044	-0.5740204
147298386	GYR	-0.10461426	-0.614624	-0.57307434
147298398	ACC	-1.329422	-12.695953	-0.34165955
147298396	GYR	-0.16583252	-0.7314911	-0.6792145
147298409	MAG	13.240051	45.02716	-12.759399
147298408	ACC	-1.2176208	-13.320679	-0.13179016
147298406	GYR	-0.23088074	-0.9634552	-0.70614624
147298418	ACC	-0.931427	-13.799484	0.27096558
147298416	GYR	-0.29722595	-1.0465851	-0.6687317
147298428	MAG	12.225342	45.08362	-12.702942
147298428	ACC	-0.44973755	-13.511322	0.79071045
147298426	GYR	-0.33807373	-0.85853577	-0.58070374
147298438	ACC	-0.05305481	-12.738159	0.52867126
147298436	GYR	-0.2758789	-0.43440247	-0.503479
147298447	MAG	11.845398	45.34149	-12.559509
147298448	ACC	0.29647827	-12.232605	-0.08918762
147298445	GYR	-0.19967651	0.08140564	-0.48957825
147298458	ACC	1.4792633	-11.241943	-0.37016296
147298455	GYR	-0.2314148	0.49110413	-0.51683044
147298467	MAG	11.529541	45.391846	-12.219238
147298468	ACC	3.5177307	-10.020187	-1.2889252
147298465	GYR	-0.2929535	0.6351166	-0.612854
147298478	ACC	3.3355865	-10.244217	-0.7393036
147298475	GYR	-0.3774414	0.42248535	-0.903183
147298486	MAG	11.13739	45.307922	-11.634827
147298488	ACC	-0.46899414	-13.646118	1.8071747
147298485	GYR	-0.5642395	0.27293396	-1.2517548
147298498	ACC	-3.0325623	-14.499939	1.2572174
147298495	GYR	-0.5394745	0.7794342	-1.2733307
147298505	MAG	9.596252	46.002197	-10.713196
147298508	ACC	-4.0656586	-14.66507	-0.7486572
147298505	GYR	-0.18159485	1.360672	-0.9207611
147298518	ACC	-2.984848	-12.927322	-1.1553345
147298515	GYR	0.10635376	1.3872986	-0.4193573
147298524	MAG	8.912659	46.224976	-10.734558
147298528	ACC	-0.6001129	-11.27092	0.18553162
147298525	GYR	0.23513794	1.0450897	0.022827148
147298538	ACC	0.7392731	-10.259125	0.9880676
147298535	GYR	0.38702393	0.9100189	0.18759155
147298544	MAG	9.34906	46.15631	-10.754395
147298548	ACC	1.6902161	-9.586792	0.18075562
147298545	GYR	0.6306	1.1884003	0.17382812
147298558	ACC	3.5643616	-9.844299	-0.4724579
147298555	GYR	0.7214203	1.5271301	0.22450256
147298563	MAG	9.742737	46.12274	-11.331177
147298568	ACC	4.138443	-9.494766	-0.9411621
147298565	GYR	0.7181244	1.3779297	0.20301819
147298578	ACC	4.385544	-8.735123	-0.7935791
147298575	GYR	0.7698517	0.91496277	0.040740967
147298582	MAG	10.427856	46.01593	-11.920166
147298588	ACC	4.0716553	-8.637054	-0.78712463
147298585	GYR	0.83706665	0.6316376	-0.15808105
147298598	ACC	3.1116943	-9.404282	-1.3832092
147298595	GYR	0.904068	0.5723572	-0.35707092
147298601	MAG	10.137939	46.051025	-12.553406
147298608	ACC	2.0434113	-9.837921	-1.6896973
147298605	GYR	0.924942	0.61312866	-0.46469116
147298618	ACC	1.2895203	-9.891617	-1.2502899
147298615	GYR	0.8868408	0.73114014	-0.44979858
147298620	MAG	9.814453	46.035767	-12.995911
147298628	ACC	1.0305023	-10.162872	1.7805939
147298625	GYR	0.87364197	0.8413086	-0.37249756
147298635	GYR	1.0559235	0.83787537	-0.27946472
147298640	MAG	9.509277	46.121216	-13.8168335
147298638	ACC	-0.05796814	-9.904785	1.9378357
147298645	GYR	1.3217621	0.745636	-0.12753296
147298648	ACC	-1.8652954	-9.635986	0.2828064
147298655	GYR	1.4601593	0.5386658	0.159729
147298659	MAG	9.3811035	45.84198	-14.945984
147298658	ACC	-2.4919739	-9.280472	-0.8069153
147298665	GYR	1.4774323	0.25378418	0.5109558
147298668	ACC	-2.6192322	-8.668381	-1.6806946
147298675	GYR	1.3633423	-0.043136597	0.8523102
147298678	MAG	9.660339	45.747375	-16.438293
147298678	ACC	-2.5208435	-8.030441	-2.02034
147298685	GYR	1.1028748	-0.24058533	1.1596985
147298688	ACC	-1.9460754	-7.8369904	0.34213257
147298695	GYR	0.9167023	-0.42344666	1.3941498
147298697	MAG	10.266113	45.472717	-17.47284
147298698	ACC	-1.1408234	-7.923401	0.64938354
147298705	GYR	0.8758545	-0.5951233	1.5717621
147298708	ACC	-0.30870056	-8.160141	-0.071502686
147298715	GYR	0.8888092	-0.77812195	1.6638489
147298717	MAG	11.656189	45.014954	-18.449402
147298718	ACC	-0.052001953	-9.644272	3.4040527
147298725	GYR	1.1980133	-0.78648376	1.6809692
147298728	ACC	-0.012130737	-10.9254	3.8755646
147298735	GYR	1.6669006	-0.68989563	1.6904755
147298736	MAG	12.741089	44.714355	-19.55719
147298737	ACC	0.2750702	-11.00322	0.22273254
147298747	ACC	0.62820435	-10.734863	0.20677185
147298745	GYR	1.7734985	-0.5598602	1.7172546
147298755	MAG	13.897705	44.015503	-21.104431
147298757	ACC	1.134552	-10.876984	2.527954
147298755	GYR	1.6744843	-0.2315216	1.7361755
147298767	ACC	1.0964966	-10.584869	2.0454102
147298765	GYR	1.7675476	0.063583374	1.6355438
147298775	MAG	15.374756	43.10608	-22.932434
147298777	ACC	0.69091797	-9.140671	0.79981995
147298775	GYR	1.8838043	0.35299683	1.491806
147298793	MAG	16.763306	42.1463	-24.012756
147298787	ACC	0.011749268	-8.174133	0.9292755
147298785	GYR	1.690033	0.99780273	1.3990784
147298797	ACC	-0.29060364	-8.194336	-0.43244934
147298795	GYR	1.4553375	1.8193207	1.3868866
147298813	MAG	18.511963	41.137695	-24.832153
147298807	ACC	-0.5038452	-8.283127	-1.1743164
147298805	GYR	1.3599701	1.9552155	1.2990417
147298817	ACC	-0.63539124	-8.821915	0.71333313
147298815	GYR	1.2119598	1.5863037	1.1849213
147298832	MAG	20.228577	40.846252	-25.283813
147298827	ACC	-0.8660431	-9.337784	2.5962067
147298825	GYR	1.1600037	0.96520996	1.0996246
147298837	ACC	-1.0483704	-9.608292	4.0764313
147298835	GYR	1.2159882	0.4200287	1.0226593
147298851	MAG	21.099854	39.709473	-26.18103
147298847	ACC	-0.8846741	-9.6827545	5.4832306
147298845	GYR	1.3263855	0.3635254	0.9616089
147298857	ACC	-0.028656006	-9.814194	6.5377502
147298855	GYR	1.5335999	0.7816162	0.8920593
147298870	MAG	21.942139	38.983154	-27.383423
147298867	ACC	2.109497	-10.055801	7.1222687
147298865	GYR	1.8557434	1.3856201	0.7545166
147298877	ACC	3.4045105	-10.782928	6.968933
147298875	GYR	2.2581024	1.9088135	0.48625183
147298890	MAG	23.599243	37.65869	-28.17688
147298887	ACC	3.5232239	-11.616058	6.3126984
147298885	GYR	2.661972	2.1944275	0.09391785
147298897	ACC	3.6470184	-11.836456	5.6788177
147298895	GYR	2.9731903	2.2149506	-0.30659485
147298909	MAG	24.50409	36.61499	-29.267883
147298907	ACC	3.8442993	-11.673294	5.210724
147298905	GYR	3.1820068	2.0060883	-0.6963043
147298917	ACC	4.010254	-11.406052	5.1673737
147298915	GYR	3.3226318	1.6693726	-1.0975342
147298928	MAG	24.789429	35.627747	-30.83496
147298927	ACC	4.043503	-11.248154	5.3962097
147298925	GYR	3.4202423	1.3513947	-1.5128021
147298937	ACC	4.0632324	-11.243042	5.91922
147298934	GYR	3.5092468	1.141098	-1.933548
147298947	MAG	23.899841	34.67102	-32.565308
147298947	ACC	4.0907593	-11.2686615	7.03566
147298944	GYR	3.625122	1.0764618	-2.3559113
147298957	ACC	3.9015656	-11.365906	7.581558
147298954	GYR	3.7936554	1.184906	-2.762024
147298967	MAG	22.865295	33.709717	-34.2865
147298967	ACC	3.363037	-11.776871	7.6618958
147298964	GYR	3.9969177	1.3874054	-3.1263123
147298977	ACC	2.6705475	-12.080002	7.9744263
147298974	GYR	4.1766663	1.5960083	-3.433136
147298986	MAG	21.23413	32.598877	-36.24115
147298987	ACC	2.8141937	-12.500916	11.063034
147298984	GYR	4.3330383	1.8310394	-3.6809845
147298997	ACC	2.611969	-13.296478	12.086182
147298994	GYR	4.5715485	2.3088074	-3.907257
147299005	MAG	19.718933	31.317139	-37.957764
147299007	ACC	2.325241	-14.003174	11.937256
147299004	GYR	4.8917236	2.851303	-4.097824
147299017	ACC	1.9518127	-14.293854	11.5998535
147299014	GYR	5.1864014	3.0276794	-4.232559
147299024	MAG	19.190979	29.267883	-39.585876
147299024	GYR	5.4095	2.697586	-4.34111
147299027	ACC	1.579895	-13.973297	11.483154
147299034	GYR	5.5698853	2.0422058	-4.4667053
147299043	MAG	18.608093	26.916504	-41.375732
147299037	ACC	1.1360474	-13.395264	11.271988
147299044	GYR	5.6316833	1.4252319	-4.599472
147299047	ACC	0.7918854	-12.498047	10.889984
147299054	GYR	5.576248	1.095047	-4.72081
147299063	MAG	17.604065	24.238586	-43.67218
147299057	ACC	0.6358948	-11.550232	10.69191
147299064	GYR	5.4726715	0.9976959	-4.85553
147299067	ACC	0.7471466	-10.430923	10.388535
147299074	GYR	5.3558197	1.0213165	-5.0323486
147299082	MAG	15.826416	21.272278	-45.347595
147299077	ACC	0.689621	-9.508453	9.7621
147299084	GYR	5.2141876	1.0938263	-5.229477
147299087	ACC	0.17675781	-8.792389	8.303497
147299094	GYR	4.9879913	1.0325012	-5.39003
147299101	MAG	14.604187	18.608093	-47.30835
147299097	ACC	-0.25839233	-8.1115265	6.6300354
147299104	GYR	4.6284027	0.6428375	-5.5562744
147299107	ACC	-0.6477814	-7.602539	5.703964
147299114	GYR	4.166855	-0.029037476	-5.74292
147299120	MAG	13.111877	16.227722	-48.30017
147299117	ACC	-0.67684937	-7.3789673	6.0167084
147299124	GYR	3.7227173	-0.7523041	-5.9683075
147299127	ACC	-0.32901	-7.130127	6.778946
147299140	MAG	11.3220215	14.344788	-48.616028
147299137	ACC	0.124176025	-7.082855	7.43779
147299134	GYR	3.348755	-1.2849731	-6.2482147
147299147	ACC	0.38357544	-7.3324127	7.7151794
147299144	GYR	3.0506287	-1.5626373	-6.6011047
147299159	MAG	8.483887	12.776184	-49.263
147299157	ACC	0.35253906	-7.895508	7.9662933
147299154	GYR	2.8146362	-1.6572571	-6.974167
147299167	ACC	0.057388306	-8.555481	8.449539
147299164	GYR	2.6343079	-1.6384277	-7.2959747
147299178	MAG	5.2230835	11.383057	-49.710083
147299177	ACC	-0.3345337	-9.012558	9.056976
147299174	GYR	2.5659027	-1.5561523	-7.5381165
147299187	ACC	-0.618103	-9.285339	9.350067
147299184	GYR	2.6549225	-1.3999023	-7.6927643
147299197	MAG	1.9882202	9.507751	-50.541687
147299197	ACC	-1.0168457	-9.535828	9.303818
147299194	GYR	2.8460846	-1.0971527	-7.8088226
147299207	ACC	-1.4889374	-9.512894	9.129044
147299204	GYR	3.0665436	-0.63597107	-7.8641815
147299216	MAG	-0.022888184	7.1411133	-50.671387
147299216	ACC	-1.8681641	-9.179321	8.739929
147299214	GYR	3.2870483	-0.037460327	-7.8082886
147299226	ACC	-2.1797333	-8.7660675	7.6402283
147299224	GYR	3.5063019	0.64234924	-7.644272
147299236	MAG	-0.26245117	4.0512085	-50.57831
147299236	ACC	-3.0310974	-7.954468	4.4235687
147299234	GYR	3.6811218	1.2206726	-7.4108124
147299246	ACC	-3.952896	-7.1234894	2.1737976
147299244	GYR	3.637329	1.2810364	-7.1129456
147299255	MAG	1.05896	1.0177612	-50.349426
147299256	ACC	-3.9144287	-6.516449	3.4727173
147299254	GYR	3.299408	0.55714417	-6.741791
147299266	ACC	-3.365448	-5.44516	4.624588
147299264	GYR	2.998291	-0.109573364	-6.371887
147299274	MAG	2.1240234	-1.5869141	-49.58191
147299276	ACC	-3.2033691	-4.1392365	4.72731
147299274	GYR	2.8690643	-0.1927948	-6.0688324
147299286	ACC	-3.0088959	-3.2915344	5.2035217
147299284	GYR	2.7530823	-0.17713928	-5.8193207
147299293	MAG	2.8076172	-3.8955688	-48.672485
147299296	ACC	-2.8141022	-2.401947	5.089508
147299294	GYR	2.6780243	-0.1474762	-5.5717773
147299306	ACC	-2.559555	-1.3551636	4.6989594
147299304	GYR	2.646347	-0.050933838	-5.3177795
147299313	MAG	3.4927368	-6.011963	-48.332214
147299316	ACC	-2.5343323	-0.06472778	3.4685059
147299314	GYR	2.5430603	-0.11126709	-5.097992
147299326	ACC	-2.4144287	0.27772522	4.392502
147299324	GYR	2.3238983	-0.3744049	-4.939636
147299332	MAG	4.286194	-7.9803467	-47.824097
147299336	ACC	-2.1173859	0.8706207	5.3015594
147299334	GYR	2.0889893	-0.5563812	-4.800415
147299346	ACC	-1.8493958	1.565918	4.837616
147299344	GYR	1.9482727	-0.31163025	-4.6677094
147299351	MAG	4.8583984	-9.352112	-47.57538
147299356	ACC	-1.6451721	2.1964874	3.9018402
147299354	GYR	1.8105774	0.050231934	-4.5806885
147299366	ACC	-1.4493256	2.8045807	2.8051147
147299364	GYR	1.6044769	0.18867493	-4.541626
147299370	MAG	6.277466	-10.496521	-46.977234
147299376	ACC	-1.3919678	3.0711212	2.00737
147299374	GYR	1.3126373	-0.0014038086	-4.5446777
147299386	ACC	-2.4511871	4.7491455	1.9889679
147299384	GYR	0.93800354	-0.4471283	-4.593155
147299389	MAG	7.7453613	-11.175537	-46.925354
147299396	ACC	-4.847641	5.1754	2.7119446
147299394	GYR	0.5486603	-1.0079803	-4.5820312
147299406	ACC	-7.114441	5.7937317	3.9173584
147299404	GYR	0.22618103	-1.6421814	-4.392975
147299409	MAG	7.8674316	-10.922241	-47.1817
147299416	ACC	-9.323273	6.0497437	5.778351
147299413	GYR	-0.018341064	-2.2062683	-4.0964355
147299423	GYR	-0.16958618	-2.4425964	-3.7516327
147299428	MAG	6.777954	-10.1501465	-47.35565
147299426	ACC	-9.504166	5.21727	7.1784515
147299433	GYR	-0.20710754	-2.1595306	-3.3204803
147299436	ACC	-9.713638	4.4247437	8.234879
147299443	GYR	-0.060531616	-1.627655	-2.7329254
147299447	MAG	5.3985596	-9.463501	-47.50824
147299446	ACC	-10.084274	3.9537964	8.6206665
147299453	GYR	0.19213867	-1.1201172	-1.9774323
147299456	ACC	-9.858368	3.9704132	8.1129
147299463	GYR	0.38027954	-0.80278015	-1.1411896
147299466	MAG	4.711914	-9.4696045	-47.605896
147299466	ACC	-8.05452	3.7921753	7.0148163
147299473	GYR	0.41270447	-0.7600403	-0.4172516
147299476	ACC	-4.1336365	2.7993164	6.260437
147299483	GYR	0.277771	-0.86395264	-0.046569824
147299486	MAG	4.33197	-9.751892	-47.56317
147299486	ACC	-2.0702515	2.3106995	6.7040863
147299493	GYR	0.116485596	-0.9053192	0.07069397
147299496	ACC	-1.7092438	2.6676483	7.354782
147299503	GYR	-0.0047912598	-0.8159485	0.12936401
147299505	MAG	3.6483765	-10.028076	-47.686768
147299506	ACC	-2.1215668	3.2932281	7.7574463
147299513	GYR	-0.090652466	-0.6545563	0.2236023
147299516	ACC	-2.3182678	3.6792755	7.807724
147299524	MAG	2.9022217	-9.794617	-47.891235
147299526	ACC	-2.0200958	3.7274017	7.6472626
147299523	GYR	-0.15963745	-0.48828125	0.33206177
147299536	ACC	-1.5803833	3.7002563	7.4703827
147299533	GYR	-0.21351624	-0.35299683	0.40794373
147299544	MAG	2.4673462	-9.918213	-47.901917
147299546	ACC	-1.388443	3.7030182	7.5737915
147299543	GYR	-0.24806213	-0.29293823	0.43144226
147299556	ACC	-1.3369293	3.7324524	7.8554993
147299553	GYR	-0.25038147	-0.29745483	0.4298706
147299563	MAG	1.9042969	-9.713745	-47.605896
147299566	ACC	-1.2845154	3.7019958	8.21254
147299563	GYR	-0.21437073	-0.3382721	0.42411804
147299582	MAG	1.7272949	-9.49707	-47.981262
147299576	ACC	-1.2411957	3.5366364	8.506439
147299573	GYR	-0.1539917	-0.38815308	0.41423035
147299586	ACC	-1.2142181	3.3690796	8.69722
147299583	GYR	-0.08395386	-0.41679382	0.4207611
147299601	MAG	1.0025024	-9.474182	-47.938538
147299596	ACC	-1.2046509	3.301117	8.629059
147299593	GYR	-0.01625061	-0.39727783	0.44807434
147299606	ACC	-1.2331085	3.3098907	8.273926
147299603	GYR	0.035461426	-0.34155273	0.48890686
147299620	MAG	0.37994385	-9.529114	-47.851562
147299616	ACC	-1.2991638	3.3990479	7.8986664
147299613	GYR	0.043945312	-0.28442383	0.532547
147299626	ACC	-1.322525	3.5213928	7.8075867
147299623	GYR	-0.002670288	-0.2580719	0.57748413
147299639	MAG	-0.038146973	-9.474182	-47.599792
147299636	ACC	-1.2307739	3.6233368	7.8646545
147299633	GYR	-0.08610535	-0.25082397	0.6213989
147299646	ACC	-1.0435181	3.7475739	7.8349457
147299643	GYR	-0.17881775	-0.24307251	0.6622467
147299659	MAG	-0.28533936	-9.165955	-47.605896
147299656	ACC	-0.80722046	3.8913727	7.7605743
147299653	GYR	-0.26879883	-0.2476654	0.6923065
147299666	ACC	-0.6161804	3.9980164	7.936615
147299663	GYR	-0.35121155	-0.27749634	0.69444275
147299678	MAG	-0.74157715	-8.926392	-47.82715
147299676	ACC	-0.50175476	4.03331	8.380859
147299673	GYR	-0.41752625	-0.29833984	0.6625366
147299686	ACC	-0.5079193	4.0127563	8.890228
147299683	GYR	-0.45932007	-0.27755737	0.6199188
147299697	MAG	-1.0574341	-8.526611	-48.068237
147299695	ACC	-0.4563141	3.9818115	9.323044
147299693	GYR	-0.47694397	-0.2083435	0.5934143
147299705	ACC	-0.48687744	3.8977356	9.747543
147299703	GYR	-0.48254395	-0.09753418	0.58644104
147299716	MAG	-1.3900757	-8.229065	-47.93091
147299715	ACC	-0.54959106	3.7758484	10.090546
147299713	GYR	-0.4765625	0.040618896	0.59121704
147299725	ACC	-0.6552582	3.6631012	10.217712
147299723	GYR	-0.44778442	0.18582153	0.607605
147299736	MAG	-1.1734009	-7.7026367	-48.165894
147299735	ACC	-0.72480774	3.6565247	10.078262
147299733	GYR	-0.40011597	0.3169403	0.63298035
147299745	ACC	-0.78726196	3.7022858	9.777954
147299743	GYR	-0.35128784	0.4131317	0.6620636
147299755	MAG	-1.1795044	-7.3898315	-48.187256
147299755	ACC	-0.79100037	3.8283386	9.4935
147299753	GYR	-0.3148346	0.4669037	0.6872101
147299765	ACC	-0.8177185	3.9191437	9.324982
147299763	GYR	-0.29873657	0.4826355	0.7021332
147299774	MAG	-1.0009766	-7.142639	-48.355103
147299775	ACC	-0.8211212	3.9763947	9.207626
147299773	GYR	-0.29597473	0.46009827	0.7034149
147299785	ACC	-0.7851105	3.9311829	9.299927
147299783	GYR	-0.29681396	0.41122437	0.6947174
147299793	MAG	-0.4257202	-6.9335938	-48.40393
147299795	ACC	-0.70199585	3.9396057	9.595108
147299793	GYR	-0.29379272	0.37539673	0.6813202
147299805	ACC	-0.4146576	3.7717285	9.9301605
147299803	GYR	-0.27947998	0.39537048	0.6735687
147299812	MAG	-0.23956299	-6.616211	-48.4375
147299813	GYR	-0.24987793	0.48698425	0.65618896
147299815	ACC	-0.5965729	3.9802094	9.903244
147299823	GYR	-0.21182251	0.50416565	0.6413727
147299832	MAG	-0.012207031	-6.4071655	-48.60382
147299825	ACC	-1.2222137	4.251358	9.80986
147299833	GYR	-0.16688538	0.4376068	0.6665344
147299835	ACC	-1.2383118	4.3029175	9.489975
147299843	GYR	-0.122024536	0.3581543	0.6936493
147299851	MAG	0.4837036	-6.3690186	-48.451233
147299845	ACC	-0.96154785	4.161667	9.372681
147299853	GYR	-0.08226013	0.27926636	0.6957855
147299855	ACC	-0.6553192	4.166107	9.233032
147299863	GYR	-0.048797607	0.21109009	0.6675415
147299870	MAG	0.38909912	-6.44989	-48.44055
147299865	ACC	-0.50128174	4.2792664	9.07605
147299873	GYR	-0.034423828	0.17504883	0.61291504
147299875	ACC	-0.5858002	4.3889008	8.9344635
147299883	GYR	-0.046905518	0.15670776	0.5604248
147299889	MAG	0.7324219	-6.2164307	-48.338318
147299885	ACC	-0.57315063	4.4036407	8.89679
147299892	GYR	-0.071899414	0.15260315	0.51997375
147299895	ACC	-0.09350586	4.2426605	8.941254
147299902	GYR	-0.08320618	0.22439575	0.44155884
147299909	MAG	0.61187744	-6.19812	-48.6557
147299905	ACC	-0.2674713	4.471878	8.878754
147299915	ACC	-0.45524597	4.6907196	8.736832
147299912	GYR	-0.085876465	0.26634216	0.35421753
147299928	MAG	0.87280273	-6.210327	-48.39325
147299925	ACC	-0.78170776	4.8223724	8.413864
147299922	GYR	-0.093811035	0.30567932	0.29901123
147299935	ACC	-0.99264526	4.863739	8.249161
147299932	GYR	-0.13583374	0.25805664	0.28250122
147299947	MAG	1.2435913	-5.9570312	-48.571777
147299945	ACC	-0.9308777	4.8530273	8.330353
147299942	GYR	-0.2013855	0.14407349	0.30659485
147299955	ACC	-0.5910034	4.754822	8.556808
147299952	GYR	-0.27078247	0.014266968	0.34799194
147299966	MAG	1.1962891	-5.6518555	-48.498535
147299965	ACC	-0.010772705	4.552414	8.868332
147299962	GYR	-0.32911682	-0.117614746	0.37686157
147299975	ACC	0.39762878	4.482773	9.072723
147299972	GYR	-0.3637848	-0.20048523	0.35256958
147299985	MAG	0.869751	-5.5130005	-48.303223
147299985	ACC	0.5598297	4.554428	9.140732
147299982	GYR	-0.3779602	-0.24855042	0.28007507
147299995	ACC	0.59599304	4.6056824	9.241394
147299992	GYR	-0.3809967	-0.2867279	0.18603516
147300005	MAG	0.54473877	-5.065918	-48.68622
147300005	ACC	0.58810425	4.5559387	9.425522
147300002	GYR	-0.36283875	-0.31507874	0.09838867
147300015	ACC	0.50839233	4.4038696	9.689972
147300012	GYR	-0.3283844	-0.31082153	0.029449463
147300024	MAG	-0.09613037	-4.798889	-48.75946
147300025	ACC	0.4287567	4.233368	9.729691
147300022	GYR	-0.27607727	-0.27638245	-0.01953125
147300035	ACC	0.39250183	4.1852417	9.478668
147300032	GYR	-0.20378113	-0.24147034	-0.037841797
147300043	MAG	-0.29907227	-4.7973633	-48.23761
147300045	ACC	0.23913574	4.227463	9.144318
147300042	GYR	-0.13731384	-0.24667358	-0.0357666
147300055	ACC	4.591797	5.2205505	17.915024
147300052	GYR	-0.09062195	-0.22636414	-0.033554077
147300062	MAG	-0.61187744	-4.475403	-48.47412
147300065	ACC	1.2496033	4.701416	12.859772
147300062	GYR	0.11315918	0.1396637	-0.1113739
147300075	ACC	-0.71865845	4.111023	9.332825
147300072	GYR	0.45419312	0.54260254	-0.2428894
147300082	MAG	-0.021362305	-4.7424316	-48.397827
147300085	ACC	-0.3338623	4.0935974	9.673523
147300082	GYR	0.5547943	0.4819336	-0.2320404
147300095	ACC	-0.22917175	4.220108	9.196655
147300092	GYR	0.5794525	0.6134949	-0.15640259
147300101	MAG	0.24414062	-5.105591	-48.15674
147300105	ACC	0.027359009	4.4757385	8.753433
147300102	GYR	0.58602905	0.65415955	-0.060043335
147300115	ACC	0.111083984	4.750351	8.213394
147300112	GYR	0.53648376	0.6858368	0.014099121
147300120	MAG	0.83618164	-5.873108	-48.184204
147300125	ACC	0.016296387	5.021347	7.7644043
147300122	GYR	0.4464569	0.75683594	0.0368042
147300135	ACC	-0.4864502	5.3072815	7.2194824
147300132	GYR	0.34625244	0.7990265	0.0388031
147300139	MAG	1.5792847	-6.335449	-48.05603
147300145	ACC	-1.8746185	5.0150757	6.8962555
147300142	GYR	0.24368286	0.7144623	0.058547974
147300155	ACC	-1.9494476	4.32901	6.725189
147300152	GYR	0.12982178	0.55259705	0.13087463
147300159	MAG	2.3086548	-6.4804077	-48.043823
147300165	ACC	-1.6725464	3.7046661	6.5967712
147300162	GYR	-0.026290894	0.40582275	0.22085571
147300175	ACC	-1.473999	3.7155304	7.56781
147300172	GYR	-0.23680115	0.33459473	0.29470825
147300178	MAG	2.8335571	-6.3476562	-48.1308
147300184	ACC	-1.278183	3.7383118	7.714325
147300182	GYR	-0.37550354	0.29592896	0.34092712
147300194	ACC	-1.3820343	3.7295837	7.863983
147300192	GYR	-0.4552002	0.20513916	0.3206787
147300197	MAG	3.35083	-5.9783936	-48.280334
147300202	GYR	-0.49775696	0.06781006	0.26452637
147300204	ACC	-1.398468	4.008911	7.8337097
147300212	GYR	-0.49656677	-0.111694336	0.17411804
147300216	MAG	3.37677	-5.5358887	-48.49701
147300214	ACC	-1.6531525	3.9580383	7.947891
147300222	GYR	-0.5114136	-0.17947388	0.09094238
147300224	ACC	-2.0031738	3.6725616	8.099655
147300232	GYR	-0.55314636	-0.1512146	0.056259155
147300235	MAG	3.1723022	-4.951477	-48.526
147300234	ACC	-1.999054	3.5027924	8.311554
147300242	GYR	-0.5491638	-0.16093445	0.040756226
147300244	ACC	-1.9382935	3.499878	8.879227
147300252	GYR	-0.4642334	-0.2157898	0.020568848
147300255	MAG	3.0212402	-4.48761	-48.50464
147300254	ACC	-1.7355499	3.455307	10.208939
147300262	GYR	-0.3358612	-0.2940979	-0.007858276
147300264	ACC	-1.3835144	3.7402496	12.244324
147300272	GYR	-0.09802246	-0.33421326	-0.03050232
147300274	MAG	2.7572632	-4.319763	-48.77777
147300274	ACC	-1.2259521	4.301895	11.941483
147300282	GYR	0.21154785	-0.26023865	-0.088974
147300284	ACC	-1.0062408	4.154251	10.514648
147300292	GYR	0.43003845	-0.29682922	-0.16067505
147300293	MAG	2.5634766	-4.168701	-48.73047
147300294	ACC	-1.2532501	4.1944885	9.248306
147300304	ACC	-1.5604401	4.4443207	8.652481
147300302	GYR	0.49923706	-0.2375946	-0.19947815
147300312	MAG	2.2888184	-4.727173	-48.628235
147300314	ACC	-1.5437012	4.4777527	8.308228
147300312	GYR	0.4550476	-0.15473938	-0.19520569
147300324	ACC	-1.469101	4.3053894	8.115082
147300322	GYR	0.37545776	-0.15577698	-0.17366028
147300332	MAG	2.0950317	-5.345154	-48.757935
147300334	ACC	-1.5636597	4.2009277	8.208588
147300332	GYR	0.28302002	-0.19802856	-0.17054749
147300344	ACC	-1.6569519	4.1424103	8.519257
147300342	GYR	0.18974304	-0.23320007	-0.16416931
147300351	MAG	2.0202637	-5.444336	-48.469543
147300354	ACC	-1.4847565	4.0904694	8.762512
147300352	GYR	0.1353302	-0.23902893	-0.12677002
147300364	ACC	-1.3069153	4.067322	9.008804
147300362	GYR	0.11883545	-0.22557068	-0.07723999
147300370	MAG	1.7364502	-5.41687	-48.362732
147300374	ACC	-1.2518005	4.1003723	9.227432
147300371	GYR	0.12315369	-0.19117737	-0.046676636
147300389	MAG	1.4404297	-5.570984	-48.472595
147300384	ACC	-1.1383209	4.128769	9.295044
147300381	GYR	0.17134094	-0.15420532	-0.029876709
147300394	ACC	-0.9832916	4.1054077	9.231613
147300391	GYR	0.2423706	-0.12991333	-0.025177002
147300408	MAG	1.5853882	-5.7998657	-48.510742
147300404	ACC	-0.9794159	4.0851746	8.840683
147300401	GYR	0.31071472	-0.108444214	-0.047546387
147300414	ACC	-1.2134705	4.0997467	8.358536
147300411	GYR	0.35301208	-0.10487366	-0.0778656
147300428	MAG	1.3671875	-6.0546875	-48.24829
147300424	ACC	-1.3845825	4.10376	7.9894257
147300421	GYR	0.34544373	-0.13217163	-0.0861969
147300434	ACC	-1.3720245	4.1228027	7.7263184
147300431	GYR	0.3035431	-0.16027832	-0.067977905
147300447	MAG	1.1795044	-6.3323975	-48.217773
147300444	ACC	-1.2947083	4.176544	7.6507874
147300441	GYR	0.2349701	-0.17622375	-0.03765869
147300454	ACC	-1.2070618	4.217926	7.8483887
147300451	GYR	0.15246582	-0.18663025	-0.009140015
147300466	MAG	1.1901855	-6.5338135	-48.110962
147300464	ACC	-1.166336	4.223938	8.202667
147300461	GYR	0.080062866	-0.19766235	0.0075531006
147300474	ACC	-1.1491394	4.1602173	8.426315
147300471	GYR	0.035690308	-0.20939636	0.015823364
147300485	MAG	0.7507324	-6.655884	-48.168945
147300484	ACC	-1.1024017	4.018997	8.483398
147300481	GYR	0.009414673	-0.2223053	0.019714355
147300494	ACC	-0.967926	3.956131	8.568985
147300491	GYR	-0.010482788	-0.2412262	0.024597168
147300505	MAG	0.4989624	-6.4590454	-48.260498
147300504	ACC	-0.8134613	3.9737854	8.714706
147300501	GYR	-0.02520752	-0.2509613	0.03303528
147300514	ACC	-0.7170868	4.032547	8.83136
147300511	GYR	-0.036392212	-0.23179626	0.038497925
147300524	MAG	0.12359619	-6.47583	-48.098755
147300524	ACC	-0.22473145	4.0274353	9.209244
147300521	GYR	-0.040985107	-0.18106079	0.03694153
147300534	ACC	-0.5941162	4.101593	8.999786
147300531	GYR	-0.02684021	-0.10424805	0.016342163
147300543	MAG	0.17242432	-6.55365	-48.095703
147300544	ACC	-1.1238403	4.150543	8.910019
147300541	GYR	-0.0018005371	-0.050354004	-0.004196167
147300554	ACC	-0.87268066	4.114197	8.791595
147300551	GYR	0.01737976	-0.023269653	0.0043792725
147300562	MAG	-0.440979	-6.387329	-47.190857
147300564	ACC	-0.7489319	4.1277466	8.686325
147300561	GYR	0.034240723	-0.012069702	0.012680054
147300574	ACC	-0.83825684	4.241165	8.505524
147300571	GYR	0.044204712	-0.01399231	0.009719849
147300581	MAG	-0.2166748	-6.3690186	-47.43805
147300584	ACC	-0.88035583	4.312256	8.386841
147300581	GYR	0.038223267	-0.01727295	0.012145996
147300591	GYR	0.011947632	-0.023864746	0.021865845
147300601	MAG	-0.12512207	-6.324768	-47.49298
147300594	ACC	-0.8641815	4.2555237	8.426727
147300601	GYR	-0.019042969	-0.027786255	0.03642273
147300604	ACC	-0.8627167	4.2153625	8.5347595
147300611	GYR	-0.0448761	-0.027374268	0.05014038
147300620	MAG	-0.3189087	-6.4819336	-47.51587
147300614	ACC	-0.8868408	4.153412	8.715973
147300621	GYR	-0.060302734	-0.028625488	0.06329346
147300624	ACC	-0.8659973	4.1634064	8.880234
147300631	GYR	-0.05645752	-0.030517578	0.075912476
147300639	MAG	-0.61950684	-6.440735	-47.639465
147300634	ACC	-0.85520935	4.2042236	8.886993
147300641	GYR	-0.03779602	-0.039260864	0.08578491
147300644	ACC	-0.82403564	4.243988	8.741226
147300651	GYR	-0.03186035	-0.03727722	0.08590698
147300658	MAG	-0.3250122	-6.2835693	-47.57538
147300654	ACC	-0.83273315	4.198456	8.732208
147300661	GYR	-0.042129517	-0.01612854	0.090270996
147300663	ACC	-0.7839966	4.2015533	8.866379
147300671	GYR	-0.04423523	0.011642456	0.0912323
147300678	MAG	-0.47607422	-6.1660767	-47.621155
147300673	ACC	-0.78652954	4.226761	8.902039
147300681	GYR	-0.029510498	0.010238647	0.088912964
147300683	ACC	-0.7272644	4.276428	8.87886
147300691	GYR	-0.0077819824	0.01802063	0.07911682
147300697	MAG	-0.5767822	-6.164551	-47.662354
147300693	ACC	-0.7030487	4.2815704	8.742737
147300703	ACC	-0.71884155	4.2329254	8.635086
147300701	GYR	-6.4086914E-4	0.039535522	0.06617737
147300716	MAG	-0.43029785	-6.201172	-47.668457
147300713	ACC	-0.70570374	4.2363434	8.582642
147300711	GYR	-0.015472412	0.07147217	0.06384277
147300723	ACC	-0.7408142	4.2749786	8.603012
147300721	GYR	-0.038848877	0.08969116	0.06518555
147300735	MAG	-0.47302246	-6.1691284	-47.57538
147300733	ACC	-0.76478577	4.273712	8.679825
147300731	GYR	-0.05607605	0.10044861	0.06756592
147300743	ACC	-0.7886505	4.2732697	8.794174
147300741	GYR	-0.062347412	0.11154175	0.06866455
147300755	MAG	-0.23956299	-6.1187744	-47.68524
147300753	ACC	-0.8715973	4.2480927	8.827744
147300751	GYR	-0.05342102	0.11489868	0.0700531
147300763	ACC	-0.86447144	4.2451477	8.821411
147300761	GYR	-0.036636353	0.10874939	0.08018494
147300774	MAG	-0.14648438	-6.074524	-47.740173
147300773	ACC	-0.80326843	4.2499695	8.793274
147300771	GYR	-0.021331787	0.1043396	0.09225464
147300783	ACC	-0.83732605	4.242508	8.75972
147300781	GYR	-0.0124053955	0.10398865	0.09587097
147300793	MAG	-0.11138916	-6.1401367	-47.92328
147300793	ACC	-0.88368225	4.2534027	8.782211
147300791	GYR	-0.012252808	0.098861694	0.0947876
147300803	ACC	-0.88900757	4.24588	8.800369
147300801	GYR	-0.011810303	0.088775635	0.093322754
147300812	MAG	-0.15258789	-5.9936523	-47.792053
147300813	ACC	-0.87890625	4.196472	8.789459
147300811	GYR	-0.007537842	0.07369995	0.08918762
147300823	ACC	-0.8367157	4.146881	8.853592
147300821	GYR	-0.0070343018	0.05076599	0.0849762
147300831	MAG	-0.18463135	-5.9310913	-47.56317
147300833	ACC	-0.7581024	4.113968	8.93129
147300831	GYR	-0.011230469	0.030853271	0.08203125
147300843	ACC	-0.75323486	4.0957184	8.936722
147300841	GYR	-0.01576233	0.02017212	0.078048706
147300851	MAG	0.0045776367	-6.0775757	-47.65625
147300853	ACC	-0.8118286	4.1076202	8.937881
147300850	GYR	-0.019515991	0.008956909	0.074401855
147300863	ACC	-0.826416	4.113037	8.944275
147300860	GYR	-0.025115967	-0.0069122314	0.07347107
147300870	MAG	-0.14038086	-5.9265137	-47.612
147300873	ACC	-0.7854004	4.0967255	8.950195
147300870	GYR	-0.031036377	-0.02357483	0.07556152
147300883	ACC	-0.7278595	4.110504	8.921692
147300880	GYR	-0.0315094	-0.045043945	0.07722473
147300889	MAG	-0.34484863	-5.99823	-47.779846
147300893	ACC	-0.6634369	4.1282196	8.820709
147300890	GYR	-0.024368286	-0.0725708	0.07537842
147300903	ACC	-0.6239929	4.1180725	8.6909485
147300900	GYR	-0.015075684	-0.10256958	0.068359375
147300908	MAG	-0.289917	-5.963135	-47.69287
147300913	ACC	-0.6335144	4.087082	8.643326
147300910	GYR	-0.015335083	-0.12966919	0.06071472
147300923	ACC	-0.65319824	4.0404205	8.597931
147300920	GYR	-0.026245117	-0.14752197	0.057937622
147300928	MAG	-0.33416748	-5.8914185	-47.602844
147300933	ACC	-0.6329956	4.014511	8.50502
147300930	GYR	-0.042129517	-0.1642456	0.0569458
147300943	ACC	-0.53282166	4.052719	8.490601
147300940	GYR	-0.060180664	-0.19239807	0.054138184
147300947	MAG	-0.53863525	-6.1157227	-47.807312
147300953	ACC	-0.58177185	4.0993195	8.459381
147300950	GYR	-0.076156616	-0.22035217	0.047561646
147300963	ACC	-0.618454	4.125473	8.429596
147300960	GYR	-0.08679199	-0.2349701	0.04359436
147300966	MAG	-0.7797241	-5.8135986	-47.720337
147300973	ACC	-0.57814026	4.1616516	8.500473
147300970	GYR	-0.09643555	-0.22921753	0.046920776
147300980	GYR	-0.10467529	-0.2013855	0.053009033
147300985	MAG	-0.8163452	-5.9020996	-47.573853
147300983	ACC	-0.49073792	4.124222	8.636642
147300990	GYR	-0.110321045	-0.15914917	0.05647278
147300993	ACC	-0.4308014	4.1073914	8.738922
147301000	GYR	-0.11053467	-0.111190796	0.061401367
147301005	MAG	-1.2710571	-5.8547974	-47.82715
147301003	ACC	-0.5083771	4.102112	8.811127
147301010	GYR	-0.10580444	-0.072769165	0.06703186
147301013	ACC	-0.608963	4.0896606	8.810013
147301020	GYR	-0.09915161	-0.058547974	0.07316589
147301024	MAG	-1.1367798	-5.496216	-47.90802
147301023	ACC	-0.6358185	4.074692	8.769821
147301030	GYR	-0.101745605	-0.053359985	0.079422
147301033	ACC	-0.5253601	4.0670776	8.780045
147301040	GYR	-0.11483765	-0.041366577	0.084625244
147301043	MAG	-1.3198853	-5.316162	-47.72339
147301043	ACC	-0.38812256	4.1167297	8.928635
147301050	GYR	-0.13090515	-0.011993408	0.07621765
147301053	ACC	-0.31884766	4.1147156	9.241486
147301060	GYR	-0.1351471	0.030227661	0.06388855
147301062	MAG	-1.4816284	-5.343628	-47.943115
147301063	ACC	-0.35906982	4.1201477	9.441879
147301070	GYR	-0.11054993	0.064590454	0.053741455
147301073	ACC	-0.38674927	4.14769	9.496002
147301080	GYR	-0.06790161	0.08569336	0.047348022
147301081	MAG	-1.2832642	-5.4214478	-47.903442
147301083	ACC	-0.40333557	4.1752777	9.399048
147301093	ACC	-0.46166992	4.199402	9.200348
147301090	GYR	-0.017440796	0.10446167	0.041870117
147301101	MAG	-1.0498047	-5.21698	-47.97821
147301103	ACC	-0.52153015	4.2133026	8.952911
147301100	GYR	0.019866943	0.12063599	0.046554565
147301113	ACC	-0.5684967	4.1639404	8.776489
147301110	GYR	0.033416748	0.13298035	0.05819702
147301120	MAG	-1.298523	-5.331421	-48.094177
147301123	ACC	-0.57948303	4.1593933	8.699478
147301120	GYR	0.025665283	0.14277649	0.075927734
147301133	ACC	-0.5350342	4.285553	8.723846
147301130	GYR	0.00932312	0.14984131	0.09941101
147301139	MAG	-0.73547363	-5.267334	-48.31848
147301143	ACC	-0.64930725	4.2402954	8.812622
147301140	GYR	-0.0073242188	0.15519714	0.10620117
147301152	ACC	-0.6910248	4.1238556	8.861832
147301150	GYR	-0.021942139	0.17044067	0.11331177
147301159	MAG	-0.8300781	-5.155945	-48.27423
147301162	ACC	-0.69088745	4.086685	8.924622
147301160	GYR	-0.033172607	0.18566895	0.12374878
147301178	MAG	-0.5477905	-5.143738	-48.384094
147301172	ACC	-0.73202515	4.0658875	9.067429
147301170	GYR	-0.036621094	0.1940155	0.12818909
147301182	ACC	-0.77368164	4.020447	9.160339
147301180	GYR	-0.02407837	0.19067383	0.12168884
147301197	MAG	-0.44708252	-5.1834106	-48.34137
147301192	ACC	-0.78118896	3.9672546	9.102295
147301190	GYR	0.01676941	0.17306519	0.10771179
147301202	ACC	-0.7797241	3.9725494	9.006775
147301200	GYR	0.061538696	0.14289856	0.093063354
147301216	MAG	-0.3982544	-4.989624	-48.310852
147301212	ACC	-0.83784485	4.0015564	8.874023
147301210	GYR	0.09114075	0.107437134	0.083999634
147301222	ACC	-0.8967438	4.0123596	8.738586
147301220	GYR	0.099365234	0.06770325	0.079422
147301235	MAG	-0.2319336	-5.3894043	-48.10791
147301232	ACC	-0.8209076	4.017273	8.709915
147301230	GYR	0.08979797	0.017715454	0.07896423
147301242	ACC	-0.75657654	3.9871826	8.755844
147301240	GYR	0.07373047	-0.038391113	0.07821655
147301254	MAG	-0.24261475	-5.380249	-48.246765
147301252	ACC	-0.6932373	3.9315338	8.81636
147301250	GYR	0.06254578	-0.08920288	0.07261658
147301262	ACC	-0.6062317	3.994339	8.805756
147301260	GYR	0.057769775	-0.121017456	0.07159424
147301274	MAG	-0.4348755	-5.4626465	-48.22998
147301272	ACC	-0.6245117	3.9835052	8.724915
147301270	GYR	0.053024292	-0.12742615	0.07498169
147301282	ACC	-0.66500854	3.8989105	8.713791
147301280	GYR	0.038742065	-0.12516785	0.08151245
147301293	MAG	-0.57525635	-5.508423	-48.171997
147301292	ACC	-0.5589142	3.921463	8.827759
147301290	GYR	0.020629883	-0.13189697	0.08836365
147301302	ACC	-0.5468292	3.9837494	8.776199
147301300	GYR	0.01210022	-0.14341736	0.08528137
147301312	MAG	-0.579834	-5.4656982	-48.220825
147301312	ACC	-0.70207214	3.9405823	8.534393
147301310	GYR	0.0074005127	-0.15582275	0.06925964
147301322	ACC	-0.6739197	3.9888153	8.488586
147301320	GYR	-0.010925293	-0.17552185	0.059249878
147301331	MAG	-0.7675171	-5.3985596	-48.121643
147301332	ACC	-0.49612427	4.0296326	8.582367
147301330	GYR	-0.03918457	-0.18319702	0.06329346
147301342	ACC	-0.34864807	4.04216	8.842453
147301339	GYR	-0.06941223	-0.17628479	0.060638428
147301351	MAG	-1.2512207	-5.522156	-48.1308
147301352	ACC	-0.24264526	4.0633087	9.221558
147301349	GYR	-0.07183838	-0.18682861	0.053527832
147301362	ACC	-0.23495483	4.015625	9.430054
147301359	GYR	-0.01512146	-0.18293762	0.048980713
147301370	MAG	-1.3244629	-5.232239	-48.423767
147301372	ACC	-0.4948883	3.9832	9.187454
147301369	GYR	0.05029297	-0.1259613	0.044769287
147301379	GYR	0.08106995	-0.09172058	0.049179077
147301389	MAG	-1.5060425	-5.1696777	-48.233032
147301382	ACC	-0.7766571	3.99823	8.86142
147301389	GYR	0.070495605	-0.0831604	0.065322876
147301392	ACC	-0.52342224	3.9410095	8.878998
147301399	GYR	0.060317993	-0.062332153	0.065826416
147301408	MAG	-1.6067505	-5.3222656	-48.3078
147301402	ACC	-0.28570557	4.05748	9.070892
147301409	GYR	0.07115173	-0.020477295	0.048706055
147301412	ACC	-0.3794098	4.149399	8.963165
147301419	GYR	0.08198547	0.0021362305	0.04650879
147301427	MAG	-1.6937256	-5.5633545	-48.239136
147301422	ACC	-0.36079407	4.1592712	8.879761
147301429	GYR	0.08552551	0.017059326	0.056411743
147301432	ACC	-0.33042908	4.1522675	8.800293
147301439	GYR	0.08078003	0.030380249	0.061569214
147301447	MAG	-1.4938354	-5.4504395	-48.120117
147301442	ACC	-0.38710022	4.146057	8.7604065
147301449	GYR	0.06828308	0.044692993	0.06652832
147301452	ACC	-0.39064026	4.1367188	8.79332
147301459	GYR	0.055130005	0.06555176	0.0715332
147301466	MAG	-1.5518188	-5.595398	-48.29254
147301462	ACC	-0.33538818	4.135895	8.792465
147301469	GYR	0.049835205	0.08079529	0.076538086
147301472	ACC	-0.3202057	4.127884	8.759384
147301485	MAG	-1.5060425	-5.709839	-48.33374
147301482	ACC	-0.31962585	4.1307983	8.721252
147301479	GYR	0.052215576	0.102127075	0.07539368
147301492	ACC	-0.48312378	4.1473083	8.683823
147301489	GYR	0.05192566	0.13172913	0.07621765
147301504	MAG	-1.4450073	-5.795288	-48.191833
147301502	ACC	-0.61920166	4.199188	8.636307
147301499	GYR	0.043884277	0.16551208	0.08215332
147301512	ACC	-0.65626526	4.2098236	8.660599
147301509	GYR	0.028640747	0.19891357	0.09196472
147301524	MAG	-1.298523	-5.5633545	-48.124695
147301522	ACC	-0.65560913	4.1785736	8.754227
147301519	GYR	0.017852783	0.24804688	0.09921265
147301532	ACC	-0.70072937	4.151001	8.904434
147301529	GYR	0.011978149	0.2881012	0.099975586
147301543	MAG	-0.819397	-5.6640625	-48.23761
147301542	ACC	-0.680542	4.1235657	8.946625
147301539	GYR	0.015289307	0.3209381	0.10809326
147301552	ACC	-0.58610535	4.089447	8.840195
147301549	GYR	0.034332275	0.35472107	0.12731934
147301562	MAG	-0.71868896	-5.743408	-48.191833
147301562	ACC	-0.5668335	4.1122284	8.742767
147301559	GYR	0.059280396	0.36320496	0.13420105
147301572	ACC	-0.62187195	4.1748962	8.695953
147301569	GYR	0.076171875	0.3323822	0.12771606
147301581	MAG	-0.2685547	-6.0165405	-48.060608
147301582	ACC	-0.59991455	4.2099304	8.640823
147301579	GYR	0.07501221	0.28381348	0.116119385
147301592	ACC	-0.6762543	4.178604	8.434586
147301589	GYR	0.073913574	0.27986145	0.09825134
147301600	MAG	0.20751953	-6.0012817	-48.18268
147301602	ACC	-0.88031006	4.134659	8.419922
147301599	GYR	0.071121216	0.28170776	0.07119751
147301612	ACC	-0.89382935	4.2055054	8.71492
147301609	GYR	0.035186768	0.16325378	0.063064575
147301620	MAG	0.17089844	-6.088257	-48.036194
147301622	ACC	-0.7480469	4.2132416	8.80513
147301619	GYR	0.008270264	0.08030701	0.07598877
147301631	ACC	-0.625412	4.1857147	8.707092
147301629	GYR	0.001876831	0.062408447	0.091934204
147301639	MAG	0.28076172	-6.2530518	-47.89276
147301641	ACC	-0.6398163	4.1594543	8.632034
147301639	GYR	-5.493164E-4	0.060806274	0.10121155
147301651	ACC	-0.6608124	4.1345825	8.626709
147301649	GYR	-0.008270264	0.0513916	0.10064697
147301658	MAG	0.3112793	-6.0440063	-48.094177
147301661	ACC	-0.71369934	4.127304	8.689713
147301659	GYR	-0.024139404	0.0320282	0.09602356
147301671	ACC	-0.72161865	4.1321564	8.869583
147301669	GYR	-0.04698181	0.0050201416	0.09068298
147301677	MAG	0.3112793	-6.083679	-48.091125
147301681	ACC	-0.740921	4.167877	9.054779
147301679	GYR	-0.064712524	-0.018127441	0.083099365
147301691	ACC	-0.5421753	4.1671753	9.077316
147301689	GYR	-0.054885864	-0.028076172	0.071746826
147301697	MAG	0.20751953	-6.0012817	-48.18268
147301701	ACC	-0.50575256	4.1327972	8.812881
147301699	GYR	-0.019348145	-0.021347046	0.05291748
147301711	ACC	-0.61946106	4.1722107	8.558182
147301709	GYR	0.003692627	-0.020889282	0.034973145
147301716	MAG	0.30975342	-6.0043335	-48.09723
147301721	ACC	-0.6561279	4.258377	8.496338
147301719	GYR	-0.0042266846	-0.03553772	0.03416443
147301731	ACC	-0.6737976	4.27005	8.5520935
147301729	GYR	-0.0320282	-0.050354004	0.045272827
147301735	MAG	0.16784668	-5.932617	-48.046875
147301741	ACC	-0.6141968	4.1867065	8.728958
147301739	GYR	-0.06333923	-0.04963684	0.05429077
147301751	ACC	-0.5873871	4.1724243	8.9964905
147301749	GYR	-0.08415222	-0.03526306	0.053878784
147301754	MAG	0.1159668	-5.7769775	-48.054504
147301761	ACC	-0.648468	4.1531067	9.128464
147301759	GYR	-0.079574585	-0.025741577	0.04345703
147301769	GYR	-0.04849243	-0.03326416	0.031234741
147301774	MAG	0.07019043	-5.7418823	-48.008728
147301771	ACC	-0.7128296	4.1625977	9.023788
147301779	GYR	-0.009033203	-0.05670166	0.02407837
147301781	ACC	-0.6800537	4.164963	8.753784
147301789	GYR	0.017807007	-0.08314514	0.017944336
147301793	MAG	0.2166748	-5.9310913	-48.049927
147301791	ACC	-0.6835022	4.166275	8.474762
147301799	GYR	0.018234253	-0.09529114	0.0152282715
147301801	ACC	-0.6745758	4.215164	8.102524
147301809	GYR	-0.001876831	-0.12748718	0.018035889
147301812	MAG	-0.062561035	-5.7922363	-47.857666
147301811	ACC	-0.4234619	4.502899	7.57312
147301818	GYR	0.020523071	-0.24003601	-1.8310547E-4
147301821	ACC	-0.29797363	4.370636	8.2812195
147301828	GYR	0.019134521	-0.15679932	-0.0116119385
147301831	MAG	-0.23040771	-5.6991577	-48.132324
147301831	ACC	-0.26229858	4.090866	8.380661
147301838	GYR	-0.0149383545	-0.06323242	0.0027770996
147301841	ACC	-0.5422058	4.1477814	8.689407
147301848	GYR	-0.07759094	0.05506897	0.050064087
147301850	MAG	-0.45318604	-5.758667	-47.883606
147301851	ACC	-0.5119171	4.260895	8.785614
147301858	GYR	-0.12590027	0.12315369	0.07374573
147301861	ACC	-0.53123474	4.1485596	9.132935
147301870	MAG	-0.31585693	-5.7495117	-47.984314
147301871	ACC	-0.66539	4.039871	9.247147
147301868	GYR	-0.11982727	0.18875122	0.072402954
147301881	ACC	-0.7229767	4.0850677	9.113358
147301878	GYR	-0.08526611	0.22564697	0.08143616
147301889	MAG	0.09613037	-5.606079	-48.29712
147301891	ACC	-0.76846313	4.1730804	9.090988
147301888	GYR	-0.06750488	0.2001648	0.09889221
147301901	ACC	-0.8232727	4.1914215	9.171188
147301898	GYR	-0.06668091	0.15756226	0.11506653
147301908	MAG	0.0045776367	-5.5358887	-48.20404
147301911	ACC	-0.81036377	4.110733	9.249283
147301908	GYR	-0.05479431	0.122665405	0.12805176
147301921	ACC	-0.76982117	4.056778	9.281357
147301918	GYR	-0.026748657	0.08432007	0.12939453
147301928	MAG	0.38909912	-5.4092407	-48.236084
147301931	ACC	-0.65600586	4.054489	9.166611
147301928	GYR	0.0030822754	0.058441162	0.13313293
147301941	ACC	-0.49534607	4.0635986	8.943237
147301938	GYR	0.0234375	0.09086609	0.14601135
147301947	MAG	0.20599365	-5.5755615	-48.120117
147301951	ACC	-0.39205933	4.0734406	8.765091
147301948	GYR	0.03414917	0.16268921	0.15193176
147301966	MAG	0.340271	-5.6030273	-48.265076
147301961	ACC	-0.49195862	4.2526245	8.125946
147301958	GYR	0.03727722	0.26049805	0.14445496
147301971	ACC	-0.62127686	4.288315	7.67688
147301968	GYR	0.040405273	0.42651367	0.128479
147301985	MAG	1.0803223	-5.6777954	-48.11859
147301981	ACC	-0.6897278	4.1862183	8.023987
147301978	GYR	0.010406494	0.47155762	0.10769653
147301991	ACC	-0.8009796	4.165924	8.519852
147301988	GYR	-0.05632019	0.32254028	0.07872009
147302004	MAG	1.3595581	-5.355835	-48.205566
147302001	ACC	-0.88119507	4.095154	8.758469
147301998	GYR	-0.10714722	0.20793152	0.064834595
147302011	ACC	-0.7080231	4.0802155	8.867752
147302008	GYR	-0.12281799	0.1324768	0.07585144
147302023	MAG	1.4328003	-5.218506	-48.49701
147302021	ACC	-0.58203125	4.059265	9.1259
147302018	GYR	-0.11576843	0.0345459	0.079422
147302031	ACC	-0.680954	4.0085754	9.218292
147302028	GYR	-0.09729004	-0.053604126	0.06336975
147302043	MAG	1.3153076	-5.3588867	-48.155212
147302041	ACC	-0.7064667	4.0299683	9.367249
147302038	GYR	-0.0766449	-0.100097656	0.051513672
147302051	ACC	-0.6124573	4.1207886	9.644882
147302048	GYR	-0.05101013	-0.09832764	0.04399109
147302062	MAG	1.0681152	-5.244446	-48.194885
147302061	ACC	-0.70166016	4.135498	9.642792
147302058	GYR	0.0027923584	-0.06135559	0.021606445
147302071	ACC	-0.9460602	4.1033173	9.171066
147302068	GYR	0.07417297	-0.03112793	-0.010314941
147302081	MAG	0.9750366	-5.403137	-48.1781
147302081	ACC	-1.0513763	4.051056	8.5021515
147302078	GYR	0.12568665	-0.008544922	-0.029800415
147302091	ACC	-1.0887451	4.056488	8.053864
147302088	GYR	0.1307373	0.0061187744	-0.03767395
147302100	MAG	1.3519287	-5.3100586	-48.30017
147302101	ACC	-0.8945465	4.1850433	8.280045
147302098	GYR	0.08470154	-0.04296875	-0.04006958
147302110	ACC	-0.64393616	4.211975	8.530716
147302108	GYR	0.011917114	-0.1306305	-0.04006958
147302120	MAG	1.1108398	-5.508423	-48.31848
147302120	ACC	-0.58706665	4.204117	8.609558
147302118	GYR	-0.064712524	-0.19906616	-0.039276123
147302130	ACC	-0.611145	4.1628723	8.789688
147302128	GYR	-0.13226318	-0.24266052	-0.03187561
147302139	MAG	0.77056885	-5.166626	-48.275757
147302140	ACC	-0.16851807	4.3259735	7.7927856
147302138	GYR	-0.1694336	-0.27264404	-0.026748657
147302150	ACC	-0.623703	4.22377	9.258484
147302148	GYR	-0.15924072	-0.41407776	-0.07400513
147302158	MAG	0.76904297	-5.126953	-48.27881
147302158	GYR	-0.116867065	-0.4178772	-0.12358093
147302160	ACC	-0.1552887	3.6363373	9.414993
147302168	GYR	-0.04447937	-0.33657837	-0.12188721
147302177	MAG	0.0869751	-5.1742554	-48.327637
147302170	ACC	-0.67767334	3.849884	9.661194
147302178	GYR	-0.003250122	-0.248703	-0.07496643
147302180	ACC	-0.83877563	4.110199	9.118866
147302188	GYR	-0.0234375	-0.18333435	-0.006500244
147302197	MAG	-0.0579834	-4.9453735	-48.287964
147302190	ACC	-0.43588257	4.028778	9.013947
147302198	GYR	-0.054977417	-0.14302063	0.026000977
147302200	ACC	-0.20075989	3.889328	9.54068
147302208	GYR	-0.04032898	-0.079452515	0.02798462
147302216	MAG	-0.39520264	-4.992676	-48.265076
147302210	ACC	-0.25242615	3.9152832	9.741669
147302218	GYR	0.006378174	-0.01889038	0.03488159
147302220	ACC	-0.37646484	3.9938354	9.608688
147302228	GYR	0.0513916	0.01234436	0.05770874
147302235	MAG	-0.41046143	-5.0949097	-48.487854
147302230	ACC	-0.3771057	4.062393	9.432266
147302238	GYR	0.07385254	0.012664795	0.07928467
147302240	ACC	-0.32313538	4.1683807	9.302109
147302248	GYR	0.09094238	0.00541687	0.08804321
147302254	MAG	-0.1586914	-5.0994873	-48.364258
147302250	ACC	-0.37974548	4.278473	9.145065
147302260	ACC	-0.54063416	4.0951385	8.869705
147302258	GYR	0.113342285	0.0070495605	0.07475281
147302273	MAG	-0.33721924	-5.5007935	-48.233032
147302270	ACC	-0.548172	4.005081	8.624268
147302268	GYR	0.1320343	-0.004058838	0.0632782
147302280	ACC	-0.47554016	4.083374	8.535507
147302278	GYR	0.123046875	-0.0070648193	0.068099976
147302293	MAG	-0.29144287	-5.342102	-48.246765
147302290	ACC	-0.40057373	4.181946	8.6519165
147302288	GYR	0.08639526	0.028564453	0.080444336
147302300	ACC	-0.41999817	4.1827393	8.768814
147302298	GYR	0.039230347	0.093322754	0.08996582
147302312	MAG	-0.32196045	-5.5511475	-48.043823
147302310	ACC	-0.49798584	4.162079	8.7512665
147302307	GYR	0.0031738281	0.15002441	0.09498596
147302320	ACC	-0.5015869	4.183182	8.73259
147302317	GYR	-0.020141602	0.16970825	0.09979248
147302331	MAG	-0.23498535	-5.4641724	-48.14911
147302330	ACC	-0.44776917	4.2230377	8.706711
147302327	GYR	-0.030578613	0.16546631	0.102767944
147302340	ACC	-0.4234314	4.244919	8.61821
147302337	GYR	-0.02494812	0.15568542	0.100753784
147302350	MAG	-0.3326416	-5.3497314	-48.150635
147302350	ACC	-0.388031	4.273834	8.639908
147302347	GYR	-0.017227173	0.14639282	0.09307861
147302360	ACC	-0.41799927	4.286392	8.719528
147302357	GYR	-0.010955811	0.14768982	0.08430481
147302370	MAG	0.047302246	-5.4138184	-48.262024
147302370	ACC	-0.54992676	4.2408905	8.764847
147302367	GYR	-0.0045318604	0.15914917	0.07695007
147302380	ACC	-0.65719604	4.1743774	8.878342
147302377	GYR	-6.5612793E-4	0.1651001	0.080825806
147302389	MAG	0.2883911	-5.255127	-48.24066
147302390	ACC	-0.6804352	4.1243286	8.942596
147302387	GYR	-0.0031738281	0.17077637	0.09248352
147302400	ACC	-0.6282959	4.0740967	8.93364
147302397	GYR	-0.0035552979	0.20265198	0.10903931
147302408	MAG	0.16326904	-5.3512573	-47.994995
147302410	ACC	-0.47711182	4.0384674	8.803635
147302407	GYR	0.004257202	0.27079773	0.1270752
147302420	ACC	-0.37954712	4.058502	8.539154
147302417	GYR	0.02835083	0.35987854	0.13848877
147302427	MAG	0.7369995	-5.218506	-48.085022
147302430	ACC	-0.4229126	4.170761	8.051712
147302427	GYR	0.06614685	0.45840454	0.13816833
147302440	ACC	-0.6967163	4.3816223	7.573471
147302437	GYR	0.13832092	0.602829	0.107299805
147302446	MAG	0.99334717	-5.342102	-47.906494
147302450	ACC	-1.0798645	4.22348	7.024597
147302447	GYR	0.18203735	0.60961914	0.05760193
147302460	ACC	-1.2440948	3.9515533	7.189331
147302457	GYR	0.10018921	0.39398193	0.030029297
147302466	MAG	1.8508911	-5.429077	-48.1369
147302470	ACC	-1.2965546	3.6499176	7.880127
147302467	GYR	-0.075790405	0.20881653	0.038009644
147302480	ACC	-1.0361328	3.6463318	8.747711
147302477	GYR	-0.25811768	0.12939453	0.08569336
147302485	MAG	1.7349243	-5.531311	-48.399353
147302490	ACC	-0.7254791	3.809204	9.396469
147302487	GYR	-0.36505127	0.11329651	0.12896729
147302500	ACC	-0.63809204	3.879013	9.567413
147302497	GYR	-0.38174438	0.11454773	0.13475037
147302504	MAG	2.1270752	-5.104065	-48.268127
147302510	ACC	-0.7599945	3.8069458	9.50972
147302507	GYR	-0.34062195	0.110565186	0.11380005
147302520	ACC	-0.7955475	3.7520752	9.422333
147302517	GYR	-0.27311707	0.082901	0.08988953
147302523	MAG	2.1224976	-4.675293	-48.251343
147302530	ACC	-0.6732788	3.78302	9.492111
147302527	GYR	-0.19992065	0.030883789	0.064971924
147302540	ACC	-0.4371643	3.789215	10.034714
147302537	GYR	-0.12765503	-0.03503418	0.0289917
147302543	MAG	2.1591187	-4.588318	-48.399353
147302547	GYR	-0.039764404	-0.062164307	-0.029678345
147302550	ACC	-0.414917	3.802124	10.301971
147302557	GYR	0.07292175	-0.029342651	-0.098236084
147302562	MAG	2.2659302	-4.5944214	-48.2666
147302560	ACC	-0.73475647	3.8930817	10.05098
147302567	GYR	0.17059326	-0.043762207	-0.15368652
147302570	ACC	-1.0119171	3.8504944	9.2603
147302577	GYR	0.21302795	-0.1632843	-0.19503784
147302581	MAG	2.09198	-4.8843384	-48.049927
147302580	ACC	-1.2674103	3.8477478	8.133316
147302587	GYR	0.16047668	-0.31756592	-0.20864868
147302589	ACC	-1.2565155	4.0086823	7.4494934
147302597	GYR	0.023239136	-0.39646912	-0.18753052
147302600	MAG	1.739502	-4.9942017	-48.25287
147302599	ACC	-0.97979736	4.309082	7.16185
147302607	GYR	-0.09237671	-0.56292725	-0.14916992
147302609	ACC	-0.4096527	4.991577	7.20813
147302617	GYR	-0.14465332	-0.6431122	-0.16088867
147302619	MAG	1.486206	-4.798889	-48.34442
147302619	ACC	-0.31614685	3.9914246	8.384827
147302627	GYR	-0.21524048	-0.44248962	-0.124053955
147302629	ACC	-0.55789185	3.6146393	9.104538
147302637	GYR	-0.3448639	-0.28189087	-0.04711914
147302639	MAG	1.083374	-4.598999	-48.519897
147302639	ACC	-1.0497284	4.011627	9.416595
147302647	GYR	-0.4782257	-0.28123474	0.07684326
147302649	ACC	-0.45518494	4.069046	10.164917
147302658	MAG	0.66223145	-4.4265747	-48.275757
147302659	ACC	-0.0107421875	3.7039795	11.081604
147302657	GYR	-0.49090576	-0.27830505	0.102371216
147302669	ACC	-0.24256897	3.5651093	10.892166
147302667	GYR	-0.34953308	-0.14308167	0.049819946
147302677	MAG	0.39367676	-3.9474487	-48.524475
147302679	ACC	-0.6967468	3.6591034	10.315964
147302677	GYR	-0.18771362	-0.0541687	0.0041503906
147302689	ACC	-0.6788635	3.86911	9.563644
147302687	GYR	-0.05909729	-0.047607422	0.035491943
147302696	MAG	0.4272461	-3.8574219	-48.71826
147302699	ACC	-0.6187439	3.8789062	9.036133
147302697	GYR	0.032424927	-0.041046143	0.07987976
147302709	ACC	-0.55570984	3.8421478	8.84729
147302707	GYR	0.092056274	-0.05935669	0.08439636
147302716	MAG	0.19226074	-3.8284302	-48.612976
147302719	ACC	-0.40351868	3.9577026	8.785278
147302717	GYR	0.11930847	-0.0847168	0.07821655
147302729	ACC	-0.18217468	4.03685	8.649033
147302727	GYR	0.1312561	-0.015914917	0.08834839
147302735	MAG	0.28533936	-3.9779663	-48.701477
147302739	ACC	-0.1842804	3.9777832	8.598923
147302737	GYR	0.13426208	0.13761902	0.09832764
147302754	MAG	0.048828125	-4.0634155	-48.63434
147302749	ACC	-0.34970093	3.9141388	8.583572
147302747	GYR	0.1349945	0.28579712	0.1000061
147302759	ACC	-0.3547516	3.9076233	8.349182
147302757	GYR	0.14787292	0.38293457	0.115448
147302773	MAG	0.5432129	-4.333496	-48.55194
147302769	ACC	-0.30770874	3.9348755	8.050629
147302767	GYR	0.16925049	0.45970154	0.13581848
147302779	ACC	-0.35655212	4.314911	7.2308197
147302777	GYR	0.19174194	0.56806946	0.12542725
147302792	MAG	1.1276245	-4.4418335	-48.53363
147302789	ACC	-0.95332336	4.228897	6.828827
147302786	GYR	0.21484375	0.71354675	0.076553345
147302799	ACC	-1.5399017	4.0608673	7.299591
147302796	GYR	0.17301941	0.61660767	0.017364502
147302812	MAG	1.8997192	-4.7317505	-48.651123
147302809	ACC	-1.6633148	3.9572144	8.085602
147302806	GYR	0.055770874	0.2945099	0.0045318604
147302819	ACC	-1.3240814	3.8250427	8.647415
147302816	GYR	-0.063812256	0.085617065	0.044662476
147302831	MAG	1.8875122	-4.4906616	-48.760986
147302829	ACC	-0.9513397	3.8581848	9.153915
147302826	GYR	-0.15168762	0.0023040771	0.09030151
147302839	ACC	-0.8839264	3.913086	9.625412
147302836	GYR	-0.20321655	-0.08441162	0.09727478
147302850	MAG	1.9088745	-4.3548584	-48.446655
147302849	ACC	-0.7830658	3.923294	10.053299
147302846	GYR	-0.21342468	-0.1572876	0.08258057
147302859	ACC	-0.5700226	3.9079742	10.404419
147302856	GYR	-0.17643738	-0.17527771	0.060821533
147302869	MAG	1.7456055	-4.072571	-48.641968
147302869	ACC	-0.48088074	3.8883057	10.564224
147302866	GYR	-0.095077515	-0.15931702	0.027236938
147302879	ACC	-0.4554596	3.8319397	10.15155
147302876	GYR	0.013748169	-0.11515808	-0.020401001
147302889	MAG	1.6189575	-4.360962	-48.42987
147302889	ACC	-0.84329224	3.87529	9.005661
147302886	GYR	0.12199402	-0.03427124	-0.07774353
147302899	ACC	-1.1202087	3.9560394	8.325043
147302896	GYR	0.17105103	-0.025634766	-0.12696838
147302908	MAG	1.5640259	-4.3167114	-48.521423
147302909	ACC	-1.0353546	4.028351	7.6905518
147302906	GYR	0.13883972	-0.13046265	-0.14813232
147302919	ACC	-0.7008362	4.8519745	8.165604
147302916	GYR	0.100112915	-0.4751892	-0.15374756
147302927	MAG	1.133728	-4.522705	-48.48175
147302929	ACC	-0.022705078	3.8406372	8.839218
147302926	GYR	0.08302307	-0.66667175	-0.1828003
147302936	GYR	0.0652771	-0.4778595	-0.1683197
147302946	MAG	0.8483887	-4.571533	-48.41461
147302939	ACC	0.19189453	3.784729	9.688049
147302946	GYR	-0.013839722	-0.24412537	-0.11961365
147302949	ACC	-1.0483398	3.8560486	9.345871
147302956	GYR	-0.1335907	-0.17527771	-0.01977539
147302966	MAG	0.2975464	-4.449463	-48.62213
147302959	ACC	-0.60443115	3.7620392	9.857361
147302966	GYR	-0.19744873	-0.12095642	0.032699585
147302969	ACC	-0.1349945	3.7072754	10.84111
147302976	GYR	-0.14788818	0.014129639	0.0071411133
147302985	MAG	0.24108887	-4.058838	-48.646545
147302979	ACC	-0.4416504	3.749817	10.695084
147302986	GYR	-0.086883545	0.12011719	-0.022369385
147302989	ACC	-0.84046936	3.7062378	9.968246
147302996	GYR	-0.068237305	0.12258911	-0.027633667
147303004	MAG	0.6240845	-4.0481567	-48.716736
147302999	ACC	-0.8109131	3.7439117	9.255478
147303006	GYR	-0.049575806	0.05142212	-0.0395813
147303009	ACC	-0.673645	3.6555023	8.696579
147303016	GYR	0.007751465	-0.06590271	-0.07800293
147303023	MAG	0.48065186	-3.9764404	-48.66638
147303019	ACC	-0.41418457	3.615509	8.398529
147303026	GYR	0.0655365	-0.14549255	-0.13876343
147303029	ACC	-0.43295288	3.667633	8.457504
147303036	GYR	0.0947113	-0.15835571	-0.18440247
147303042	MAG	-0.02746582	-4.2373657	-48.387146
147303039	ACC	-0.5640869	3.6879272	8.661697
147303049	ACC	-0.5825348	3.744461	8.765488
147303046	GYR	0.0869751	-0.14602661	-0.20336914
147303062	MAG	0.012207031	-4.1519165	-48.487854
147303059	ACC	-0.6377106	3.8090057	8.799362
147303056	GYR	0.049987793	-0.13394165	-0.21510315
147303068	ACC	-1.0984344	4.069229	8.680603
147303066	GYR	-0.001953125	-0.10360718	-0.22286987
147303081	MAG	0.10223389	-4.182434	-48.58246
147303078	ACC	-1.9078522	4.614868	8.507126
147303076	GYR	-0.05317688	-0.065200806	-0.21946716
147303088	ACC	-1.7987671	4.584366	8.291092
147303086	GYR	-0.10108948	0.001739502	-0.14793396
147303100	MAG	0.1449585	-4.1015625	-48.63739
147303098	ACC	-1.014267	4.247223	8.021606
147303096	GYR	-0.13311768	-0.014419556	-0.014282227
147303108	ACC	-0.5207977	3.8193512	7.9339447
147303106	GYR	-0.17216492	-0.03857422	0.048553467
147303119	MAG	0.20141602	-4.10614	-48.54889
147303118	ACC	-0.19354248	3.4852905	8.132172
147303116	GYR	-0.21966553	-0.05101013	0.06916809
147303128	ACC	-0.025909424	3.3169098	8.613327
147303126	GYR	-0.2363739	-0.07437134	0.062149048
147303139	MAG	-0.045776367	-3.6437988	-48.519897
147303138	ACC	0.041625977	3.277954	9.024872
147303136	GYR	-0.19432068	-0.095825195	0.028320312
147303148	ACC	0.039108276	3.400299	9.140106
147303146	GYR	-0.10028076	-0.099090576	-0.020736694
147303158	MAG	-0.05340576	-3.4835815	-48.576355
147303158	ACC	-0.17480469	3.5507202	9.088394
147303156	GYR	-8.544922E-4	-0.09516907	-0.07609558
147303168	ACC	-0.3166046	3.6338348	8.974167
147303166	GYR	0.06640625	-0.098098755	-0.10908508
147303177	MAG	-0.14801025	-3.8726807	-48.635864
147303178	ACC	-0.5199585	3.853302	8.783081
147303176	GYR	0.08282471	-0.10935974	-0.10092163
147303188	ACC	-0.7077942	4.034363	8.683838
147303186	GYR	0.04663086	-0.11317444	-0.067489624
147303196	MAG	-0.34484863	-3.7200928	-48.635864
147303198	ACC	-0.6343231	4.0125275	8.852737
147303196	GYR	-0.018966675	-0.101119995	-0.012008667
147303208	ACC	-0.42529297	3.9125519	9.101013
147303206	GYR	-0.06971741	-0.081344604	0.04197693
147303216	MAG	-0.27923584	-3.8864136	-48.442078
147303218	ACC	-0.31913757	3.887085	9.146545
147303216	GYR	-0.085006714	-0.06552124	0.067993164
147303228	ACC	-0.3007202	3.9146729	9.024429
147303226	GYR	-0.081100464	-0.050476074	0.07002258
147303235	MAG	-0.38146973	-3.6148071	-48.45581
147303238	ACC	-0.21862793	3.9655457	8.732071
147303236	GYR	-0.0834198	-0.020950317	0.05886841
147303248	ACC	-0.41055298	3.9612274	8.63649
147303246	GYR	-0.111083984	0.019439697	0.036834717
147303254	MAG	-0.4257202	-3.6575317	-48.40393
147303258	ACC	-0.3358307	3.9704895	8.670685
147303256	GYR	-0.1637268	0.06417847	0.042556763
147303268	ACC	-0.41967773	3.8403625	8.93364
147303265	GYR	-0.23750305	0.118392944	0.07609558
147303273	MAG	-0.28533936	-3.4194946	-48.428345
147303278	ACC	0.4430542	4.132416	10.8671875
147303275	GYR	-0.23342896	0.16113281	0.090789795
147303288	ACC	-0.6253357	3.7502594	10.251816
147303285	GYR	0.029083252	0.1362915	-0.013412476
147303292	MAG	-0.3036499	-3.326416	-48.66638
147303298	ACC	-0.70635986	3.4096527	9.3502655
147303295	GYR	0.28834534	0.006149292	-0.09768677
147303308	ACC	-0.7286682	3.5593262	8.822525
147303305	GYR	0.37065125	-0.073791504	-0.09680176
147303312	MAG	-0.49438477	-3.640747	-48.67859
147303318	ACC	-0.4325714	3.873764	8.401337
147303315	GYR	0.3343811	-0.08540344	-0.048965454
147303328	ACC	-0.4119568	3.8897858	7.999817
147303325	GYR	0.2259674	-0.06919861	-0.014053345
147303331	MAG	-0.3692627	-3.6605835	-48.962402
147303335	GYR	0.077926636	-0.025161743	0.0057525635
147303338	ACC	-0.75730896	3.719223	7.9292603
147303345	GYR	-0.07846069	0.015167236	0.04449463
147303350	MAG	-0.9109497	-3.6605835	-49.716187
147303348	ACC	-0.7809143	3.6983643	8.170944
147303355	GYR	-0.20240784	0.03579712	0.09402466
147303358	ACC	-0.634552	3.8006287	8.3403015
147303365	GYR	-0.29266357	0.066345215	0.13711548
147303369	MAG	-1.3656616	-3.3050537	-49.899292
147303368	ACC	-0.40264893	3.9076233	8.546371
147303375	GYR	-0.34519958	0.09492493	0.14013672
147303378	ACC	-0.44252014	3.6554108	9.292343
147303385	GYR	-0.27650452	0.09007263	0.10336304
147303388	MAG	-1.4266968	-2.8305054	-50.624084
147303388	ACC	-0.56022644	3.9026947	9.447662
147303395	GYR	-0.14465332	0.090042114	0.07965088
147303398	ACC	-0.5789337	3.7578125	9.135895
147303405	GYR	-0.044692993	0.062683105	0.06008911
147303408	MAG	-1.8585205	-2.7648926	-50.556946
147303408	ACC	-0.56599426	3.638321	8.908127
147303415	GYR	0.0046844482	8.69751E-4	0.027740479
147303418	ACC	-0.66622925	3.7094421	8.754883
147303425	GYR	-0.0038604736	-0.012924194	0.024124146
147303427	MAG	-1.953125	-2.456665	-51.127625
147303428	ACC	-0.69529724	3.7708588	8.557327
147303438	ACC	-0.6245575	3.798767	8.479233
147303435	GYR	-0.06477356	0.018371582	0.05317688
147303446	MAG	-2.607727	-2.331543	-51.42212
147303448	ACC	-0.5472412	3.8019867	8.675751
147303445	GYR	-0.13995361	0.04171753	0.08482361
147303458	ACC	-0.55792236	3.7797089	9.013962
147303455	GYR	-0.19244385	0.051315308	0.10600281
147303465	MAG	-1.9821167	-2.243042	-50.81787
147303468	ACC	-0.5456085	3.751831	9.420578
147303465	GYR	-0.20274353	0.044906616	0.116104126
147303478	ACC	-0.45994568	3.6572418	9.727249
147303475	GYR	-0.16654968	0.030853271	0.119781494
147303485	MAG	-2.142334	-2.1148682	-51.649475
147303488	ACC	-0.36836243	3.536438	9.879974
147303485	GYR	-0.09480286	0.016647339	0.11608887
147303498	ACC	-0.46037292	3.5495758	9.931732
147303495	GYR	-0.008911133	-0.017837524	0.100250244
147303504	MAG	-2.418518	-1.9805908	-50.764465
147303508	ACC	-0.5603485	3.7706451	9.790329
147303505	GYR	0.07609558	-0.05493164	0.08265686
147303518	ACC	-0.46452332	3.9906158	9.498154
147303515	GYR	0.1482544	-0.054519653	0.07736206
147303523	MAG	-1.8615723	-1.8722534	-51.08185
147303528	ACC	-0.4620514	4.051285	9.305756
147303525	GYR	0.18710327	-0.030914307	0.0770874
147303542	MAG	-2.3086548	-2.4917603	-50.68817
147303538	ACC	-0.52937317	3.8652039	9.150558
147303535	GYR	0.19230652	0.006668091	0.076416016
147303547	ACC	-0.49421692	3.5789795	9.008102
147303545	GYR	0.16899109	0.05961609	0.08961487
147303562	MAG	-2.1209717	-2.7572632	-49.523926
147303557	ACC	-0.40022278	3.524002	8.91832
147303555	GYR	0.12753296	0.11065674	0.119155884
147303567	ACC	-0.3779297	3.548935	8.884384
147303565	GYR	0.095581055	0.13677979	0.1448822
147303581	MAG	-1.4053345	-2.8930664	-49.04785
147303577	ACC	-0.290802	3.6365814	8.859512
147303575	GYR	0.08984375	0.14419556	0.1617279
147303587	ACC	-0.05682373	3.748932	8.908585
147303585	GYR	0.11697388	0.1302185	0.15287781
147303600	MAG	-1.1672974	-3.2318115	-49.176025
147303597	ACC	0.011749268	3.8010712	9.251434
147303595	GYR	0.17068481	0.11097717	0.103500366
147303607	ACC	-0.04057312	3.7971954	9.606995
147303605	GYR	0.24720764	0.096328735	0.021652222
147303619	MAG	-1.651001	-3.3554077	-49.18518
147303617	ACC	-0.16746521	3.8889313	9.462296
147303615	GYR	0.33769226	0.07110596	-0.060394287
147303627	ACC	-0.23728943	3.7732086	8.8186035
147303625	GYR	0.41436768	0.047714233	-0.117263794
147303638	MAG	-0.81329346	-3.7002563	-49.072266
147303637	ACC	-0.37728882	3.6136627	8.205475
147303635	GYR	0.4421692	0.028015137	-0.15762329
147303647	ACC	-0.4119568	3.7258606	8.02597
147303645	GYR	0.40753174	-0.017578125	-0.19073486
147303658	MAG	-1.0772705	-3.95813	-48.75946
147303657	ACC	-0.44613647	3.8807983	8.045959
147303655	GYR	0.32452393	-0.03643799	-0.21296692
147303667	ACC	-0.7010803	4.013855	8.098007
147303665	GYR	0.22972107	0.0030975342	-0.22537231
147303677	MAG	-0.5004883	-4.3685913	-48.90442
147303677	ACC	-1.0154572	4.039505	8.2247925
147303675	GYR	0.16526794	0.05567932	-0.23187256
147303687	ACC	-1.0374603	4.1372375	8.228119
147303685	GYR	0.13616943	0.10293579	-0.22373962
147303696	MAG	-0.80566406	-4.2419434	-49.728394
147303697	ACC	-1.0432587	4.1977386	8.141357
147303695	GYR	0.11076355	0.13749695	-0.20147705
147303707	ACC	-0.8188324	4.128998	8.124634
147303705	GYR	0.061798096	0.14593506	-0.16035461
147303715	MAG	-1.1703491	-4.499817	-49.456787
147303717	ACC	-0.54525757	4.0054016	8.680664
147303715	GYR	-0.0146484375	0.12974548	-0.112579346
147303725	GYR	-0.08660889	0.10813904	-0.078323364
147303735	MAG	-0.58898926	-4.4570923	-48.15216
147303727	ACC	-0.408432	4.0051727	9.580322
147303735	GYR	-0.10151672	0.1377716	-0.059783936
147303737	ACC	-0.46922302	3.9015045	10.423355
147303744	GYR	-0.014511108	0.20318604	-0.06491089
147303754	MAG	0.14343262	-4.3685913	-48.710632
147303747	ACC	-0.3461151	3.751175	11.1046295
147303754	GYR	0.1799469	0.25569153	-0.10144043
147303757	ACC	-0.01373291	3.7524567	11.225204
147303764	GYR	0.43017578	0.25946045	-0.1847992
147303773	MAG	0.6652832	-4.9301147	-48.332214
147303767	ACC	0.2931366	3.752884	10.972458
147303774	GYR	0.67515564	0.20010376	-0.30096436
147303777	ACC	-0.1759491	3.8370361	10.288055
147303784	GYR	0.8616791	0.18608093	-0.37249756
147303792	MAG	1.1672974	-5.5908203	-48.223877
147303787	ACC	-0.5010681	3.9963074	9.280319
147303794	GYR	0.95487976	0.19625854	-0.40008545
147303797	ACC	-0.65065	4.2796783	8.6857605
147303804	GYR	0.9786682	0.17720032	-0.4063568
147303811	MAG	1.2496948	-6.466675	-47.935486
147303807	ACC	-0.6850128	4.473633	8.01767
147303814	GYR	0.93574524	0.16731262	-0.4035797
147303817	ACC	-0.66986084	4.453476	7.280716
147303831	MAG	2.154541	-7.4020386	-47.691345
147303827	ACC	-0.6823578	4.373352	6.6050415
147303824	GYR	0.8226013	0.17649841	-0.40538025
147303837	ACC	-0.8307953	4.3193207	6.2567444
147303834	GYR	0.63583374	0.210495	-0.40766907
147303850	MAG	1.9439697	-8.087158	-47.398376
147303847	ACC	-1.293045	4.326416	6.3423615
147303844	GYR	0.40434265	0.24790955	-0.40272522
147303857	ACC	-2.2302856	4.473877	6.840027
147303854	GYR	0.18026733	0.24989319	-0.38363647
147303869	MAG	2.3849487	-8.084106	-47.332764
147303867	ACC	-2.6750183	4.8324127	7.580673
147303864	GYR	0.0074310303	0.24272156	-0.30622864
147303877	ACC	-2.3168793	5.0425415	8.279739
147303874	GYR	-0.09454346	0.19796753	-0.17207336
147303888	MAG	2.571106	-7.9208374	-47.40143
147303887	ACC	-1.4067383	4.841217	8.919281
147303884	GYR	-0.13208008	0.085113525	-0.04197693
147303897	ACC	-0.99305725	4.5635223	9.311783
147303894	GYR	-0.107559204	-0.05418396	0.0028076172
147303908	MAG	2.6733398	-7.8063965	-47.32361
147303907	ACC	-1.0882416	4.48645	9.377289
147303904	GYR	-0.04309082	-0.086257935	-0.015472412
147303917	ACC	-1.20578	4.5036163	9.108261
147303914	GYR	0.04220581	-0.028884888	-0.040420532
147303927	MAG	2.6611328	-7.7194214	-47.46704
147303927	ACC	-1.2521057	4.5461426	8.776978
147303924	GYR	0.12011719	0.021072388	-0.06021118
147303937	ACC	-1.189682	4.622986	8.689987
147303934	GYR	0.16694641	0.027526855	-0.07192993
147303946	MAG	2.56958	-7.9574585	-47.44568
147303947	ACC	-1.1513367	4.6630554	8.760696
147303944	GYR	0.18916321	0.0036315918	-0.08358765
147303957	ACC	-1.1773987	4.6621704	8.777374
147303954	GYR	0.20439148	-0.008148193	-0.09425354
147303965	MAG	2.5772095	-8.001709	-47.34955
147303967	ACC	-1.2125549	4.6602783	8.721039
147303964	GYR	0.22355652	-0.0035247803	-0.10003662
147303977	ACC	-1.2057953	4.682312	8.61499
147303974	GYR	0.2434082	-0.010375977	-0.102371216
147303985	MAG	2.444458	-8.323669	-47.227478
147303987	ACC	-1.1624603	4.710129	8.52832
147303984	GYR	0.25247192	-0.028808594	-0.102874756
147303997	ACC	-1.156723	4.738037	8.305374
147303994	GYR	0.24642944	-0.03866577	-0.10601807
147304004	MAG	2.2445679	-8.476257	-47.343445
147304007	ACC	-1.1433563	4.6393433	8.034561
147304004	GYR	0.21794128	-0.041992188	-0.109939575
147304017	ACC	-1.2225647	4.4930115	7.8971405
147304014	GYR	0.16017151	-0.07232666	-0.108795166
147304023	MAG	2.1575928	-8.601379	-47.236633
147304027	ACC	-1.6824799	4.771805	8.163467
147304024	GYR	0.08105469	-0.12664795	-0.09391785
147304036	ACC	-1.6482544	5.033264	8.509613
147304034	GYR	0.01222229	-0.18682861	-0.04689026
147304042	MAG	0.932312	-8.335876	-48.66333
147304046	ACC	-1.1044464	4.7918396	8.950241
147304044	GYR	-0.012634277	-0.2447052	0.016342163
147304056	ACC	-0.9063721	4.6625824	9.18898
147304054	GYR	0.013046265	-0.26197815	0.04798889
147304061	MAG	0.54016113	-8.181763	-49.345398
147304066	ACC	-0.82048035	4.756836	8.911819
147304064	GYR	0.071395874	-0.20910645	0.05065918
147304076	ACC	-0.7722626	4.744156	8.441025
147304074	GYR	0.11906433	-0.12359619	0.051315308
147304081	MAG	0.49743652	-8.306885	-48.638916
147304086	ACC	-0.9905243	4.802185	8.123566
147304084	GYR	0.11932373	-0.046783447	0.0566864
147304096	ACC	-1.0652466	4.7901154	8.204132
147304094	GYR	0.075027466	0.007385254	0.07336426
147304100	MAG	0.4989624	-8.384705	-48.63434
147304106	ACC	-1.3038788	4.699692	8.623856
147304104	GYR	0.024841309	0.052841187	0.09994507
147304114	GYR	0.013259888	0.12390137	0.12738037
147304119	MAG	0.57373047	-8.441162	-48.957825
147304116	ACC	-0.70040894	4.465683	8.634415
147304124	GYR	0.044815063	0.2169342	0.13687134
147304126	ACC	-1.8812561	4.967453	8.663101
147304134	GYR	0.1023407	0.38302612	0.14648438
147304138	MAG	0.52948	-8.483887	-48.905945
147304136	ACC	-0.53897095	4.8476562	8.393524
147304144	GYR	0.16035461	0.54985046	0.100860596
147304146	ACC	-0.5416107	4.5702057	7.831253
147304154	GYR	0.15246582	0.5802307	0.04966736
147304158	MAG	0.5844116	-8.528137	-48.814392
147304156	ACC	-0.8787384	4.7713776	7.4678345
147304164	GYR	0.07026672	0.43484497	0.041870117
147304166	ACC	-0.85842896	4.9202423	7.555649
147304174	GYR	-0.037246704	0.25068665	0.05278015
147304177	MAG	1.5213013	-8.598328	-49.28131
147304176	ACC	-0.84703064	4.6511383	7.812729
147304184	GYR	-0.13044739	0.13194275	0.046676636
147304186	ACC	-0.9383545	4.586792	7.900543
147304194	GYR	-0.2081604	0.06613159	0.028030396
147304196	MAG	1.2023926	-8.390808	-48.953247
147304196	ACC	-1.1161652	4.690201	7.88118
147304204	GYR	-0.27919006	0.01071167	0.01637268
147304206	ACC	-1.0664215	4.7966614	7.9245453
147304215	MAG	1.5136719	-8.360291	-49.343872
147304216	ACC	-1.0808716	4.7624664	7.9911804
147304214	GYR	-0.34135437	-0.008071899	-0.0010375977
147304226	ACC	-1.1615448	4.628937	7.953903
147304223	GYR	-0.3950348	0.02734375	-0.020904541
147304234	MAG	1.0864258	-7.485962	-49.70398
147304236	ACC	-1.2619629	4.503525	7.840805
147304233	GYR	-0.44306946	0.07324219	-0.035003662
147304246	ACC	-1.1079407	4.3257294	7.6348114
147304243	GYR	-0.4886322	0.07273865	-0.043792725
147304254	MAG	1.4160156	-7.588196	-49.85504
147304256	ACC	-0.74679565	4.107498	7.400345
147304253	GYR	-0.5517731	0.017044067	-0.055236816
147304266	ACC	-0.8662567	4.151886	7.414627
147304263	GYR	-0.65579224	-0.0652771	-0.08895874
147304273	MAG	1.1901855	-7.029724	-49.51172
147304276	ACC	-1.0805969	4.217041	7.8263397
147304273	GYR	-0.7989502	-0.119644165	-0.11306763
147304286	ACC	-1.1976318	4.291687	8.666519
147304283	GYR	-0.93388367	-0.17396545	-0.10696411
147304292	MAG	1.2771606	-6.1691284	-50.13275
147304296	ACC	-1.2233429	4.365448	9.674622
147304293	GYR	-0.99806213	-0.2305603	-0.08457947
147304306	ACC	-1.2913208	4.3898926	10.489563
147304303	GYR	-0.9457245	-0.27200317	-0.07917786
147304312	MAG	1.2435913	-5.2200317	-49.734497
147304316	ACC	-1.3063812	4.4130554	10.920151
147304313	GYR	-0.78367615	-0.24404907	-0.084625244
147304326	ACC	-1.3597565	4.393265	10.888382
147304323	GYR	-0.5499573	-0.17471313	-0.07984924
147304331	MAG	2.079773	-5.143738	-48.26355
147304336	ACC	-1.5282745	4.3831635	10.289322
147304333	GYR	-0.29730225	-0.104888916	-0.06636047
147304350	MAG	1.0375977	-4.5578003	-49.769592
147304346	ACC	-1.3221893	4.274185	8.674988
147304343	GYR	-0.104141235	0.02798462	-0.041000366
147304356	ACC	-1.0677338	4.167557	7.505249
147304353	GYR	-0.05491638	0.318985	-0.0071105957
147304369	MAG	1.5182495	-4.623413	-49.839783
147304366	ACC	-1.5700836	4.1443634	7.5874786
147304363	GYR	-0.15307617	0.49731445	0.011489868
147304376	ACC	-1.9569092	4.134552	8.095459
147304373	GYR	-0.29948425	0.29641724	0.029922485
147304388	MAG	2.0843506	-4.333496	-49.339294
147304386	ACC	-1.7905121	4.0642548	8.524185
147304383	GYR	-0.43733215	-0.013397217	0.08618164
147304396	ACC	-1.4695892	4.0166016	8.740097
147304393	GYR	-0.54486084	-0.19458008	0.14715576
147304407	MAG	1.9805908	-3.7506104	-49.327087
147304406	ACC	-1.3546448	4.007614	8.8050995
147304403	GYR	-0.6231079	-0.20057678	0.1835022
147304416	ACC	-1.38237	3.9958649	8.8450165
147304413	GYR	-0.68011475	-0.13825989	0.19979858
147304427	MAG	1.7562866	-3.189087	-49.630737
147304426	ACC	-1.408432	3.9117737	9.031296
147304423	GYR	-0.719574	-0.09776306	0.20625305
147304436	ACC	-1.7480927	3.969696	9.179565
147304433	GYR	-0.7425842	-0.06587219	0.21243286
147304446	MAG	1.0665894	-2.307129	-49.606323
147304446	ACC	-2.0704803	4.010071	9.168259
147304443	GYR	-0.75860596	0.00920105	0.23928833
147304456	ACC	-1.995224	3.9256744	9.126907
147304453	GYR	-0.7767639	0.1076355	0.30551147
147304465	MAG	2.0614624	-1.6921997	-49.801636
147304466	ACC	-1.7711487	3.73378	9.23262
147304463	GYR	-0.8020325	0.1681366	0.3833313
147304476	ACC	-1.4086914	3.429947	9.386673
147304473	GYR	-0.8251648	0.17529297	0.44566345
147304484	MAG	2.7572632	-0.95977783	-50.079346
147304486	ACC	-1.181488	3.0599823	9.750671
147304483	GYR	-0.81269836	0.09086609	0.4740448
147304496	ACC	-0.8266449	2.795456	10.159073
147304493	GYR	-0.7384491	-0.048309326	0.45487976
147304504	MAG	2.5177002	0.19226074	-50.471497
147304503	GYR	-0.6091156	-0.20318604	0.40246582
147304506	ACC	-0.46868896	2.6302185	10.417572
147304513	GYR	-0.44429016	-0.38397217	0.32374573
147304523	MAG	2.2644043	0.2319336	-49.949646
147304515	ACC	-0.39331055	2.5314941	10.775833
147304523	GYR	-0.26869202	-0.5089874	0.235672
147304525	ACC	-0.333313	2.554016	10.843491
147304533	GYR	-0.10871887	-0.5099182	0.16407776
147304542	MAG	1.6921997	0.36773682	-49.786377
147304535	ACC	-0.21943665	2.5538483	10.682678
147304543	GYR	0.018737793	-0.42941284	0.103256226
147304545	ACC	-0.15588379	2.6606445	10.396362
147304553	GYR	0.118927	-0.33099365	0.044281006
147304561	MAG	1.4526367	0.66986084	-49.700928
147304555	ACC	-0.15031433	2.7894135	10.243393
147304563	GYR	0.22027588	-0.26208496	-0.017852783
147304565	ACC	-0.2563324	2.863388	10.1375885
147304573	GYR	0.3336029	-0.21786499	-0.08215332
147304581	MAG	1.4389038	-0.091552734	-49.368286
147304575	ACC	-0.40699768	2.9524689	9.961044
147304583	GYR	0.44010925	-0.17243958	-0.14086914
147304585	ACC	-0.6292877	3.0976105	9.704834
147304593	GYR	0.5209961	-0.15046692	-0.17596436
147304600	MAG	1.3900757	-0.55389404	-49.472046
147304595	ACC	-0.8123932	3.204193	9.460556
147304603	GYR	0.57206726	-0.14439392	-0.18545532
147304605	ACC	-0.8213043	3.2154846	9.301392
147304619	MAG	0.8605957	-0.75683594	-50.120544
147304615	ACC	-0.7505493	3.2609558	9.126282
147304613	GYR	0.6049347	-0.12472534	-0.18043518
147304625	ACC	-0.67588806	3.341507	8.877502
147304623	GYR	0.6239929	-0.09428406	-0.17617798
147304638	MAG	0.6500244	-1.1734009	-49.754333
147304635	ACC	-0.63005066	3.427475	8.610764
147304633	GYR	0.6227417	-0.05722046	-0.17393494
147304645	ACC	-0.5924225	3.5848236	8.32724
147304643	GYR	0.6027069	-0.032546997	-0.16627502
147304657	MAG	0.4638672	-1.8371582	-49.787903
147304655	ACC	-0.6849823	3.7250977	7.970093
147304653	GYR	0.5487213	0.010391235	-0.15290833
147304665	ACC	-0.9079132	3.6965485	7.971985
147304663	GYR	0.44351196	0.048934937	-0.1431427
147304677	MAG	0.6866455	-2.5131226	-49.5224
147304675	ACC	-0.9736023	3.66214	8.28418
147304673	GYR	0.31713867	0.06311035	-0.10891724
147304685	ACC	-0.87402344	3.7136993	8.739914
147304683	GYR	0.22750854	0.043319702	-0.05860901
147304696	MAG	0.94451904	-2.5985718	-49.346924
147304695	ACC	-0.71351624	3.8276062	9.101608
147304693	GYR	0.21725464	-0.02319336	-0.033432007
147304705	ACC	-0.6519623	3.9600983	9.053818
147304703	GYR	0.2780609	-0.07432556	-0.045166016
147304715	MAG	1.0284424	-3.0517578	-48.950195
147304715	ACC	-0.7552185	4.0115967	8.655243
147304712	GYR	0.3527832	-0.08287048	-0.08105469
147304725	ACC	-0.86824036	3.984848	8.16774
147304722	GYR	0.381073	-0.07092285	-0.1000824
147304734	MAG	0.95214844	-3.3370972	-49.388123
147304735	ACC	-0.8801422	3.9463959	7.8295746
147304732	GYR	0.33683777	-0.058914185	-0.08679199
147304745	ACC	-0.8532257	3.9105835	7.8135223
147304742	GYR	0.23309326	-0.054992676	-0.05758667
147304754	MAG	0.55999756	-3.4179688	-49.450684
147304755	ACC	-0.82806396	3.909317	8.10141
147304752	GYR	0.11152649	-0.057617188	-0.031341553
147304765	ACC	-0.8493347	3.9128876	8.550766
147304762	GYR	0.021347046	-0.06404114	-0.013366699
147304773	MAG	0.23345947	-3.4332275	-49.291992
147304775	ACC	-0.8340912	3.892929	8.811096
147304772	GYR	-0.008666992	-0.061462402	-0.005142212
147304785	ACC	-0.83499146	3.8226166	8.889389
147304782	GYR	0.00932312	-0.04850769	-0.009002686
147304792	MAG	0.16174316	-3.5339355	-48.9563
147304795	ACC	-0.87075806	3.8418884	8.781799
147304792	GYR	0.039230347	-0.035247803	-0.018875122
147304805	ACC	-0.8642731	3.8988953	8.58226
147304802	GYR	0.046920776	-0.017166138	-0.02017212
147304811	MAG	0.48675537	-3.515625	-49.162292
147304815	ACC	-0.8498535	3.8845367	8.390457
147304812	GYR	0.014831543	0.0036621094	-0.009613037
147304825	ACC	-0.84547424	3.8877106	8.37178
147304822	GYR	-0.04827881	0.006225586	0.0066986084
147304830	MAG	0.32043457	-3.8894653	-48.84796
147304835	ACC	-0.74713135	3.863266	8.508133
147304832	GYR	-0.11697388	-0.0064086914	0.020141602
147304845	ACC	-0.6587982	3.7977753	8.856583
147304842	GYR	-0.16828918	-0.02218628	0.026565552
147304850	MAG	0.38452148	-3.3966064	-49.21112
147304855	ACC	-0.4717102	3.6855927	9.357742
147304852	GYR	-0.17991638	-0.03340149	0.024627686
147304865	ACC	-0.359375	3.6833038	9.857529
147304862	GYR	-0.120895386	-0.039520264	-1.6784668E-4
147304869	MAG	0.14801025	-3.289795	-49.11194
147304875	ACC	-0.46159363	3.7364502	9.6280365
147304872	GYR	0.008270264	-0.048721313	-0.05053711
147304885	ACC	-0.42474365	3.8728485	9.927231
147304882	GYR	0.12773132	-0.051727295	-0.09388733
147304888	MAG	-0.06713867	-3.277588	-49.37744
147304892	GYR	0.2589569	-0.020828247	-0.13040161
147304895	ACC	-0.5683136	3.838913	9.3680725
147304902	GYR	0.37789917	-0.0025482178	-0.15597534
147304907	MAG	0.25634766	-3.3752441	-48.973083
147304905	ACC	-0.69595337	3.7455597	8.904282
147304912	GYR	0.4242096	-0.007003784	-0.15182495
147304915	ACC	-0.67251587	3.8808594	8.516006
147304922	GYR	0.42225647	0.015090942	-0.14242554
147304927	MAG	0.19226074	-3.8253784	-49.261475
147304925	ACC	-0.66760254	4.0098724	8.211151
147304932	GYR	0.37554932	0.03791809	-0.12652588
147304935	ACC	-0.6766052	3.9841614	8.060242
147304942	GYR	0.3065796	0.043411255	-0.11846924
147304946	MAG	0.20751953	-4.4158936	-49.1745
147304945	ACC	-0.8009186	3.9551392	8.0963745
147304952	GYR	0.23461914	0.05189514	-0.10621643
147304955	ACC	-0.8577728	3.9879303	8.205063
147304962	GYR	0.16093445	0.062408447	-0.08355713
147304965	MAG	0.18310547	-4.399109	-48.851013
147304965	ACC	-0.8422241	4.0616302	8.469269
147304972	GYR	0.10714722	0.06903076	-0.068374634
147304975	ACC	-0.76353455	4.0878906	8.743515
147304982	GYR	0.083480835	0.07292175	-0.07167053
147304984	MAG	0.39367676	-4.559326	-49.31488
147304985	ACC	-0.8312378	4.024292	9.008942
147304992	GYR	0.09182739	0.070632935	-0.07543945
147304994	ACC	-0.93536377	4.019516	9.155273
147305004	MAG	0.4776001	-4.470825	-49.464417
147305004	ACC	-0.9110718	4.0965424	9.103638
147305002	GYR	0.117874146	0.0713501	-0.069122314
147305014	ACC	-0.857605	4.182785	9.038818
147305012	GYR	0.13365173	0.07807922	-0.055908203
147305023	MAG	0.12817383	-4.3914795	-49.588013
147305024	ACC	-0.90434265	4.2127533	8.97821
147305022	GYR	0.13752747	0.08081055	-0.055862427
147305034	ACC	-1.0218048	4.188492	8.830627
147305032	GYR	0.13284302	0.07699585	-0.063079834
147305042	MAG	-0.89263916	-4.170227	-50.88501
147305044	ACC	-1.0697632	4.2097626	8.688126
147305042	GYR	0.11054993	0.06010437	-0.05984497
147305054	ACC	-1.0171967	4.283905	8.626892
147305052	GYR	0.06930542	0.044067383	-0.045700073
147305061	MAG	-0.54626465	-4.246521	-50.80719
147305064	ACC	-0.9872894	4.30159	8.705338
147305062	GYR	0.018875122	0.03538513	-0.030014038
147305074	ACC	-0.99417114	4.2729797	8.884338
147305072	GYR	-0.019821167	0.037368774	-0.01713562
147305080	MAG	-0.8300781	-4.763794	-49.50409
147305084	ACC	-0.9877167	4.3017883	9.048874
147305082	GYR	-0.03955078	0.040893555	-0.0031280518
147305094	ACC	-0.9853363	4.334778	9.112427
147305092	GYR	-0.03517151	0.03869629	0.0087890625
147305100	MAG	-0.01373291	-4.3548584	-50.18463
147305104	ACC	-0.99064636	4.3298798	9.061066
147305102	GYR	-0.013641357	0.03540039	0.017471313
147305114	ACC	-1.0052032	4.3046417	8.997498
147305112	GYR	0.012039185	0.032196045	0.020111084
147305119	MAG	-0.10986328	-4.8568726	-50.282288
147305124	ACC	-1.060852	4.2685547	8.958206
147305122	GYR	0.036972046	0.028717041	0.016571045
147305138	MAG	-0.14648438	-4.753113	-50.102234
147305134	ACC	-1.072876	4.288391	8.916
147305132	GYR	0.057144165	0.02053833	0.015197754
147305144	ACC	-1.018219	4.31929	8.839569
147305142	GYR	0.06878662	0.0131073	0.020950317
147305157	MAG	0.06866455	-4.6875	-50.442505
147305154	ACC	-0.9838257	4.3220825	8.734314
147305152	GYR	0.07028198	0.01637268	0.027877808
147305164	ACC	-0.9790497	4.272415	8.738312
147305162	GYR	0.057403564	0.024520874	0.02949524
147305176	MAG	-0.2319336	-4.652405	-49.27063
147305174	ACC	-0.9928436	4.2131805	8.816269
147305172	GYR	0.038024902	0.029678345	0.02746582
147305184	ACC	-1.0178375	4.1788177	8.841507
147305182	GYR	0.025772095	0.033050537	0.025375366
147305196	MAG	-0.36468506	-4.9346924	-49.150085
147305194	ACC	-0.9728546	4.1721344	8.856873
147305191	GYR	0.025665283	0.027191162	0.022247314
147305204	ACC	-0.9651489	4.1683197	8.851715
147305201	GYR	0.036758423	0.015274048	0.019729614
147305215	MAG	0.68969727	-5.140686	-48.68927
147305214	ACC	-0.91796875	4.1811066	8.782455
147305211	GYR	0.051101685	0.0024108887	0.01789856
147305224	ACC	-0.91334534	4.1598053	8.646408
147305221	GYR	0.059570312	-0.0075531006	0.018066406
147305234	MAG	0.87280273	-5.088806	-48.843384
147305234	ACC	-0.9061127	4.149124	8.576401
147305231	GYR	0.054351807	-0.0128479	0.019683838
147305244	ACC	-0.8641205	4.139618	8.588638
147305241	GYR	0.03744507	-0.013519287	0.024642944
147305253	MAG	1.1383057	-5.4473877	-49.249268
147305254	ACC	-0.7998657	4.187149	8.595276
147305251	GYR	0.019805908	-0.010269165	0.029144287
147305264	ACC	-0.78575134	4.195816	8.622818
147305261	GYR	0.011413574	-0.00340271	0.02935791
147305273	MAG	1.020813	-5.239868	-49.48883
147305274	ACC	-0.81547546	4.1286316	8.633667
147305271	GYR	0.014801025	0.00819397	0.024230957
147305284	ACC	-0.7948761	4.062271	8.636322
147305281	GYR	0.025253296	0.008850098	0.017791748
147305292	MAG	0.8255005	-5.126953	-49.48578
147305291	GYR	0.03579712	2.89917E-4	0.0096588135
147305294	ACC	-0.84983826	4.054901	8.630157
147305301	GYR	0.041503906	-0.0016021729	0.0027923584
147305311	MAG	0.69732666	-5.4519653	-49.316406
147305304	ACC	-0.852005	4.0572968	8.576492
147305311	GYR	0.038482666	0.0034637451	-9.918213E-4
147305314	ACC	-0.8999481	4.107422	8.576492
147305321	GYR	0.031951904	0.015335083	-0.0015869141
147305330	MAG	0.24719238	-5.3710938	-49.479675
147305324	ACC	-0.99417114	4.1673584	8.580582
147305331	GYR	0.028213501	0.036346436	0.0047302246
147305334	ACC	-1.0709076	4.187973	8.614777
147305341	GYR	0.02670288	0.054626465	0.016036987
147305350	MAG	0.5706787	-5.3131104	-49.68872
147305344	ACC	-1.1069946	4.1813354	8.590317
147305351	GYR	0.021530151	0.057128906	0.030731201
147305354	ACC	-1.0863037	4.1814575	8.546509
147305361	GYR	0.009033203	0.04284668	0.04347229
147305369	MAG	0.61950684	-5.7388306	-49.105835
147305364	ACC	-1.0789795	4.195175	8.559631
147305371	GYR	-0.009399414	0.017791748	0.048934937
147305374	ACC	-1.0459747	4.202759	8.647079
147305381	GYR	-0.026382446	-0.008468628	0.049728394
147305388	MAG	-0.20599365	-5.203247	-50.99182
147305384	ACC	-0.9810791	4.187851	8.712006
147305394	ACC	-0.88220215	4.23674	8.792801
147305391	GYR	-0.03630066	-0.03955078	0.047821045
147305407	MAG	0.077819824	-5.116272	-51.06201
147305404	ACC	-0.7998047	4.2783356	8.845978
147305401	GYR	-0.03227234	-0.057037354	0.040756226
147305414	ACC	-0.7534027	4.2813873	8.8389435
147305411	GYR	-0.021469116	-0.055755615	0.030151367
147305426	MAG	-0.48675537	-5.181885	-50.18921
147305424	ACC	-0.7211609	4.2950287	8.783981
147305421	GYR	-0.0084991455	-0.044281006	0.019973755
147305434	ACC	-0.7404785	4.3029633	8.666641
147305431	GYR	0.0021362305	-0.02368164	0.008636475
147305446	MAG	-0.5493164	-4.9362183	-50.990295
147305444	ACC	-0.75032043	4.3162384	8.55603
147305441	GYR	0.0060577393	8.392334E-4	0.0024414062
147305454	ACC	-0.7932739	4.3152924	8.541824
147305451	GYR	-0.0012512207	0.021438599	4.5776367E-4
147305465	MAG	-0.819397	-4.8797607	-51.348877
147305464	ACC	-0.85957336	4.300812	8.609558
147305461	GYR	-0.010421753	0.036605835	-0.0015869141
147305473	ACC	-0.88772583	4.285965	8.68248
147305471	GYR	-0.016799927	0.042785645	-6.4086914E-4
147305484	MAG	-0.77819824	-5.1071167	-50.8255
147305483	ACC	-0.91348267	4.249237	8.683807
147305481	GYR	-0.01651001	0.042236328	0.0038909912
147305493	ACC	-0.95480347	4.1956177	8.626389
147305491	GYR	-0.015914917	0.034332275	0.010055542
147305503	MAG	-0.27160645	-5.0750732	-51.182556
147305503	ACC	-0.9948425	4.155792	8.580154
147305501	GYR	-0.02003479	0.020202637	0.019439697
147305513	ACC	-0.9773865	4.17601	8.57872
147305511	GYR	-0.033828735	0.0038146973	0.028625488
147305523	MAG	-1.0437012	-4.8599243	-51.104736
147305523	ACC	-0.97361755	4.1993866	8.552963
147305521	GYR	-0.053482056	-0.0032653809	0.036361694
147305533	ACC	-0.99298096	4.203018	8.53038
147305531	GYR	-0.074645996	9.460449E-4	0.041763306
147305542	MAG	-1.1032104	-4.812622	-51.24359
147305543	ACC	-0.9997864	4.221466	8.530228
147305541	GYR	-0.09661865	0.007171631	0.04774475
147305553	ACC	-0.9858093	4.232849	8.471893
147305551	GYR	-0.1158905	0.014785767	0.055770874
147305561	MAG	-0.70648193	-4.5059204	-51.057434
147305563	ACC	-0.99269104	4.186676	8.334213
147305561	GYR	-0.13676453	0.020309448	0.065078735
147305573	ACC	-1.0123444	4.172653	8.158508
147305571	GYR	-0.16784668	0.021484375	0.076553345
147305580	MAG	-1.0803223	-4.4052124	-51.506042
147305583	ACC	-1.050293	4.1964874	8.050064
147305581	GYR	-0.21861267	0.013519287	0.09580994
147305593	ACC	-1.1265717	4.1503143	8.1840515
147305591	GYR	-0.30104065	3.9672852E-4	0.12884521
147305600	MAG	-1.2039185	-4.161072	-50.497437
147305603	ACC	-0.9686432	4.128433	8.538757
147305601	GYR	-0.41157532	-0.006134033	0.17729187
147305613	ACC	-0.4885559	4.098526	9.301529
147305611	GYR	-0.5144348	0.016860962	0.22006226
147305619	MAG	-1.1672974	-3.8772583	-51.260376
147305623	ACC	-0.6532135	3.956543	9.936218
147305621	GYR	-0.53401184	0.059432983	0.19776917
147305633	ACC	-0.5508728	3.9480743	10.273163
147305631	GYR	-0.43177795	0.08872986	0.14048767
147305638	MAG	-0.33569336	-3.9550781	-49.2218
147305643	ACC	-0.657074	3.5671844	10.282135
147305641	GYR	-0.25753784	0.14167786	0.10267639
147305653	ACC	-0.8057251	4.0954437	9.359009
147305651	GYR	-0.11352539	0.2155304	0.085250854
147305657	MAG	-0.920105	-3.1066895	-51.05133
147305663	ACC	-1.1917572	4.2101746	9.060562
147305661	GYR	-0.030853271	0.16757202	0.068618774
147305673	ACC	-1.1112518	4.0416107	8.636566
147305670	GYR	-8.239746E-4	0.121658325	0.08050537
147305676	MAG	0.17852783	-3.4210205	-51.32599
147305680	GYR	-0.019180298	0.09422302	0.10491943
147305683	ACC	-1.1522064	3.8476715	8.62532
147305690	GYR	-0.06088257	0.056610107	0.12416077
147305696	MAG	0.39520264	-3.2470703	-50.33264
147305693	ACC	-1.0684357	3.899109	8.811981
147305700	GYR	-0.09222412	0.018981934	0.13038635
147305703	ACC	-0.9810333	3.9444885	9.087326
147305710	GYR	-0.099990845	0.0033416748	0.12185669
147305715	MAG	0.3479004	-3.4423828	-49.71466
147305713	ACC	-0.8796234	3.9697418	9.250946
147305720	GYR	-0.08847046	0.01361084	0.106399536
147305723	ACC	-0.8479767	3.9594116	9.197281
147305730	GYR	-0.075149536	0.028015137	0.09172058
147305734	MAG	0.23956299	-2.897644	-49.746704
147305733	ACC	-0.86546326	3.9839478	9.138718
147305740	GYR	-0.06477356	0.0357666	0.0834198
147305743	ACC	-0.84588623	4.0095673	9.040573
147305750	GYR	-0.05357361	0.040390015	0.07701111
147305753	MAG	0.82244873	-3.4301758	-49.188232
147305753	ACC	-0.86808777	3.9615326	8.959793
147305760	GYR	-0.0388031	0.031311035	0.06607056
147305763	ACC	-0.946167	3.8992767	8.90741
147305770	GYR	-0.021942139	0.010467529	0.05960083
147305773	MAG	1.6601562	-3.42865	-48.358154
147305773	ACC	-0.96409607	3.8910065	8.862366
147305783	ACC	-0.9728699	3.9161072	8.742096
147305780	GYR	-0.0076446533	-0.008895874	0.06266785
147305792	MAG	1.4541626	-3.3050537	-49.142456
147305793	ACC	-0.9919739	3.9153748	8.564301
147305790	GYR	-0.0076904297	-0.019180298	0.07347107
147305803	ACC	-0.9308014	3.916809	8.46727
147305800	GYR	-0.026885986	-0.03791809	0.08888245
147305811	MAG	1.2313843	-3.3218384	-49.543762
147305813	ACC	-0.82237244	3.9115143	8.4791565
147305810	GYR	-0.05445862	-0.068359375	0.099624634
147305823	ACC	-0.7525482	3.895172	8.519714
147305820	GYR	-0.08085632	-0.10891724	0.0967865
147305830	MAG	1.2130737	-3.1173706	-49.095154
147305833	ACC	-0.6486664	3.920456	8.528122
147305830	GYR	-0.10334778	-0.145401	0.090911865
147305843	ACC	-0.42803955	3.9947968	8.421768
147305840	GYR	-0.13082886	-0.15986633	0.08250427
147305849	MAG	0.81481934	-2.8457642	-49.18213
147305853	ACC	-0.19177246	4.094467	8.152496
147305850	GYR	-0.16949463	-0.1659851	0.06427002
147305863	ACC	-0.28837585	4.067505	8.230637
147305860	GYR	-0.23721313	-0.18800354	0.021499634
147305869	MAG	0.85754395	-2.7236938	-49.240112
147305873	ACC	-0.53341675	3.9105225	8.7099
147305870	GYR	-0.32414246	-0.1618042	-0.015930176
147305883	ACC	-0.6847992	3.724884	9.123917
147305880	GYR	-0.37490845	-0.06694031	-0.013473511
147305888	MAG	0.61035156	-2.4932861	-49.24164
147305893	ACC	-0.81973267	3.57135	9.596573
147305890	GYR	-0.38168335	-0.022323608	-0.0010223389
147305903	ACC	-0.8541107	3.554596	9.935333
147305900	GYR	-0.33135986	-0.019866943	0.008285522
147305907	MAG	0.61798096	-2.1118164	-49.731445
147305913	ACC	-0.8204498	3.5671387	9.966751
147305910	GYR	-0.22834778	-0.016113281	0.0095825195
147305926	MAG	0.642395	-1.9363403	-50.02289
147305923	ACC	-0.81044006	3.51268	9.737244
147305920	GYR	-0.107437134	-0.022155762	-0.002090454
147305933	ACC	-0.8249817	3.4617615	9.393005
147305930	GYR	-0.009811401	-0.045028687	-0.01663208
147305946	MAG	0.7385254	-1.8218994	-49.343872
147305943	ACC	-0.84869385	3.436432	9.025894
147305940	GYR	0.04319763	-0.058670044	-0.022445679
147305953	ACC	-0.8705902	3.4761353	8.748749
147305950	GYR	0.050338745	-0.068740845	-0.016601562
147305965	MAG	0.71868896	-2.1514893	-49.68872
147305962	ACC	-0.7726135	3.568695	8.658966
147305960	GYR	0.027267456	-0.10133362	-0.008132935
147305972	ACC	-0.7041321	3.6081696	8.814056
147305970	GYR	0.0028533936	-0.15734863	-0.013366699
147305984	MAG	0.059509277	-2.140808	-49.41864
147305982	ACC	-0.746994	3.4654846	8.928116
147305980	GYR	-0.0055236816	-0.19372559	-0.0287323
147305992	ACC	-0.75354004	3.3245392	8.981903
147305990	GYR	-0.0084991455	-0.17123413	-0.029449463
147306003	MAG	0.38146973	-2.2003174	-49.017334
147306002	ACC	-0.6195679	3.3472137	9.314896
147306000	GYR	-0.01071167	-0.13743591	-0.017547607
147306012	ACC	-0.6845856	3.432495	9.409042
147306010	GYR	0.004196167	-0.10960388	-0.012573242
147306022	MAG	0.3173828	-2.1499634	-49.201965
147306022	ACC	-0.7266998	3.5614624	9.301483
147306020	GYR	0.036712646	-0.08955383	-0.011810303
147306032	ACC	-0.58613586	3.6177979	9.204239
147306030	GYR	0.076416016	-0.09580994	-0.011352539
147306042	MAG	0.17547607	-2.11792	-49.150085
147306042	ACC	-0.54078674	3.6240387	9.076996
147306040	GYR	0.117004395	-0.09753418	-0.017929077
147306052	ACC	-0.5595703	3.6842499	8.903076
147306050	GYR	0.14901733	-0.072906494	-0.02709961
147306061	MAG	0.12054443	-2.420044	-49.310303
147306062	ACC	-0.6006012	3.7456512	8.728851
147306060	GYR	0.15771484	-0.036621094	-0.032318115
147306070	GYR	0.13728333	-0.0068359375	-0.02784729
147306080	MAG	0.20141602	-2.2140503	-49.468994
147306072	ACC	-0.69252014	3.76828	8.641632
147306080	GYR	0.09880066	0.0105896	-0.015625
147306082	ACC	-0.73083496	3.8001556	8.681198
147306090	GYR	0.057754517	0.022094727	-8.69751E-4
147306099	MAG	-0.12664795	-2.34375	-49.346924
147306092	ACC	-0.74365234	3.7715912	8.852585
147306100	GYR	0.03213501	0.031234741	0.012161255
147306102	ACC	-0.70062256	3.7583923	8.893875
147306110	GYR	0.021118164	0.029632568	0.017929077
147306119	MAG	0.27923584	-2.2750854	-49.098206
147306112	ACC	-0.7442169	3.7613983	8.834824
147306120	GYR	0.013961792	0.015716553	0.020721436
147306122	ACC	-0.7719879	3.7734833	8.821869
147306130	GYR	0.0048675537	-0.0010375977	0.02432251
147306138	MAG	-0.13275146	-2.380371	-48.788452
147306132	ACC	-0.7226715	3.8115997	8.870773
147306140	GYR	5.645752E-4	-0.016815186	0.024139404
147306142	ACC	-0.6433716	3.833084	8.938446
147306149	GYR	0.0055236816	-0.027267456	0.017669678
147306157	MAG	-0.30212402	-2.3208618	-49.754333
147306152	ACC	-0.5620117	3.8568115	8.98497
147306159	GYR	0.015335083	-0.02355957	0.011383057
147306162	ACC	-0.5427704	3.852829	9.0271
147306176	MAG	0.024414062	-2.4612427	-49.301147
147306172	ACC	-0.5582733	3.8282928	9.013657
147306169	GYR	0.029037476	-0.017318726	0.008804321
147306182	ACC	-0.51976013	3.8122253	9.033249
147306179	GYR	0.039489746	-0.004760742	0.005722046
147306195	MAG	0.0289917	-2.5421143	-49.249268
147306192	ACC	-0.5143738	3.7995453	9.050568
147306189	GYR	0.043685913	0.009475708	0.0044403076
147306202	ACC	-0.5379486	3.7744598	9.06337
147306199	GYR	0.04397583	0.032608032	0.0027923584
147306215	MAG	0.18310547	-2.2735596	-49.7406
147306212	ACC	-0.55870056	3.8023987	9.005295
147306209	GYR	0.039627075	0.061965942	0.0041046143
147306222	ACC	-0.6409912	3.8222961	8.911682
147306219	GYR	0.028869629	0.08442688	0.0069732666
147306234	MAG	-0.048828125	-2.59552	-49.658203
147306232	ACC	-0.71372986	3.8130188	8.841919
147306229	GYR	0.007965088	0.104522705	0.018081665
147306242	ACC	-0.70454407	3.7814484	8.851105
147306239	GYR	-0.017044067	0.11164856	0.038513184
147306253	MAG	0.14801025	-2.5939941	-49.623108
147306252	ACC	-0.68927	3.74823	8.934891
147306249	GYR	-0.03717041	0.10298157	0.056030273
147306262	ACC	-0.68592834	3.7210846	9.038315
147306259	GYR	-0.04664612	0.086517334	0.06506348
147306272	MAG	0.21209717	-2.5680542	-49.397278
147306272	ACC	-0.66748047	3.720398	9.110245
147306269	GYR	-0.041122437	0.0793457	0.06991577
147306282	ACC	-0.67427063	3.743988	9.116867
147306279	GYR	-0.027374268	0.08143616	0.06964111
147306292	MAG	0.07019043	-2.3422241	-49.313354
147306292	ACC	-0.72164917	3.755783	9.044952
147306289	GYR	-0.011047363	0.07966614	0.061553955
147306302	ACC	-0.7483978	3.742813	8.924652
147306299	GYR	4.8828125E-4	0.075912476	0.053604126
147306311	MAG	-0.1739502	-2.230835	-49.305725
147306312	ACC	-0.7328491	3.717743	8.832703
147306309	GYR	0.0013580322	0.07098389	0.048812866
147306322	ACC	-0.7308502	3.7032318	8.828949
147306319	GYR	-0.006881714	0.060150146	0.04347229
147306330	MAG	0.77667236	-2.5054932	-49.621582
147306332	ACC	-0.7268524	3.712143	8.870636
147306329	GYR	-0.018676758	0.04774475	0.037078857
147306342	ACC	-0.6977234	3.734375	8.922302
147306339	GYR	-0.026626587	0.03727722	0.03277588
147306349	MAG	0.8987427	-2.4093628	-49.264526
147306352	ACC	-0.62771606	3.739685	8.995483
147306349	GYR	-0.028747559	0.029006958	0.029434204
147306362	ACC	-0.62919617	3.7462463	9.060028
147306359	GYR	-0.025436401	0.023620605	0.022964478
147306369	MAG	0.8972168	-2.4841309	-49.305725
147306372	ACC	-0.6313019	3.7262726	9.098389
147306369	GYR	-0.017318726	0.022354126	0.016708374
147306382	ACC	-0.61428833	3.7064056	9.136139
147306379	GYR	-0.0036773682	0.023620605	0.0132751465
147306388	MAG	0.84991455	-2.4108887	-49.261475
147306392	ACC	-0.60658264	3.7210388	9.08992
147306389	GYR	0.014282227	0.01763916	0.0056610107
147306402	ACC	-0.6385498	3.7267303	9.00322
147306399	GYR	0.02911377	0.0028533936	-0.0063323975
147306407	MAG	0.9689331	-2.4642944	-48.986816
147306412	ACC	-0.6777954	3.7397156	8.923004
147306409	GYR	0.03538513	-0.008041382	-0.015106201
147306422	ACC	-0.6476593	3.7349243	8.883545
147306419	GYR	0.033203125	-0.0039978027	-0.014328003
147306426	MAG	0.8102417	-2.3025513	-49.128723
147306432	ACC	-0.6173248	3.6651917	8.86702
147306429	GYR	0.027786255	0.008270264	-0.012573242
147306441	ACC	-0.624527	3.653183	8.882111
147306439	GYR	0.02508545	0.0138549805	-0.015960693
147306445	MAG	0.40283203	-2.2964478	-48.735046
147306451	ACC	-0.66026306	3.7211914	8.889847
147306449	GYR	0.021209717	0.008712769	-0.022720337
147306459	GYR	0.01574707	0.00920105	-0.02796936
147306465	MAG	0.72631836	-2.2384644	-48.942566
147306461	ACC	-0.7669525	3.7392883	8.940002
147306469	GYR	0.012466431	0.028900146	-0.02671814
147306471	ACC	-0.85816956	3.765442	8.917114
147306479	GYR	0.012374878	0.053466797	-0.019714355
147306484	MAG	1.0040283	-2.684021	-49.205017
147306481	ACC	-0.8936615	3.7664642	8.869934
147306489	GYR	0.013504028	0.06439209	-0.011566162
147306491	ACC	-0.9472351	3.747223	8.816147
147306499	GYR	0.0095825195	0.06312561	-0.0044403076
147306503	MAG	0.8453369	-2.5222778	-49.346924
147306501	ACC	-0.9834595	3.7587128	8.796677
147306509	GYR	-0.00340271	0.048828125	0.006713867
147306511	ACC	-0.9167633	3.7639465	8.824692
147306519	GYR	-0.021072388	0.023788452	0.015319824
147306522	MAG	0.37384033	-2.5405884	-49.17755
147306521	ACC	-0.87254333	3.770523	8.890137
147306529	GYR	-0.04206848	-0.0036315918	0.01838684
147306531	ACC	-0.85920715	3.7761383	8.951462
147306539	GYR	-0.059310913	-0.023666382	0.018569946
147306542	MAG	0.8117676	-2.5741577	-49.15619
147306541	ACC	-0.74864197	3.793213	9.018402
147306549	GYR	-0.06611633	-0.035964966	0.015609741
147306551	ACC	-0.6379852	3.7948456	9.106186
147306559	GYR	-0.05529785	-0.045440674	0.0026855469
147306561	MAG	0.7675171	-2.5772095	-49.105835
147306561	ACC	-0.5931854	3.7821045	9.176941
147306571	ACC	-0.56370544	3.7821045	9.197647
147306569	GYR	-0.030822754	-0.045791626	-0.011001587
147306580	MAG	0.743103	-2.557373	-49.430847
147306581	ACC	-0.55804443	3.779068	9.171478
147306579	GYR	-0.004837036	-0.034729004	-0.021530151
147306591	ACC	-0.5703125	3.773346	9.093811
147306589	GYR	0.014465332	-0.014907837	-0.029296875
147306599	MAG	0.89263916	-2.4429321	-49.354553
147306601	ACC	-0.6068878	3.7784271	9.04158
147306599	GYR	0.023986816	0.009719849	-0.031936646
147306611	ACC	-0.6120148	3.7891998	8.964722
147306609	GYR	0.02885437	0.029388428	-0.029449463
147306618	MAG	0.8300781	-2.2384644	-49.50409
147306621	ACC	-0.6507721	3.7813873	8.860611
147306619	GYR	0.031951904	0.04083252	-0.02319336
147306631	ACC	-0.74142456	3.7626953	8.75618
147306628	GYR	0.029907227	0.043655396	-0.020141602
147306638	MAG	0.79803467	-2.5619507	-49.34082
147306641	ACC	-0.7717438	3.7619781	8.7323
147306638	GYR	0.01864624	0.035125732	-0.013763428
147306651	ACC	-0.75180054	3.7617188	8.784225
147306648	GYR	-0.0033111572	0.024856567	-0.0040893555
147306657	MAG	0.8621216	-2.6123047	-49.15619
147306661	ACC	-0.7902832	3.7542114	8.878738
147306658	GYR	-0.02583313	0.024490356	0.0055999756
147306671	ACC	-0.84762573	3.7360077	9.024155
147306668	GYR	-0.04005432	0.029083252	0.0113220215
147306676	MAG	1.0513306	-2.4505615	-49.179077
147306681	ACC	-0.85498047	3.7089844	9.144211
147306678	GYR	-0.040634155	0.028884888	0.013824463
147306691	ACC	-0.85554504	3.694992	9.162857
147306688	GYR	-0.022415161	0.029067993	0.014923096
147306696	MAG	1.3412476	-2.444458	-49.19586
147306701	ACC	-0.8415985	3.70784	9.072968
147306698	GYR	0.0023651123	0.0289917	0.011749268
147306715	MAG	1.1413574	-2.482605	-49.27368
147306711	ACC	-0.8415222	3.7166443	8.93898
147306708	GYR	0.018707275	0.023162842	0.006576538
147306721	ACC	-0.8362274	3.719101	8.849014
147306718	GYR	0.021652222	0.014007568	0.0036621094
147306734	MAG	1.28479	-2.4017334	-49.28894
147306731	ACC	-0.7939606	3.738266	8.796005
147306728	GYR	0.015090942	0.003921509	0.003036499
147306741	ACC	-0.7191467	3.7531433	8.789215
147306738	GYR	0.004638672	-0.005493164	0.0018615723
147306753	MAG	1.2435913	-2.407837	-49.19281
147306751	ACC	-0.6895447	3.7629547	8.79364
147306748	GYR	-0.005340576	-0.0046691895	-6.1035156E-4
147306761	ACC	-0.70381165	3.7431183	8.847977
147306758	GYR	-0.015365601	0.006576538	-0.0046691895
147306772	MAG	0.7507324	-2.217102	-49.269104
147306771	ACC	-0.72206116	3.7404785	8.880844
147306768	GYR	-0.021499634	0.021011353	-0.0074005127
147306781	ACC	-0.7569885	3.721695	8.8694
147306778	GYR	-0.024276733	0.035003662	-0.0076904297
147306792	MAG	1.1535645	-2.3773193	-49.09668
147306791	ACC	-0.8003998	3.7052612	8.870117
147306788	GYR	-0.025009155	0.045318604	-0.0062561035
147306801	ACC	-0.8109741	3.698944	8.898117
147306798	GYR	-0.024017334	0.04788208	-0.001876831
147306811	MAG	1.1138916	-2.3086548	-48.960876
147306811	ACC	-0.7964325	3.6897125	8.966736
147306808	GYR	-0.023529053	0.044296265	0.0033721924
147306821	ACC	-0.82366943	3.6909943	9.046982
147306818	GYR	-0.02192688	0.038467407	0.009185791
147306830	MAG	1.3595581	-2.3849487	-48.924255
147306831	ACC	-0.83503723	3.6980133	9.054947
147306828	GYR	-0.018997192	0.03137207	0.01335144
147306841	ACC	-0.81910706	3.721756	9.017624
147306838	GYR	-0.015426636	0.023422241	0.01864624
147306849	MAG	1.1001587	-2.4887085	-49.179077
147306848	GYR	-0.011672974	0.018875122	0.02357483
147306851	ACC	-0.78744507	3.7177124	8.944778
147306858	GYR	-0.0079193115	0.019943237	0.023284912
147306868	MAG	1.2969971	-2.4887085	-49.143982
147306861	ACC	-0.7581787	3.7530975	8.908356
147306868	GYR	-0.0041503906	0.018585205	0.018997192
147306871	ACC	-0.80970764	3.745575	8.884491
147306878	GYR	-0.008361816	0.015090942	0.016967773
147306888	MAG	1.2298584	-2.4353027	-49.375916
147306881	ACC	-0.8156128	3.7745361	8.877884
147306888	GYR	-0.016662598	0.010314941	0.01777649
147306891	ACC	-0.7809601	3.7668152	8.936508
147306898	GYR	-0.023849487	0.0105896	0.013214111
147306907	MAG	1.3412476	-2.2491455	-49.812317
147306901	ACC	-0.789032	3.7358704	8.985046
147306908	GYR	-0.026931763	0.008575439	0.008117676
147306911	ACC	-0.8139496	3.7193146	8.986237
147306918	GYR	-0.025512695	0.0015716553	0.0064697266
147306926	MAG	1.0498047	-2.218628	-49.14856
147306920	ACC	-0.80996704	3.7387695	9.013504
147306928	GYR	-0.020751953	-0.0030670166	0.006362915
147306930	ACC	-0.7929077	3.7345886	9.019623
147306938	GYR	-0.012802124	-0.009780884	0.002822876
147306945	MAG	0.99334717	-2.0965576	-49.246216
147306940	ACC	-0.7992554	3.7596283	9.0546875
147306948	GYR	-0.005279541	-0.010620117	0.005126953
147306950	ACC	-0.8127289	3.7436829	9.033188
147306965	MAG	1.1688232	-2.3101807	-49.51935
147306960	ACC	-0.7969818	3.729477	8.977997
147306958	GYR	-0.0040130615	-0.013809204	0.012527466
147306970	ACC	-0.76312256	3.7316895	8.92305
147306968	GYR	-0.0061187744	-0.02128601	0.015579224
147306984	MAG	1.1810303	-2.3971558	-49.375916
147306980	ACC	-0.7420807	3.7510834	8.898651
147306978	GYR	-0.013168335	-0.02746582	0.016784668
147306990	ACC	-0.71173096	3.7779846	8.869751
147306988	GYR	-0.02255249	-0.032714844	0.017349243
147307003	MAG	1.0391235	-2.3254395	-49.32556
147307000	ACC	-0.7022095	3.763855	8.876556
147306998	GYR	-0.031951904	-0.040634155	0.017288208
147307010	ACC	-0.69584656	3.7344208	8.90892
147307008	GYR	-0.04045105	-0.050689697	0.016311646
147307022	MAG	1.1779785	-2.2018433	-49.388123
147307020	ACC	-0.6763916	3.70076	8.948868
147307018	GYR	-0.042663574	-0.05204773	0.013076782
147307030	ACC	-0.60076904	3.6625519	8.988495
147307028	GYR	-0.03883362	-0.046569824	0.009307861
147307041	MAG	1.2329102	-2.206421	-49.29962
147307040	ACC	-0.53904724	3.664383	9.016418
147307038	GYR	-0.029434204	-0.03451538	0.004058838
147307050	ACC	-0.5944824	3.7134552	9.0569
147307048	GYR	-0.01928711	-0.012542725	-0.0068969727
147307061	MAG	1.0910034	-2.3666382	-49.279785
147307060	ACC	-0.710022	3.7674255	9.076416
147307058	GYR	-0.0055999756	0.018692017	-0.016296387
147307070	ACC	-0.82164	3.7619781	8.995895
147307068	GYR	0.012390137	0.052764893	-0.015701294
147307080	MAG	1.0803223	-2.2033691	-49.383545
147307080	ACC	-0.9147949	3.726303	8.8250885
147307078	GYR	0.03012085	0.080444336	-0.005584717
147307090	ACC	-0.9579468	3.6894226	8.726624
147307088	GYR	0.035614014	0.087127686	0.0075683594
147307099	MAG	1.2954712	-2.217102	-49.116516
147307100	ACC	-0.94403076	3.6674194	8.734421
147307098	GYR	0.025390625	0.071884155	0.016830444
147307110	ACC	-0.9216156	3.6760406	8.80072
147307108	GYR	0.0035552979	0.046020508	0.023239136
147307118	MAG	1.1779785	-2.2018433	-49.388123
147307120	ACC	-0.8952942	3.6849213	8.940475
147307117	GYR	-0.024246216	0.016998291	0.026794434
147307130	ACC	-0.82562256	3.6674957	9.114136
147307127	GYR	-0.048568726	-0.0053100586	0.028244019
147307138	MAG	1.461792	-2.0751953	-49.461365
147307140	ACC	-0.7217407	3.6404572	9.214462
147307137	GYR	-0.059555054	-0.018951416	0.026367188
147307150	ACC	-0.6463318	3.6282043	9.257965
147307147	GYR	-0.050933838	-0.029006958	0.015457153
147307157	MAG	1.2756348	-2.1240234	-49.354553
147307160	ACC	-0.6454468	3.6399078	9.284683
147307157	GYR	-0.028274536	-0.035507202	-0.0011901855
147307170	ACC	-0.64689636	3.6590424	9.212921
147307167	GYR	-0.0019683838	-0.031402588	-0.015625
147307176	MAG	1.1291504	-2.1636963	-49.388123
147307180	ACC	-0.64645386	3.6806946	9.048401
147307177	GYR	0.021850586	-0.013763428	-0.022994995
147307190	ACC	-0.64019775	3.7111053	8.852661
147307187	GYR	0.04006958	0.00730896	-0.024047852
147307195	MAG	1.272583	-2.1606445	-49.397278
147307200	ACC	-0.68878174	3.7366333	8.730911
147307197	GYR	0.049575806	0.030075073	-0.020477295
147307210	ACC	-0.78060913	3.7323914	8.631546
147307207	GYR	0.047180176	0.045272827	-0.0138549805
147307214	MAG	1.0375977	-2.2857666	-49.328613
147307220	ACC	-0.798996	3.747757	8.622086
147307217	GYR	0.03276062	0.0423584	-0.00592041
147307230	ACC	-0.8205261	3.7230225	8.684753
147307227	GYR	0.009033203	0.028671265	-3.9672852E-4
147307234	MAG	1.322937	-2.1987915	-49.397278
147307240	ACC	-0.8592987	3.7032013	8.834457
147307237	GYR	-0.01991272	0.0134887695	0.0030975342
147307247	GYR	-0.044006348	0.0021209717	0.007156372
147307253	MAG	1.2802124	-2.1270752	-49.30725
147307250	ACC	-0.8246002	3.7009277	9.055023
147307257	GYR	-0.053985596	7.019043E-4	0.014419556
147307260	ACC	-0.8654022	3.7062378	9.244827
147307267	GYR	-0.042938232	0.0074005127	0.017120361
147307272	MAG	1.0375977	-1.9363403	-49.908447
147307270	ACC	-0.8450165	3.6738892	9.347595
147307277	GYR	-0.017105103	0.017578125	0.016845703
147307280	ACC	-0.87545776	3.6717987	9.312027
147307287	GYR	0.01159668	0.018249512	0.010986328
147307291	MAG	0.9490967	-2.178955	-49.191284
147307290	ACC	-0.88842773	3.714508	9.171951
147307297	GYR	0.03175354	0.011062622	0.0062561035
147307300	ACC	-0.86872864	3.7328339	9.017563
147307307	GYR	0.039978027	0.005126953	0.0024108887
147307311	MAG	1.05896	-2.1499634	-49.01581
147307310	ACC	-0.8368988	3.767044	8.897446
147307317	GYR	0.03831482	0.0057678223	-0.0013427734
147307320	ACC	-0.81967163	3.775406	8.819107
147307327	GYR	0.028762817	0.0029144287	-0.0056915283
147307330	MAG	0.9994507	-2.2949219	-49.186707
147307330	ACC	-0.8062897	3.7767792	8.818863
147307337	GYR	0.019943237	-0.0020141602	-0.008255005
147307340	ACC	-0.7768097	3.7731018	8.840958
147307349	MAG	0.96588135	-2.3468018	-48.99597
147307350	ACC	-0.76008606	3.7630768	8.864365
147307347	GYR	0.014328003	-0.0038757324	-0.010101318
147307360	ACC	-0.7540436	3.7444305	8.908813
147307357	GYR	0.013793945	-7.171631E-4	-0.008850098
147307368	MAG	1.2954712	-2.4093628	-49.150085
147307370	ACC	-0.77726746	3.7215118	8.933838
147307367	GYR	0.015563965	0.0030822754	-0.007598877
147307380	ACC	-0.78302	3.7063904	8.913544
147307377	GYR	0.015106201	0.007858276	-0.0061798096
147307387	MAG	1.5136719	-2.268982	-49.450684
147307390	ACC	-0.79312134	3.705185	8.880035
147307387	GYR	0.009674072	0.016830444	-0.0027770996
147307399	ACC	-0.81077576	3.6988068	8.881454
147307397	GYR	9.1552734E-4	0.026794434	0.003112793
147307407	MAG	1.184082	-2.2079468	-49.29657
147307409	ACC	-0.82766724	3.6752625	8.924118
147307407	GYR	-0.0067443848	0.03111267	0.010437012
147307419	ACC	-0.8111267	3.6579895	9.009567
147307417	GYR	-0.0075683594	0.027664185	0.017044067
147307426	MAG	1.1611938	-2.6138306	-49.03412
147307429	ACC	-0.78523254	3.6684723	9.046997
147307427	GYR	-0.002456665	0.020935059	0.024017334
147307439	ACC	-0.7950287	3.6611328	8.987015
147307437	GYR	0.008300781	0.018081665	0.025772095
147307445	MAG	1.2573242	-2.5726318	-49.043274
147307449	ACC	-0.81207275	3.6527252	8.874802
147307447	GYR	0.019485474	0.015930176	0.024642944
147307459	ACC	-0.8267975	3.6666107	8.80072
147307457	GYR	0.022232056	0.0076141357	0.021591187
147307465	MAG	1.0742188	-2.3910522	-49.508667
147307469	ACC	-0.8106537	3.6932373	8.752014
147307467	GYR	0.015319824	0.0015869141	0.017791748
147307479	ACC	-0.7801361	3.679657	8.741928
147307477	GYR	0.0023651123	0.0030517578	0.01612854
147307484	MAG	1.3549805	-2.496338	-49.00818
147307489	ACC	-0.7861786	3.6725159	8.816986
147307487	GYR	-0.010299683	0.005630493	0.0152282715
147307499	ACC	-0.7661896	3.6720428	8.8858795
147307497	GYR	-0.017059326	0.0040283203	0.011749268
147307503	MAG	1.1886597	-2.4032593	-49.282837
147307509	ACC	-0.743515	3.6745758	8.885468
147307507	GYR	-0.013824463	9.0026855E-4	0.0072631836
147307522	MAG	1.3793945	-2.4353027	-49.33777
147307519	ACC	-0.78234863	3.65979	8.900131
147307517	GYR	-0.0047912598	-0.003036499	0.0032348633
147307529	ACC	-0.78549194	3.6458435	8.909103
147307527	GYR	0.0022888184	-0.008331299	-8.544922E-4
147307541	MAG	1.2405396	-2.2506714	-49.20349
147307539	ACC	-0.7969055	3.656128	8.92923
147307537	GYR	0.0039520264	-0.011550903	-0.0012817383
147307549	ACC	-0.81333923	3.6846313	8.90329
147307547	GYR	0.0027008057	-0.008010864	0.003768921
147307561	MAG	1.2069702	-2.496338	-49.046326
147307559	ACC	-0.80270386	3.710678	8.871353
147307557	GYR	4.4250488E-4	8.392334E-4	0.008987427
147307569	ACC	-0.79156494	3.7472687	8.902222
147307567	GYR	-0.0040893555	0.010864258	0.013092041
147307580	MAG	1.6601562	-2.4261475	-48.80066
147307579	ACC	-0.7900238	3.7906494	8.907043
147307577	GYR	-0.00642395	0.022705078	0.016738892
147307589	ACC	-0.8368988	3.7772827	8.913101
147307587	GYR	-0.0041503906	0.033950806	0.018341064
147307599	MAG	1.6036987	-2.3040771	-48.898315
147307599	ACC	-0.82069397	3.8430328	8.806229
147307596	GYR	0.0019989014	0.042007446	0.018569946
147307609	ACC	-0.8751831	3.9032898	8.812454
147307606	GYR	0.010345459	0.04145813	0.015686035
147307618	MAG	1.6113281	-2.3483276	-48.802185
147307619	ACC	-0.88319397	3.901886	8.722992
147307616	GYR	0.01826477	0.033203125	0.011734009
147307629	ACC	-0.83340454	3.8874664	8.696289
147307626	GYR	0.020446777	0.022735596	0.009307861
147307637	MAG	1.5533447	-2.0339966	-48.867798
147307636	GYR	0.014923096	0.015777588	0.006515503
147307639	ACC	-0.7895813	3.9697418	8.662384
147307646	GYR	0.0035858154	0.010604858	0.00289917
147307657	MAG	1.5487671	-2.3406982	-48.336792
147307649	ACC	-0.8961334	4.0216064	8.652664
147307656	GYR	-0.00843811	0.011001587	0.0035552979
147307659	ACC	-1.0134735	4.0255127	8.749542
147307666	GYR	-0.015777588	0.024551392	0.015579224
147307676	MAG	1.7028809	-2.458191	-48.892212
147307669	ACC	-1.0580139	4.0126495	8.871582
147307676	GYR	-0.020477295	0.04031372	0.03312683
147307679	ACC	-1.0513	3.965393	9.025162
147307686	GYR	-0.021087646	0.044128418	0.04966736
147307695	MAG	1.9836426	-2.3284912	-49.01123
147307689	ACC	-1.0005188	3.883789	9.132355
147307696	GYR	-0.025512695	0.039916992	0.06263733
147307699	ACC	-0.9821167	3.8515778	9.230988
147307706	GYR	-0.033935547	0.027511597	0.07458496
147307714	MAG	1.6967773	-2.4917603	-48.98224
147307709	ACC	-0.96325684	3.8511353	9.379272
147307716	GYR	-0.0362854	0.011398315	0.08125305
147307719	ACC	-0.92388916	3.793686	9.506226
147307726	GYR	-0.030944824	-0.009094238	0.08270264
147307734	MAG	1.7486572	-2.4932861	-48.939514
147307729	ACC	-0.75827026	3.7491455	9.610962
147307739	ACC	-0.68977356	3.6896057	9.78447
147307736	GYR	-0.014694214	-0.038894653	0.06236267
147307753	MAG	1.9851685	-2.406311	-49.005127
147307749	ACC	-0.61909485	3.6741638	9.84639
147307746	GYR	0.017471313	-0.056671143	0.040527344
147307759	ACC	-0.5430603	3.6687012	9.8396
147307756	GYR	0.056655884	-0.06286621	0.021270752
147307772	MAG	1.7440796	-2.4124146	-48.991394
147307769	ACC	-0.52819824	3.6875	9.695847
147307766	GYR	0.101867676	-0.057037354	0.004623413
147307779	ACC	-0.55378723	3.70018	9.371094
147307776	GYR	0.14764404	-0.040863037	-0.008377075
147307791	MAG	1.7501831	-2.571106	-48.93341
147307789	ACC	-0.58206177	3.7176666	8.985474
147307786	GYR	0.18501282	-0.015472412	-0.013534546
147307799	ACC	-0.63002014	3.7451782	8.652512
147307796	GYR	0.20037842	0.010375977	-0.011154175
147307811	MAG	1.4938354	-2.7191162	-49.139404
147307809	ACC	-0.67762756	3.744751	8.455032
147307806	GYR	0.1867218	0.02420044	-0.0048065186
147307819	ACC	-0.70047	3.711441	8.404907
147307816	GYR	0.15161133	0.023544312	0.008743286
147307830	MAG	1.7074585	-2.885437	-48.908997
147307829	ACC	-0.6943054	3.6839905	8.484802
147307826	GYR	0.10914612	0.019256592	0.024551392
147307839	ACC	-0.6805115	3.6727295	8.647644
147307836	GYR	0.06965637	0.0104522705	0.03378296
147307849	MAG	1.5075684	-2.8457642	-48.99292
147307849	ACC	-0.7049103	3.6635284	8.798416
147307846	GYR	0.042312622	0.0010375977	0.03855896
147307859	ACC	-0.761734	3.6444244	8.891922
147307856	GYR	0.031051636	-0.0019683838	0.037368774
147307868	MAG	1.7120361	-2.9281616	-48.86017
147307869	ACC	-0.77127075	3.6487274	8.9760895
147307866	GYR	0.032485962	0.006134033	0.034851074
147307878	ACC	-0.765213	3.6721344	9.00145
147307876	GYR	0.042266846	0.02268982	0.030578613
147307887	MAG	1.6525269	-2.7267456	-48.96393
147307888	ACC	-0.78182983	3.701233	8.904037
147307886	GYR	0.058502197	0.034194946	0.020202637
147307898	ACC	-0.8014679	3.740509	8.766525
147307896	GYR	0.074401855	0.028961182	0.0043792725
147307907	MAG	1.7303467	-2.9785156	-49.27368
147307908	ACC	-0.8016968	3.7754211	8.626526
147307906	GYR	0.08180237	0.015457153	-0.009841919
147307918	ACC	-0.7925873	3.8020477	8.542191
147307916	GYR	0.07728577	0.0028839111	-0.020187378
147307926	MAG	1.7654419	-3.161621	-48.846436
147307928	ACC	-0.81362915	3.8047943	8.540787
147307926	GYR	0.061828613	-0.0078125	-0.028701782
147307938	ACC	-0.815506	3.8167725	8.611023
147307936	GYR	0.041488647	-0.012466431	-0.033065796
147307945	MAG	1.6708374	-3.2424927	-48.835754
147307948	ACC	-0.8061981	3.8068085	8.728149
147307946	GYR	0.024734497	-0.006149292	-0.032958984
147307958	ACC	-0.84443665	3.7936249	8.81926
147307956	GYR	0.017211914	0.006454468	-0.030715942
147307964	MAG	1.5228271	-3.1280518	-48.83423
147307968	ACC	-0.87286377	3.781372	8.84491
147307966	GYR	0.019805908	0.017425537	-0.026031494
147307978	ACC	-0.8973999	3.7839508	8.81929
147307976	GYR	0.026824951	0.027191162	-0.01977539
147307984	MAG	1.6143799	-3.0059814	-48.895264
147307988	ACC	-0.97431946	3.7845001	8.737198
147307986	GYR	0.03276062	0.034057617	-0.014297485
147307998	ACC	-1.0038757	3.7710266	8.691513
147307996	GYR	0.034500122	0.033325195	-0.006011963
147308003	MAG	1.53656	-3.3325195	-48.683167
147308008	ACC	-1.0330963	3.8094025	8.645081
147308006	GYR	0.029800415	0.025726318	0.0040283203
147308018	ACC	-1.0696411	3.8250427	8.664825
147308016	GYR	0.019363403	0.019866943	0.015380859
147308022	MAG	1.6601562	-3.276062	-48.32306
147308026	GYR	0.0051727295	0.01777649	0.028656006
147308028	ACC	-1.0791779	3.82312	8.69165
147308036	GYR	-0.010803223	0.016998291	0.041000366
147308041	MAG	1.6433716	-3.2608032	-48.554993
147308038	ACC	-1.0547485	3.8446198	8.709534
147308046	GYR	-0.024139404	0.017822266	0.04801941
147308048	ACC	-1.0383453	3.8499146	8.690521
147308056	GYR	-0.03414917	0.024124146	0.049118042
147308060	MAG	1.6326904	-3.137207	-48.6557
147308058	ACC	-1.0982666	3.8295288	8.754028
147308066	GYR	-0.043563843	0.026977539	0.052764893
147308068	ACC	-1.088211	3.850525	8.834991
147308075	GYR	-0.046524048	0.022949219	0.05609131
147308080	MAG	1.7242432	-3.0151367	-48.71521
147308078	ACC	-1.0439911	3.8579712	8.878052
147308085	GYR	-0.039596558	0.016860962	0.052612305
147308088	ACC	-1.0325012	3.8399353	8.911133
147308095	GYR	-0.028076172	0.0077819824	0.04258728
147308099	MAG	1.739502	-3.1051636	-48.526
147308098	ACC	-1.0373993	3.845581	8.848434
147308105	GYR	-0.01965332	-4.5776367E-4	0.037734985
147308108	ACC	-1.0422974	3.8636475	8.784409
147308115	GYR	-0.019241333	-0.003829956	0.040496826
147308118	MAG	1.6036987	-2.9968262	-49.03412
147308118	ACC	-1.0362091	3.8817139	8.740677
147308128	ACC	-1.0027924	3.9057007	8.713348
147308125	GYR	-0.025375366	-0.0020751953	0.041809082
147308137	MAG	1.7227173	-3.0899048	-48.75641
147308138	ACC	-0.9993439	3.9011993	8.705292
147308135	GYR	-0.027160645	-8.8500977E-4	0.044937134
147308148	ACC	-1.0062408	3.907486	8.693176
147308145	GYR	-0.026046753	-0.0014343262	0.04800415
147308157	MAG	1.7868042	-3.2180786	-48.5672
147308158	ACC	-0.9914398	3.9084167	8.683441
147308155	GYR	-0.027633667	-0.0012969971	0.05001831
147308168	ACC	-0.9677124	3.9292145	8.721985
147308165	GYR	-0.03326416	-0.006790161	0.053771973
147308176	MAG	1.876831	-3.0563354	-48.62976
147308178	ACC	-0.94763184	3.9342957	8.830643
147308175	GYR	-0.03883362	-0.01133728	0.057525635
147308188	ACC	-0.9388428	3.9328613	8.944824
147308185	GYR	-0.042312622	-0.017181396	0.060531616
147308195	MAG	1.6815186	-3.137207	-48.658752
147308198	ACC	-0.94514465	3.9146118	9.010757
147308195	GYR	-0.03642273	-0.023956299	0.058944702
147308208	ACC	-0.9353485	3.8649902	9.012634
147308205	GYR	-0.025131226	-0.030349731	0.05532837
147308214	MAG	1.6326904	-3.09906	-48.658752
147308218	ACC	-0.91456604	3.822815	8.977371
147308215	GYR	-0.010406494	-0.03666687	0.05038452
147308228	ACC	-0.8483887	3.8271027	8.928268
147308225	GYR	-0.002746582	-0.038864136	0.047576904
147308234	MAG	1.7730713	-2.89917	-48.680115
147308238	ACC	-0.8450775	3.8669434	8.887192
147308235	GYR	-0.001449585	-0.032913208	0.04347229
147308248	ACC	-0.93974304	3.903946	8.873199
147308245	GYR	-0.0042877197	-0.020217896	0.03994751
147308253	MAG	1.7623901	-3.0441284	-48.85559
147308258	ACC	-1.1043091	3.908905	8.912094
147308255	GYR	-0.007858276	-1.9836426E-4	0.04220581
147308268	ACC	-1.1851654	3.8951416	8.966324
147308265	GYR	-0.005859375	0.020141602	0.05218506
147308272	MAG	1.5258789	-2.937317	-48.75641
147308278	ACC	-1.169342	3.85701	8.905273
147308275	GYR	0.002456665	0.03100586	0.06806946
147308288	ACC	-1.1714783	3.8476257	8.776154
147308285	GYR	0.0090789795	0.027359009	0.081588745
147308291	MAG	1.5304565	-2.9800415	-48.70758
147308298	ACC	-1.1641693	3.8565521	8.70578
147308295	GYR	0.0035705566	0.010635376	0.0899353
147308310	MAG	1.5838623	-3.060913	-48.658752
147308308	ACC	-1.1165771	3.8621674	8.751419
147308305	GYR	-0.014755249	-0.018798828	0.09541321
147308318	ACC	-1.0197449	3.8580322	8.899261
147308315	GYR	-0.0370636	-0.053344727	0.09768677
147308330	MAG	1.3305664	-3.1326294	-48.823547
147308328	ACC	-0.90190125	3.8506775	9.087769
147308325	GYR	-0.052383423	-0.07963562	0.09768677
147308338	ACC	-0.8318329	3.81633	9.287323
147308335	GYR	-0.053497314	-0.09437561	0.09376526
147308349	MAG	1.6265869	-2.9785156	-48.71216
147308348	ACC	-0.7714386	3.7905273	9.3811035
147308345	GYR	-0.0362854	-0.10066223	0.084472656
147308358	ACC	-0.7202301	3.770462	9.349304
147308355	GYR	-0.004425049	-0.10044861	0.07136536
147308368	MAG	1.399231	-2.9922485	-49.160767
147308367	ACC	-0.7113495	3.7803955	9.219894
147308365	GYR	0.03262329	-0.093185425	0.05734253
147308377	ACC	-0.7088928	3.8189545	9.0603485
147308375	GYR	0.06311035	-0.08004761	0.04750061
147308387	MAG	1.0025024	-2.798462	-49.243164
147308387	ACC	-0.7599182	3.8250122	8.9140625
147308385	GYR	0.08049011	-0.058120728	0.04484558
147308397	ACC	-0.76828	3.8091583	8.812805
147308395	GYR	0.08415222	-0.0320282	0.05116272
147308407	MAG	0.8621216	-2.8015137	-49.83673
147308407	ACC	-0.8083954	3.806076	8.775742
147308405	GYR	0.07348633	-0.010543823	0.062301636
147308415	GYR	0.053451538	-0.0015106201	0.07286072
147308426	MAG	0.7369995	-2.9403687	-48.939514
147308417	ACC	-0.840271	3.7915955	8.758743
147308425	GYR	0.032455444	-7.171631E-4	0.08477783
147308427	ACC	-0.83961487	3.783081	8.80011
147308435	GYR	0.018081665	-0.003768921	0.096328735
147308445	MAG	1.0681152	-3.161621	-48.43445
147308437	ACC	-0.82055664	3.811676	8.8315735
147308445	GYR	0.010055542	-0.010513306	0.1026001
147308447	ACC	-0.81277466	3.824356	8.86055
147308455	GYR	0.004714966	-0.0149383545	0.10144043
147308464	MAG	1.1169434	-3.199768	-48.435974
147308457	ACC	-0.82724	3.8190155	8.939041
147308465	GYR	0.005004883	-0.013397217	0.10157776
147308467	ACC	-0.8349762	3.8476868	9.018814
147308475	GYR	0.01171875	-0.010894775	0.09838867
147308483	MAG	1.145935	-3.413391	-48.745728
147308477	ACC	-0.8140564	3.855423	9.104095
147308485	GYR	0.02319336	-0.011749268	0.092926025
147308487	ACC	-0.7956848	3.8535614	9.163956
147308495	GYR	0.033355713	-0.009536743	0.08843994
147308503	MAG	1.2039185	-3.2287598	-48.57788
147308497	ACC	-0.7552185	3.8153992	9.19072
147308505	GYR	0.03981018	-0.009399414	0.089416504
147308507	ACC	-0.70399475	3.8295135	9.233841
147308515	GYR	0.047302246	-0.01184082	0.08457947
147308522	MAG	1.0101318	-3.3462524	-48.60382
147308517	ACC	-0.69229126	3.8115692	9.24057
147308527	ACC	-0.66264343	3.7896576	9.245483
147308525	GYR	0.05987549	-0.017547607	0.07777405
147308541	MAG	1.0375977	-3.3706665	-48.233032
147308537	ACC	-0.6019592	3.810089	9.227676
147308535	GYR	0.07569885	-0.02633667	0.07525635
147308547	ACC	-0.56352234	3.854248	9.12793
147308545	GYR	0.093948364	-0.03488159	0.07234192
147308560	MAG	0.8682251	-3.4667969	-48.587036
147308557	ACC	-0.565094	3.8957672	8.974808
147308554	GYR	0.11286926	-0.04045105	0.064208984
147308567	ACC	-0.57728577	3.91568	8.836517
147308564	GYR	0.12651062	-0.043914795	0.05659485
147308580	MAG	0.7720947	-3.6621094	-48.612976
147308577	ACC	-0.61416626	3.9223022	8.71965
147308574	GYR	0.13354492	-0.035491943	0.053497314
147308587	ACC	-0.6572571	3.9344635	8.648956
147308584	GYR	0.13406372	-0.022567749	0.054122925
147308599	MAG	0.73547363	-3.942871	-48.498535
147308597	ACC	-0.69677734	3.9102783	8.629669
147308594	GYR	0.13282776	-0.015258789	0.055358887
147308607	ACC	-0.70399475	3.8577576	8.643478
147308604	GYR	0.12641907	-0.014434814	0.059814453
147308618	MAG	0.78582764	-3.8665771	-48.46039
147308617	ACC	-0.68070984	3.8350372	8.623474
147308614	GYR	0.11953735	-0.016616821	0.06655884
147308627	ACC	-0.6821289	3.8354034	8.592377
147308624	GYR	0.11126709	-0.02520752	0.07145691
147308637	MAG	0.5584717	-4.0374756	-48.29712
147308637	ACC	-0.70010376	3.8258667	8.561844
147308634	GYR	0.09919739	-0.038726807	0.072906494
147308647	ACC	-0.6662445	3.8399353	8.482498
147308644	GYR	0.08665466	-0.05455017	0.07518005
147308656	MAG	0.75531006	-4.1152954	-48.25592
147308657	ACC	-0.6273804	3.8723297	8.398453
147308654	GYR	0.0758667	-0.07270813	0.077438354
147308667	ACC	-0.5923157	3.9313507	8.326752
147308664	GYR	0.07044983	-0.08772278	0.07621765
147308676	MAG	0.5126953	-4.156494	-48.284912
147308677	ACC	-0.54977417	3.972824	8.206619
147308674	GYR	0.068573	-0.09887695	0.07060242
147308687	ACC	-0.5097351	3.9990234	8.060242
147308684	GYR	0.061447144	-0.10810852	0.063079834
147308695	MAG	0.37841797	-4.206848	-48.135376
147308697	ACC	-0.5187988	4.0346375	8.011414
147308694	GYR	0.03955078	-0.11375427	0.057235718
147308707	ACC	-0.516098	4.029251	8.066528
147308704	GYR	0.004425049	-0.11479187	0.05670166
147308714	MAG	0.47454834	-4.319763	-48.179626
147308717	ACC	-0.4569397	4.003418	8.235916
147308714	GYR	-0.032592773	-0.11694336	0.060134888
147308727	ACC	-0.4177246	4.001297	8.427078
147308724	GYR	-0.059280396	-0.123916626	0.060638428
147308733	MAG	0.4776001	-4.322815	-48.132324
147308737	ACC	-0.3804016	4.0219727	8.5863495
147308734	GYR	-0.06913757	-0.1302948	0.05404663
147308747	ACC	-0.36351013	4.1013794	8.632721
147308744	GYR	-0.06604004	-0.13005066	0.043685913
147308753	MAG	-0.062561035	-4.3640137	-48.236084
147308757	ACC	-0.31358337	4.162842	8.590286
147308754	GYR	-0.059906006	-0.12591553	0.03414917
147308767	ACC	-0.2937622	4.199875	8.52771
147308764	GYR	-0.059677124	-0.12193298	0.025772095
147308772	MAG	-0.04272461	-4.1503906	-47.929382
147308777	ACC	-0.28344727	4.2631683	8.568085
147308774	GYR	-0.06765747	-0.12098694	0.023269653
147308787	ACC	-0.30326843	4.286087	8.615036
147308784	GYR	-0.083343506	-0.12538147	0.028503418
147308791	MAG	-0.29144287	-4.3029785	-48.042297
147308797	ACC	-0.24578857	4.268265	8.7669525
147308794	GYR	-0.101501465	-0.12556458	0.036895752
147308804	GYR	-0.11425781	-0.119003296	0.04385376
147308810	MAG	-0.39672852	-4.220581	-48.13385
147308807	ACC	-0.16777039	4.1935883	8.947891
147308814	GYR	-0.11746216	-0.102493286	0.04499817
147308817	ACC	-0.12913513	4.167557	9.108475
147308824	GYR	-0.11328125	-0.08885193	0.03907776
147308829	MAG	-0.5859375	-4.0740967	-48.04077
147308827	ACC	-0.11579895	4.17453	9.223022
147308834	GYR	-0.104644775	-0.08140564	0.031555176
147308837	ACC	-0.17022705	4.1782227	9.324844
147308844	GYR	-0.08908081	-0.069488525	0.027618408
147308849	MAG	-0.7369995	-3.956604	-48.086548
147308846	ACC	-0.20375061	4.2156525	9.421875
147308854	GYR	-0.05895996	-0.05105591	0.028198242
147308856	ACC	-0.2658081	4.17395	9.37413
147308864	GYR	-0.02204895	-0.037628174	0.02998352
147308868	MAG	-0.7873535	-3.8406372	-48.091125
147308866	ACC	-0.28523254	4.1273804	9.250656
147308874	GYR	0.0065612793	-0.033493042	0.034103394
147308876	ACC	-0.3197174	4.0603333	9.034393
147308884	GYR	0.009414673	-0.036117554	0.040771484
147308887	MAG	-0.53100586	-3.8864136	-47.9187
147308886	ACC	-0.3509674	4.0234985	8.878128
147308894	GYR	-0.011260986	-0.04989624	0.050064087
147308896	ACC	-0.3062744	3.9731293	8.853363
147308904	GYR	-0.03741455	-0.073394775	0.0552063
147308906	MAG	-0.58135986	-3.768921	-47.92328
147308906	ACC	-0.19691467	3.9092102	8.912369
147308916	ACC	-0.073913574	3.926361	9.010223
147308914	GYR	-0.055404663	-0.10203552	0.057556152
147308926	MAG	-0.68359375	-3.5369873	-47.93396
147308926	ACC	-0.027374268	3.8901062	9.109848
147308924	GYR	-0.060134888	-0.122924805	0.05041504
147308936	ACC	0.011627197	3.8419495	9.132416
147308934	GYR	-0.043670654	-0.1348877	0.037887573
147308945	MAG	-0.54473877	-3.8742065	-48.103333
147308946	ACC	0.067871094	3.873932	9.087448
147308944	GYR	-0.015426636	-0.14735413	0.025253296
147308956	ACC	0.10102844	3.8997345	8.9479065
147308954	GYR	0.020050049	-0.15022278	0.010726929
147308964	MAG	-1.1383057	-3.6819458	-48.220825
147308966	ACC	0.0818634	3.9149475	8.675095
147308964	GYR	0.045410156	-0.12988281	-0.0030670166
147308976	ACC	0.031402588	3.945053	8.413208
147308974	GYR	0.049621582	-0.09648132	-0.0075683594
147308983	MAG	-1.3778687	-3.7658691	-48.20099
147308986	ACC	-0.0011291504	3.9650574	8.297852
147308984	GYR	0.030883789	-0.06718445	-0.001876831
147308996	ACC	-5.950928E-4	3.9593658	8.356537
147308994	GYR	-0.0011749268	-0.049743652	0.009262085
147309003	MAG	-1.2741089	-3.768921	-48.114014
147309006	ACC	0.001876831	3.9507751	8.55423
147309004	GYR	-0.031219482	-0.04649353	0.0184021
147309016	ACC	-0.01826477	3.9676666	8.790176
147309014	GYR	-0.04852295	-0.052719116	0.02180481
147309022	MAG	-1.574707	-3.919983	-48.269653
147309026	ACC	-0.038253784	3.9911957	8.936295
147309024	GYR	-0.048355103	-0.06454468	0.021697998
147309036	ACC	-0.07589722	3.993225	8.953842
147309033	GYR	-0.036102295	-0.07688904	0.019622803
147309041	MAG	-1.5945435	-3.791809	-47.862244
147309046	ACC	-0.11026001	4.0079193	8.906769
147309043	GYR	-0.023406982	-0.08627319	0.01838684
147309056	ACC	-0.091537476	4.006714	8.891998
147309053	GYR	-0.018112183	-0.09132385	0.021026611
147309061	MAG	-1.5304565	-3.7628174	-48.283386
147309066	ACC	-0.07536316	4.0030365	8.922699
147309063	GYR	-0.021209717	-0.0914917	0.026046753
147309076	ACC	-0.038101196	4.019562	8.966919
147309073	GYR	-0.02545166	-0.08924866	0.030532837
147309080	MAG	-1.7456055	-3.6743164	-47.906494
147309086	ACC	-0.003036499	4.005554	9.004929
147309083	GYR	-0.026367188	-0.09095764	0.032348633
147309099	MAG	-1.7562866	-3.8574219	-48.07892
147309096	ACC	0.007949829	3.9850159	9.005493
147309093	GYR	-0.02041626	-0.09751892	0.02911377
147309106	ACC	0.042266846	3.9733582	8.967514
147309103	GYR	-0.009780884	-0.10624695	0.022842407
147309118	MAG	-2.0004272	-3.552246	-48.039246
147309116	ACC	0.09983826	3.9901733	8.8941345
147309113	GYR	0.0012054443	-0.11819458	0.017211914
147309126	ACC	0.1493988	3.9655914	8.783661
147309123	GYR	0.010803223	-0.13136292	0.011871338
147309137	MAG	-2.128601	-3.8391113	-47.872925
147309136	ACC	0.17778015	3.9530945	8.669983
147309133	GYR	0.015045166	-0.14237976	0.005874634
147309146	ACC	0.18147278	3.901947	8.642639
147309143	GYR	0.011123657	-0.14808655	0.001449585
147309156	MAG	-2.2842407	-3.793335	-48.005676
147309156	ACC	0.22436523	3.8516693	8.630386
147309153	GYR	0.0016784668	-0.15007019	6.4086914E-4
147309166	ACC	0.29768372	3.829071	8.63356
147309163	GYR	-0.0073547363	-0.15330505	-3.3569336E-4
147309176	MAG	-2.1972656	-3.8619995	-48.14453
147309176	ACC	0.34880066	3.809433	8.681503
147309173	GYR	-0.013824463	-0.16351318	-0.0030517578
147309186	ACC	0.39801025	3.75943	8.681839
147309183	GYR	-0.01776123	-0.17367554	-0.0066070557
147309195	MAG	-2.5558472	-3.85437	-47.753906
147309196	ACC	0.47099304	3.7773285	8.681778
147309193	GYR	-0.020446777	-0.17796326	-0.0076904297
147309203	GYR	-0.023406982	-0.17860413	-0.008605957
147309214	MAG	-2.784729	-3.6361694	-48.171997
147309206	ACC	0.53009033	3.7588959	8.669586
147309213	GYR	-0.028930664	-0.17860413	-0.008422852
147309216	ACC	0.5032959	3.787735	8.660736
147309223	GYR	-0.03668213	-0.17071533	-0.0053253174
147309233	MAG	-3.250122	-3.5827637	-47.917175
147309226	ACC	0.52853394	3.804535	8.668381
147309233	GYR	-0.046325684	-0.15614319	-0.003616333
147309236	ACC	0.5595398	3.8179321	8.645538
147309243	GYR	-0.057937622	-0.14411926	-0.004989624
147309252	MAG	-3.6743164	-3.4469604	-47.71576
147309246	ACC	0.55892944	3.8431244	8.601929
147309253	GYR	-0.07469177	-0.13284302	-0.006866455
147309256	ACC	0.5565338	3.873291	8.647858
147309263	GYR	-0.08778381	-0.11991882	-0.006515503
147309272	MAG	-3.7765503	-3.4820557	-47.799683
147309266	ACC	0.5667114	3.902588	8.759872
147309273	GYR	-0.09403992	-0.11305237	-0.009887695
147309276	ACC	0.5695801	3.9161377	8.788986
147309283	GYR	-0.09498596	-0.1091156	-0.017166138
147309291	MAG	-3.1982422	-3.4698486	-47.834778
147309286	ACC	0.57188416	3.9614105	8.78653
147309293	GYR	-0.093811035	-0.107162476	-0.024673462
147309296	ACC	0.5476074	3.9933167	8.77504
147309310	MAG	-3.5873413	-3.668213	-47.88971
147309306	ACC	0.57844543	4.0359497	8.741058
147309303	GYR	-0.095077515	-0.107803345	-0.02911377
147309316	ACC	0.59095764	4.098358	8.741806
147309313	GYR	-0.10032654	-0.111694336	-0.033493042
147309329	MAG	-3.2089233	-3.4606934	-47.973633
147309325	ACC	0.5792694	4.129822	8.790863
147309323	GYR	-0.11203003	-0.11871338	-0.03730774
147309335	ACC	0.61146545	4.1565857	8.864487
147309333	GYR	-0.120529175	-0.117874146	-0.032089233
147309349	MAG	-3.4057617	-3.2302856	-47.97821
147309345	ACC	0.6372528	4.2027435	8.954727
147309343	GYR	-0.125	-0.11592102	-0.024505615
147309355	ACC	0.6976776	4.2214813	8.970734
147309353	GYR	-0.119644165	-0.12402344	-0.016525269
147309368	MAG	-3.4973145	-3.1600952	-47.88513
147309365	ACC	0.73283386	4.2395935	8.934509
147309363	GYR	-0.11312866	-0.13543701	-0.009613037
147309375	ACC	0.7506256	4.26355	8.8975525
147309373	GYR	-0.11199951	-0.1421051	-0.002029419
147309387	MAG	-3.8330078	-3.0914307	-47.824097
147309385	ACC	0.78279114	4.278412	8.881958
147309383	GYR	-0.11175537	-0.13708496	0.008224487
147309395	ACC	0.8036957	4.2578583	8.869614
147309393	GYR	-0.112854004	-0.12223816	0.01713562
147309406	MAG	-3.7963867	-3.0044556	-47.97058
147309405	ACC	0.8273468	4.2268524	8.883728
147309403	GYR	-0.11268616	-0.106781006	0.025390625
147309415	ACC	0.8365326	4.225067	8.902496
147309413	GYR	-0.10874939	-0.094329834	0.029144287
147309425	MAG	-3.9871216	-2.9327393	-47.9187
147309425	ACC	0.76638794	4.2369843	8.873047
147309423	GYR	-0.10179138	-0.083465576	0.027816772
147309435	ACC	0.67303467	4.255615	8.784927
147309433	GYR	-0.09489441	-0.067352295	0.024291992
147309445	MAG	-4.2892456	-2.697754	-48.010254
147309445	ACC	0.5975952	4.2463074	8.678513
147309443	GYR	-0.08595276	-0.03919983	0.026947021
147309455	ACC	0.56040955	4.1940002	8.554062
147309453	GYR	-0.07878113	-0.009048462	0.033447266
147309464	MAG	-4.1793823	-2.6290894	-47.836304
147309465	ACC	0.5350189	4.1343536	8.407654
147309463	GYR	-0.07649231	0.009811401	0.0385437
147309475	ACC	0.45428467	4.1051483	8.272324
147309473	GYR	-0.08363342	0.011962891	0.03994751
147309483	MAG	-4.286194	-2.6229858	-47.969055
147309485	ACC	0.43792725	4.084427	8.252655
147309483	GYR	-0.099121094	0.0016937256	0.041992188
147309495	ACC	0.47705078	4.0568542	8.357101
147309493	GYR	-0.11727905	-0.012145996	0.045455933
147309502	MAG	-4.1015625	-2.380371	-48.043823
147309505	ACC	0.51608276	4.0160675	8.472519
147309503	GYR	-0.13319397	-0.01637268	0.047958374
147309515	ACC	0.54307556	3.960373	8.56514
147309512	GYR	-0.14360046	-0.0075683594	0.05079651
147309522	MAG	-4.3792725	-2.5131226	-47.87903
147309525	ACC	0.5395508	3.9275818	8.583298
147309522	GYR	-0.15040588	0.013870239	0.054260254
147309535	ACC	0.5152893	3.900589	8.587799
147309532	GYR	-0.15376282	0.04322815	0.057296753
147309541	MAG	-3.8009644	-2.229309	-47.886658
147309545	ACC	0.47120667	3.8628998	8.562912
147309542	GYR	-0.15577698	0.07321167	0.062088013
147309555	ACC	0.35668945	3.8367615	8.544418
147309552	GYR	-0.15986633	0.10308838	0.06716919
147309560	MAG	-4.110718	-1.9104004	-48.075867
147309565	ACC	0.33306885	3.8369904	8.475494
147309562	GYR	-0.16571045	0.12861633	0.07444763
147309575	ACC	0.34606934	3.839447	8.404221
147309572	GYR	-0.17282104	0.1492157	0.084487915
147309579	MAG	-4.194641	-2.0385742	-47.92328
147309585	ACC	0.34181213	3.8561249	8.280945
147309582	GYR	-0.18078613	0.16596985	0.09602356
147309592	GYR	-0.18756104	0.1789093	0.10932922
147309599	MAG	-3.62854	-1.7074585	-48.072815
147309595	ACC	0.32922363	3.8515778	8.195404
147309602	GYR	-0.19573975	0.18701172	0.12310791
147309605	ACC	0.2987213	3.855545	8.165588
147309612	GYR	-0.20939636	0.19194031	0.1368866
147309618	MAG	-3.5369873	-1.3168335	-48.059082
147309615	ACC	0.29855347	3.8408508	8.237228
147309622	GYR	-0.22694397	0.19682312	0.14863586
147309625	ACC	0.29249573	3.8568726	8.325607
147309632	GYR	-0.24563599	0.20288086	0.15937805
147309637	MAG	-3.250122	-1.3076782	-48.12317
147309635	ACC	0.25164795	3.8392487	8.516296
147309642	GYR	-0.25959778	0.21395874	0.17378235
147309645	ACC	0.2224884	3.841629	8.725006
147309652	GYR	-0.26171875	0.23303223	0.19102478
147309656	MAG	-3.0197144	-0.9857178	-48.205566
147309655	ACC	0.2224884	3.8767853	8.839981
147309662	GYR	-0.25608826	0.25541687	0.20916748
147309665	ACC	0.21257019	3.926529	8.922363
147309672	GYR	-0.24806213	0.27737427	0.22441101
147309675	MAG	-2.8808594	-0.8621216	-48.269653
147309675	ACC	0.20671082	3.9756775	8.968124
147309682	GYR	-0.2399292	0.2992859	0.24005127
147309685	ACC	0.17024231	4.0428314	8.98497
147309695	MAG	-2.6168823	-0.41046143	-48.54889
147309695	ACC	0.12033081	4.081421	9.041367
147309692	GYR	-0.23176575	0.3101349	0.25263977
147309705	ACC	0.09832764	4.112503	9.141144
147309702	GYR	-0.22099304	0.32087708	0.26516724
147309714	MAG	-2.279663	-0.21057129	-48.536682
147309715	ACC	0.04067993	4.12117	9.279541
147309712	GYR	-0.20576477	0.33483887	0.27818298
147309725	ACC	0.004852295	4.0903473	9.412216
147309722	GYR	-0.18681335	0.35209656	0.28900146
147309733	MAG	-1.890564	-0.32043457	-48.55194
147309735	ACC	-0.016571045	4.061508	9.503754
147309732	GYR	-0.16664124	0.37303162	0.30152893
147309745	ACC	-0.061264038	4.088394	9.534149
147309742	GYR	-0.14567566	0.3964386	0.3139801
147309752	MAG	-1.7608643	0.119018555	-48.683167
147309755	ACC	-0.1444397	4.0771637	9.555832
147309752	GYR	-0.12698364	0.42111206	0.32615662
147309765	ACC	-0.20956421	4.059906	9.556717
147309762	GYR	-0.10827637	0.44184875	0.34072876
147309772	MAG	-1.0009766	0.22277832	-48.875427
147309775	ACC	-0.20245361	4.0595703	9.604248
147309772	GYR	-0.08683777	0.45309448	0.35813904
147309785	ACC	-0.18711853	4.051193	9.679779
147309782	GYR	-0.064712524	0.45936584	0.37257385
147309791	MAG	-0.8911133	0.2532959	-48.698425
147309795	ACC	-0.19407654	4.041794	9.69873
147309792	GYR	-0.041549683	0.4646454	0.38664246
147309804	ACC	-0.17993164	4.046875	9.70401
147309802	GYR	-0.016571045	0.46575928	0.40046692
147309810	MAG	-0.20446777	0.33416748	-48.55957
147309814	ACC	-0.14405823	4.074951	9.691742
147309812	GYR	0.008865356	0.4636383	0.4157257
147309824	ACC	-0.097457886	4.1522217	9.601822
147309822	GYR	0.033721924	0.46340942	0.42951965
147309829	MAG	0.12664795	0.15411377	-48.706055
147309834	ACC	-0.1410675	4.2635193	9.46611
147309832	GYR	0.0519104	0.4663849	0.44073486
147309844	ACC	-0.28092957	4.351593	9.399139
147309842	GYR	0.05441284	0.4721222	0.45141602
147309849	MAG	0.66986084	0.42266846	-47.877502
147309854	ACC	-0.3842163	4.342972	9.477966
147309852	GYR	0.037719727	0.48205566	0.46897888
147309864	ACC	-0.4848175	4.2061615	9.802811
147309862	GYR	0.012573242	0.4996643	0.49269104
147309868	MAG	1.5289307	0.21820068	-48.098755
147309874	ACC	-0.5469513	3.9037018	10.251587
147309872	GYR	-0.013214111	0.51704407	0.5168152
147309887	MAG	1.9683838	0.14648438	-48.07434
147309884	ACC	-0.54159546	3.6421661	10.7543335
147309882	GYR	-0.03616333	0.52386475	0.5394592
147309894	ACC	-0.56451416	3.438263	11.110413
147309892	GYR	-0.054016113	0.5216522	0.55604553
147309906	MAG	2.5512695	0.1159668	-48.060608
147309904	ACC	-0.6284027	3.2710724	11.329926
147309902	GYR	-0.059143066	0.5120239	0.5606537
147309914	ACC	-0.67559814	3.165512	11.408432
147309912	GYR	-0.03868103	0.49264526	0.557724
147309925	MAG	2.9541016	0.10986328	-47.85309
147309924	ACC	-0.5282135	3.2161713	11.170151
147309922	GYR	0.020736694	0.46569824	0.5510864
147309934	ACC	-0.4055786	3.2671661	10.476028
147309932	GYR	0.114593506	0.43914795	0.5347595
147309945	MAG	3.2730103	0.05645752	-48.146057
147309944	ACC	-0.47113037	3.344223	9.581055
147309942	GYR	0.21406555	0.4219513	0.50875854
147309954	ACC	-0.55519104	3.4388428	8.892456
147309952	GYR	0.28573608	0.42167664	0.48686218
147309964	MAG	3.9169312	-0.25177002	-48.023987
147309964	ACC	-0.6593323	3.4562225	8.356583
147309962	GYR	0.31044006	0.4394226	0.47506714
147309974	ACC	-0.66793823	3.414154	8.103302
147309972	GYR	0.28440857	0.4661255	0.4729004
147309983	MAG	4.1641235	-0.55999756	-48.016357
147309982	GYR	0.21864319	0.4956665	0.47763062
147309984	ACC	-0.6657715	3.3578491	8.109726
147309992	GYR	0.13313293	0.5181732	0.48153687
147310002	MAG	4.8446655	-0.62713623	-48.005676
147309994	ACC	-0.6809387	3.299881	8.299622
147310001	GYR	0.052490234	0.52653503	0.48417664
147310004	ACC	-0.706131	3.2658386	8.714279
147310011	GYR	-0.0023345947	0.5209961	0.48971558
147310022	MAG	5.3985596	-0.7507324	-47.75238
147310014	ACC	-0.69996643	3.2339325	9.196243
147310021	GYR	-0.018493652	0.51493835	0.49389648
147310024	ACC	-0.6594391	3.1733398	9.550674
147310031	GYR	-6.4086914E-4	0.5007477	0.4928589
147310041	MAG	5.654907	-0.83618164	-47.576904
147310034	ACC	-0.64953613	3.0811462	9.691315
147310041	GYR	0.03125	0.47079468	0.48712158
147310044	ACC	-0.6540375	2.9969025	9.620651
147310051	GYR	0.05595398	0.4326477	0.47860718
147310060	MAG	6.262207	-0.84381104	-47.88971
147310054	ACC	-0.65008545	2.9259033	9.462753
147310061	GYR	0.06291199	0.39556885	0.46925354
147310064	ACC	-0.6067505	2.8814697	9.301804
147310071	GYR	0.051254272	0.3686676	0.46759033
147310079	MAG	6.5078735	-0.8804321	-47.85614
147310074	ACC	-0.51953125	2.855011	9.156143
147310084	ACC	-0.42756653	2.8356476	9.041885
147310081	GYR	0.039993286	0.34854126	0.46754456
147310098	MAG	6.8710327	-1.0864258	-47.584534
147310094	ACC	-0.34675598	2.829361	8.893677
147310091	GYR	0.04333496	0.34176636	0.4580536
147310104	ACC	-0.33291626	2.8218231	8.679047
147310101	GYR	0.05545044	0.33929443	0.4436493
147310118	MAG	7.2998047	-1.1505127	-47.698975
147310114	ACC	-0.37542725	2.8185577	8.408417
147310111	GYR	0.07191467	0.33659363	0.42910767
147310124	ACC	-0.3994751	2.8338928	8.151321
147310121	GYR	0.09020996	0.32289124	0.41233826
147310137	MAG	7.5912476	-1.2619019	-47.70813
147310134	ACC	-0.4229126	2.886444	7.936569
147310131	GYR	0.10292053	0.3048401	0.3917694
147310144	ACC	-0.45684814	2.936386	7.7036743
147310141	GYR	0.10568237	0.29484558	0.377594
147310156	MAG	7.9421997	-1.5335083	-47.618103
147310154	ACC	-0.52127075	2.9688263	7.445099
147310151	GYR	0.091293335	0.3005371	0.3692932
147310164	ACC	-0.57676697	3.009613	7.2744446
147310161	GYR	0.050628662	0.3144226	0.36790466
147310175	MAG	7.8826904	-1.4877319	-47.755432
147310174	ACC	-0.6389313	3.067627	7.1970215
147310171	GYR	-0.017089844	0.33410645	0.37297058
147310184	ACC	-0.77726746	3.0320587	7.3937225
147310181	GYR	-0.103149414	0.3446045	0.37657166
147310195	MAG	7.9040527	-1.3473511	-48.091125
147310194	ACC	-0.8700714	2.9702606	7.8619537
147310191	GYR	-0.18753052	0.35020447	0.38671875
147310204	ACC	-0.8181915	2.9692535	8.4023285
147310201	GYR	-0.22193909	0.3430786	0.40342712
147310214	MAG	8.691406	-1.4602661	-47.94464
147310214	ACC	-0.78619385	2.9418182	8.781479
147310211	GYR	-0.18447876	0.30381775	0.38679504
147310224	ACC	-1.0049744	2.953537	8.792633
147310221	GYR	-0.110702515	0.2634735	0.33062744
147310233	MAG	8.950806	-1.3168335	-47.69287
147310234	ACC	-1.2293091	3.0401	8.519455
147310231	GYR	-0.06260681	0.25933838	0.27929688
147310244	ACC	-1.2967377	3.1085815	8.262695
147310241	GYR	-0.07640076	0.28138733	0.2660675
147310252	MAG	9.292603	-1.3519287	-47.665405
147310254	ACC	-1.3548889	3.1963196	8.285095
147310251	GYR	-0.14642334	0.30493164	0.2770691
147310264	ACC	-1.4180298	3.1904297	8.690063
147310261	GYR	-0.24116516	0.3085785	0.28375244
147310272	MAG	9.393311	-1.197815	-47.58911
147310274	ACC	-1.124054	3.1245117	10.363358
147310271	GYR	-0.30926514	0.3161316	0.27745056
147310283	ACC	-1.5969543	3.021759	10.837204
147310281	GYR	-0.20137024	0.32276917	0.21716309
147310291	MAG	9.884644	-1.0787964	-47.488403
147310293	ACC	-1.6251678	3.0318298	10.409531
147310291	GYR	0.03111267	0.2496643	0.12982178
147310303	ACC	-1.6332092	3.1650848	9.74411
147310301	GYR	0.17442322	0.19224548	0.08207703
147310310	MAG	9.408569	-0.9384155	-47.97821
147310313	ACC	-1.8813324	3.281128	9.272873
147310311	GYR	0.18179321	0.20285034	0.070114136
147310323	ACC	-1.9155121	3.4080658	8.949524
147310321	GYR	0.084472656	0.18812561	0.09213257
147310329	MAG	9.204102	-1.0101318	-48.146057
147310333	ACC	-1.9384918	3.3820038	8.820679
147310331	GYR	-0.068573	0.20689392	0.12954712
147310343	ACC	-1.920929	3.3108826	8.958038
147310341	GYR	-0.22724915	0.27835083	0.16552734
147310348	MAG	10.232544	-1.2313843	-48.05298
147310353	ACC	-1.8164825	3.335678	9.206863
147310351	GYR	-0.34422302	0.34309387	0.20080566
147310363	ACC	-1.8352356	3.3253021	9.384476
147310361	GYR	-0.3968811	0.3907318	0.22602844
147310368	MAG	10.137939	-0.8514404	-47.935486
147310371	GYR	-0.38243103	0.4169464	0.23493958
147310373	ACC	-1.8241577	3.3218231	9.506012
147310381	GYR	-0.3078308	0.40316772	0.21549988
147310387	MAG	10.954285	-0.64086914	-47.351074
147310383	ACC	-1.8944702	3.1828308	9.674408
147310391	GYR	-0.18754578	0.34916687	0.1749115
